#-----------------------------------------------------------
# Vivado v2024.1 (64-bit)
# SW Build 5076996 on Wed May 22 18:37:14 MDT 2024
# IP Build 5075265 on Wed May 22 21:45:21 MDT 2024
# SharedData Build 5076995 on Wed May 22 18:29:18 MDT 2024
# Start of session at: Mon Oct 27 18:14:51 2025
# Process ID: 24228
# Current directory: C:/demo/DVBS2ReceiverSoCExample/soc_prj/hdlcoder/DVBS2/ipcore/dvbs2_ip_v1_0/prj_ip
# Command line: vivado.exe -mode batch -notrace -source vivado_ip_package.tcl
# Log file: C:/demo/DVBS2ReceiverSoCExample/soc_prj/hdlcoder/DVBS2/ipcore/dvbs2_ip_v1_0/prj_ip/vivado.log
# Journal file: C:/demo/DVBS2ReceiverSoCExample/soc_prj/hdlcoder/DVBS2/ipcore/dvbs2_ip_v1_0/prj_ip\vivado.jou
# Running On        :TS-98023
# Platform          :Windows Server 2016 or Windows 10
# Operating System  :22631
# Processor Detail  :Intel(R) Core(TM) i7-8550U CPU @ 1.80GHz
# CPU Frequency     :1992 MHz
# CPU Physical cores:4
# CPU Logical cores :8
# Host memory       :17027 MB
# Swap memory       :9610 MB
# Total Virtual     :26638 MB
# Available Virtual :4417 MB
#-----------------------------------------------------------
source vivado_ip_package.tcl -notrace
