#-----------------------------------------------------------
# Vivado v2024.1 (64-bit)
# SW Build 5076996 on Wed May 22 18:37:14 MDT 2024
# IP Build 5075265 on Wed May 22 21:45:21 MDT 2024
# SharedData Build 5076995 on Wed May 22 18:29:18 MDT 2024
# Start of session at: Wed Jan 14 09:30:50 2026
# Process ID: 25624
# Current directory: C:/demo/MultichannelFIRFilterForFPGAExample
# Command line: vivado.exe -mode batch -source _vivado_program.cmd
# Log file: C:/demo/MultichannelFIRFilterForFPGAExample/vivado.log
# Journal file: C:/demo/MultichannelFIRFilterForFPGAExample\vivado.jou
# Running On        :TS-93724
# Platform          :Windows Server 2016 or Windows 10
# Operating System  :26200
# Processor Detail  :11th Gen Intel(R) Core(TM) i7-1165G7 @ 2.80GHz
# CPU Frequency     :2803 MHz
# CPU Physical cores:4
# CPU Logical cores :8
# Host memory       :34069 MB
# Swap memory       :12884 MB
# Total Virtual     :46954 MB
# Available Virtual :9992 MB
#-----------------------------------------------------------
source _vivado_program.cmd
# set chain_position 0
# open_hw
WARNING: 'open_hw' is deprecated, please use 'open_hw_manager' instead.
open_hw_manager: Time (s): cpu = 00:00:06 ; elapsed = 00:00:06 . Memory (MB): peak = 631.395 ; gain = 202.617
# connect_hw_server -url localhost:3121
INFO: [Labtools 27-2285] Connecting to hw_server url TCP:localhost:3121
INFO: [Labtools 27-2222] Launching hw_server...
INFO: [Labtools 27-2221] Launch Output:

****** Xilinx hw_server v2024.1.0
  **** Build date : Mar  6 2024 at 20:50:54
    ** Copyright 1986-2022 Xilinx, Inc. All Rights Reserved.


INFO: [Labtools 27-3415] Connecting to cs_server url TCP:localhost:0
INFO: [Labtools 27-3417] Launching cs_server...
INFO: [Labtools 27-2221] Launch Output:


******** Xilinx cs_server v2024.1.0
  ****** Build date   : Mar 09 2024-08:00:37
    **** Build number : 2024.1.1709942437
      ** Copyright 2017-2022 Xilinx, Inc. All Rights Reserved.
      ** Copyright 2022-2026 Advanced Micro Devices, Inc. All Rights Reserved.



connect_hw_server: Time (s): cpu = 00:00:00 ; elapsed = 00:00:05 . Memory (MB): peak = 634.387 ; gain = 2.992
# open_hw_target
INFO: [Labtoolstcl 44-466] Opening hw_target localhost:3121/xilinx_tcf/Digilent/210319A3946DA
# current_hw_device [lindex [get_hw_devices] $chain_position]
# refresh_hw_device -update_hw_probes false [lindex [get_hw_devices] $chain_position]
INFO: [Labtools 27-1434] Device xc7a35t (JTAG device index = 0) is programmed with a design that has no supported debug core(s) in it.
# set_param xicom.use_bitstream_version_check false
# set_property PROGRAM.FILE {C:\demo\MultichannelFIRFilterForFPGAExample\fil_test_fil.bit} [lindex [get_hw_devices] $chain_position]
# program_hw_devices [lindex [get_hw_devices] $chain_position]
INFO: [Labtools 27-3164] End of startup status: HIGH
# disconnect_hw_server
INFO: [Common 17-206] Exiting Vivado at Wed Jan 14 09:31:07 2026...
