#-----------------------------------------------------------
# Vivado v2024.1 (64-bit)
# SW Build 5076996 on Wed May 22 18:37:14 MDT 2024
# IP Build 5075265 on Wed May 22 21:45:21 MDT 2024
# SharedData Build 5076995 on Wed May 22 18:29:18 MDT 2024
# Start of session at: Wed Jan 14 08:41:48 2026
# Process ID: 25152
# Current directory: C:/demo/MultichannelFIRFilterForFPGAExample/fpgaproj
# Command line: vivado.exe -mode batch -source createproject.tcl
# Log file: C:/demo/MultichannelFIRFilterForFPGAExample/fpgaproj/vivado.log
# Journal file: C:/demo/MultichannelFIRFilterForFPGAExample/fpgaproj\vivado.jou
# Running On        :TS-93724
# Platform          :Windows Server 2016 or Windows 10
# Operating System  :26200
# Processor Detail  :11th Gen Intel(R) Core(TM) i7-1165G7 @ 2.80GHz
# CPU Frequency     :2803 MHz
# CPU Physical cores:4
# CPU Logical cores :8
# Host memory       :34069 MB
# Swap memory       :12884 MB
# Total Virtual     :46954 MB
# Available Virtual :10652 MB
#-----------------------------------------------------------
source createproject.tcl
# create_project -force fil_test_fil .
create_project: Time (s): cpu = 00:00:07 ; elapsed = 00:00:07 . Memory (MB): peak = 628.930 ; gain = 199.383
# set_property target_language VHDL [current_project]
# set_property part xc7a35tcsg324-1 [current_project]
# add_files -norecurse {C:/demo/MultichannelFIRFilterForFPGAExample/fil_test.vhd}
# create_ip -name clk_wiz -vendor xilinx.com -library ip -module_name clk_wiz_0
INFO: [IP_Flow 19-234] Refreshing IP repositories
INFO: [IP_Flow 19-1704] No user IP repositories specified
INFO: [IP_Flow 19-2313] Loaded Vivado IP repository 'C:/Xilinx/Vivado/2024.1/data/ip'.
INFO: [Device 21-403] Loading part xc7a35tcsg324-1
INFO: [Device 21-9227] Part: xc7a35tcsg324-1 does not have CEAM library.
create_ip: Time (s): cpu = 00:00:04 ; elapsed = 00:00:06 . Memory (MB): peak = 1072.590 ; gain = 439.703
# set_property -dict [list  CONFIG.PRIM_IN_FREQ {100.000} CONFIG.CLKOUT1_REQUESTED_OUT_FREQ {25}] [get_ips clk_wiz_0]
# create_ip -name fifo_generator -vendor xilinx.com -library ip -module_name jtag_mac_fifo
# set_property -dict [list CONFIG.Fifo_Implementation {Independent_Clocks_Block_RAM} CONFIG.Input_Data_Width {8} CONFIG.Input_Depth {4096} CONFIG.Read_Data_Count {true}  CONFIG.Use_Embedded_Registers {false} CONFIG.read_data_count_width {12} CONFIG.Almost_Full_Flag {true}] [get_ips jtag_mac_fifo]
# create_ip -name fifo_generator -vendor xilinx.com -library ip -module_name simcycle_fifo
# set_property -dict [list CONFIG.Fifo_Implementation {Independent_Clocks_Block_RAM} CONFIG.Input_Data_Width {16} CONFIG.Input_Depth {16} CONFIG.Use_Embedded_Registers {false} ] [get_ips simcycle_fifo]
# generate_target all [get_ips] -force
INFO: [IP_Flow 19-1686] Generating 'Instantiation Template' target for IP 'clk_wiz_0'...
INFO: [IP_Flow 19-1686] Generating 'Synthesis' target for IP 'clk_wiz_0'...
INFO: [IP_Flow 19-1686] Generating 'Simulation' target for IP 'clk_wiz_0'...
INFO: [IP_Flow 19-1686] Generating 'Implementation' target for IP 'clk_wiz_0'...
INFO: [IP_Flow 19-1686] Generating 'Change Log' target for IP 'clk_wiz_0'...
INFO: [IP_Flow 19-1686] Generating 'Instantiation Template' target for IP 'jtag_mac_fifo'...
INFO: [IP_Flow 19-1686] Generating 'Synthesis' target for IP 'jtag_mac_fifo'...
INFO: [IP_Flow 19-1686] Generating 'Simulation' target for IP 'jtag_mac_fifo'...
INFO: [IP_Flow 19-1686] Generating 'Change Log' target for IP 'jtag_mac_fifo'...
INFO: [IP_Flow 19-1686] Generating 'Instantiation Template' target for IP 'simcycle_fifo'...
INFO: [IP_Flow 19-1686] Generating 'Synthesis' target for IP 'simcycle_fifo'...
INFO: [IP_Flow 19-1686] Generating 'Simulation' target for IP 'simcycle_fifo'...
INFO: [IP_Flow 19-1686] Generating 'Change Log' target for IP 'simcycle_fifo'...
# add_files -norecurse {C:/demo/MultichannelFIRFilterForFPGAExample/filsrc/jtag_mac.v}
# add_files -norecurse {C:/demo/MultichannelFIRFilterForFPGAExample/filsrc/jtag_mac_fifo_wrapper.vhd}
# add_files -norecurse {C:/demo/MultichannelFIRFilterForFPGAExample/filsrc/simcycle_fifo_wrapper.vhd}
# add_files -norecurse {C:/demo/MultichannelFIRFilterForFPGAExample/filsrc/mwfil_dpscram.vhd}
# add_files -norecurse {C:/demo/MultichannelFIRFilterForFPGAExample/filsrc/mwfil_udfifo.vhd}
# add_files -norecurse {C:/demo/MultichannelFIRFilterForFPGAExample/filsrc/mwfil_bus2dut.vhd}
# add_files -norecurse {C:/demo/MultichannelFIRFilterForFPGAExample/filsrc/mwfil_chifcore.vhd}
# add_files -norecurse {C:/demo/MultichannelFIRFilterForFPGAExample/filsrc/mwfil_controller.vhd}
# add_files -norecurse {C:/demo/MultichannelFIRFilterForFPGAExample/filsrc/mwfil_dut2bus.vhd}
# add_files -norecurse {C:/demo/MultichannelFIRFilterForFPGAExample/filsrc/fil_test_wrapper.vhd}
# add_files -norecurse {C:/demo/MultichannelFIRFilterForFPGAExample/filsrc/mwfil_chiftop.vhd}
# add_files -norecurse {C:/demo/MultichannelFIRFilterForFPGAExample/filsrc/fil_test_fil.vhd}
# add_files -norecurse {C:/demo/MultichannelFIRFilterForFPGAExample/filsrc/fil_test_fil.xdc}
# set_property top fil_test_fil [current_fileset]
# launch_runs impl_1 -jobs 4
INFO: [IP_Flow 19-6924] IPCACHE: Running cache check for IP inst: jtag_mac_fifo
INFO: [IP_Flow 19-6924] IPCACHE: Running cache check for IP inst: simcycle_fifo
INFO: [IP_Flow 19-6924] IPCACHE: Running cache check for IP inst: clk_wiz_0
[Wed Jan 14 08:42:08 2026] Launched clk_wiz_0_synth_1, jtag_mac_fifo_synth_1, simcycle_fifo_synth_1, synth_1...
Run output will be captured here:
clk_wiz_0_synth_1: C:/demo/MultichannelFIRFilterForFPGAExample/fpgaproj/fil_test_fil.runs/clk_wiz_0_synth_1/runme.log
jtag_mac_fifo_synth_1: C:/demo/MultichannelFIRFilterForFPGAExample/fpgaproj/fil_test_fil.runs/jtag_mac_fifo_synth_1/runme.log
simcycle_fifo_synth_1: C:/demo/MultichannelFIRFilterForFPGAExample/fpgaproj/fil_test_fil.runs/simcycle_fifo_synth_1/runme.log
synth_1: C:/demo/MultichannelFIRFilterForFPGAExample/fpgaproj/fil_test_fil.runs/synth_1/runme.log
[Wed Jan 14 08:42:08 2026] Launched impl_1...
Run output will be captured here: C:/demo/MultichannelFIRFilterForFPGAExample/fpgaproj/fil_test_fil.runs/impl_1/runme.log
# wait_on_run impl_1
[Wed Jan 14 08:42:08 2026] Waiting for impl_1 to finish...

*** Running vivado
    with args -log fil_test_fil.vdi -applog -m64 -product Vivado -messageDb vivado.pb -mode batch -source fil_test_fil.tcl -notrace



****** Vivado v2024.1 (64-bit)
  **** SW Build 5076996 on Wed May 22 18:37:14 MDT 2024
  **** IP Build 5075265 on Wed May 22 21:45:21 MDT 2024
  **** SharedData Build 5076995 on Wed May 22 18:29:18 MDT 2024
  **** Start of session at: Wed Jan 14 08:44:16 2026
    ** Copyright 1986-2022 Xilinx, Inc. All Rights Reserved.
    ** Copyright 2022-2024 Advanced Micro Devices, Inc. All Rights Reserved.

source fil_test_fil.tcl -notrace
create_project: Time (s): cpu = 00:00:06 ; elapsed = 00:00:07 . Memory (MB): peak = 629.887 ; gain = 200.383
Command: link_design -top fil_test_fil -part xc7a35tcsg324-1
Design is defaulting to srcset: sources_1
Design is defaulting to constrset: constrs_1
INFO: [Device 21-403] Loading part xc7a35tcsg324-1
INFO: [Device 21-9227] Part: xc7a35tcsg324-1 does not have CEAM library.
INFO: [Project 1-454] Reading design checkpoint 'c:/demo/MultichannelFIRFilterForFPGAExample/fpgaproj/fil_test_fil.gen/sources_1/ip/clk_wiz_0/clk_wiz_0.dcp' for cell 'u_clk_wiz_0'
INFO: [Project 1-454] Reading design checkpoint 'c:/demo/MultichannelFIRFilterForFPGAExample/fpgaproj/fil_test_fil.gen/sources_1/ip/jtag_mac_fifo/jtag_mac_fifo.dcp' for cell 'u_jtag_mac/u_post_chif_fifo/u_jtag_mac_fifo'
INFO: [Project 1-454] Reading design checkpoint 'c:/demo/MultichannelFIRFilterForFPGAExample/fpgaproj/fil_test_fil.gen/sources_1/ip/simcycle_fifo/simcycle_fifo.dcp' for cell 'u_jtag_mac/u_simcycle_fifo/u_simcycle_fifo'
Netlist sorting complete. Time (s): cpu = 00:00:00 ; elapsed = 00:00:00.015 . Memory (MB): peak = 1073.547 ; gain = 0.000
INFO: [Netlist 29-17] Analyzing 76 Unisim elements for replacement
INFO: [Netlist 29-28] Unisim Transformation completed in 0 CPU seconds
INFO: [Project 1-479] Netlist was created with Vivado 2024.1
INFO: [Project 1-570] Preparing netlist for logic optimization
Parsing XDC File [c:/demo/MultichannelFIRFilterForFPGAExample/fpgaproj/fil_test_fil.gen/sources_1/ip/clk_wiz_0/clk_wiz_0_board.xdc] for cell 'u_clk_wiz_0/inst'
Finished Parsing XDC File [c:/demo/MultichannelFIRFilterForFPGAExample/fpgaproj/fil_test_fil.gen/sources_1/ip/clk_wiz_0/clk_wiz_0_board.xdc] for cell 'u_clk_wiz_0/inst'
Parsing XDC File [c:/demo/MultichannelFIRFilterForFPGAExample/fpgaproj/fil_test_fil.gen/sources_1/ip/clk_wiz_0/clk_wiz_0.xdc] for cell 'u_clk_wiz_0/inst'
INFO: [Timing 38-35] Done setting XDC timing constraints. [c:/demo/MultichannelFIRFilterForFPGAExample/fpgaproj/fil_test_fil.gen/sources_1/ip/clk_wiz_0/clk_wiz_0.xdc:54]
INFO: [Timing 38-2] Deriving generated clocks [c:/demo/MultichannelFIRFilterForFPGAExample/fpgaproj/fil_test_fil.gen/sources_1/ip/clk_wiz_0/clk_wiz_0.xdc:54]
get_clocks: Time (s): cpu = 00:00:05 ; elapsed = 00:00:05 . Memory (MB): peak = 1745.457 ; gain = 559.309
Finished Parsing XDC File [c:/demo/MultichannelFIRFilterForFPGAExample/fpgaproj/fil_test_fil.gen/sources_1/ip/clk_wiz_0/clk_wiz_0.xdc] for cell 'u_clk_wiz_0/inst'
Parsing XDC File [c:/demo/MultichannelFIRFilterForFPGAExample/fpgaproj/fil_test_fil.gen/sources_1/ip/jtag_mac_fifo/jtag_mac_fifo.xdc] for cell 'u_jtag_mac/u_post_chif_fifo/u_jtag_mac_fifo/U0'
Finished Parsing XDC File [c:/demo/MultichannelFIRFilterForFPGAExample/fpgaproj/fil_test_fil.gen/sources_1/ip/jtag_mac_fifo/jtag_mac_fifo.xdc] for cell 'u_jtag_mac/u_post_chif_fifo/u_jtag_mac_fifo/U0'
Parsing XDC File [c:/demo/MultichannelFIRFilterForFPGAExample/fpgaproj/fil_test_fil.gen/sources_1/ip/jtag_mac_fifo/jtag_mac_fifo.xdc] for cell 'u_jtag_mac/u_pre_chif_fifo/u_jtag_mac_fifo/U0'
Finished Parsing XDC File [c:/demo/MultichannelFIRFilterForFPGAExample/fpgaproj/fil_test_fil.gen/sources_1/ip/jtag_mac_fifo/jtag_mac_fifo.xdc] for cell 'u_jtag_mac/u_pre_chif_fifo/u_jtag_mac_fifo/U0'
Parsing XDC File [c:/demo/MultichannelFIRFilterForFPGAExample/fpgaproj/fil_test_fil.gen/sources_1/ip/simcycle_fifo/simcycle_fifo.xdc] for cell 'u_jtag_mac/u_simcycle_fifo/u_simcycle_fifo/U0'
Finished Parsing XDC File [c:/demo/MultichannelFIRFilterForFPGAExample/fpgaproj/fil_test_fil.gen/sources_1/ip/simcycle_fifo/simcycle_fifo.xdc] for cell 'u_jtag_mac/u_simcycle_fifo/u_simcycle_fifo/U0'
Parsing XDC File [C:/demo/MultichannelFIRFilterForFPGAExample/filsrc/fil_test_fil.xdc]
WARNING: [Constraints 18-619] A clock with name 'sysclk' already exists, overwriting the previous clock with the same name. [C:/demo/MultichannelFIRFilterForFPGAExample/filsrc/fil_test_fil.xdc:1]
WARNING: [Vivado 12-2489] -period contains time 15.151515 which will be rounded to 15.152 to ensure it is an integer multiple of 1 picosecond [C:/demo/MultichannelFIRFilterForFPGAExample/filsrc/fil_test_fil.xdc:4]
WARNING: [Vivado 12-2489] -waveform contains time 7.575758 which will be rounded to 7.576 to ensure it is an integer multiple of 1 picosecond [C:/demo/MultichannelFIRFilterForFPGAExample/filsrc/fil_test_fil.xdc:4]
Finished Parsing XDC File [C:/demo/MultichannelFIRFilterForFPGAExample/filsrc/fil_test_fil.xdc]
Parsing XDC File [c:/demo/MultichannelFIRFilterForFPGAExample/fpgaproj/fil_test_fil.gen/sources_1/ip/jtag_mac_fifo/jtag_mac_fifo_clocks.xdc] for cell 'u_jtag_mac/u_post_chif_fifo/u_jtag_mac_fifo/U0'
Finished Parsing XDC File [c:/demo/MultichannelFIRFilterForFPGAExample/fpgaproj/fil_test_fil.gen/sources_1/ip/jtag_mac_fifo/jtag_mac_fifo_clocks.xdc] for cell 'u_jtag_mac/u_post_chif_fifo/u_jtag_mac_fifo/U0'
Parsing XDC File [c:/demo/MultichannelFIRFilterForFPGAExample/fpgaproj/fil_test_fil.gen/sources_1/ip/jtag_mac_fifo/jtag_mac_fifo_clocks.xdc] for cell 'u_jtag_mac/u_pre_chif_fifo/u_jtag_mac_fifo/U0'
Finished Parsing XDC File [c:/demo/MultichannelFIRFilterForFPGAExample/fpgaproj/fil_test_fil.gen/sources_1/ip/jtag_mac_fifo/jtag_mac_fifo_clocks.xdc] for cell 'u_jtag_mac/u_pre_chif_fifo/u_jtag_mac_fifo/U0'
Parsing XDC File [c:/demo/MultichannelFIRFilterForFPGAExample/fpgaproj/fil_test_fil.gen/sources_1/ip/simcycle_fifo/simcycle_fifo_clocks.xdc] for cell 'u_jtag_mac/u_simcycle_fifo/u_simcycle_fifo/U0'
Finished Parsing XDC File [c:/demo/MultichannelFIRFilterForFPGAExample/fpgaproj/fil_test_fil.gen/sources_1/ip/simcycle_fifo/simcycle_fifo_clocks.xdc] for cell 'u_jtag_mac/u_simcycle_fifo/u_simcycle_fifo/U0'
INFO: [Project 1-1714] 18 XPM XDC files have been applied to the design.
INFO: [Opt 31-138] Pushed 0 inverter(s) to 0 load pin(s).
Netlist sorting complete. Time (s): cpu = 00:00:00 ; elapsed = 00:00:00.001 . Memory (MB): peak = 1746.723 ; gain = 0.000
INFO: [Project 1-111] Unisim Transformation Summary:
  A total of 6 instances were transformed.
  RAM32M => RAM32M (RAMD32(x6), RAMS32(x2)): 2 instances
  RAM32X1D => RAM32X1D (RAMD32(x2)): 4 instances

14 Infos, 3 Warnings, 0 Critical Warnings and 0 Errors encountered.
link_design completed successfully
link_design: Time (s): cpu = 00:00:10 ; elapsed = 00:00:11 . Memory (MB): peak = 1746.723 ; gain = 1102.621
Command: opt_design
Attempting to get a license for feature 'Implementation' and/or device 'xc7a35t'
INFO: [Common 17-349] Got license for feature 'Implementation' and/or device 'xc7a35t'
Running DRC as a precondition to command opt_design

Starting DRC Task
INFO: [DRC 23-27] Running DRC with 2 threads
INFO: [Project 1-461] DRC finished with 0 Errors
INFO: [Project 1-462] Please refer to the DRC report (report_drc) for more information.

Time (s): cpu = 00:00:01 ; elapsed = 00:00:01 . Memory (MB): peak = 1746.723 ; gain = 0.000

Starting Cache Timing Information Task
INFO: [Timing 38-35] Done setting XDC timing constraints.
Ending Cache Timing Information Task | Checksum: 294371e0e

Time (s): cpu = 00:00:00 ; elapsed = 00:00:00.069 . Memory (MB): peak = 1746.723 ; gain = 0.000

Starting Logic Optimization Task

Phase 1 Initialization

Phase 1.1 Core Generation And Design Setup
Phase 1.1 Core Generation And Design Setup | Checksum: 294371e0e

Time (s): cpu = 00:00:00 ; elapsed = 00:00:00.001 . Memory (MB): peak = 2096.023 ; gain = 0.000

Phase 1.2 Setup Constraints And Sort Netlist
Phase 1.2 Setup Constraints And Sort Netlist | Checksum: 294371e0e

Time (s): cpu = 00:00:00 ; elapsed = 00:00:00.002 . Memory (MB): peak = 2096.023 ; gain = 0.000
Phase 1 Initialization | Checksum: 294371e0e

Time (s): cpu = 00:00:00 ; elapsed = 00:00:00.003 . Memory (MB): peak = 2096.023 ; gain = 0.000

Phase 2 Timer Update And Timing Data Collection

Phase 2.1 Timer Update
Phase 2.1 Timer Update | Checksum: 294371e0e

Time (s): cpu = 00:00:00 ; elapsed = 00:00:00.027 . Memory (MB): peak = 2096.023 ; gain = 0.000

Phase 2.2 Timing Data Collection
Phase 2.2 Timing Data Collection | Checksum: 294371e0e

Time (s): cpu = 00:00:00 ; elapsed = 00:00:00.042 . Memory (MB): peak = 2096.023 ; gain = 0.000
Phase 2 Timer Update And Timing Data Collection | Checksum: 294371e0e

Time (s): cpu = 00:00:00 ; elapsed = 00:00:00.042 . Memory (MB): peak = 2096.023 ; gain = 0.000

Phase 3 Retarget
INFO: [Opt 31-1834] Total Chains To Be Transformed Were: 0 AND Number of Transformed insts Created are: 0
INFO: [Opt 31-138] Pushed 1 inverter(s) to 3 load pin(s).
INFO: [Opt 31-49] Retargeted 0 cell(s).
Phase 3 Retarget | Checksum: 27e350a65

Time (s): cpu = 00:00:01 ; elapsed = 00:00:00.063 . Memory (MB): peak = 2096.023 ; gain = 0.000
Retarget | Checksum: 27e350a65
INFO: [Opt 31-389] Phase Retarget created 0 cells and removed 21 cells
INFO: [Opt 31-1021] In phase Retarget, 19 netlist objects are constrained preventing optimization. Please run opt_design with -debug_log to get more detail. 

Phase 4 Constant propagation
INFO: [Opt 31-138] Pushed 0 inverter(s) to 0 load pin(s).
Phase 4 Constant propagation | Checksum: 27e350a65

Time (s): cpu = 00:00:01 ; elapsed = 00:00:00.071 . Memory (MB): peak = 2096.023 ; gain = 0.000
Constant propagation | Checksum: 27e350a65
INFO: [Opt 31-389] Phase Constant propagation created 0 cells and removed 0 cells
INFO: [Opt 31-1021] In phase Constant propagation, 18 netlist objects are constrained preventing optimization. Please run opt_design with -debug_log to get more detail. 

Phase 5 Sweep
Phase 5 Sweep | Checksum: 1bb438c74

Time (s): cpu = 00:00:01 ; elapsed = 00:00:00.100 . Memory (MB): peak = 2096.023 ; gain = 0.000
Sweep | Checksum: 1bb438c74
INFO: [Opt 31-389] Phase Sweep created 0 cells and removed 31 cells
INFO: [Opt 31-1021] In phase Sweep, 42 netlist objects are constrained preventing optimization. Please run opt_design with -debug_log to get more detail. 

Phase 6 BUFG optimization
Phase 6 BUFG optimization | Checksum: 1bb438c74

Time (s): cpu = 00:00:01 ; elapsed = 00:00:00.132 . Memory (MB): peak = 2096.023 ; gain = 0.000
BUFG optimization | Checksum: 1bb438c74
INFO: [Opt 31-662] Phase BUFG optimization created 0 cells of which 0 are BUFGs and removed 0 cells.

Phase 7 Shift Register Optimization
INFO: [Opt 31-1064] SRL Remap converted 0 SRLs to 0 registers and converted 0 registers of register chains to 0 SRLs
Phase 7 Shift Register Optimization | Checksum: 1bb438c74

Time (s): cpu = 00:00:01 ; elapsed = 00:00:00.135 . Memory (MB): peak = 2096.023 ; gain = 0.000
Shift Register Optimization | Checksum: 1bb438c74
INFO: [Opt 31-389] Phase Shift Register Optimization created 0 cells and removed 0 cells

Phase 8 Post Processing Netlist
Phase 8 Post Processing Netlist | Checksum: 1bb438c74

Time (s): cpu = 00:00:01 ; elapsed = 00:00:00.139 . Memory (MB): peak = 2096.023 ; gain = 0.000
Post Processing Netlist | Checksum: 1bb438c74
INFO: [Opt 31-389] Phase Post Processing Netlist created 0 cells and removed 0 cells
INFO: [Opt 31-1021] In phase Post Processing Netlist, 22 netlist objects are constrained preventing optimization. Please run opt_design with -debug_log to get more detail. 

Phase 9 Finalization

Phase 9.1 Finalizing Design Cores and Updating Shapes
Phase 9.1 Finalizing Design Cores and Updating Shapes | Checksum: 20a4c18e1

Time (s): cpu = 00:00:01 ; elapsed = 00:00:00.162 . Memory (MB): peak = 2096.023 ; gain = 0.000

Phase 9.2 Verifying Netlist Connectivity

Starting Connectivity Check Task

Time (s): cpu = 00:00:00 ; elapsed = 00:00:00.002 . Memory (MB): peak = 2096.023 ; gain = 0.000
Phase 9.2 Verifying Netlist Connectivity | Checksum: 20a4c18e1

Time (s): cpu = 00:00:01 ; elapsed = 00:00:00.164 . Memory (MB): peak = 2096.023 ; gain = 0.000
Phase 9 Finalization | Checksum: 20a4c18e1

Time (s): cpu = 00:00:01 ; elapsed = 00:00:00.164 . Memory (MB): peak = 2096.023 ; gain = 0.000
Opt_design Change Summary
=========================


-------------------------------------------------------------------------------------------------------------------------
|  Phase                        |  #Cells created  |  #Cells Removed  |  #Constrained objects preventing optimizations  |
-------------------------------------------------------------------------------------------------------------------------
|  Retarget                     |               0  |              21  |                                             19  |
|  Constant propagation         |               0  |               0  |                                             18  |
|  Sweep                        |               0  |              31  |                                             42  |
|  BUFG optimization            |               0  |               0  |                                              0  |
|  Shift Register Optimization  |               0  |               0  |                                              0  |
|  Post Processing Netlist      |               0  |               0  |                                             22  |
-------------------------------------------------------------------------------------------------------------------------


Ending Logic Optimization Task | Checksum: 20a4c18e1

Time (s): cpu = 00:00:01 ; elapsed = 00:00:00.165 . Memory (MB): peak = 2096.023 ; gain = 0.000

Starting Power Optimization Task
INFO: [Pwropt 34-132] Skipping clock gating for clocks with a period < 2.00 ns.
INFO: [Timing 38-35] Done setting XDC timing constraints.
INFO: [Pwropt 34-9] Applying IDT optimizations ...
Running Vector-less Activity Propagation...
INFO: [Pwropt 34-10] Applying ODC optimizations ...

Finished Running Vector-less Activity Propagation


Starting PowerOpt Patch Enables Task
INFO: [Pwropt 34-162] WRITE_MODE attribute of 2 BRAM(s) out of a total of 3 has been updated to save power. Run report_power_opt to get a complete listing of the BRAMs updated.
INFO: [Timing 38-35] Done setting XDC timing constraints.
INFO: [Pwropt 34-201] Structural ODC has moved 2 WE to EN ports
Number of BRAM Ports augmented: 0 newly gated: 2 Total Ports: 6
Ending PowerOpt Patch Enables Task | Checksum: 25d601701

Time (s): cpu = 00:00:00 ; elapsed = 00:00:00.062 . Memory (MB): peak = 2232.602 ; gain = 0.000
Ending Power Optimization Task | Checksum: 25d601701

Time (s): cpu = 00:00:01 ; elapsed = 00:00:00.700 . Memory (MB): peak = 2232.602 ; gain = 136.578

Starting Final Cleanup Task
Ending Final Cleanup Task | Checksum: 25d601701

Time (s): cpu = 00:00:00 ; elapsed = 00:00:00.001 . Memory (MB): peak = 2232.602 ; gain = 0.000

Starting Netlist Obfuscation Task
Netlist sorting complete. Time (s): cpu = 00:00:00 ; elapsed = 00:00:00.001 . Memory (MB): peak = 2232.602 ; gain = 0.000
Ending Netlist Obfuscation Task | Checksum: 1ca2d4090

Time (s): cpu = 00:00:00 ; elapsed = 00:00:00.001 . Memory (MB): peak = 2232.602 ; gain = 0.000
INFO: [Common 17-83] Releasing license: Implementation
42 Infos, 3 Warnings, 0 Critical Warnings and 0 Errors encountered.
opt_design completed successfully
INFO: [Vivado 12-24828] Executing command : report_drc -file fil_test_fil_drc_opted.rpt -pb fil_test_fil_drc_opted.pb -rpx fil_test_fil_drc_opted.rpx
Command: report_drc -file fil_test_fil_drc_opted.rpt -pb fil_test_fil_drc_opted.pb -rpx fil_test_fil_drc_opted.rpx
INFO: [IP_Flow 19-1839] IP Catalog is up to date.
INFO: [DRC 23-27] Running DRC with 2 threads
INFO: [Vivado_Tcl 2-168] The results of DRC are in file C:/demo/MultichannelFIRFilterForFPGAExample/fpgaproj/fil_test_fil.runs/impl_1/fil_test_fil_drc_opted.rpt.
report_drc completed successfully
INFO: [Timing 38-480] Writing timing data to binary archive.
Write ShapeDB Complete: Time (s): cpu = 00:00:00 ; elapsed = 00:00:00.003 . Memory (MB): peak = 2232.602 ; gain = 0.000
Wrote PlaceDB: Time (s): cpu = 00:00:00 ; elapsed = 00:00:00 . Memory (MB): peak = 2232.602 ; gain = 0.000
Wrote PulsedLatchDB: Time (s): cpu = 00:00:00 ; elapsed = 00:00:00 . Memory (MB): peak = 2232.602 ; gain = 0.000
Writing XDEF routing.
Writing XDEF routing logical nets.
Writing XDEF routing special nets.
Wrote RouteStorage: Time (s): cpu = 00:00:00 ; elapsed = 00:00:00.054 . Memory (MB): peak = 2232.602 ; gain = 0.000
Wrote Netlist Cache: Time (s): cpu = 00:00:00 ; elapsed = 00:00:00 . Memory (MB): peak = 2232.602 ; gain = 0.000
Wrote Device Cache: Time (s): cpu = 00:00:00 ; elapsed = 00:00:00.006 . Memory (MB): peak = 2232.602 ; gain = 0.000
Write Physdb Complete: Time (s): cpu = 00:00:00 ; elapsed = 00:00:00.078 . Memory (MB): peak = 2232.602 ; gain = 0.000
INFO: [Common 17-1381] The checkpoint 'C:/demo/MultichannelFIRFilterForFPGAExample/fpgaproj/fil_test_fil.runs/impl_1/fil_test_fil_opt.dcp' has been generated.
Command: place_design
Attempting to get a license for feature 'Implementation' and/or device 'xc7a35t'
INFO: [Common 17-349] Got license for feature 'Implementation' and/or device 'xc7a35t'
INFO: [Common 17-83] Releasing license: Implementation
INFO: [DRC 23-27] Running DRC with 2 threads
INFO: [Vivado_Tcl 4-198] DRC finished with 0 Errors
INFO: [Vivado_Tcl 4-199] Please refer to the DRC report (report_drc) for more information.
Running DRC as a precondition to command place_design
INFO: [DRC 23-27] Running DRC with 2 threads
INFO: [Vivado_Tcl 4-198] DRC finished with 0 Errors
INFO: [Vivado_Tcl 4-199] Please refer to the DRC report (report_drc) for more information.
INFO: [Place 30-611] Multithreading enabled for place_design using a maximum of 2 CPUs

Starting Placer Task

Phase 1 Placer Initialization

Phase 1.1 Placer Initialization Netlist Sorting
Netlist sorting complete. Time (s): cpu = 00:00:00 ; elapsed = 00:00:00.001 . Memory (MB): peak = 2232.602 ; gain = 0.000
Phase 1.1 Placer Initialization Netlist Sorting | Checksum: 1a09f9f6b

Time (s): cpu = 00:00:00 ; elapsed = 00:00:00.001 . Memory (MB): peak = 2232.602 ; gain = 0.000
Netlist sorting complete. Time (s): cpu = 00:00:00 ; elapsed = 00:00:00 . Memory (MB): peak = 2232.602 ; gain = 0.000

Phase 1.2 IO Placement/ Clock Placement/ Build Placer Device
INFO: [Timing 38-35] Done setting XDC timing constraints.
Phase 1.2 IO Placement/ Clock Placement/ Build Placer Device | Checksum: 211d1219d

Time (s): cpu = 00:00:00 ; elapsed = 00:00:00.222 . Memory (MB): peak = 2232.602 ; gain = 0.000

Phase 1.3 Build Placer Netlist Model
Phase 1.3 Build Placer Netlist Model | Checksum: 23f739542

Time (s): cpu = 00:00:00 ; elapsed = 00:00:00.487 . Memory (MB): peak = 2232.602 ; gain = 0.000

Phase 1.4 Constrain Clocks/Macros
Phase 1.4 Constrain Clocks/Macros | Checksum: 23f739542

Time (s): cpu = 00:00:00 ; elapsed = 00:00:00.490 . Memory (MB): peak = 2232.602 ; gain = 0.000
Phase 1 Placer Initialization | Checksum: 23f739542

Time (s): cpu = 00:00:00 ; elapsed = 00:00:00.495 . Memory (MB): peak = 2232.602 ; gain = 0.000

Phase 2 Global Placement

Phase 2.1 Floorplanning
Phase 2.1 Floorplanning | Checksum: 242f9e100

Time (s): cpu = 00:00:00 ; elapsed = 00:00:00.581 . Memory (MB): peak = 2232.602 ; gain = 0.000

Phase 2.2 Update Timing before SLR Path Opt
Phase 2.2 Update Timing before SLR Path Opt | Checksum: 2824c596d

Time (s): cpu = 00:00:00 ; elapsed = 00:00:00.650 . Memory (MB): peak = 2232.602 ; gain = 0.000

Phase 2.3 Post-Processing in Floorplanning
Phase 2.3 Post-Processing in Floorplanning | Checksum: 2824c596d

Time (s): cpu = 00:00:00 ; elapsed = 00:00:00.652 . Memory (MB): peak = 2232.602 ; gain = 0.000

Phase 2.4 Global Placement Core

Phase 2.4.1 UpdateTiming Before Physical Synthesis
Phase 2.4.1 UpdateTiming Before Physical Synthesis | Checksum: 1d86d183e

Time (s): cpu = 00:00:02 ; elapsed = 00:00:02 . Memory (MB): peak = 2232.602 ; gain = 0.000

Phase 2.4.2 Physical Synthesis In Placer
INFO: [Physopt 32-1035] Found 0 LUTNM shape to break, 50 LUT instances to create LUTNM shape
INFO: [Physopt 32-1044] Break lutnm for timing: one critical 0, two critical 0, total 0, new lutff created 0
INFO: [Physopt 32-1138] End 1 Pass. Optimized 24 nets or LUTs. Breaked 0 LUT, combined 24 existing LUTs and moved 0 existing LUT
INFO: [Physopt 32-65] No nets found for high-fanout optimization.
INFO: [Physopt 32-232] Optimized 0 net. Created 0 new instance.
INFO: [Physopt 32-775] End 1 Pass. Optimized 0 net or cell. Created 0 new cell, deleted 0 existing cell and moved 0 existing cell
INFO: [Physopt 32-670] No setup violation found.  DSP Register Optimization was not performed.
INFO: [Physopt 32-670] No setup violation found.  Shift Register to Pipeline Optimization was not performed.
INFO: [Physopt 32-670] No setup violation found.  Shift Register Optimization was not performed.
INFO: [Physopt 32-670] No setup violation found.  BRAM Register Optimization was not performed.
INFO: [Physopt 32-670] No setup violation found.  URAM Register Optimization was not performed.
INFO: [Physopt 32-949] No candidate nets found for dynamic/static region interface net replication
INFO: [Physopt 32-775] End 1 Pass. Optimized 0 net or cell. Created 0 new cell, deleted 0 existing cell and moved 0 existing cell
Netlist sorting complete. Time (s): cpu = 00:00:00 ; elapsed = 00:00:00 . Memory (MB): peak = 2232.602 ; gain = 0.000

Summary of Physical Synthesis Optimizations
============================================


-----------------------------------------------------------------------------------------------------------------------------------------------------------
|  Optimization                                     |  Added Cells  |  Removed Cells  |  Optimized Cells/Nets  |  Dont Touch  |  Iterations  |  Elapsed   |
-----------------------------------------------------------------------------------------------------------------------------------------------------------
|  LUT Combining                                    |            0  |             24  |                    24  |           0  |           1  |  00:00:00  |
|  Retime                                           |            0  |              0  |                     0  |           0  |           1  |  00:00:00  |
|  Very High Fanout                                 |            0  |              0  |                     0  |           0  |           1  |  00:00:00  |
|  DSP Register                                     |            0  |              0  |                     0  |           0  |           0  |  00:00:00  |
|  Shift Register to Pipeline                       |            0  |              0  |                     0  |           0  |           0  |  00:00:00  |
|  Shift Register                                   |            0  |              0  |                     0  |           0  |           0  |  00:00:00  |
|  BRAM Register                                    |            0  |              0  |                     0  |           0  |           0  |  00:00:00  |
|  URAM Register                                    |            0  |              0  |                     0  |           0  |           0  |  00:00:00  |
|  Dynamic/Static Region Interface Net Replication  |            0  |              0  |                     0  |           0  |           1  |  00:00:00  |
|  Total                                            |            0  |             24  |                    24  |           0  |           4  |  00:00:00  |
-----------------------------------------------------------------------------------------------------------------------------------------------------------


Phase 2.4.2 Physical Synthesis In Placer | Checksum: 250bdb0d5

Time (s): cpu = 00:00:02 ; elapsed = 00:00:02 . Memory (MB): peak = 2232.602 ; gain = 0.000
Phase 2.4 Global Placement Core | Checksum: 20fa20bb9

Time (s): cpu = 00:00:03 ; elapsed = 00:00:02 . Memory (MB): peak = 2232.602 ; gain = 0.000
Phase 2 Global Placement | Checksum: 20fa20bb9

Time (s): cpu = 00:00:03 ; elapsed = 00:00:02 . Memory (MB): peak = 2232.602 ; gain = 0.000

Phase 3 Detail Placement

Phase 3.1 Commit Multi Column Macros
Phase 3.1 Commit Multi Column Macros | Checksum: 2c95c231a

Time (s): cpu = 00:00:03 ; elapsed = 00:00:02 . Memory (MB): peak = 2232.602 ; gain = 0.000

Phase 3.2 Commit Most Macros & LUTRAMs
Phase 3.2 Commit Most Macros & LUTRAMs | Checksum: 20de01fab

Time (s): cpu = 00:00:03 ; elapsed = 00:00:03 . Memory (MB): peak = 2232.602 ; gain = 0.000

Phase 3.3 Area Swap Optimization
Phase 3.3 Area Swap Optimization | Checksum: 295811930

Time (s): cpu = 00:00:03 ; elapsed = 00:00:03 . Memory (MB): peak = 2232.602 ; gain = 0.000

Phase 3.4 Pipeline Register Optimization
Phase 3.4 Pipeline Register Optimization | Checksum: 290cd17f8

Time (s): cpu = 00:00:03 ; elapsed = 00:00:03 . Memory (MB): peak = 2232.602 ; gain = 0.000

Phase 3.5 Small Shape Detail Placement
Phase 3.5 Small Shape Detail Placement | Checksum: 2bde273be

Time (s): cpu = 00:00:03 ; elapsed = 00:00:03 . Memory (MB): peak = 2232.602 ; gain = 0.000

Phase 3.6 Re-assign LUT pins
Phase 3.6 Re-assign LUT pins | Checksum: 2294e8a36

Time (s): cpu = 00:00:03 ; elapsed = 00:00:03 . Memory (MB): peak = 2232.602 ; gain = 0.000

Phase 3.7 Pipeline Register Optimization
Phase 3.7 Pipeline Register Optimization | Checksum: 22c015afe

Time (s): cpu = 00:00:03 ; elapsed = 00:00:03 . Memory (MB): peak = 2232.602 ; gain = 0.000
Phase 3 Detail Placement | Checksum: 22c015afe

Time (s): cpu = 00:00:03 ; elapsed = 00:00:03 . Memory (MB): peak = 2232.602 ; gain = 0.000

Phase 4 Post Placement Optimization and Clean-Up

Phase 4.1 Post Commit Optimization
INFO: [Timing 38-35] Done setting XDC timing constraints.

Phase 4.1.1 Post Placement Optimization
Post Placement Optimization Initialization | Checksum: 1223955e8

Phase 4.1.1.1 BUFG Insertion

Starting Physical Synthesis Task

Phase 1 Physical Synthesis Initialization
INFO: [Physopt 32-721] Multithreading enabled for phys_opt_design using a maximum of 2 CPUs
INFO: [Physopt 32-619] Estimated Timing Summary | WNS=6.759 | TNS=0.000 |
Phase 1 Physical Synthesis Initialization | Checksum: a9ab3b4c

Time (s): cpu = 00:00:00 ; elapsed = 00:00:00.055 . Memory (MB): peak = 2232.602 ; gain = 0.000
INFO: [Place 46-56] BUFG insertion identified 0 candidate nets. Inserted BUFG: 0, Replicated BUFG Driver: 0, Skipped due to Placement/Routing Conflicts: 0, Skipped due to Timing Degradation: 0, Skipped due to netlist editing failed: 0.
Ending Physical Synthesis Task | Checksum: 115ce27bc

Time (s): cpu = 00:00:00 ; elapsed = 00:00:00.062 . Memory (MB): peak = 2232.602 ; gain = 0.000
Phase 4.1.1.1 BUFG Insertion | Checksum: 1223955e8

Time (s): cpu = 00:00:04 ; elapsed = 00:00:03 . Memory (MB): peak = 2232.602 ; gain = 0.000

Phase 4.1.1.2 Post Placement Timing Optimization
INFO: [Place 30-746] Post Placement Timing Summary WNS=6.759. For the most accurate timing information please run report_timing.
Phase 4.1.1.2 Post Placement Timing Optimization | Checksum: 1679c5ab0

Time (s): cpu = 00:00:04 ; elapsed = 00:00:03 . Memory (MB): peak = 2232.602 ; gain = 0.000

Time (s): cpu = 00:00:04 ; elapsed = 00:00:03 . Memory (MB): peak = 2232.602 ; gain = 0.000
Phase 4.1 Post Commit Optimization | Checksum: 1679c5ab0

Time (s): cpu = 00:00:04 ; elapsed = 00:00:03 . Memory (MB): peak = 2232.602 ; gain = 0.000

Phase 4.2 Post Placement Cleanup
Phase 4.2 Post Placement Cleanup | Checksum: 1679c5ab0

Time (s): cpu = 00:00:04 ; elapsed = 00:00:03 . Memory (MB): peak = 2232.602 ; gain = 0.000

Phase 4.3 Placer Reporting

Phase 4.3.1 Print Estimated Congestion
INFO: [Place 30-612] Post-Placement Estimated Congestion 
 ____________________________________________________
|           | Global Congestion | Short Congestion  |
| Direction | Region Size       | Region Size       |
|___________|___________________|___________________|
|      North|                1x1|                1x1|
|___________|___________________|___________________|
|      South|                1x1|                1x1|
|___________|___________________|___________________|
|       East|                1x1|                1x1|
|___________|___________________|___________________|
|       West|                1x1|                1x1|
|___________|___________________|___________________|

Phase 4.3.1 Print Estimated Congestion | Checksum: 1679c5ab0

Time (s): cpu = 00:00:04 ; elapsed = 00:00:03 . Memory (MB): peak = 2232.602 ; gain = 0.000
Phase 4.3 Placer Reporting | Checksum: 1679c5ab0

Time (s): cpu = 00:00:04 ; elapsed = 00:00:03 . Memory (MB): peak = 2232.602 ; gain = 0.000

Phase 4.4 Final Placement Cleanup
Netlist sorting complete. Time (s): cpu = 00:00:00 ; elapsed = 00:00:00.001 . Memory (MB): peak = 2232.602 ; gain = 0.000

Time (s): cpu = 00:00:04 ; elapsed = 00:00:03 . Memory (MB): peak = 2232.602 ; gain = 0.000
Phase 4 Post Placement Optimization and Clean-Up | Checksum: 121f85188

Time (s): cpu = 00:00:04 ; elapsed = 00:00:03 . Memory (MB): peak = 2232.602 ; gain = 0.000
Ending Placer Task | Checksum: a69c7d6f

Time (s): cpu = 00:00:04 ; elapsed = 00:00:03 . Memory (MB): peak = 2232.602 ; gain = 0.000
77 Infos, 3 Warnings, 0 Critical Warnings and 0 Errors encountered.
place_design completed successfully
place_design: Time (s): cpu = 00:00:07 ; elapsed = 00:00:05 . Memory (MB): peak = 2232.602 ; gain = 0.000
INFO: [Vivado 12-24838] Running report commands "report_control_sets, report_io, report_utilization" in parallel.
Running report generation with 2 threads.
INFO: [Vivado 12-24828] Executing command : report_utilization -file fil_test_fil_utilization_placed.rpt -pb fil_test_fil_utilization_placed.pb
INFO: [Vivado 12-24828] Executing command : report_control_sets -verbose -file fil_test_fil_control_sets_placed.rpt
report_control_sets: Time (s): cpu = 00:00:00 ; elapsed = 00:00:00.004 . Memory (MB): peak = 2232.602 ; gain = 0.000
INFO: [Vivado 12-24828] Executing command : report_io -file fil_test_fil_io_placed.rpt
report_io: Time (s): cpu = 00:00:00 ; elapsed = 00:00:00.039 . Memory (MB): peak = 2232.602 ; gain = 0.000
INFO: [Timing 38-480] Writing timing data to binary archive.
Write ShapeDB Complete: Time (s): cpu = 00:00:00 ; elapsed = 00:00:00.006 . Memory (MB): peak = 2232.602 ; gain = 0.000
Wrote PlaceDB: Time (s): cpu = 00:00:00 ; elapsed = 00:00:00.093 . Memory (MB): peak = 2232.602 ; gain = 0.000
Wrote PulsedLatchDB: Time (s): cpu = 00:00:00 ; elapsed = 00:00:00 . Memory (MB): peak = 2232.602 ; gain = 0.000
Writing XDEF routing.
Writing XDEF routing logical nets.
Writing XDEF routing special nets.
Wrote RouteStorage: Time (s): cpu = 00:00:00 ; elapsed = 00:00:00.016 . Memory (MB): peak = 2232.602 ; gain = 0.000
Wrote Netlist Cache: Time (s): cpu = 00:00:00 ; elapsed = 00:00:00.002 . Memory (MB): peak = 2232.602 ; gain = 0.000
Wrote Device Cache: Time (s): cpu = 00:00:00 ; elapsed = 00:00:00.009 . Memory (MB): peak = 2232.602 ; gain = 0.000
Write Physdb Complete: Time (s): cpu = 00:00:00 ; elapsed = 00:00:00.126 . Memory (MB): peak = 2232.602 ; gain = 0.000
INFO: [Common 17-1381] The checkpoint 'C:/demo/MultichannelFIRFilterForFPGAExample/fpgaproj/fil_test_fil.runs/impl_1/fil_test_fil_placed.dcp' has been generated.
Command: phys_opt_design
Attempting to get a license for feature 'Implementation' and/or device 'xc7a35t'
INFO: [Common 17-349] Got license for feature 'Implementation' and/or device 'xc7a35t'

Starting Initial Update Timing Task

Time (s): cpu = 00:00:00 ; elapsed = 00:00:00.144 . Memory (MB): peak = 2232.602 ; gain = 0.000
INFO: [Vivado_Tcl 4-2279] Estimated Timing Summary | WNS= 6.759 | TNS= 0.000 | 
INFO: [Vivado_Tcl 4-383] Design worst setup slack (WNS) is greater than or equal to 0.000 ns. All physical synthesis setup optimizations will be skipped.
INFO: [Vivado_Tcl 4-232] No setup violation found. The netlist was not modified.
INFO: [Common 17-83] Releasing license: Implementation
88 Infos, 3 Warnings, 0 Critical Warnings and 0 Errors encountered.
phys_opt_design completed successfully
INFO: [Timing 38-480] Writing timing data to binary archive.
Write ShapeDB Complete: Time (s): cpu = 00:00:00 ; elapsed = 00:00:00.005 . Memory (MB): peak = 2232.602 ; gain = 0.000
Wrote PlaceDB: Time (s): cpu = 00:00:00 ; elapsed = 00:00:00.114 . Memory (MB): peak = 2232.602 ; gain = 0.000
Wrote PulsedLatchDB: Time (s): cpu = 00:00:00 ; elapsed = 00:00:00 . Memory (MB): peak = 2232.602 ; gain = 0.000
Writing XDEF routing.
Writing XDEF routing logical nets.
Writing XDEF routing special nets.
Wrote RouteStorage: Time (s): cpu = 00:00:00 ; elapsed = 00:00:00.018 . Memory (MB): peak = 2232.602 ; gain = 0.000
Wrote Netlist Cache: Time (s): cpu = 00:00:00 ; elapsed = 00:00:00.003 . Memory (MB): peak = 2232.602 ; gain = 0.000
Wrote Device Cache: Time (s): cpu = 00:00:00 ; elapsed = 00:00:00.006 . Memory (MB): peak = 2232.602 ; gain = 0.000
Write Physdb Complete: Time (s): cpu = 00:00:00 ; elapsed = 00:00:00.158 . Memory (MB): peak = 2232.602 ; gain = 0.000
INFO: [Common 17-1381] The checkpoint 'C:/demo/MultichannelFIRFilterForFPGAExample/fpgaproj/fil_test_fil.runs/impl_1/fil_test_fil_physopt.dcp' has been generated.
Command: route_design
Attempting to get a license for feature 'Implementation' and/or device 'xc7a35t'
INFO: [Common 17-349] Got license for feature 'Implementation' and/or device 'xc7a35t'
Running DRC as a precondition to command route_design
INFO: [DRC 23-27] Running DRC with 2 threads
INFO: [Vivado_Tcl 4-198] DRC finished with 0 Errors
INFO: [Vivado_Tcl 4-199] Please refer to the DRC report (report_drc) for more information.


Starting Routing Task
INFO: [Route 35-254] Multithreading enabled for route_design using a maximum of 8 CPUs

Phase 1 Build RT Design
Checksum: PlaceDB: 19a5f6a ConstDB: 0 ShapeSum: 480c1ae RouteDB: a0815c57
Post Restoration Checksum: NetGraph: 391ef676 | NumContArr: 190ca012 | Constraints: c2a8fa9d | Timing: c2a8fa9d
Phase 1 Build RT Design | Checksum: 1d77d8bc2

Time (s): cpu = 00:00:15 ; elapsed = 00:00:13 . Memory (MB): peak = 2258.629 ; gain = 26.027

Phase 2 Router Initialization

Phase 2.1 Fix Topology Constraints
Phase 2.1 Fix Topology Constraints | Checksum: 1d77d8bc2

Time (s): cpu = 00:00:15 ; elapsed = 00:00:13 . Memory (MB): peak = 2258.629 ; gain = 26.027

Phase 2.2 Pre Route Cleanup
Phase 2.2 Pre Route Cleanup | Checksum: 1d77d8bc2

Time (s): cpu = 00:00:15 ; elapsed = 00:00:13 . Memory (MB): peak = 2258.629 ; gain = 26.027
 Number of Nodes with overlaps = 0

Phase 2.3 Update Timing
Phase 2.3 Update Timing | Checksum: 257eb3922

Time (s): cpu = 00:00:16 ; elapsed = 00:00:14 . Memory (MB): peak = 2308.176 ; gain = 75.574
INFO: [Route 35-416] Intermediate Timing Summary | WNS=6.828  | TNS=0.000  | WHS=-0.265 | THS=-42.135|


Phase 2.4 Update Timing for Bus Skew

Phase 2.4.1 Update Timing
Phase 2.4.1 Update Timing | Checksum: 2583a24e8

Time (s): cpu = 00:00:16 ; elapsed = 00:00:14 . Memory (MB): peak = 2308.176 ; gain = 75.574
INFO: [Route 35-416] Intermediate Timing Summary | WNS=6.828  | TNS=0.000  | WHS=-0.066 | THS=-0.234 |

Phase 2.4 Update Timing for Bus Skew | Checksum: 22baec6b9

Time (s): cpu = 00:00:16 ; elapsed = 00:00:14 . Memory (MB): peak = 2308.176 ; gain = 75.574

Router Utilization Summary
  Global Vertical Routing Utilization    = 0.00326876 %
  Global Horizontal Routing Utilization  = 0.000650703 %
  Routable Net Status*
  *Does not include unroutable nets such as driverless and loadless.
  Run report_route_status for detailed report.
  Number of Failed Nets               = 1211
    (Failed Nets is the sum of unrouted and partially routed nets)
  Number of Unrouted Nets             = 1211
  Number of Partially Routed Nets     = 0
  Number of Node Overlaps             = 0

Phase 2 Router Initialization | Checksum: 308702d39

Time (s): cpu = 00:00:16 ; elapsed = 00:00:14 . Memory (MB): peak = 2308.176 ; gain = 75.574

Phase 3 Global Routing
Phase 3 Global Routing | Checksum: 308702d39

Time (s): cpu = 00:00:16 ; elapsed = 00:00:14 . Memory (MB): peak = 2308.176 ; gain = 75.574

Phase 4 Initial Routing

Phase 4.1 Initial Net Routing Pass
Phase 4.1 Initial Net Routing Pass | Checksum: 2996da02b

Time (s): cpu = 00:00:17 ; elapsed = 00:00:14 . Memory (MB): peak = 2308.176 ; gain = 75.574
Phase 4 Initial Routing | Checksum: 2996da02b

Time (s): cpu = 00:00:17 ; elapsed = 00:00:14 . Memory (MB): peak = 2308.176 ; gain = 75.574

Phase 5 Rip-up And Reroute

Phase 5.1 Global Iteration 0
 Number of Nodes with overlaps = 83
 Number of Nodes with overlaps = 4
 Number of Nodes with overlaps = 0
INFO: [Route 35-416] Intermediate Timing Summary | WNS=7.152  | TNS=0.000  | WHS=N/A    | THS=N/A    |

Phase 5.1 Global Iteration 0 | Checksum: 276f330dc

Time (s): cpu = 00:00:18 ; elapsed = 00:00:15 . Memory (MB): peak = 2308.176 ; gain = 75.574

Phase 5.2 Global Iteration 1
 Number of Nodes with overlaps = 0
INFO: [Route 35-416] Intermediate Timing Summary | WNS=7.152  | TNS=0.000  | WHS=N/A    | THS=N/A    |

Phase 5.2 Global Iteration 1 | Checksum: 2b4a63816

Time (s): cpu = 00:00:18 ; elapsed = 00:00:15 . Memory (MB): peak = 2308.176 ; gain = 75.574
Phase 5 Rip-up And Reroute | Checksum: 2b4a63816

Time (s): cpu = 00:00:18 ; elapsed = 00:00:15 . Memory (MB): peak = 2308.176 ; gain = 75.574

Phase 6 Delay and Skew Optimization

Phase 6.1 Delay CleanUp
Phase 6.1 Delay CleanUp | Checksum: 2b4a63816

Time (s): cpu = 00:00:18 ; elapsed = 00:00:15 . Memory (MB): peak = 2308.176 ; gain = 75.574

Phase 6.2 Clock Skew Optimization
Phase 6.2 Clock Skew Optimization | Checksum: 2b4a63816

Time (s): cpu = 00:00:18 ; elapsed = 00:00:15 . Memory (MB): peak = 2308.176 ; gain = 75.574
Phase 6 Delay and Skew Optimization | Checksum: 2b4a63816

Time (s): cpu = 00:00:18 ; elapsed = 00:00:15 . Memory (MB): peak = 2308.176 ; gain = 75.574

Phase 7 Post Hold Fix

Phase 7.1 Hold Fix Iter
INFO: [Route 35-416] Intermediate Timing Summary | WNS=7.245  | TNS=0.000  | WHS=0.060  | THS=0.000  |

Phase 7.1 Hold Fix Iter | Checksum: 232b5ff36

Time (s): cpu = 00:00:18 ; elapsed = 00:00:15 . Memory (MB): peak = 2308.176 ; gain = 75.574
Phase 7 Post Hold Fix | Checksum: 232b5ff36

Time (s): cpu = 00:00:18 ; elapsed = 00:00:15 . Memory (MB): peak = 2308.176 ; gain = 75.574

Phase 8 Route finalize

Router Utilization Summary
  Global Vertical Routing Utilization    = 0.230806 %
  Global Horizontal Routing Utilization  = 0.303618 %
  Routable Net Status*
  *Does not include unroutable nets such as driverless and loadless.
  Run report_route_status for detailed report.
  Number of Failed Nets               = 0
    (Failed Nets is the sum of unrouted and partially routed nets)
  Number of Unrouted Nets             = 0
  Number of Partially Routed Nets     = 0
  Number of Node Overlaps             = 0

Phase 8 Route finalize | Checksum: 232b5ff36

Time (s): cpu = 00:00:18 ; elapsed = 00:00:15 . Memory (MB): peak = 2308.176 ; gain = 75.574

Phase 9 Verifying routed nets

 Verification completed successfully
Phase 9 Verifying routed nets | Checksum: 232b5ff36

Time (s): cpu = 00:00:18 ; elapsed = 00:00:15 . Memory (MB): peak = 2308.176 ; gain = 75.574

Phase 10 Depositing Routes
Phase 10 Depositing Routes | Checksum: 1e42801e8

Time (s): cpu = 00:00:18 ; elapsed = 00:00:15 . Memory (MB): peak = 2308.176 ; gain = 75.574

Phase 11 Post Process Routing
Phase 11 Post Process Routing | Checksum: 1e42801e8

Time (s): cpu = 00:00:18 ; elapsed = 00:00:15 . Memory (MB): peak = 2308.176 ; gain = 75.574

Phase 12 Post Router Timing
INFO: [Route 35-57] Estimated Timing Summary | WNS=7.245  | TNS=0.000  | WHS=0.060  | THS=0.000  |

INFO: [Route 35-327] The final timing numbers are based on the router estimated timing analysis. For a complete and accurate timing signoff, please run report_timing_summary.
Phase 12 Post Router Timing | Checksum: 1e42801e8

Time (s): cpu = 00:00:18 ; elapsed = 00:00:15 . Memory (MB): peak = 2308.176 ; gain = 75.574
Total Elapsed time in route_design: 14.814 secs

Phase 13 Post-Route Event Processing
Phase 13 Post-Route Event Processing | Checksum: 1c3a14de3

Time (s): cpu = 00:00:18 ; elapsed = 00:00:15 . Memory (MB): peak = 2308.176 ; gain = 75.574
INFO: [Route 35-16] Router Completed Successfully
Ending Routing Task | Checksum: 1c3a14de3

Time (s): cpu = 00:00:18 ; elapsed = 00:00:15 . Memory (MB): peak = 2308.176 ; gain = 75.574

Routing Is Done.
INFO: [Common 17-83] Releasing license: Implementation
104 Infos, 3 Warnings, 0 Critical Warnings and 0 Errors encountered.
route_design completed successfully
route_design: Time (s): cpu = 00:00:19 ; elapsed = 00:00:16 . Memory (MB): peak = 2308.176 ; gain = 75.574
INFO: [Vivado 12-24828] Executing command : report_drc -file fil_test_fil_drc_routed.rpt -pb fil_test_fil_drc_routed.pb -rpx fil_test_fil_drc_routed.rpx
Command: report_drc -file fil_test_fil_drc_routed.rpt -pb fil_test_fil_drc_routed.pb -rpx fil_test_fil_drc_routed.rpx
INFO: [IP_Flow 19-1839] IP Catalog is up to date.
INFO: [DRC 23-27] Running DRC with 2 threads
INFO: [Vivado_Tcl 2-168] The results of DRC are in file C:/demo/MultichannelFIRFilterForFPGAExample/fpgaproj/fil_test_fil.runs/impl_1/fil_test_fil_drc_routed.rpt.
report_drc completed successfully
INFO: [Vivado 12-24828] Executing command : report_methodology -file fil_test_fil_methodology_drc_routed.rpt -pb fil_test_fil_methodology_drc_routed.pb -rpx fil_test_fil_methodology_drc_routed.rpx
Command: report_methodology -file fil_test_fil_methodology_drc_routed.rpt -pb fil_test_fil_methodology_drc_routed.pb -rpx fil_test_fil_methodology_drc_routed.rpx
INFO: [Timing 38-35] Done setting XDC timing constraints.
INFO: [DRC 23-133] Running Methodology with 2 threads
INFO: [Vivado_Tcl 2-1520] The results of Report Methodology are in file C:/demo/MultichannelFIRFilterForFPGAExample/fpgaproj/fil_test_fil.runs/impl_1/fil_test_fil_methodology_drc_routed.rpt.
report_methodology completed successfully
INFO: [Vivado 12-24828] Executing command : report_timing_summary -max_paths 10 -report_unconstrained -file fil_test_fil_timing_summary_routed.rpt -pb fil_test_fil_timing_summary_routed.pb -rpx fil_test_fil_timing_summary_routed.rpx -warn_on_violation 
INFO: [Timing 38-35] Done setting XDC timing constraints.
INFO: [Timing 38-91] UpdateTimingParams: Speed grade: -1, Delay Type: min_max.
INFO: [Timing 38-191] Multithreading enabled for timing update using a maximum of 2 CPUs
WARNING: [Timing 38-436] There are set_bus_skew constraint(s) in this design. Please run report_bus_skew to ensure that bus skew requirements are met.
INFO: [Vivado 12-24838] Running report commands "report_incremental_reuse, report_route_status" in parallel.
Running report generation with 2 threads.
INFO: [Vivado 12-24828] Executing command : report_incremental_reuse -file fil_test_fil_incremental_reuse_routed.rpt
INFO: [Vivado_Tcl 4-1062] Incremental flow is disabled. No incremental reuse Info to report.
INFO: [Vivado 12-24828] Executing command : report_route_status -file fil_test_fil_route_status.rpt -pb fil_test_fil_route_status.pb
INFO: [Vivado 12-24828] Executing command : report_power -file fil_test_fil_power_routed.rpt -pb fil_test_fil_power_summary_routed.pb -rpx fil_test_fil_power_routed.rpx
Command: report_power -file fil_test_fil_power_routed.rpt -pb fil_test_fil_power_summary_routed.pb -rpx fil_test_fil_power_routed.rpx
Running Vector-less Activity Propagation...

Finished Running Vector-less Activity Propagation
121 Infos, 4 Warnings, 0 Critical Warnings and 0 Errors encountered.
report_power completed successfully
INFO: [Vivado 12-24828] Executing command : report_clock_utilization -file fil_test_fil_clock_utilization_routed.rpt
WARNING: [Device 21-9320] Failed to find the Oracle tile group with name 'HSR_BOUNDARY_TOP'. This is required for Clock regions and Virtual grid.
WARNING: [Device 21-2174] Failed to initialize Virtual grid.
INFO: [Vivado 12-24828] Executing command : report_bus_skew -warn_on_violation -file fil_test_fil_bus_skew_routed.rpt -pb fil_test_fil_bus_skew_routed.pb -rpx fil_test_fil_bus_skew_routed.rpx
INFO: [Timing 38-91] UpdateTimingParams: Speed grade: -1, Delay Type: min_max.
INFO: [Timing 38-191] Multithreading enabled for timing update using a maximum of 2 CPUs
INFO: [Timing 38-480] Writing timing data to binary archive.
Write ShapeDB Complete: Time (s): cpu = 00:00:00 ; elapsed = 00:00:00.007 . Memory (MB): peak = 2308.176 ; gain = 0.000
Wrote PlaceDB: Time (s): cpu = 00:00:00 ; elapsed = 00:00:00.131 . Memory (MB): peak = 2308.176 ; gain = 0.000
Wrote PulsedLatchDB: Time (s): cpu = 00:00:00 ; elapsed = 00:00:00 . Memory (MB): peak = 2308.176 ; gain = 0.000
Writing XDEF routing.
Writing XDEF routing logical nets.
Writing XDEF routing special nets.
Wrote RouteStorage: Time (s): cpu = 00:00:01 ; elapsed = 00:00:00.037 . Memory (MB): peak = 2308.176 ; gain = 0.000
Wrote Netlist Cache: Time (s): cpu = 00:00:00 ; elapsed = 00:00:00.003 . Memory (MB): peak = 2308.176 ; gain = 0.000
Wrote Device Cache: Time (s): cpu = 00:00:00 ; elapsed = 00:00:00.010 . Memory (MB): peak = 2308.176 ; gain = 0.000
Write Physdb Complete: Time (s): cpu = 00:00:01 ; elapsed = 00:00:00.188 . Memory (MB): peak = 2308.176 ; gain = 0.000
INFO: [Common 17-1381] The checkpoint 'C:/demo/MultichannelFIRFilterForFPGAExample/fpgaproj/fil_test_fil.runs/impl_1/fil_test_fil_routed.dcp' has been generated.
INFO: [Common 17-206] Exiting Vivado at Wed Jan 14 08:45:12 2026...
[Wed Jan 14 08:45:15 2026] impl_1 finished
wait_on_runs: Time (s): cpu = 00:00:01 ; elapsed = 00:03:07 . Memory (MB): peak = 1087.516 ; gain = 0.000
# open_run impl_1
Netlist sorting complete. Time (s): cpu = 00:00:00 ; elapsed = 00:00:00.018 . Memory (MB): peak = 1097.527 ; gain = 0.000
INFO: [Netlist 29-17] Analyzing 73 Unisim elements for replacement
INFO: [Netlist 29-28] Unisim Transformation completed in 0 CPU seconds
INFO: [Project 1-479] Netlist was created with Vivado 2024.1
INFO: [Project 1-570] Preparing netlist for logic optimization
Read ShapeDB Complete: Time (s): cpu = 00:00:00 ; elapsed = 00:00:00.009 . Memory (MB): peak = 1183.469 ; gain = 0.320
INFO: [Timing 38-478] Restoring timing data from binary archive.
INFO: [Timing 38-479] Binary timing data restore complete.
INFO: [Project 1-856] Restoring constraints from binary archive.
INFO: [Project 1-853] Binary constraint restore complete.
INFO: [Designutils 20-5722] Start Reading Physical Databases.
Reading placement.
Read Netlist Cache: Time (s): cpu = 00:00:00 ; elapsed = 00:00:00.001 . Memory (MB): peak = 1776.949 ; gain = 0.000
Reading placer database...
Read Device Cache: Time (s): cpu = 00:00:00 ; elapsed = 00:00:00.008 . Memory (MB): peak = 1776.949 ; gain = 0.000
Read PlaceDB: Time (s): cpu = 00:00:00 ; elapsed = 00:00:00.042 . Memory (MB): peak = 1776.949 ; gain = 0.000
Read PulsedLatchDB: Time (s): cpu = 00:00:00 ; elapsed = 00:00:00 . Memory (MB): peak = 1776.949 ; gain = 0.000
Reading routing.
Read RouteStorage: Time (s): cpu = 00:00:00 ; elapsed = 00:00:00.034 . Memory (MB): peak = 1776.949 ; gain = 0.000
Read Physdb Files: Time (s): cpu = 00:00:00 ; elapsed = 00:00:00.093 . Memory (MB): peak = 1776.949 ; gain = 0.000
Restored from archive | CPU: 0.000000 secs | Memory: 0.000000 MB |
Finished XDEF File Restore: Time (s): cpu = 00:00:00 ; elapsed = 00:00:00.151 . Memory (MB): peak = 1776.949 ; gain = 4.969
Netlist sorting complete. Time (s): cpu = 00:00:00 ; elapsed = 00:00:00.001 . Memory (MB): peak = 1776.949 ; gain = 0.000
INFO: [Project 1-111] Unisim Transformation Summary:
  A total of 6 instances were transformed.
  RAM32M => RAM32M (RAMD32(x6), RAMS32(x2)): 2 instances
  RAM32X1D => RAM32X1D (RAMD32(x2)): 4 instances

open_run: Time (s): cpu = 00:00:09 ; elapsed = 00:00:09 . Memory (MB): peak = 1776.949 ; gain = 689.434
# write_bitstream -force fil_test_fil
Command: write_bitstream -force fil_test_fil
Attempting to get a license for feature 'Implementation' and/or device 'xc7a35t'
INFO: [Common 17-349] Got license for feature 'Implementation' and/or device 'xc7a35t'
Running DRC as a precondition to command write_bitstream
INFO: [IP_Flow 19-1839] IP Catalog is up to date.
INFO: [DRC 23-27] Running DRC with 2 threads
WARNING: [DRC CFGBVS-1] Missing CFGBVS and CONFIG_VOLTAGE Design Properties: Neither the CFGBVS nor CONFIG_VOLTAGE voltage property is set in the current_design.  Configuration bank voltage select (CFGBVS) must be set to VCCO or GND, and CONFIG_VOLTAGE must be set to the correct configuration voltage, in order to determine the I/O voltage support for the pins in bank 0.  It is suggested to specify these either using the 'Edit Device Properties' function in the GUI or directly in the XDC file using the following syntax:

 set_property CFGBVS value1 [current_design]
 #where value1 is either VCCO or GND

 set_property CONFIG_VOLTAGE value2 [current_design]
 #where value2 is the voltage provided to configuration bank 0

Refer to the device configuration user guide for more information.
WARNING: [DRC RTSTAT-10] No routable loads: 24 net(s) have no routable loads. The problem bus(es) and/or net(s) are u_jtag_mac/u_post_chif_fifo/u_jtag_mac_fifo/U0/inst_fifo_gen/gconvfifo.rf/grf.rf/gntv_or_sync_fifo.mem/gbm.gbmg.gbmga.ngecc.bmg/inst_blk_mem_gen/gnbram.gnativebmg.native_blk_mem_gen/valid.cstr/ramloop[0].ram.r/ENA_dly_D, u_jtag_mac/u_pre_chif_fifo/u_jtag_mac_fifo/U0/inst_fifo_gen/gconvfifo.rf/grf.rf/gntv_or_sync_fifo.mem/gbm.gbmg.gbmga.ngecc.bmg/inst_blk_mem_gen/gnbram.gnativebmg.native_blk_mem_gen/valid.cstr/ramloop[0].ram.r/ENA_dly_D, u_jtag_mac/u_post_chif_fifo/u_jtag_mac_fifo/U0/inst_fifo_gen/gconvfifo.rf/grf.rf/rstblk/ngwrdrst.grst.rd_rst_reg[2:0], u_jtag_mac/u_simcycle_fifo/u_simcycle_fifo/U0/inst_fifo_gen/gconvfifo.rf/grf.rf/rstblk/ngwrdrst.grst.rd_rst_reg[2:0], u_jtag_mac/u_pre_chif_fifo/u_jtag_mac_fifo/U0/inst_fifo_gen/gconvfifo.rf/grf.rf/rstblk/ngwrdrst.grst.rd_rst_reg[2:0], u_jtag_mac/u_pre_chif_fifo/u_jtag_mac_fifo/U0/inst_fifo_gen/gconvfifo.rf/grf.rf/rstblk/ngwrdrst.grst.wr_rst_reg[2:0], u_jtag_mac/u_post_chif_fifo/u_jtag_mac_fifo/U0/inst_fifo_gen/gconvfifo.rf/grf.rf/rstblk/ngwrdrst.grst.wr_rst_reg[2:0], u_jtag_mac/u_simcycle_fifo/u_simcycle_fifo/U0/inst_fifo_gen/gconvfifo.rf/grf.rf/rstblk/ngwrdrst.grst.wr_rst_reg[2:0], u_jtag_mac/u_post_chif_fifo/u_jtag_mac_fifo/U0/inst_fifo_gen/gconvfifo.rf/grf.rf/gntv_or_sync_fifo.gl0.rd/gras.rsts/ram_empty_i, u_jtag_mac/u_simcycle_fifo/u_simcycle_fifo/U0/inst_fifo_gen/gconvfifo.rf/grf.rf/gntv_or_sync_fifo.gl0.wr/gwas.wsts/ram_full_i, u_jtag_mac/u_pre_chif_fifo/u_jtag_mac_fifo/U0/inst_fifo_gen/gconvfifo.rf/grf.rf/gntv_or_sync_fifo.gl0.wr/gwas.wsts/ram_full_i, and u_jtag_mac/u_post_chif_fifo/u_jtag_mac_fifo/U0/inst_fifo_gen/gconvfifo.rf/grf.rf/gntv_or_sync_fifo.gl0.wr/gwas.wsts/ram_full_i.
INFO: [Vivado 12-3199] DRC finished with 0 Errors, 2 Warnings
INFO: [Vivado 12-3200] Please refer to the DRC report (report_drc) for more information.
INFO: [Designutils 20-2272] Running write_bitstream with 2 threads.
Loading data files...
Loading site data...
Loading route data...
Processing options...
Creating bitmap...
Creating bitstream...
Writing bitstream ./fil_test_fil.bit...
INFO: [Vivado 12-1842] Bitgen Completed Successfully.
INFO: [Project 1-1876] WebTalk data collection is mandatory when using a ULT device. To see the specific WebTalk data collected for your design, open the usage_statistics_webtalk.html or usage_statistics_webtalk.xml file in the implementation directory.
INFO: [Common 17-83] Releasing license: Implementation
9 Infos, 2 Warnings, 0 Critical Warnings and 0 Errors encountered.
write_bitstream completed successfully
write_bitstream: Time (s): cpu = 00:00:10 ; elapsed = 00:00:09 . Memory (MB): peak = 2261.234 ; gain = 484.285
# open_run impl_1
Netlist sorting complete. Time (s): cpu = 00:00:00 ; elapsed = 00:00:00.019 . Memory (MB): peak = 2261.234 ; gain = 0.000
INFO: [Netlist 29-17] Analyzing 73 Unisim elements for replacement
INFO: [Netlist 29-28] Unisim Transformation completed in 0 CPU seconds
INFO: [Project 1-479] Netlist was created with Vivado 2024.1
INFO: [Project 1-570] Preparing netlist for logic optimization
Read ShapeDB Complete: Time (s): cpu = 00:00:00 ; elapsed = 00:00:00.006 . Memory (MB): peak = 2261.234 ; gain = 0.000
INFO: [Timing 38-478] Restoring timing data from binary archive.
INFO: [Timing 38-479] Binary timing data restore complete.
INFO: [Project 1-856] Restoring constraints from binary archive.
INFO: [Project 1-853] Binary constraint restore complete.
INFO: [Designutils 20-5722] Start Reading Physical Databases.
Reading placement.
Read Netlist Cache: Time (s): cpu = 00:00:00 ; elapsed = 00:00:00.002 . Memory (MB): peak = 2261.234 ; gain = 0.000
Reading placer database...
Read Device Cache: Time (s): cpu = 00:00:00 ; elapsed = 00:00:00.008 . Memory (MB): peak = 2261.234 ; gain = 0.000
Read PlaceDB: Time (s): cpu = 00:00:00 ; elapsed = 00:00:00.042 . Memory (MB): peak = 2261.234 ; gain = 0.000
Read PulsedLatchDB: Time (s): cpu = 00:00:00 ; elapsed = 00:00:00 . Memory (MB): peak = 2261.234 ; gain = 0.000
Reading routing.
Read RouteStorage: Time (s): cpu = 00:00:00 ; elapsed = 00:00:00.013 . Memory (MB): peak = 2261.234 ; gain = 0.000
Read Physdb Files: Time (s): cpu = 00:00:00 ; elapsed = 00:00:00.073 . Memory (MB): peak = 2261.234 ; gain = 0.000
Restored from archive | CPU: 0.000000 secs | Memory: 0.000000 MB |
Finished XDEF File Restore: Time (s): cpu = 00:00:00 ; elapsed = 00:00:00.073 . Memory (MB): peak = 2261.234 ; gain = 0.000
Netlist sorting complete. Time (s): cpu = 00:00:00 ; elapsed = 00:00:00 . Memory (MB): peak = 2261.234 ; gain = 0.000
INFO: [Project 1-111] Unisim Transformation Summary:
  A total of 6 instances were transformed.
  RAM32M => RAM32M (RAMD32(x6), RAMS32(x2)): 2 instances
  RAM32X1D => RAM32X1D (RAMD32(x2)): 4 instances

INFO: [Timing 38-91] UpdateTimingParams: Speed grade: -1, Delay Type: min_max.
INFO: [Timing 38-191] Multithreading enabled for timing update using a maximum of 2 CPUs
WARNING: [Timing 38-436] There are set_bus_skew constraint(s) in this design. Please run report_bus_skew to ensure that bus skew requirements are met.
# set par_str [report_timing_summary -return_string]
# set timing_err ""
# set result [regexp {Timing constraints are not met} $par_str match]
# if {$result > 0} {
# 	set timing_err "Warning: Design does not meet all timing constraints."
# }
# close_project
# set log ""
# lappend log "\n\n------------------------------------"
# lappend log "   FPGA-in-the-Loop build summary"
# lappend log "------------------------------------\n"
# set expected_file fil_test_fil.bit
# set copied_file C:/demo/MultichannelFIRFilterForFPGAExample/fil_test_fil.bit
# if [catch {file copy -force $expected_file ..}] {
#    file delete ../$expected_file
#    lappend log "Expected programming file not generated."
#    lappend log "FPGA-in-the-Loop build failed.\n"
# } else {
#    if {[string length $timing_err] > 0} {
#       lappend log "$timing_err\n"
#       set warn_str " with warning"
#    } else {
#       set warn_str ""
#    }
#    lappend log "Programming file generated:"
#    lappend log "$copied_file\n"
#    lappend log "FPGA-in-the-Loop build completed$warn_str."
#    lappend log "You may close this shell.\n"
# }
# foreach j $log {puts $j}


------------------------------------
   FPGA-in-the-Loop build summary
------------------------------------

Programming file generated:
C:/demo/MultichannelFIRFilterForFPGAExample/fil_test_fil.bit

FPGA-in-the-Loop build completed.
You may close this shell.

# if { [catch {open fpgaproj.log w} log_fid] } {
# } else {
#     foreach j $log {puts $log_fid $j}
# }
# close $log_fid
INFO: [Common 17-206] Exiting Vivado at Wed Jan 14 08:45:35 2026...
