******************************************************************************
             TMS320C2000 Linker PC v22.6.0                     
******************************************************************************
>> Linked Thu Mar 26 16:33:27 2026

OUTPUT FILE NAME:   <../ccs_c_caller_model.out>
ENTRY POINT SYMBOL: "_c_int00"  address: 003daffd


MEMORY CONFIGURATION

         name            origin    length      used     unused   attr    fill
----------------------  --------  ---------  --------  --------  ----  --------
PAGE 0:
  BEGINRAM              00000000   00000002  00000000  00000002  RWIX
  PRAM                  00008000   00006000  0000008b  00005f75  RWIX
  OTP                   003d7800   000003fa  00000000  000003fa  RWIX
  FLASH                 003d8000   0001fff0  000036da  0001c916  RWIX
  BEGINFLASH            003f7ff6   00000002  00000002  00000000  RWIX
  CSM_PWL               003f7ff8   00000008  00000000  00000008  RWIX
  FPUTABLES             003fd590   000006a0  000006a0  00000000  RWIX
  IQTABLES              003fdc30   00000b50  00000000  00000b50  RWIX
  IQTABLES2             003fe780   0000008c  00000000  0000008c  RWIX
  IQTABLES3             003fe80c   000000aa  00000000  000000aa  RWIX
  BOOTROM               003ff3b0   00000c10  00000000  00000c10  RWIX
  RESET                 003fffc0   00000002  00000000  00000002  RWIX
  VECTORS               003fffc2   0000003e  00000000  0000003e  RWIX

PAGE 1:
  RAMM0M1               00000002   000007fe  00000400  000003fe  RWIX
  DEV_EMU               00000880   00000105  00000004  00000101  RWIX
  SYS_PWR_CTL           00000985   00000003  00000003  00000000  RWIX
  FLASH_REGS            00000a80   00000060  00000008  00000058  RWIX
  CSM                   00000ae0   00000020  00000010  00000010  RWIX
  ADC_RESULT            00000b00   00000020  00000010  00000010  RWIX
  CPU_TIMER0            00000c00   00000008  00000008  00000000  RWIX
  CPU_TIMER1            00000c08   00000008  00000008  00000000  RWIX
  CPU_TIMER2            00000c10   00000008  00000008  00000000  RWIX
  PIE_CTRL              00000ce0   00000020  0000001a  00000006  RWIX
  PIE_VECT              00000d00   00000100  00000100  00000000  RWIX
  DMA                   00001000   00000200  000000e0  00000120  RWIX
  CLA1                  00001400   00000080  00000040  00000040  RWIX
  USB0                  00004000   00001000  00000454  00000bac  RWIX
  McBSPA                00005000   00000040  00000024  0000001c  RWIX
  ECANA                 00006000   00000040  00000034  0000000c  RWIX
  ECANA_LAM             00006040   00000040  00000040  00000000  RWIX
  ECANA_MOTS            00006080   00000040  00000040  00000000  RWIX
  ECANA_MOTO            000060c0   00000040  00000040  00000000  RWIX
  ECANA_MBOX            00006100   00000100  00000100  00000000  RWIX
  COMP1                 00006400   00000020  00000014  0000000c  RWIX
  COMP2                 00006420   00000020  00000014  0000000c  RWIX
  COMP3                 00006440   00000020  00000014  0000000c  RWIX
  EPWM1                 00006800   00000040  00000040  00000000  RWIX
  EPWM2                 00006840   00000040  00000040  00000000  RWIX
  EPWM3                 00006880   00000040  00000040  00000000  RWIX
  EPWM4                 000068c0   00000040  00000040  00000000  RWIX
  EPWM5                 00006900   00000040  00000040  00000000  RWIX
  EPWM6                 00006940   00000040  00000040  00000000  RWIX
  EPWM7                 00006980   00000040  00000040  00000000  RWIX
  EPWM8                 000069c0   00000040  00000040  00000000  RWIX
  ECAP1                 00006a00   00000020  00000020  00000000  RWIX
  ECAP2                 00006a20   00000020  00000020  00000000  RWIX
  ECAP3                 00006a40   00000020  00000020  00000000  RWIX
  HRCAP1                00006ac0   00000020  00000020  00000000  RWIX
  HRCAP2                00006ae0   00000020  00000020  00000000  RWIX
  EQEP1                 00006b00   00000040  00000022  0000001e  RWIX
  EQEP2                 00006b40   00000040  00000022  0000001e  RWIX
  HRCAP3                00006c80   00000020  00000020  00000000  RWIX
  HRCAP4                00006ca0   00000020  00000020  00000000  RWIX
  GPIOCTRL              00006f80   00000040  00000040  00000000  RWIX
  GPIODAT               00006fc0   00000020  00000020  00000000  RWIX
  GPIOINT               00006fe0   00000020  00000020  00000000  RWIX
  SYSTEM                00007010   00000030  00000030  00000000  RWIX
  SPIA                  00007040   00000010  00000010  00000000  RWIX
  SCIA                  00007050   00000010  00000010  00000000  RWIX
  NMIINTRUPT            00007060   00000010  00000010  00000000  RWIX
  XINTRUPT              00007070   00000010  00000010  00000000  RWIX
  ADC                   00007100   00000080  00000050  00000030  RWIX
  SPIB                  00007740   00000010  00000010  00000000  RWIX
  SCIB                  00007750   00000010  00000010  00000000  RWIX
  I2CA                  00007900   00000040  00000022  0000001e  RWIX
  DRAM                  0000e000   00006000  0000031d  00005ce3  RWIX
  PARTID                003d7e80   00000001  00000001  00000000  RWIX
  CSM_PWL               003f7ff8   00000008  00000008  00000000  RWIX


SECTION ALLOCATION MAP

 output                                  attributes/
section   page    origin      length       input sections
--------  ----  ----------  ----------   ----------------
DevEmuRegsFile 
*          1    00000880    00000004     UNINITIALIZED
                  00000880    00000004     F2806x_GlobalVariableDefs.obj (DevEmuRegsFile)

SysPwrCtrlRegsFile 
*          1    00000985    00000003     UNINITIALIZED
                  00000985    00000003     F2806x_GlobalVariableDefs.obj (SysPwrCtrlRegsFile)

FlashRegsFile 
*          1    00000a80    00000008     UNINITIALIZED
                  00000a80    00000008     F2806x_GlobalVariableDefs.obj (FlashRegsFile)

CsmRegsFile 
*          1    00000ae0    00000010     UNINITIALIZED
                  00000ae0    00000010     F2806x_GlobalVariableDefs.obj (CsmRegsFile)

AdcResultFile 
*          1    00000b00    00000010     UNINITIALIZED
                  00000b00    00000010     F2806x_GlobalVariableDefs.obj (AdcResultFile)

CpuTimer0RegsFile 
*          1    00000c00    00000008     UNINITIALIZED
                  00000c00    00000008     F2806x_GlobalVariableDefs.obj (CpuTimer0RegsFile)

CpuTimer1RegsFile 
*          1    00000c08    00000008     UNINITIALIZED
                  00000c08    00000008     F2806x_GlobalVariableDefs.obj (CpuTimer1RegsFile)

CpuTimer2RegsFile 
*          1    00000c10    00000008     UNINITIALIZED
                  00000c10    00000008     F2806x_GlobalVariableDefs.obj (CpuTimer2RegsFile)

PieCtrlRegsFile 
*          1    00000ce0    0000001a     UNINITIALIZED
                  00000ce0    0000001a     F2806x_GlobalVariableDefs.obj (PieCtrlRegsFile)

PieVectTableFile 
*          1    00000d00    00000100     UNINITIALIZED
                  00000d00    00000100     F2806x_GlobalVariableDefs.obj (PieVectTableFile)

EmuKeyVar 
*          1    00000d00    00000001     UNINITIALIZED
                  00000d00    00000001     F2806x_GlobalVariableDefs.obj (EmuKeyVar)

EmuBModeVar 
*          1    00000d01    00000001     UNINITIALIZED
                  00000d01    00000001     F2806x_GlobalVariableDefs.obj (EmuBModeVar)

FlashCallbackVar 
*          1    00000d02    00000002     UNINITIALIZED
                  00000d02    00000002     F2806x_GlobalVariableDefs.obj (FlashCallbackVar)

FlashScalingVar 
*          1    00000d04    00000002     UNINITIALIZED
                  00000d04    00000002     F2806x_GlobalVariableDefs.obj (FlashScalingVar)

DmaRegsFile 
*          1    00001000    000000e0     UNINITIALIZED
                  00001000    000000e0     F2806x_GlobalVariableDefs.obj (DmaRegsFile)

Cla1RegsFile 
*          1    00001400    00000040     UNINITIALIZED
                  00001400    00000040     F2806x_GlobalVariableDefs.obj (Cla1RegsFile)

Usb0RegsFile 
*          1    00004000    00000454     UNINITIALIZED
                  00004000    00000454     F2806x_GlobalVariableDefs.obj (Usb0RegsFile)

McbspaRegsFile 
*          1    00005000    00000024     UNINITIALIZED
                  00005000    00000024     F2806x_GlobalVariableDefs.obj (McbspaRegsFile)

ECanaRegsFile 
*          1    00006000    00000034     UNINITIALIZED
                  00006000    00000034     F2806x_GlobalVariableDefs.obj (ECanaRegsFile)

ECanaLAMRegsFile 
*          1    00006040    00000040     UNINITIALIZED
                  00006040    00000040     F2806x_GlobalVariableDefs.obj (ECanaLAMRegsFile)

ECanaMOTSRegsFile 
*          1    00006080    00000040     UNINITIALIZED
                  00006080    00000040     F2806x_GlobalVariableDefs.obj (ECanaMOTSRegsFile)

ECanaMOTORegsFile 
*          1    000060c0    00000040     UNINITIALIZED
                  000060c0    00000040     F2806x_GlobalVariableDefs.obj (ECanaMOTORegsFile)

ECanaMboxesFile 
*          1    00006100    00000100     UNINITIALIZED
                  00006100    00000100     F2806x_GlobalVariableDefs.obj (ECanaMboxesFile)

Comp1RegsFile 
*          1    00006400    00000014     UNINITIALIZED
                  00006400    00000014     F2806x_GlobalVariableDefs.obj (Comp1RegsFile)

Comp2RegsFile 
*          1    00006420    00000014     UNINITIALIZED
                  00006420    00000014     F2806x_GlobalVariableDefs.obj (Comp2RegsFile)

Comp3RegsFile 
*          1    00006440    00000014     UNINITIALIZED
                  00006440    00000014     F2806x_GlobalVariableDefs.obj (Comp3RegsFile)

EPwm1RegsFile 
*          1    00006800    00000040     UNINITIALIZED
                  00006800    00000040     F2806x_GlobalVariableDefs.obj (EPwm1RegsFile)

EPwm2RegsFile 
*          1    00006840    00000040     UNINITIALIZED
                  00006840    00000040     F2806x_GlobalVariableDefs.obj (EPwm2RegsFile)

EPwm3RegsFile 
*          1    00006880    00000040     UNINITIALIZED
                  00006880    00000040     F2806x_GlobalVariableDefs.obj (EPwm3RegsFile)

EPwm4RegsFile 
*          1    000068c0    00000040     UNINITIALIZED
                  000068c0    00000040     F2806x_GlobalVariableDefs.obj (EPwm4RegsFile)

EPwm5RegsFile 
*          1    00006900    00000040     UNINITIALIZED
                  00006900    00000040     F2806x_GlobalVariableDefs.obj (EPwm5RegsFile)

EPwm6RegsFile 
*          1    00006940    00000040     UNINITIALIZED
                  00006940    00000040     F2806x_GlobalVariableDefs.obj (EPwm6RegsFile)

EPwm7RegsFile 
*          1    00006980    00000040     UNINITIALIZED
                  00006980    00000040     F2806x_GlobalVariableDefs.obj (EPwm7RegsFile)

EPwm8RegsFile 
*          1    000069c0    00000040     UNINITIALIZED
                  000069c0    00000040     F2806x_GlobalVariableDefs.obj (EPwm8RegsFile)

ECap1RegsFile 
*          1    00006a00    00000020     UNINITIALIZED
                  00006a00    00000020     F2806x_GlobalVariableDefs.obj (ECap1RegsFile)

ECap2RegsFile 
*          1    00006a20    00000020     UNINITIALIZED
                  00006a20    00000020     F2806x_GlobalVariableDefs.obj (ECap2RegsFile)

ECap3RegsFile 
*          1    00006a40    00000020     UNINITIALIZED
                  00006a40    00000020     F2806x_GlobalVariableDefs.obj (ECap3RegsFile)

HRCap1RegsFile 
*          1    00006ac0    00000020     UNINITIALIZED
                  00006ac0    00000020     F2806x_GlobalVariableDefs.obj (HRCap1RegsFile)

HRCap2RegsFile 
*          1    00006ae0    00000020     UNINITIALIZED
                  00006ae0    00000020     F2806x_GlobalVariableDefs.obj (HRCap2RegsFile)

EQep1RegsFile 
*          1    00006b00    00000022     UNINITIALIZED
                  00006b00    00000022     F2806x_GlobalVariableDefs.obj (EQep1RegsFile)

EQep2RegsFile 
*          1    00006b40    00000022     UNINITIALIZED
                  00006b40    00000022     F2806x_GlobalVariableDefs.obj (EQep2RegsFile)

HRCap3RegsFile 
*          1    00006c80    00000020     UNINITIALIZED
                  00006c80    00000020     F2806x_GlobalVariableDefs.obj (HRCap3RegsFile)

HRCap4RegsFile 
*          1    00006ca0    00000020     UNINITIALIZED
                  00006ca0    00000020     F2806x_GlobalVariableDefs.obj (HRCap4RegsFile)

GpioCtrlRegsFile 
*          1    00006f80    00000040     UNINITIALIZED
                  00006f80    00000040     F2806x_GlobalVariableDefs.obj (GpioCtrlRegsFile)

GpioDataRegsFile 
*          1    00006fc0    00000020     UNINITIALIZED
                  00006fc0    00000020     F2806x_GlobalVariableDefs.obj (GpioDataRegsFile)

GpioIntRegsFile 
*          1    00006fe0    00000020     UNINITIALIZED
                  00006fe0    00000020     F2806x_GlobalVariableDefs.obj (GpioIntRegsFile)

SysCtrlRegsFile 
*          1    00007010    00000030     UNINITIALIZED
                  00007010    00000030     F2806x_GlobalVariableDefs.obj (SysCtrlRegsFile)

SpiaRegsFile 
*          1    00007040    00000010     UNINITIALIZED
                  00007040    00000010     F2806x_GlobalVariableDefs.obj (SpiaRegsFile)

SciaRegsFile 
*          1    00007050    00000010     UNINITIALIZED
                  00007050    00000010     F2806x_GlobalVariableDefs.obj (SciaRegsFile)

NmiIntruptRegsFile 
*          1    00007060    00000010     UNINITIALIZED
                  00007060    00000010     F2806x_GlobalVariableDefs.obj (NmiIntruptRegsFile)

XIntruptRegsFile 
*          1    00007070    00000010     UNINITIALIZED
                  00007070    00000010     F2806x_GlobalVariableDefs.obj (XIntruptRegsFile)

AdcRegsFile 
*          1    00007100    00000050     UNINITIALIZED
                  00007100    00000050     F2806x_GlobalVariableDefs.obj (AdcRegsFile)

SpibRegsFile 
*          1    00007740    00000010     UNINITIALIZED
                  00007740    00000010     F2806x_GlobalVariableDefs.obj (SpibRegsFile)

ScibRegsFile 
*          1    00007750    00000010     UNINITIALIZED
                  00007750    00000010     F2806x_GlobalVariableDefs.obj (ScibRegsFile)

I2caRegsFile 
*          1    00007900    00000022     UNINITIALIZED
                  00007900    00000022     F2806x_GlobalVariableDefs.obj (I2caRegsFile)

PartIdRegsFile 
*          1    003d7e80    00000001     UNINITIALIZED
                  003d7e80    00000001     F2806x_GlobalVariableDefs.obj (PartIdRegsFile)

CsmPwlFile 
*          1    003f7ff8    00000008     UNINITIALIZED
                  003f7ff8    00000008     F2806x_GlobalVariableDefs.obj (CsmPwlFile)

.text      0    003d808b    00003345     
                  003d808b    00000c27     xcp_daq.obj (.text)
                  003d8cb2    00000477     xcp_mem_default.obj (.text)
                  003d9129    000003bd     xcp.obj (.text)
                  003d94e6    0000039b     F2806x_DefaultIsr.obj (.text:retain)
                  003d9881    000002ea     xcp_transport.obj (.text)
                  003d9b6b    00000237     F2806x_Adc.obj (.text)
                  003d9da2    0000022a     xcp_standard.obj (.text)
                  003d9fcc    00000212     xcp_frame_serial.obj (.text)
                  003da1de    000001ae     xcp_ext_classic_trigger.obj (.text)
                  003da38c    00000195     xcp_ext_common.obj (.text)
                  003da521    0000018a     F2806x_SysCtrl.obj (.text)
                  003da6ab    0000016f     xcp_ext_mode.obj (.text)
                  003da81a    00000166     xcp_drv_rtiostream.obj (.text)
                  003da980    00000146     rtiostream_serial_c28x.obj (.text)
                  003daac6    00000145     MW_c28xGPIO.obj (.text)
                  003dac0b    000000d4     xcp_calibration.obj (.text)
                  003dacdf    000000c7     ert_main.obj (.text)
                  003dada6    000000b9     datamodify_xcp.obj (.text)
                  003dae5f    00000076     F2806x_CpuTimers.obj (.text)
                  003daed5    0000006f     ccs_c_caller_model.obj (.text)
                  003daf44    0000005f     xcp_fifo.obj (.text)
                  003dafa3    0000005a     xcp_utils.obj (.text)
                  003daffd    00000056     rts2800_fpu32.lib : boot28.asm.obj (.text)
                  003db053    0000004f     rts2800_fpu32_fast_supplement.lib : atan2_f32.obj (.text)
                  003db0a2    0000004e     c2806xSchedulerTimer0.obj (.text)
                  003db0f0    0000004a     rts2800_fpu32_fast_supplement.lib : atan_f32.obj (.text)
                  003db13a    00000044     c2806xSchedulerTimer0.obj (.text:retain)
                  003db17e    00000042     MW_c28xx_board.obj (.text)
                  003db1c0    00000034     c2806xBoard_Realtime_Support.obj (.text)
                  003db1f4    00000034     rts2800_fpu32_fast_supplement.lib : cos_f32.obj (.text)
                  003db228    00000034                                       : sin_f32.obj (.text)
                  003db25c    0000002b     MW_c28xx_adc.obj (.text)
                  003db287    00000029     rts2800_fpu32.lib : exit.c.obj (.text)
                  003db2b0    00000028     F2806x_PieCtrl.obj (.text)
                  003db2d8    00000026     F2806x_PieVect.obj (.text)
                  003db2fe    00000024     rts2800_fpu32.lib : cpy_tbl.c.obj (.text)
                  003db322    00000021     rts2800_fpu32_fast_supplement.lib : sqrt_f32.obj (.text)
                  003db343    0000001f     xcp_ext_param_default_serial.obj (.text)
                  003db362    0000001d     rts2800_fpu32.lib : memcpy.c.obj (.text)
                  003db37f    00000012     MW_c28xGlobalInterrupts.obj (.text)
                  003db391    00000012     rts2800_fpu32.lib : args_main.c.obj (.text)
                  003db3a3    0000000b                       : u_div28.asm.obj (.text)
                  003db3ae    00000009                       : _lock.c.obj (.text)
                  003db3b7    00000008     F2806x_CodeStartBranch.obj (.text)
                  003db3bf    00000007     rts2800_fpu32.lib : memset.c.obj (.text)
                  003db3c6    00000005     custom_gpio.obj (.text)
                  003db3cb    00000002     blapp_support.obj (.text)
                  003db3cd    00000002     rts2800_fpu32.lib : pre_init.c.obj (.text)
                  003db3cf    00000001                       : startup.c.obj (.text)

.switch    0    003db6ba    00000020     
                  003db6ba    00000020     xcp.obj (.switch:_genericOutputPacketHandler)

.bss       1    0000e000    00000000     UNINITIALIZED

.ebss      1    0000e000    0000031d     UNINITIALIZED
                  0000e000    00000146     xcp_mem_default.obj (.ebss:_xcpMemReservedPoolsChunk)
                  0000e146    00000026     ccs_c_caller_model.obj (.ebss)
                  0000e16c    00000008     xcp.obj (.ebss:_groupPacketLookup)
                  0000e174    00000008     xcp_transport.obj (.ebss:_txFifo)
                  0000e17c    00000004     xcp_transport.obj (.ebss:_rxFifo)
                  0000e180    00000067     xcp_mem_default.obj (.ebss:_xcpMemMainChunk)
                  0000e1e7    00000001     MW_c28xGPIO.obj (.ebss)
                  0000e1e8    00000018     F2806x_CpuTimers.obj (.ebss)
                  0000e200    00000042     datamodify_xcp.obj (.ebss)
                  0000e242    0000003c     xcp_mem_default.obj (.ebss:_xcpMemPoolDescriptors)
                  0000e27e    00000002     rts2800_fpu32.lib : _lock.c.obj (.ebss:__lock)
                  0000e280    00000022     xcp_ext_common.obj (.ebss)
                  0000e2a2    0000001c     xcp_ext_classic_trigger.obj (.ebss)
                  0000e2be    00000002     rts2800_fpu32.lib : _lock.c.obj (.ebss:__unlock)
                  0000e2c0    00000018     xcp_daq.obj (.ebss)
                  0000e2d8    00000008     xcp_standard.obj (.ebss)
                  0000e2e0    00000006     xcp_mem_default.obj (.ebss:_xcpMemMainBlockSizes)
                  0000e2e6    00000006     xcp_mem_default.obj (.ebss:_xcpMemMainBlocksNumber)
                  0000e2ec    00000006     rts2800_fpu32.lib : exit.c.obj (.ebss)
                  0000e2f2    00000005     xcp.obj (.ebss)
                  0000e2f7    00000005     xcp_frame_serial.obj (.ebss)
                  0000e2fc    00000004     xcp_ext_common.obj (.ebss:_xcpCurrentSimulationTimeInTicks)
                  0000e300    00000004     xcp_ext_mode.obj (.ebss:_xcpCustomTriggerFunction)
                  0000e304    00000004     xcp_mem_default.obj (.ebss:_xcpMemCustomPoolDescriptors)
                  0000e308    00000004     ert_main.obj (.ebss)
                  0000e30c    00000004     xcp_mem_default.obj (.ebss)
                  0000e310    00000004     xcp_transport.obj (.ebss)
                  0000e314    00000002     ccs_c_caller_model.obj (.ebss:_systemRan$3)
                  0000e316    00000002     rtiostream_serial_c28x.obj (.ebss)
                  0000e318    00000002     xcp_calibration.obj (.ebss)
                  0000e31a    00000002     xcp_drv_rtiostream.obj (.ebss)
                  0000e31c    00000001     MW_c28xGlobalInterrupts.obj (.ebss)

.cinit     0    003db558    00000162     
                  003db558    0000005b     xcp_ext_classic_trigger.obj (.cinit)
                  003db5b3    00000053     xcp_ext_common.obj (.cinit)
                  003db606    0000001e     xcp_daq.obj (.cinit)
                  003db624    00000014     xcp.obj (.cinit)
                  003db638    00000014     xcp_frame_serial.obj (.cinit)
                  003db64c    0000000f     xcp_standard.obj (.cinit)
                  003db65b    0000000e     rts2800_fpu32.lib : exit.c.obj (.cinit)
                  003db669    00000009     xcp_mem_default.obj (.cinit:_xcpMemMainBlockSizes)
                  003db672    00000009     xcp_mem_default.obj (.cinit:_xcpMemMainBlocksNumber)
                  003db67b    00000008     ert_main.obj (.cinit)
                  003db683    00000008     xcp_drv_rtiostream.obj (.cinit)
                  003db68b    00000008     xcp_transport.obj (.cinit)
                  003db693    00000005     rts2800_fpu32.lib : _lock.c.obj (.cinit:__lock)
                  003db698    00000005                       : _lock.c.obj (.cinit:__unlock)
                  003db69d    00000005     xcp_ext_common.obj (.cinit:_xcpCurrentSimulationTimeInTicks)
                  003db6a2    00000005     rtiostream_serial_c28x.obj (.cinit)
                  003db6a7    00000005     xcp_calibration.obj (.cinit)
                  003db6ac    00000004     MW_c28xGPIO.obj (.cinit)
                  003db6b0    00000004     MW_c28xGlobalInterrupts.obj (.cinit)
                  003db6b4    00000004     ccs_c_caller_model.obj (.cinit)
                  003db6b8    00000002     --HOLE-- [fill = 0]

.pinit     0    003d8000    00000000     UNINITIALIZED

.econst    0    003db3d0    00000188     
                  003db3d0    00000100     F2806x_PieVect.obj (.econst:_PieVectTableInit)
                  003db4d0    0000004e     xcp_daq.obj (.econst:_daqSupportedRxPacket)
                  003db51e    0000002a     xcp_standard.obj (.econst:_standardSupportedRxPacket)
                  003db548    0000000c     xcp_calibration.obj (.econst:_calibrationSupportedRxPacket)
                  003db554    00000004     ccs_c_caller_model.obj (.econst)

.reset     0    003fffc0    00000002     DSECT
                  003fffc0    00000002     rts2800_fpu32.lib : boot28.asm.obj (.reset)

.data      1    0000e000    00000000     UNINITIALIZED

.stack     1    00000002    00000400     UNINITIALIZED
                  00000002    00000400     --HOLE--

codestart 
*          0    003f7ff6    00000002     
                  003f7ff6    00000002     F2806x_CodeStartBranch.obj (codestart)

ramfuncs   0    003d8000    0000008b     RUN ADDR = 00008000
                  003d8000    00000043     rtiostream_serial_c28x.obj (ramfuncs:retain)
                  003d8043    00000029     datamodify_xcp.obj (ramfuncs)
                  003d806c    0000001b     F2806x_SysCtrl.obj (ramfuncs)
                  003d8087    00000004     F2806x_usDelay.obj (ramfuncs)

FPUmathTables 
*          0    003fd590    000006a0     NOLOAD SECTION
                  003fd590    000006a0     rts2800_fpu32_fast_supplement.lib : FPUmathTables.obj (FPUmathTables)

MODULE SUMMARY

       Module                             code    initialized data   uninitialized data
       ------                             ----    ----------------   ------------------
    <current directory>
       F2806x_GlobalVariableDefs.obj      0       0                  3550              
       xcp_daq.obj                        3111    108                24                
       xcp_mem_default.obj                1143    18                 509               
       xcp.obj                            957     52                 13                
       F2806x_DefaultIsr.obj              923     0                  0                 
       xcp_transport.obj                  746     8                  16                
       xcp_standard.obj                   554     57                 8                 
       F2806x_Adc.obj                     567     0                  0                 
       xcp_frame_serial.obj               530     20                 5                 
       xcp_ext_classic_trigger.obj        430     91                 28                
       xcp_ext_common.obj                 405     88                 38                
       rtiostream_serial_c28x.obj         460     5                  2                 
       F2806x_SysCtrl.obj                 448     0                  0                 
       xcp_ext_mode.obj                   367     0                  4                 
       xcp_drv_rtiostream.obj             358     8                  2                 
       datamodify_xcp.obj                 267     0                  66                
       MW_c28xGPIO.obj                    325     4                  1                 
       F2806x_PieVect.obj                 38      256                0                 
       xcp_calibration.obj                212     17                 2                 
       ert_main.obj                       199     8                  4                 
       ccs_c_caller_model.obj             111     8                  40                
       c2806xSchedulerTimer0.obj          146     0                  0                 
       F2806x_CpuTimers.obj               118     0                  24                
       xcp_fifo.obj                       95      0                  0                 
       xcp_utils.obj                      90      0                  0                 
       MW_c28xx_board.obj                 66      0                  0                 
       c2806xBoard_Realtime_Support.obj   52      0                  0                 
       MW_c28xx_adc.obj                   43      0                  0                 
       F2806x_PieCtrl.obj                 40      0                  0                 
       xcp_ext_param_default_serial.obj   31      0                  0                 
       MW_c28xGlobalInterrupts.obj        18      4                  1                 
       F2806x_CodeStartBranch.obj         10      0                  0                 
       F2806x_usDelay.obj                 8       0                  0                 
       custom_gpio.obj                    5       0                  0                 
       blapp_support.obj                  2       0                  0                 
    +--+----------------------------------+-------+------------------+--------------------+
       Total:                             12875   752                4337              
                                                                                       
    C:/ProgramData/MATLAB/tic2000/3P.instrset/tic28xcodegentools.instrset/ti-cgt-c2000_22.6.0.LTS/lib/rts2800_fpu32.lib
       boot28.asm.obj                     86      0                  0                 
       exit.c.obj                         41      14                 6                 
       cpy_tbl.c.obj                      36      0                  0                 
       memcpy.c.obj                       29      0                  0                 
       _lock.c.obj                        9       10                 4                 
       args_main.c.obj                    18      0                  0                 
       u_div28.asm.obj                    11      0                  0                 
       memset.c.obj                       7       0                  0                 
       pre_init.c.obj                     2       0                  0                 
       startup.c.obj                      1       0                  0                 
    +--+----------------------------------+-------+------------------+--------------------+
       Total:                             240     24                 10                
                                                                                       
    C:/ti/controlSUITE/libs/math/FPUfastRTS/V100/lib/rts2800_fpu32_fast_supplement.lib
       FPUmathTables.obj                  0       1696               0                 
       atan2_f32.obj                      79      0                  0                 
       atan_f32.obj                       74      0                  0                 
       cos_f32.obj                        52      0                  0                 
       sin_f32.obj                        52      0                  0                 
       sqrt_f32.obj                       33      0                  0                 
    +--+----------------------------------+-------+------------------+--------------------+
       Total:                             290     1696               0                 
                                                                                       
       Stack:                             0       0                  1024              
    +--+----------------------------------+-------+------------------+--------------------+
       Grand Total:                       13405   2472               5371              


GLOBAL DATA SYMBOLS: SORTED BY DATA PAGE

address     data page           name
--------    ----------------    ----
00000002       0 (00000000)     __stack

00000880      22 (00000880)     _DevEmuRegs

00000985      26 (00000980)     _SysPwrCtrlRegs

00000a80      2a (00000a80)     _FlashRegs

00000ae0      2b (00000ac0)     _CsmRegs

00000b00      2c (00000b00)     _AdcResult

00000c00      30 (00000c00)     _CpuTimer0Regs
00000c08      30 (00000c00)     _CpuTimer1Regs
00000c10      30 (00000c00)     _CpuTimer2Regs

00000ce0      33 (00000cc0)     _PieCtrlRegs

00000d00      34 (00000d00)     _EmuKey
00000d00      34 (00000d00)     _PieVectTable
00000d01      34 (00000d00)     _EmuBMode
00000d02      34 (00000d00)     _Flash_CallbackPtr
00000d04      34 (00000d00)     _Flash_CPUScaleFactor

00001000      40 (00001000)     _DmaRegs

00001400      50 (00001400)     _Cla1Regs

00004000     100 (00004000)     _Usb0Regs

00005000     140 (00005000)     _McbspaRegs

00006000     180 (00006000)     _ECanaRegs

00006040     181 (00006040)     _ECanaLAMRegs

00006080     182 (00006080)     _ECanaMOTSRegs

000060c0     183 (000060c0)     _ECanaMOTORegs

00006100     184 (00006100)     _ECanaMboxes

00006400     190 (00006400)     _Comp1Regs
00006420     190 (00006400)     _Comp2Regs

00006440     191 (00006440)     _Comp3Regs

00006800     1a0 (00006800)     _EPwm1Regs

00006840     1a1 (00006840)     _EPwm2Regs

00006880     1a2 (00006880)     _EPwm3Regs

000068c0     1a3 (000068c0)     _EPwm4Regs

00006900     1a4 (00006900)     _EPwm5Regs

00006940     1a5 (00006940)     _EPwm6Regs

00006980     1a6 (00006980)     _EPwm7Regs

000069c0     1a7 (000069c0)     _EPwm8Regs

00006a00     1a8 (00006a00)     _ECap1Regs
00006a20     1a8 (00006a00)     _ECap2Regs

00006a40     1a9 (00006a40)     _ECap3Regs

00006ac0     1ab (00006ac0)     _HRCap1Regs
00006ae0     1ab (00006ac0)     _HRCap2Regs

00006b00     1ac (00006b00)     _EQep1Regs

00006b40     1ad (00006b40)     _EQep2Regs

00006c80     1b2 (00006c80)     _HRCap3Regs
00006ca0     1b2 (00006c80)     _HRCap4Regs

00006f80     1be (00006f80)     _GpioCtrlRegs

00006fc0     1bf (00006fc0)     _GpioDataRegs
00006fe0     1bf (00006fc0)     _GpioIntRegs

00007010     1c0 (00007000)     _SysCtrlRegs

00007040     1c1 (00007040)     _SpiaRegs
00007050     1c1 (00007040)     _SciaRegs
00007060     1c1 (00007040)     _NmiIntruptRegs
00007070     1c1 (00007040)     _XIntruptRegs

00007100     1c4 (00007100)     _AdcRegs

00007740     1dd (00007740)     _SpibRegs
00007750     1dd (00007740)     _ScibRegs

00007900     1e4 (00007900)     _I2caRegs

0000e146     385 (0000e140)     _MW_adcInitFlag
0000e148     385 (0000e140)     _ccs_c_caller_model_DW
0000e14a     385 (0000e140)     _ccs_c_caller_model_B

0000e1e7     387 (0000e1c0)     _GPIO_oneTimeInit
0000e1e8     387 (0000e1c0)     _CpuTimer0
0000e1f0     387 (0000e1c0)     _CpuTimer1
0000e1f8     387 (0000e1c0)     _CpuTimer2

0000e200     388 (0000e200)     _queRx

0000e27e     389 (0000e240)     __lock

0000e280     38a (0000e280)     _xcpModelStartRequest
0000e281     38a (0000e280)     _xcpModelStopRequest
0000e282     38a (0000e280)     _xcpModelStatus
0000e283     38a (0000e280)     _xcpExtmodeSimulationComplete
0000e286     38a (0000e280)     _xcpModelChecksum0
0000e288     38a (0000e280)     _xcpModelChecksum1
0000e28a     38a (0000e280)     _xcpModelChecksum2
0000e28c     38a (0000e280)     _xcpModelChecksum3
0000e28e     38a (0000e280)     _xcpModelIntegerCode
0000e290     38a (0000e280)     _xcpExtmodeFinalSimulationTime
0000e292     38a (0000e280)     _xcpDummyDoubleVariable
0000e29e     38a (0000e280)     _xcpDummyUint64Variable
0000e2a2     38a (0000e280)     _xcpClassicTriggerEventId
0000e2a3     38a (0000e280)     _xcpClassicTriggerSignalAddressExtension
0000e2a4     38a (0000e280)     _xcpClassicTriggerDirection
0000e2a5     38a (0000e280)     _xcpClassicTriggerArmRequest
0000e2a6     38a (0000e280)     _xcpClassicTriggerCancelRequest
0000e2a7     38a (0000e280)     _xcpClassicTriggerSource
0000e2a8     38a (0000e280)     _xcpClassicTriggerMode
0000e2a9     38a (0000e280)     _xcpClassicTriggerStatus
0000e2b0     38a (0000e280)     _xcpClassicTriggerSignalAddress
0000e2b2     38a (0000e280)     _xcpClassicTriggerLevel
0000e2b4     38a (0000e280)     _xcpClassicTriggerDuration
0000e2b6     38a (0000e280)     _xcpClassicTriggerHoldOff
0000e2b8     38a (0000e280)     _xcpClassicTriggerDelay
0000e2be     38a (0000e280)     __unlock

0000e2ec     38b (0000e2c0)     ___TI_enable_exit_profile_output
0000e2ee     38b (0000e2c0)     ___TI_cleanup_ptr
0000e2f0     38b (0000e2c0)     ___TI_dtors_ptr
0000e2fc     38b (0000e2c0)     _xcpCurrentSimulationTimeInTicks

0000e308     38c (0000e300)     _IsrOverrun
0000e30a     38c (0000e300)     _stopRequested
0000e30b     38c (0000e300)     _runModel
0000e316     38c (0000e300)     _MW_SCI_PTR
0000e31c     38c (0000e300)     _MW_InterruptDisableLock

003d7e80    f5fa (003d7e80)     _PartIdRegs

003db3d0    f6cf (003db3c0)     _PieVectTableInit

003db556    f6d5 (003db540)     _ccs_c_caller_model_M

003f7ff8    fdff (003f7fc0)     _CsmPwl

003fd590    ff56 (003fd580)     _FPUsinTable

003fd690    ff5a (003fd680)     _FPUcosTable

003fd990    ff66 (003fd980)     _FPUsinTableEnd

003fda92    ff6a (003fda80)     _FPUatan2HalfPITable
003fda92    ff6a (003fda80)     _FPUcosTableEnd
003fda96    ff6a (003fda80)     _FPUatan2Table

003fdc1c    ff70 (003fdc00)     _FPUatan2TableEnd


GLOBAL SYMBOLS: SORTED ALPHABETICALLY BY Name 

page  address   name                                            
----  -------   ----                                            
1     0000e000  .bss                                            
1     0000e000  .data                                           
0     003d808b  .text                                           
0     003db287  C$$EXIT                                         
0     003db3a3  U$$DIV                                          
0     003db3a8  U$$MOD                                          
0     003d95a4  _ADCINT1_ISR                                    
0     003d95ae  _ADCINT2_ISR                                    
0     003d97b6  _ADCINT3_ISR                                    
0     003d97c0  _ADCINT4_ISR                                    
0     003d97ca  _ADCINT5_ISR                                    
0     003d97d4  _ADCINT6_ISR                                    
0     003d97de  _ADCINT7_ISR                                    
0     003d97e8  _ADCINT8_ISR                                    
0     003d95cc  _ADCINT9_ISR                                    
0     003d9bdd  _AdcChanSelect                                  
0     003d9c52  _AdcConversion                                  
0     003d9bb6  _AdcOffsetSelfCal                               
1     00007100  _AdcRegs                                        
1     00000b00  _AdcResult                                      
0     003dadef  _BytePacker16bits                               
0     003dadc9  _BytePacker32bits                               
0     003dada6  _BytePackerInplace32bits                        
0     003d97f2  _CLA1_INT1_ISR                                  
0     003d97fc  _CLA1_INT2_ISR                                  
0     003d9806  _CLA1_INT3_ISR                                  
0     003d9810  _CLA1_INT4_ISR                                  
0     003d981a  _CLA1_INT5_ISR                                  
0     003d9824  _CLA1_INT6_ISR                                  
0     003d982e  _CLA1_INT7_ISR                                  
0     003d9838  _CLA1_INT8_ISR                                  
1     00001400  _Cla1Regs                                       
1     00006400  _Comp1Regs                                      
1     00006420  _Comp2Regs                                      
1     00006440  _Comp3Regs                                      
0     003dae9a  _ConfigCpuTimer                                 
1     0000e1e8  _CpuTimer0                                      
1     00000c00  _CpuTimer0Regs                                  
1     0000e1f0  _CpuTimer1                                      
1     00000c08  _CpuTimer1Regs                                  
1     0000e1f8  _CpuTimer2                                      
1     00000c10  _CpuTimer2Regs                                  
1     003f7ff8  _CsmPwl                                         
1     00000ae0  _CsmRegs                                        
0     003da625  _CsmUnlock                                      
0     003db3c6  _Custom_GPIO_Toggle                             
0     003d94fa  _DATALOG_ISR                                    
0     003d972a  _DINTCH1_ISR                                    
0     003d9734  _DINTCH2_ISR                                    
0     003d973e  _DINTCH3_ISR                                    
0     003d9748  _DINTCH4_ISR                                    
0     003d9752  _DINTCH5_ISR                                    
0     003d975c  _DINTCH6_ISR                                    
0     00008087  _DSP28x_usDelay                                 
1     00000880  _DevEmuRegs                                     
0     003da545  _DisableDog                                     
1     00001000  _DmaRegs                                        
0     003d97a2  _ECAN0INTA_ISR                                  
0     003d97ac  _ECAN1INTA_ISR                                  
0     003d968a  _ECAP1_INT_ISR                                  
0     003d9694  _ECAP2_INT_ISR                                  
0     003d969e  _ECAP3_INT_ISR                                  
1     00006040  _ECanaLAMRegs                                   
1     000060c0  _ECanaMOTORegs                                  
1     00006080  _ECanaMOTSRegs                                  
1     00006100  _ECanaMboxes                                    
1     00006000  _ECanaRegs                                      
1     00006a00  _ECap1Regs                                      
1     00006a20  _ECap2Regs                                      
1     00006a40  _ECap3Regs                                      
0     003d9860  _EMPTY_ISR                                      
0     003d950e  _EMUINT_ISR                                     
0     003d963a  _EPWM1_INT_ISR                                  
0     003d95ea  _EPWM1_TZINT_ISR                                
0     003d9644  _EPWM2_INT_ISR                                  
0     003d95f4  _EPWM2_TZINT_ISR                                
0     003d964e  _EPWM3_INT_ISR                                  
0     003d95fe  _EPWM3_TZINT_ISR                                
0     003d9658  _EPWM4_INT_ISR                                  
0     003d9608  _EPWM4_TZINT_ISR                                
0     003d9662  _EPWM5_INT_ISR                                  
0     003d9612  _EPWM5_TZINT_ISR                                
0     003d966c  _EPWM6_INT_ISR                                  
0     003d961c  _EPWM6_TZINT_ISR                                
0     003d9676  _EPWM7_INT_ISR                                  
0     003d9626  _EPWM7_TZINT_ISR                                
0     003d9680  _EPWM8_INT_ISR                                  
0     003d9630  _EPWM8_TZINT_ISR                                
1     00006800  _EPwm1Regs                                      
1     00006840  _EPwm2Regs                                      
1     00006880  _EPwm3Regs                                      
1     000068c0  _EPwm4Regs                                      
1     00006900  _EPwm5Regs                                      
1     00006940  _EPwm6Regs                                      
1     00006980  _EPwm7Regs                                      
1     000069c0  _EPwm8Regs                                      
0     003d96bc  _EQEP1_INT_ISR                                  
0     003d96c6  _EQEP2_INT_ISR                                  
1     00006b00  _EQep1Regs                                      
1     00006b40  _EQep2Regs                                      
1     00000d01  _EmuBMode                                       
1     00000d00  _EmuKey                                         
0     003db2cf  _EnableInterrupts                               
0     003da695  _ExtOscSel                                      
0     003fda92  _FPUatan2HalfPITable                            
0     003fda96  _FPUatan2Table                                  
0     003fdc1c  _FPUatan2TableEnd                               
0     003fd690  _FPUcosTable                                    
0     003fda92  _FPUcosTableEnd                                 
0     003fd590  _FPUsinTable                                    
0     003fd990  _FPUsinTableEnd                                 
1     00000a80  _FlashRegs                                      
1     00000d04  _Flash_CPUScaleFactor                           
1     00000d02  _Flash_CallbackPtr                              
0     003dabb1  _GPIO_ReadPin                                   
0     003daafe  _GPIO_SetupPinMux                               
0     003dab3c  _GPIO_SetupPinOptions                           
0     003dabe6  _GPIO_TogglePin                                 
0     003dabc8  _GPIO_WritePin                                  
1     0000e1e7  _GPIO_oneTimeInit                               
1     00006f80  _GpioCtrlRegs                                   
1     00006fc0  _GpioDataRegs                                   
1     00006fe0  _GpioIntRegs                                    
0     003d96a8  _HRCAP1_INT_ISR                                 
0     003d96b2  _HRCAP2_INT_ISR                                 
0     003d96d0  _HRCAP3_INT_ISR                                 
0     003d96da  _HRCAP4_INT_ISR                                 
1     00006ac0  _HRCap1Regs                                     
1     00006ae0  _HRCap2Regs                                     
1     00006c80  _HRCap3Regs                                     
1     00006ca0  _HRCap4Regs                                     
0     003d9766  _I2CINT1A_ISR                                   
0     003d9770  _I2CINT2A_ISR                                   
1     00007900  _I2caRegs                                       
0     003d9522  _ILLEGAL_ISR                                    
0     003d94e6  _INT13_ISR                                      
0     003d94f0  _INT14_ISR                                      
0     003d9b6b  _InitAdc                                        
0     003d9b94  _InitAdcAio                                     
0     003dae5f  _InitCpuTimers                                  
0     0000806c  _InitFlash                                      
0     003daad1  _InitGpio                                       
0     003da5cf  _InitPeripheralClocks                           
0     003db2b0  _InitPieCtrl                                    
0     003db2d8  _InitPieVectTable                               
0     003da54d  _InitPll                                        
0     003da5a1  _InitPll2                                       
0     003da521  _InitSysCtrl                                    
0     003da656  _IntOsc1Sel                                     
0     003da666  _IntOsc2Sel                                     
1     0000e308  _IsrOverrun                                     
0     003d9856  _LUF_ISR                                        
0     003d984c  _LVF_ISR                                        
0     003d9716  _MRINTA_ISR                                     
1     0000e31c  _MW_InterruptDisableLock                        
1     0000e316  _MW_SCI_PTR                                     
1     0000e146  _MW_adcInitFlag                                 
0     003d9720  _MXINTA_ISR                                     
1     00005000  _McbspaRegs                                     
0     003d9518  _NMI_ISR                                        
1     00007060  _NmiIntruptRegs                                 
0     003daac6  _OneTimeGpioInit                                
0     003d986d  _PIE_RESERVED                                   
1     003d7e80  _PartIdRegs                                     
1     00000ce0  _PieCtrlRegs                                    
1     00000d00  _PieVectTable                                   
0     003db3d0  _PieVectTableInit                               
0     003d9504  _RTOSINT_ISR                                    
0     003d808b  _RamfuncsLoadEnd                                
0     003d8000  _RamfuncsLoadStart                              
0     00008000  _RamfuncsRunStart                               
0     003d977a  _SCIRXINTA_ISR                                  
0     003d978e  _SCIRXINTB_ISR                                  
0     00008000  _SCIRXINT_isr                                   
0     003d9784  _SCITXINTA_ISR                                  
0     003d9798  _SCITXINTB_ISR                                  
0     003d96ee  _SPIRXINTA_ISR                                  
0     003d9702  _SPIRXINTB_ISR                                  
0     003d96f8  _SPITXINTA_ISR                                  
0     003d970c  _SPITXINTB_ISR                                  
1     00007050  _SciaRegs                                       
1     00007750  _ScibRegs                                       
0     003da53b  _ServiceDog                                     
0     003dabfd  _Set_GPIOPin                                    
1     00007040  _SpiaRegs                                       
1     00007740  _SpibRegs                                       
1     00007010  _SysCtrlRegs                                    
1     00000985  _SysPwrCtrlRegs                                 
0     003d95d6  _TINT0_ISR                                      
0     003db13a  _TINT0_isr                                      
0     003d96e4  _USB0_INT_ISR                                   
0     003d9586  _USER10_ISR                                     
0     003d9590  _USER11_ISR                                     
0     003d959a  _USER12_ISR                                     
0     003d952c  _USER1_ISR                                      
0     003d9536  _USER2_ISR                                      
0     003d9540  _USER3_ISR                                      
0     003d954a  _USER4_ISR                                      
0     003d9554  _USER5_ISR                                      
0     003d955e  _USER6_ISR                                      
0     003d9568  _USER7_ISR                                      
0     003d9572  _USER8_ISR                                      
0     003d957c  _USER9_ISR                                      
1     00004000  _Usb0Regs                                       
0     003d95e0  _WAKEINT_ISR                                    
0     003d95b8  _XINT1_ISR                                      
0     003d95c2  _XINT2_ISR                                      
0     003d9842  _XINT3_ISR                                      
1     00007070  _XIntruptRegs                                   
0     003da67a  _XtalOscSel                                     
1     00000402  __STACK_END                                     
abs   00000400  __STACK_SIZE                                    
1     0000e2ee  ___TI_cleanup_ptr                               
1     0000e2f0  ___TI_dtors_ptr                                 
1     0000e2ec  ___TI_enable_exit_profile_output                
abs   ffffffff  ___TI_pprof_out_hndl                            
abs   ffffffff  ___TI_prof_data_size                            
abs   ffffffff  ___TI_prof_data_start                           
abs   ffffffff  ___binit__                                      
1     0000e000  ___bss__                                        
abs   ffffffff  ___c_args__                                     
0     003db558  ___cinit__                                      
1     0000e000  ___data__                                       
1     0000e000  ___edata__                                      
1     0000e000  ___end__                                        
0     003db3d0  ___etext__                                      
abs   ffffffff  ___pinit__                                      
0     003d808b  ___text__                                       
0     003db391  __args_main                                     
1     0000e27e  __lock                                          
0     003db3b6  __nop                                           
0     003db3b2  __register_lock                                 
0     003db3ae  __register_unlock                               
1     00000002  __stack                                         
0     003db3cf  __system_post_cinit                             
0     003db3cd  __system_pre_init                               
1     0000e2be  __unlock                                        
0     003db287  _abort                                          
0     003dae38  _addElement                                     
0     003db0f0  _atan                                           
0     003db053  _atan2                                          
0     003db1dc  _atan2f                                         
0     003db1d5  _atanf                                          
0     003db3cb  _bootloaderBackgroundTask                       
0     003db3cc  _bootloaderInit                                 
0     003db1e5  _c2000_flash_init                               
0     003daffd  _c_int00                                        
1     0000e14a  _ccs_c_caller_model_B                           
1     0000e148  _ccs_c_caller_model_DW                          
0     003db556  _ccs_c_caller_model_M                           
0     003daef1  _ccs_c_caller_model_initialize                  
0     003daed5  _ccs_c_caller_model_step                        
0     003daf43  _ccs_c_caller_model_terminate                   
0     003db25c  _config_ADC_SOC0                                
0     003db0a2  _configureTimer0                                
0     003db2fe  _copy_in                                        
0     003db1f4  _cos                                            
0     003db1c0  _cosf                                           
0     00008043  _deleteElement                                  
0     003db0cf  _disableTimer0Interrupt                         
0     003db0c7  _enableTimer0Interrupt                          
0     003da9d6  _enable_interrupts_sci                          
0     003db289  _exit                                           
0     003da7a6  _extmodeBackgroundRun                           
0     003da75f  _extmodeEvent                                   
0     003da7ec  _extmodeGetEventTriggerEnable                   
0     003da7cf  _extmodeGetFinalSimulationTime                  
0     003da6b2  _extmodeInit                                    
0     003da6ab  _extmodeParseArgs                               
0     003da7ae  _extmodeReset                                   
0     003da806  _extmodeSetEventTriggerEnable                   
0     003da7e4  _extmodeSetFinalSimulationTime                  
0     003da7cb  _extmodeSimulationComplete                      
0     003da7c7  _extmodeStartRequested                          
0     003da7c3  _extmodeStopRequested                           
0     003da70c  _extmodeWaitForHostRequest                      
0     003d9250  _genericOutputPacketHandler                     
0     003db389  _globalInterruptDisable                         
0     003db37f  _globalInterruptEnable                          
0     003dae12  _initQue                                        
0     003db17e  _init_board                                     
0     003da9e5  _init_sci_rtiostream                            
0     003dae1f  _isEmpty                                        
0     003dae2b  _isFull                                         
0     003dad02  _main                                           
0     003db362  _memcpy                                         
0     003db3bf  _memset                                         
1     0000e200  _queRx                                          
0     003db0e5  _restoreTimer0Interrupt                         
0     003d9877  _rsvd_ISR                                       
0     003da99e  _rtIOStreamClose                                
0     003da980  _rtIOStreamOpen                                 
0     003da9c0  _rtIOStreamRecv                                 
0     003da9a4  _rtIOStreamSend                                 
0     003da9b2  _rtIOStreamSend8Bits                            
0     003dacdf  _rt_OneStep                                     
1     0000e30b  _runModel                                       
0     003daa67  _sci_rcv                                        
0     003daaa5  _sci_xmit_external_mode                         
0     003db228  _sin                                            
0     003db1c7  _sinf                                           
0     003db322  _sqrt                                           
0     003db1ce  _sqrtf                                          
1     0000e30a  _stopRequested                                  
0     003dacd2  _xcpCalibrationGetPacketLookup                  
0     003daccd  _xcpCalibrationInit                             
0     003dacde  _xcpCalibrationReset                            
0     003dacd6  _xcpCalibrationSetPacketLookup                  
1     0000e2a5  _xcpClassicTriggerArmRequest                    
1     0000e2a6  _xcpClassicTriggerCancelRequest                 
1     0000e2b8  _xcpClassicTriggerDelay                         
1     0000e2a4  _xcpClassicTriggerDirection                     
1     0000e2b4  _xcpClassicTriggerDuration                      
1     0000e2a2  _xcpClassicTriggerEventId                       
1     0000e2b6  _xcpClassicTriggerHoldOff                       
1     0000e2b2  _xcpClassicTriggerLevel                         
1     0000e2a8  _xcpClassicTriggerMode                          
1     0000e2b0  _xcpClassicTriggerSignalAddress                 
1     0000e2a3  _xcpClassicTriggerSignalAddressExtension        
1     0000e2a7  _xcpClassicTriggerSource                        
1     0000e2a9  _xcpClassicTriggerStatus                        
1     0000e2fc  _xcpCurrentSimulationTimeInTicks                
0     003d8aa1  _xcpDaqEvent                                    
0     003d8af4  _xcpDaqEventsFlush                              
0     003d8cb0  _xcpDaqExtendedInit                             
0     003d8cb1  _xcpDaqExtendedReset                            
0     003d8c8f  _xcpDaqGetCustomPoolMemoryManager               
0     003d890d  _xcpDaqGetPacketLookup                          
0     003d88fd  _xcpDaqInit                                     
0     003d8bc7  _xcpDaqLock                                     
0     003d8c70  _xcpDaqReset                                    
0     003d8c79  _xcpDaqSetCustomPoolMemoryManager               
0     003d8911  _xcpDaqSetPacketLookup                          
0     003d8bd0  _xcpDaqUnlock                                   
0     003da965  _xcpDrvClose                                    
0     003da834  _xcpDrvIoctl                                    
0     003da81a  _xcpDrvOpen                                     
0     003da8b5  _xcpDrvRecv                                     
0     003da922  _xcpDrvRecvUnknownSize                          
0     003da848  _xcpDrvSend                                     
1     0000e292  _xcpDummyDoubleVariable                         
1     0000e29e  _xcpDummyUint64Variable                         
0     003d93cd  _xcpEvent                                       
0     003d93e3  _xcpEventExternalTimestamp                      
0     003d93f5  _xcpEventNotificationReq                        
0     003da315  _xcpExtModeClassicTriggerEnabled                
0     003da375  _xcpExtModeClassicTriggerForceEnableStatusUpdate
0     003da306  _xcpExtModeClassicTriggerInit                   
0     003da355  _xcpExtModeClassicTriggerReset                  
0     003da44c  _xcpExtModeGetSimulationTime                    
0     003da42e  _xcpExtModeGetUpdatedTimestamp                  
0     003da453  _xcpExtModeInit                                 
0     003db343  _xcpExtModeParseArgs                            
0     003da4db  _xcpExtModeReset                                
0     003da47e  _xcpExtModeRunBackground                        
0     003da427  _xcpExtModeUpdateTime                           
1     0000e290  _xcpExtmodeFinalSimulationTime                  
1     0000e283  _xcpExtmodeSimulationComplete                   
0     003daf5c  _xcpFifoDequeue                                 
0     003daf94  _xcpFifoEmpty                                   
0     003daf4d  _xcpFifoEnqueue                                 
0     003daf6f  _xcpFifoEnqueueHead                             
0     003daf44  _xcpFifoInit                                    
0     003daf9d  _xcpFifoReset                                   
0     003daf7e  _xcpFifoSpliceHead                              
0     003d92ee  _xcpFindPacket                                  
0     003da113  _xcpFrameCreateMsg                              
0     003da141  _xcpFrameExtractPacket                          
0     003da1b1  _xcpFrameHeaderSize                             
0     003d9ff1  _xcpFrameInit                                   
0     003da1b9  _xcpFrameMaxCtoSize                             
0     003da1b5  _xcpFrameMaxDtoSize                             
0     003da08a  _xcpFrameMsgRecv                                
0     003da00b  _xcpFrameMsgSend                                
0     003da1c9  _xcpFrameReset                                  
0     003da1bb  _xcpFrameRestart                                
0     003da1c2  _xcpFrameSetCtoReservedMemPoolId                
0     003da1b3  _xcpFrameTailSize                               
0     003d94c7  _xcpGetCustomPoolMemoryManager                  
0     003db355  _xcpGetInitParameters                           
0     003d94ab  _xcpGetStatus                                   
0     003da435  _xcpGetTimestamp                                
0     003d9312  _xcpInit                                        
0     003d8da3  _xcpMemAlloc                                    
0     003d9073  _xcpMemAllocFromPool                            
0     003d8fea  _xcpMemCustomPoolCreate                         
0     003d9042  _xcpMemCustomPoolDestroy                        
0     003d8e0e  _xcpMemFree                                     
0     003d8ce3  _xcpMemInit                                     
0     003d8e9f  _xcpMemReservedPoolCreate                       
0     003d8f66  _xcpMemReservedPoolDestroy                      
0     003d9110  _xcpMemReset                                    
1     0000e286  _xcpModelChecksum0                              
1     0000e288  _xcpModelChecksum1                              
1     0000e28a  _xcpModelChecksum2                              
1     0000e28c  _xcpModelChecksum3                              
1     0000e28e  _xcpModelIntegerCode                            
1     0000e280  _xcpModelStartRequest                           
1     0000e282  _xcpModelStatus                                 
1     0000e281  _xcpModelStopRequest                            
0     003d94da  _xcpPackedModeEventReset                        
0     003d94d3  _xcpPackedModeEventsFlush                       
0     003d9450  _xcpRemoteServiceReq                            
0     003d94af  _xcpReset                                       
0     003d8bd4  _xcpResetDaqListStatus                          
0     003d923d  _xcpResourceProtectionClearMask                 
0     003d9233  _xcpResourceProtectionSetMask                   
0     003d9228  _xcpResourceProtectionStatusGet                 
0     003d922c  _xcpResourceProtectionStatusSet                 
0     003d9338  _xcpRun                                         
0     003d9245  _xcpSessionConfigurationIdGet                   
0     003d9249  _xcpSessionConfigurationIdSet                   
0     003d9220  _xcpSessionStatusClearMask                      
0     003d920b  _xcpSessionStatusGet                            
0     003d920f  _xcpSessionStatusSet                            
0     003d9216  _xcpSessionStatusSetMask                        
0     003d94be  _xcpSetCustomPoolMemoryManager                  
0     003dafa3  _xcpSortArray                                   
0     003d9fca  _xcpStandardExtendedInit                        
0     003d9fcb  _xcpStandardExtendedReset                       
0     003d9f9f  _xcpStandardGetAddressFromMta                   
0     003d9fb5  _xcpStandardGetMta                              
0     003d9f8d  _xcpStandardGetPacketLookup                     
0     003d9fc1  _xcpStandardIncrementMta                        
0     003d9f86  _xcpStandardInit                                
0     003d9f99  _xcpStandardReset                               
0     003d9fa3  _xcpStandardSetMta                              
0     003d9f91  _xcpStandardSetPacketLookup                     
0     003d9200  _xcpStatusGet                                   
0     003d9204  _xcpStatusSet                                   
0     003d9fd6  _xcpSxiChecksum                                 
0     003d9b27  _xcpTransportCtoReservedMemPoolId               
0     003db348  _xcpTransportGetInitParameters                  
0     003d98e7  _xcpTransportInit                               
0     003d9b0a  _xcpTransportMaxCtoSize                         
0     003d9b07  _xcpTransportMaxDtoSize                         
0     003d9ade  _xcpTransportMsgBufferSize                      
0     003d9ad2  _xcpTransportPacketOffset                       
0     003d9b2b  _xcpTransportReset                              
0     003d9b0d  _xcpTransportRestart                            
0     003d9b1b  _xcpTransportResynch                            
0     003d9a34  _xcpTransportRx                                 
0     003d9a6b  _xcpTransportRxPacketGet                        
0     003d99b9  _xcpTransportTx                                 
0     003d994d  _xcpTransportTxPacketSet                        
0     003d9941  _xcpTransportTxReady                            
0     003d9947  _xcpTransportTxTrigger                          
0     003da38c  _xcp_void_printf                                
abs   ffffffff  binit                                           
0     003db558  cinit                                           
0     003f7ff6  code_start                                      
1     0000e000  edata                                           
1     0000e000  end                                             
0     003db3d0  etext                                           
abs   ffffffff  pinit                                           


GLOBAL SYMBOLS: SORTED BY Symbol Address 

page  address   name                                            
----  -------   ----                                            
0     00008000  _RamfuncsRunStart                               
0     00008000  _SCIRXINT_isr                                   
0     00008043  _deleteElement                                  
0     0000806c  _InitFlash                                      
0     00008087  _DSP28x_usDelay                                 
0     003d8000  _RamfuncsLoadStart                              
0     003d808b  .text                                           
0     003d808b  _RamfuncsLoadEnd                                
0     003d808b  ___text__                                       
0     003d88fd  _xcpDaqInit                                     
0     003d890d  _xcpDaqGetPacketLookup                          
0     003d8911  _xcpDaqSetPacketLookup                          
0     003d8aa1  _xcpDaqEvent                                    
0     003d8af4  _xcpDaqEventsFlush                              
0     003d8bc7  _xcpDaqLock                                     
0     003d8bd0  _xcpDaqUnlock                                   
0     003d8bd4  _xcpResetDaqListStatus                          
0     003d8c70  _xcpDaqReset                                    
0     003d8c79  _xcpDaqSetCustomPoolMemoryManager               
0     003d8c8f  _xcpDaqGetCustomPoolMemoryManager               
0     003d8cb0  _xcpDaqExtendedInit                             
0     003d8cb1  _xcpDaqExtendedReset                            
0     003d8ce3  _xcpMemInit                                     
0     003d8da3  _xcpMemAlloc                                    
0     003d8e0e  _xcpMemFree                                     
0     003d8e9f  _xcpMemReservedPoolCreate                       
0     003d8f66  _xcpMemReservedPoolDestroy                      
0     003d8fea  _xcpMemCustomPoolCreate                         
0     003d9042  _xcpMemCustomPoolDestroy                        
0     003d9073  _xcpMemAllocFromPool                            
0     003d9110  _xcpMemReset                                    
0     003d9200  _xcpStatusGet                                   
0     003d9204  _xcpStatusSet                                   
0     003d920b  _xcpSessionStatusGet                            
0     003d920f  _xcpSessionStatusSet                            
0     003d9216  _xcpSessionStatusSetMask                        
0     003d9220  _xcpSessionStatusClearMask                      
0     003d9228  _xcpResourceProtectionStatusGet                 
0     003d922c  _xcpResourceProtectionStatusSet                 
0     003d9233  _xcpResourceProtectionSetMask                   
0     003d923d  _xcpResourceProtectionClearMask                 
0     003d9245  _xcpSessionConfigurationIdGet                   
0     003d9249  _xcpSessionConfigurationIdSet                   
0     003d9250  _genericOutputPacketHandler                     
0     003d92ee  _xcpFindPacket                                  
0     003d9312  _xcpInit                                        
0     003d9338  _xcpRun                                         
0     003d93cd  _xcpEvent                                       
0     003d93e3  _xcpEventExternalTimestamp                      
0     003d93f5  _xcpEventNotificationReq                        
0     003d9450  _xcpRemoteServiceReq                            
0     003d94ab  _xcpGetStatus                                   
0     003d94af  _xcpReset                                       
0     003d94be  _xcpSetCustomPoolMemoryManager                  
0     003d94c7  _xcpGetCustomPoolMemoryManager                  
0     003d94d3  _xcpPackedModeEventsFlush                       
0     003d94da  _xcpPackedModeEventReset                        
0     003d94e6  _INT13_ISR                                      
0     003d94f0  _INT14_ISR                                      
0     003d94fa  _DATALOG_ISR                                    
0     003d9504  _RTOSINT_ISR                                    
0     003d950e  _EMUINT_ISR                                     
0     003d9518  _NMI_ISR                                        
0     003d9522  _ILLEGAL_ISR                                    
0     003d952c  _USER1_ISR                                      
0     003d9536  _USER2_ISR                                      
0     003d9540  _USER3_ISR                                      
0     003d954a  _USER4_ISR                                      
0     003d9554  _USER5_ISR                                      
0     003d955e  _USER6_ISR                                      
0     003d9568  _USER7_ISR                                      
0     003d9572  _USER8_ISR                                      
0     003d957c  _USER9_ISR                                      
0     003d9586  _USER10_ISR                                     
0     003d9590  _USER11_ISR                                     
0     003d959a  _USER12_ISR                                     
0     003d95a4  _ADCINT1_ISR                                    
0     003d95ae  _ADCINT2_ISR                                    
0     003d95b8  _XINT1_ISR                                      
0     003d95c2  _XINT2_ISR                                      
0     003d95cc  _ADCINT9_ISR                                    
0     003d95d6  _TINT0_ISR                                      
0     003d95e0  _WAKEINT_ISR                                    
0     003d95ea  _EPWM1_TZINT_ISR                                
0     003d95f4  _EPWM2_TZINT_ISR                                
0     003d95fe  _EPWM3_TZINT_ISR                                
0     003d9608  _EPWM4_TZINT_ISR                                
0     003d9612  _EPWM5_TZINT_ISR                                
0     003d961c  _EPWM6_TZINT_ISR                                
0     003d9626  _EPWM7_TZINT_ISR                                
0     003d9630  _EPWM8_TZINT_ISR                                
0     003d963a  _EPWM1_INT_ISR                                  
0     003d9644  _EPWM2_INT_ISR                                  
0     003d964e  _EPWM3_INT_ISR                                  
0     003d9658  _EPWM4_INT_ISR                                  
0     003d9662  _EPWM5_INT_ISR                                  
0     003d966c  _EPWM6_INT_ISR                                  
0     003d9676  _EPWM7_INT_ISR                                  
0     003d9680  _EPWM8_INT_ISR                                  
0     003d968a  _ECAP1_INT_ISR                                  
0     003d9694  _ECAP2_INT_ISR                                  
0     003d969e  _ECAP3_INT_ISR                                  
0     003d96a8  _HRCAP1_INT_ISR                                 
0     003d96b2  _HRCAP2_INT_ISR                                 
0     003d96bc  _EQEP1_INT_ISR                                  
0     003d96c6  _EQEP2_INT_ISR                                  
0     003d96d0  _HRCAP3_INT_ISR                                 
0     003d96da  _HRCAP4_INT_ISR                                 
0     003d96e4  _USB0_INT_ISR                                   
0     003d96ee  _SPIRXINTA_ISR                                  
0     003d96f8  _SPITXINTA_ISR                                  
0     003d9702  _SPIRXINTB_ISR                                  
0     003d970c  _SPITXINTB_ISR                                  
0     003d9716  _MRINTA_ISR                                     
0     003d9720  _MXINTA_ISR                                     
0     003d972a  _DINTCH1_ISR                                    
0     003d9734  _DINTCH2_ISR                                    
0     003d973e  _DINTCH3_ISR                                    
0     003d9748  _DINTCH4_ISR                                    
0     003d9752  _DINTCH5_ISR                                    
0     003d975c  _DINTCH6_ISR                                    
0     003d9766  _I2CINT1A_ISR                                   
0     003d9770  _I2CINT2A_ISR                                   
0     003d977a  _SCIRXINTA_ISR                                  
0     003d9784  _SCITXINTA_ISR                                  
0     003d978e  _SCIRXINTB_ISR                                  
0     003d9798  _SCITXINTB_ISR                                  
0     003d97a2  _ECAN0INTA_ISR                                  
0     003d97ac  _ECAN1INTA_ISR                                  
0     003d97b6  _ADCINT3_ISR                                    
0     003d97c0  _ADCINT4_ISR                                    
0     003d97ca  _ADCINT5_ISR                                    
0     003d97d4  _ADCINT6_ISR                                    
0     003d97de  _ADCINT7_ISR                                    
0     003d97e8  _ADCINT8_ISR                                    
0     003d97f2  _CLA1_INT1_ISR                                  
0     003d97fc  _CLA1_INT2_ISR                                  
0     003d9806  _CLA1_INT3_ISR                                  
0     003d9810  _CLA1_INT4_ISR                                  
0     003d981a  _CLA1_INT5_ISR                                  
0     003d9824  _CLA1_INT6_ISR                                  
0     003d982e  _CLA1_INT7_ISR                                  
0     003d9838  _CLA1_INT8_ISR                                  
0     003d9842  _XINT3_ISR                                      
0     003d984c  _LVF_ISR                                        
0     003d9856  _LUF_ISR                                        
0     003d9860  _EMPTY_ISR                                      
0     003d986d  _PIE_RESERVED                                   
0     003d9877  _rsvd_ISR                                       
0     003d98e7  _xcpTransportInit                               
0     003d9941  _xcpTransportTxReady                            
0     003d9947  _xcpTransportTxTrigger                          
0     003d994d  _xcpTransportTxPacketSet                        
0     003d99b9  _xcpTransportTx                                 
0     003d9a34  _xcpTransportRx                                 
0     003d9a6b  _xcpTransportRxPacketGet                        
0     003d9ad2  _xcpTransportPacketOffset                       
0     003d9ade  _xcpTransportMsgBufferSize                      
0     003d9b07  _xcpTransportMaxDtoSize                         
0     003d9b0a  _xcpTransportMaxCtoSize                         
0     003d9b0d  _xcpTransportRestart                            
0     003d9b1b  _xcpTransportResynch                            
0     003d9b27  _xcpTransportCtoReservedMemPoolId               
0     003d9b2b  _xcpTransportReset                              
0     003d9b6b  _InitAdc                                        
0     003d9b94  _InitAdcAio                                     
0     003d9bb6  _AdcOffsetSelfCal                               
0     003d9bdd  _AdcChanSelect                                  
0     003d9c52  _AdcConversion                                  
0     003d9f86  _xcpStandardInit                                
0     003d9f8d  _xcpStandardGetPacketLookup                     
0     003d9f91  _xcpStandardSetPacketLookup                     
0     003d9f99  _xcpStandardReset                               
0     003d9f9f  _xcpStandardGetAddressFromMta                   
0     003d9fa3  _xcpStandardSetMta                              
0     003d9fb5  _xcpStandardGetMta                              
0     003d9fc1  _xcpStandardIncrementMta                        
0     003d9fca  _xcpStandardExtendedInit                        
0     003d9fcb  _xcpStandardExtendedReset                       
0     003d9fd6  _xcpSxiChecksum                                 
0     003d9ff1  _xcpFrameInit                                   
0     003da00b  _xcpFrameMsgSend                                
0     003da08a  _xcpFrameMsgRecv                                
0     003da113  _xcpFrameCreateMsg                              
0     003da141  _xcpFrameExtractPacket                          
0     003da1b1  _xcpFrameHeaderSize                             
0     003da1b3  _xcpFrameTailSize                               
0     003da1b5  _xcpFrameMaxDtoSize                             
0     003da1b9  _xcpFrameMaxCtoSize                             
0     003da1bb  _xcpFrameRestart                                
0     003da1c2  _xcpFrameSetCtoReservedMemPoolId                
0     003da1c9  _xcpFrameReset                                  
0     003da306  _xcpExtModeClassicTriggerInit                   
0     003da315  _xcpExtModeClassicTriggerEnabled                
0     003da355  _xcpExtModeClassicTriggerReset                  
0     003da375  _xcpExtModeClassicTriggerForceEnableStatusUpdate
0     003da38c  _xcp_void_printf                                
0     003da427  _xcpExtModeUpdateTime                           
0     003da42e  _xcpExtModeGetUpdatedTimestamp                  
0     003da435  _xcpGetTimestamp                                
0     003da44c  _xcpExtModeGetSimulationTime                    
0     003da453  _xcpExtModeInit                                 
0     003da47e  _xcpExtModeRunBackground                        
0     003da4db  _xcpExtModeReset                                
0     003da521  _InitSysCtrl                                    
0     003da53b  _ServiceDog                                     
0     003da545  _DisableDog                                     
0     003da54d  _InitPll                                        
0     003da5a1  _InitPll2                                       
0     003da5cf  _InitPeripheralClocks                           
0     003da625  _CsmUnlock                                      
0     003da656  _IntOsc1Sel                                     
0     003da666  _IntOsc2Sel                                     
0     003da67a  _XtalOscSel                                     
0     003da695  _ExtOscSel                                      
0     003da6ab  _extmodeParseArgs                               
0     003da6b2  _extmodeInit                                    
0     003da70c  _extmodeWaitForHostRequest                      
0     003da75f  _extmodeEvent                                   
0     003da7a6  _extmodeBackgroundRun                           
0     003da7ae  _extmodeReset                                   
0     003da7c3  _extmodeStopRequested                           
0     003da7c7  _extmodeStartRequested                          
0     003da7cb  _extmodeSimulationComplete                      
0     003da7cf  _extmodeGetFinalSimulationTime                  
0     003da7e4  _extmodeSetFinalSimulationTime                  
0     003da7ec  _extmodeGetEventTriggerEnable                   
0     003da806  _extmodeSetEventTriggerEnable                   
0     003da81a  _xcpDrvOpen                                     
0     003da834  _xcpDrvIoctl                                    
0     003da848  _xcpDrvSend                                     
0     003da8b5  _xcpDrvRecv                                     
0     003da922  _xcpDrvRecvUnknownSize                          
0     003da965  _xcpDrvClose                                    
0     003da980  _rtIOStreamOpen                                 
0     003da99e  _rtIOStreamClose                                
0     003da9a4  _rtIOStreamSend                                 
0     003da9b2  _rtIOStreamSend8Bits                            
0     003da9c0  _rtIOStreamRecv                                 
0     003da9d6  _enable_interrupts_sci                          
0     003da9e5  _init_sci_rtiostream                            
0     003daa67  _sci_rcv                                        
0     003daaa5  _sci_xmit_external_mode                         
0     003daac6  _OneTimeGpioInit                                
0     003daad1  _InitGpio                                       
0     003daafe  _GPIO_SetupPinMux                               
0     003dab3c  _GPIO_SetupPinOptions                           
0     003dabb1  _GPIO_ReadPin                                   
0     003dabc8  _GPIO_WritePin                                  
0     003dabe6  _GPIO_TogglePin                                 
0     003dabfd  _Set_GPIOPin                                    
0     003daccd  _xcpCalibrationInit                             
0     003dacd2  _xcpCalibrationGetPacketLookup                  
0     003dacd6  _xcpCalibrationSetPacketLookup                  
0     003dacde  _xcpCalibrationReset                            
0     003dacdf  _rt_OneStep                                     
0     003dad02  _main                                           
0     003dada6  _BytePackerInplace32bits                        
0     003dadc9  _BytePacker32bits                               
0     003dadef  _BytePacker16bits                               
0     003dae12  _initQue                                        
0     003dae1f  _isEmpty                                        
0     003dae2b  _isFull                                         
0     003dae38  _addElement                                     
0     003dae5f  _InitCpuTimers                                  
0     003dae9a  _ConfigCpuTimer                                 
0     003daed5  _ccs_c_caller_model_step                        
0     003daef1  _ccs_c_caller_model_initialize                  
0     003daf43  _ccs_c_caller_model_terminate                   
0     003daf44  _xcpFifoInit                                    
0     003daf4d  _xcpFifoEnqueue                                 
0     003daf5c  _xcpFifoDequeue                                 
0     003daf6f  _xcpFifoEnqueueHead                             
0     003daf7e  _xcpFifoSpliceHead                              
0     003daf94  _xcpFifoEmpty                                   
0     003daf9d  _xcpFifoReset                                   
0     003dafa3  _xcpSortArray                                   
0     003daffd  _c_int00                                        
0     003db053  _atan2                                          
0     003db0a2  _configureTimer0                                
0     003db0c7  _enableTimer0Interrupt                          
0     003db0cf  _disableTimer0Interrupt                         
0     003db0e5  _restoreTimer0Interrupt                         
0     003db0f0  _atan                                           
0     003db13a  _TINT0_isr                                      
0     003db17e  _init_board                                     
0     003db1c0  _cosf                                           
0     003db1c7  _sinf                                           
0     003db1ce  _sqrtf                                          
0     003db1d5  _atanf                                          
0     003db1dc  _atan2f                                         
0     003db1e5  _c2000_flash_init                               
0     003db1f4  _cos                                            
0     003db228  _sin                                            
0     003db25c  _config_ADC_SOC0                                
0     003db287  C$$EXIT                                         
0     003db287  _abort                                          
0     003db289  _exit                                           
0     003db2b0  _InitPieCtrl                                    
0     003db2cf  _EnableInterrupts                               
0     003db2d8  _InitPieVectTable                               
0     003db2fe  _copy_in                                        
0     003db322  _sqrt                                           
0     003db343  _xcpExtModeParseArgs                            
0     003db348  _xcpTransportGetInitParameters                  
0     003db355  _xcpGetInitParameters                           
0     003db362  _memcpy                                         
0     003db37f  _globalInterruptEnable                          
0     003db389  _globalInterruptDisable                         
0     003db391  __args_main                                     
0     003db3a3  U$$DIV                                          
0     003db3a8  U$$MOD                                          
0     003db3ae  __register_unlock                               
0     003db3b2  __register_lock                                 
0     003db3b6  __nop                                           
0     003db3bf  _memset                                         
0     003db3c6  _Custom_GPIO_Toggle                             
0     003db3cb  _bootloaderBackgroundTask                       
0     003db3cc  _bootloaderInit                                 
0     003db3cd  __system_pre_init                               
0     003db3cf  __system_post_cinit                             
0     003db3d0  _PieVectTableInit                               
0     003db3d0  ___etext__                                      
0     003db3d0  etext                                           
0     003db556  _ccs_c_caller_model_M                           
0     003db558  ___cinit__                                      
0     003db558  cinit                                           
0     003f7ff6  code_start                                      
0     003fd590  _FPUsinTable                                    
0     003fd690  _FPUcosTable                                    
0     003fd990  _FPUsinTableEnd                                 
0     003fda92  _FPUatan2HalfPITable                            
0     003fda92  _FPUcosTableEnd                                 
0     003fda96  _FPUatan2Table                                  
0     003fdc1c  _FPUatan2TableEnd                               
1     00000002  __stack                                         
1     00000402  __STACK_END                                     
1     00000880  _DevEmuRegs                                     
1     00000985  _SysPwrCtrlRegs                                 
1     00000a80  _FlashRegs                                      
1     00000ae0  _CsmRegs                                        
1     00000b00  _AdcResult                                      
1     00000c00  _CpuTimer0Regs                                  
1     00000c08  _CpuTimer1Regs                                  
1     00000c10  _CpuTimer2Regs                                  
1     00000ce0  _PieCtrlRegs                                    
1     00000d00  _EmuKey                                         
1     00000d00  _PieVectTable                                   
1     00000d01  _EmuBMode                                       
1     00000d02  _Flash_CallbackPtr                              
1     00000d04  _Flash_CPUScaleFactor                           
1     00001000  _DmaRegs                                        
1     00001400  _Cla1Regs                                       
1     00004000  _Usb0Regs                                       
1     00005000  _McbspaRegs                                     
1     00006000  _ECanaRegs                                      
1     00006040  _ECanaLAMRegs                                   
1     00006080  _ECanaMOTSRegs                                  
1     000060c0  _ECanaMOTORegs                                  
1     00006100  _ECanaMboxes                                    
1     00006400  _Comp1Regs                                      
1     00006420  _Comp2Regs                                      
1     00006440  _Comp3Regs                                      
1     00006800  _EPwm1Regs                                      
1     00006840  _EPwm2Regs                                      
1     00006880  _EPwm3Regs                                      
1     000068c0  _EPwm4Regs                                      
1     00006900  _EPwm5Regs                                      
1     00006940  _EPwm6Regs                                      
1     00006980  _EPwm7Regs                                      
1     000069c0  _EPwm8Regs                                      
1     00006a00  _ECap1Regs                                      
1     00006a20  _ECap2Regs                                      
1     00006a40  _ECap3Regs                                      
1     00006ac0  _HRCap1Regs                                     
1     00006ae0  _HRCap2Regs                                     
1     00006b00  _EQep1Regs                                      
1     00006b40  _EQep2Regs                                      
1     00006c80  _HRCap3Regs                                     
1     00006ca0  _HRCap4Regs                                     
1     00006f80  _GpioCtrlRegs                                   
1     00006fc0  _GpioDataRegs                                   
1     00006fe0  _GpioIntRegs                                    
1     00007010  _SysCtrlRegs                                    
1     00007040  _SpiaRegs                                       
1     00007050  _SciaRegs                                       
1     00007060  _NmiIntruptRegs                                 
1     00007070  _XIntruptRegs                                   
1     00007100  _AdcRegs                                        
1     00007740  _SpibRegs                                       
1     00007750  _ScibRegs                                       
1     00007900  _I2caRegs                                       
1     0000e000  .bss                                            
1     0000e000  .data                                           
1     0000e000  ___bss__                                        
1     0000e000  ___data__                                       
1     0000e000  ___edata__                                      
1     0000e000  ___end__                                        
1     0000e000  edata                                           
1     0000e000  end                                             
1     0000e146  _MW_adcInitFlag                                 
1     0000e148  _ccs_c_caller_model_DW                          
1     0000e14a  _ccs_c_caller_model_B                           
1     0000e1e7  _GPIO_oneTimeInit                               
1     0000e1e8  _CpuTimer0                                      
1     0000e1f0  _CpuTimer1                                      
1     0000e1f8  _CpuTimer2                                      
1     0000e200  _queRx                                          
1     0000e27e  __lock                                          
1     0000e280  _xcpModelStartRequest                           
1     0000e281  _xcpModelStopRequest                            
1     0000e282  _xcpModelStatus                                 
1     0000e283  _xcpExtmodeSimulationComplete                   
1     0000e286  _xcpModelChecksum0                              
1     0000e288  _xcpModelChecksum1                              
1     0000e28a  _xcpModelChecksum2                              
1     0000e28c  _xcpModelChecksum3                              
1     0000e28e  _xcpModelIntegerCode                            
1     0000e290  _xcpExtmodeFinalSimulationTime                  
1     0000e292  _xcpDummyDoubleVariable                         
1     0000e29e  _xcpDummyUint64Variable                         
1     0000e2a2  _xcpClassicTriggerEventId                       
1     0000e2a3  _xcpClassicTriggerSignalAddressExtension        
1     0000e2a4  _xcpClassicTriggerDirection                     
1     0000e2a5  _xcpClassicTriggerArmRequest                    
1     0000e2a6  _xcpClassicTriggerCancelRequest                 
1     0000e2a7  _xcpClassicTriggerSource                        
1     0000e2a8  _xcpClassicTriggerMode                          
1     0000e2a9  _xcpClassicTriggerStatus                        
1     0000e2b0  _xcpClassicTriggerSignalAddress                 
1     0000e2b2  _xcpClassicTriggerLevel                         
1     0000e2b4  _xcpClassicTriggerDuration                      
1     0000e2b6  _xcpClassicTriggerHoldOff                       
1     0000e2b8  _xcpClassicTriggerDelay                         
1     0000e2be  __unlock                                        
1     0000e2ec  ___TI_enable_exit_profile_output                
1     0000e2ee  ___TI_cleanup_ptr                               
1     0000e2f0  ___TI_dtors_ptr                                 
1     0000e2fc  _xcpCurrentSimulationTimeInTicks                
1     0000e308  _IsrOverrun                                     
1     0000e30a  _stopRequested                                  
1     0000e30b  _runModel                                       
1     0000e316  _MW_SCI_PTR                                     
1     0000e31c  _MW_InterruptDisableLock                        
1     003d7e80  _PartIdRegs                                     
1     003f7ff8  _CsmPwl                                         
abs   00000400  __STACK_SIZE                                    
abs   ffffffff  ___TI_pprof_out_hndl                            
abs   ffffffff  ___TI_prof_data_size                            
abs   ffffffff  ___TI_prof_data_start                           
abs   ffffffff  ___binit__                                      
abs   ffffffff  ___c_args__                                     
abs   ffffffff  ___pinit__                                      
abs   ffffffff  binit                                           
abs   ffffffff  pinit                                           

[455 symbols]
