#-----------------------------------------------------------
# Vivado v2024.1 (64-bit)
# SW Build 5076996 on Wed May 22 18:37:14 MDT 2024
# IP Build 5075265 on Wed May 22 21:45:21 MDT 2024
# SharedData Build 5076995 on Wed May 22 18:29:18 MDT 2024
# Start of session at: Wed Jan 14 10:55:02 2026
# Process ID: 11064
# Current directory: C:/demo/MultichannelFIRFilterForFPGAExample/hdl_prj/vivado_prj
# Command line: vivado.exe -mode batch -notrace -source Multichannel_FIR_Filter_Xilinx_Vivado_run.tcl
# Log file: C:/demo/MultichannelFIRFilterForFPGAExample/hdl_prj/vivado_prj/vivado.log
# Journal file: C:/demo/MultichannelFIRFilterForFPGAExample/hdl_prj/vivado_prj\vivado.jou
# Running On        :TS-93724
# Platform          :Windows Server 2016 or Windows 10
# Operating System  :26200
# Processor Detail  :11th Gen Intel(R) Core(TM) i7-1165G7 @ 2.80GHz
# CPU Frequency     :2803 MHz
# CPU Physical cores:4
# CPU Logical cores :8
# Host memory       :34069 MB
# Swap memory       :12884 MB
# Total Virtual     :46954 MB
# Available Virtual :8700 MB
#-----------------------------------------------------------
source Multichannel_FIR_Filter_Xilinx_Vivado_run.tcl -notrace
### Open existing Xilinx Vivado 2024.1 project <a href="matlab:downstream.handle('Model','dspmultichannelhdl').openTargetTool;">hdl_prj\vivado_prj\Multichannel_FIR_Filter_vivado.xpr</a>
INFO: [filemgmt 56-3] Default IP Output Path : Could not find the directory 'C:/demo/MultichannelFIRFilterForFPGAExample/hdl_prj/vivado_prj/Multichannel_FIR_Filter_vivado.gen/sources_1'.
Scanning sources...
Finished scanning sources
open_project: Time (s): cpu = 00:00:06 ; elapsed = 00:00:09 . Memory (MB): peak = 630.980 ; gain = 203.445
### Set Xilinx Vivado 2024.1 project properties
### Update Xilinx Vivado 2024.1 project with HDL source files
WARNING: [Vivado 12-818] No files matched '*.tcl'
### Close Xilinx Vivado 2024.1 project.
INFO: [Common 17-206] Exiting Vivado at Wed Jan 14 10:55:24 2026...
