#-----------------------------------------------------------
# Vivado v2024.1 (64-bit)
# SW Build 5076996 on Wed May 22 18:37:14 MDT 2024
# IP Build 5075265 on Wed May 22 21:45:21 MDT 2024
# SharedData Build 5076995 on Wed May 22 18:29:18 MDT 2024
# Start of session at: Tue Jan 13 17:22:33 2026
# Process ID: 7532
# Current directory: C:/demo/MultichannelFIRFilterForFPGAExample/hdl_prj/vivado_prj
# Command line: vivado.exe -mode batch -notrace -source Multichannel_FIR_Filter_Xilinx_Vivado_run.tcl
# Log file: C:/demo/MultichannelFIRFilterForFPGAExample/hdl_prj/vivado_prj/vivado.log
# Journal file: C:/demo/MultichannelFIRFilterForFPGAExample/hdl_prj/vivado_prj\vivado.jou
# Running On        :TS-93724
# Platform          :Windows Server 2016 or Windows 10
# Operating System  :26200
# Processor Detail  :11th Gen Intel(R) Core(TM) i7-1165G7 @ 2.80GHz
# CPU Frequency     :2803 MHz
# CPU Physical cores:4
# CPU Logical cores :8
# Host memory       :34069 MB
# Swap memory       :12884 MB
# Total Virtual     :46954 MB
# Available Virtual :13095 MB
#-----------------------------------------------------------
source Multichannel_FIR_Filter_Xilinx_Vivado_run.tcl -notrace
