Copyright 1986-2022 Xilinx, Inc. All Rights Reserved. Copyright 2022-2024 Advanced Micro Devices, Inc. All Rights Reserved.
-----------------------------------------------------------------------------------------------------------------------------------------------------------------------------------------------------------------------
| Tool Version : Vivado v.2024.1 (win64) Build 5076996 Wed May 22 18:37:14 MDT 2024
| Date         : Wed Jan 14 11:21:52 2026
| Host         : TS-93724 running 64-bit major release  (build 9200)
| Command      : report_methodology -file Multichannel_FIR_Filter_fil_methodology_drc_routed.rpt -pb Multichannel_FIR_Filter_fil_methodology_drc_routed.pb -rpx Multichannel_FIR_Filter_fil_methodology_drc_routed.rpx
| Design       : Multichannel_FIR_Filter_fil
| Device       : xc7a35tcsg324-1
| Speed File   : -1
| Design State : Fully Routed
-----------------------------------------------------------------------------------------------------------------------------------------------------------------------------------------------------------------------

Report Methodology

Table of Contents
-----------------
1. REPORT SUMMARY
2. REPORT DETAILS

1. REPORT SUMMARY
-----------------
            Netlist: netlist
          Floorplan: design_1
      Design limits: <entire design considered>
             Max violations: <unlimited>
             Violations found: 91
+-----------+----------+----------------------------------+------------+
| Rule      | Severity | Description                      | Violations |
+-----------+----------+----------------------------------+------------+
| TIMING-9  | Warning  | Unknown CDC Logic                | 1          |
| TIMING-10 | Warning  | Missing property on synchronizer | 1          |
| TIMING-16 | Warning  | Large setup violation            | 76         |
| TIMING-18 | Warning  | Missing input or output delay    | 13         |
+-----------+----------+----------------------------------+------------+

2. REPORT DETAILS
-----------------
TIMING-9#1 Warning
Unknown CDC Logic  
One or more asynchronous Clock Domain Crossing has been detected between 2 clock domains through a set_false_path or a set_clock_groups or set_max_delay -datapath_only constraint but no double-registers logic synchronizer has been found on the side of the capture clock. It is recommended to run report_cdc for a complete and detailed CDC coverage. Please consider using XPM_CDC to avoid Critical severities
Related violations: <none>

TIMING-10#1 Warning
Missing property on synchronizer  
One or more logic synchronizer has been detected between 2 clock domains but the synchronizer does not have the property ASYNC_REG defined on one or both registers. It is recommended to run report_cdc for a complete and detailed CDC coverage
Related violations: <none>

TIMING-16#1 Warning
Large setup violation  
There is a large setup violation of -4.211 ns between u_FILCore/u_mwfil_chiftop/u_dut/u_Multichannel_FIR_Filter/u_Discrete_FIR_Filter/delay21_reg[0][0]/C (clocked by dutClk) and u_FILCore/u_mwfil_chiftop/u_mwfil_chifcore/DUT2CHIF.u_d2bfifo/u_dpscram/mem_reg_0/DIBDI[4] (clocked by dutClk). Large setup violations at the end of those stages might be difficult to fix during the post-placement implementation flow and could be the result of non-optimal XDC constraints or non-optimal design architecture
Related violations: <none>

TIMING-16#2 Warning
Large setup violation  
There is a large setup violation of -4.241 ns between u_FILCore/u_mwfil_chiftop/u_dut/u_Multichannel_FIR_Filter/u_Discrete_FIR_Filter/delay21_reg[0][0]/C (clocked by dutClk) and u_FILCore/u_mwfil_chiftop/u_mwfil_chifcore/DUT2CHIF.u_d2bfifo/u_dpscram/mem_reg_0/DIADI[28] (clocked by dutClk). Large setup violations at the end of those stages might be difficult to fix during the post-placement implementation flow and could be the result of non-optimal XDC constraints or non-optimal design architecture
Related violations: <none>

TIMING-16#3 Warning
Large setup violation  
There is a large setup violation of -4.242 ns between u_FILCore/u_mwfil_chiftop/u_dut/u_Multichannel_FIR_Filter/u_Discrete_FIR_Filter/delay21_reg[0][0]/C (clocked by dutClk) and u_FILCore/u_mwfil_chiftop/u_mwfil_chifcore/DUT2CHIF.u_d2bfifo/u_dpscram/mem_reg_0/DIADI[10] (clocked by dutClk). Large setup violations at the end of those stages might be difficult to fix during the post-placement implementation flow and could be the result of non-optimal XDC constraints or non-optimal design architecture
Related violations: <none>

TIMING-16#4 Warning
Large setup violation  
There is a large setup violation of -4.279 ns between u_FILCore/u_mwfil_chiftop/u_dut/u_Multichannel_FIR_Filter/u_Discrete_FIR_Filter/delay21_reg[1][1]/C (clocked by dutClk) and u_FILCore/u_mwfil_chiftop/u_mwfil_chifcore/DUT2CHIF.u_d2bfifo/u_dpscram/mem_reg_1/DIADI[3] (clocked by dutClk). Large setup violations at the end of those stages might be difficult to fix during the post-placement implementation flow and could be the result of non-optimal XDC constraints or non-optimal design architecture
Related violations: <none>

TIMING-16#5 Warning
Large setup violation  
There is a large setup violation of -4.319 ns between u_FILCore/u_mwfil_chiftop/u_dut/u_Multichannel_FIR_Filter/u_Discrete_FIR_Filter/delay21_reg[0][0]/C (clocked by dutClk) and u_FILCore/u_mwfil_chiftop/u_mwfil_chifcore/DUT2CHIF.u_d2bfifo/u_dpscram/mem_reg_0/DIADI[16] (clocked by dutClk). Large setup violations at the end of those stages might be difficult to fix during the post-placement implementation flow and could be the result of non-optimal XDC constraints or non-optimal design architecture
Related violations: <none>

TIMING-16#6 Warning
Large setup violation  
There is a large setup violation of -4.335 ns between u_FILCore/u_mwfil_chiftop/u_dut/u_Multichannel_FIR_Filter/u_Discrete_FIR_Filter/delay21_reg[0][0]/C (clocked by dutClk) and u_FILCore/u_mwfil_chiftop/u_mwfil_chifcore/DUT2CHIF.u_d2bfifo/u_dpscram/mem_reg_0/DIADI[18] (clocked by dutClk). Large setup violations at the end of those stages might be difficult to fix during the post-placement implementation flow and could be the result of non-optimal XDC constraints or non-optimal design architecture
Related violations: <none>

TIMING-16#7 Warning
Large setup violation  
There is a large setup violation of -4.352 ns between u_FILCore/u_mwfil_chiftop/u_dut/u_Multichannel_FIR_Filter/u_Discrete_FIR_Filter/delay21_reg[0][0]/C (clocked by dutClk) and u_FILCore/u_mwfil_chiftop/u_mwfil_chifcore/DUT2CHIF.u_d2bfifo/u_dpscram/mem_reg_0/DIBDI[2] (clocked by dutClk). Large setup violations at the end of those stages might be difficult to fix during the post-placement implementation flow and could be the result of non-optimal XDC constraints or non-optimal design architecture
Related violations: <none>

TIMING-16#8 Warning
Large setup violation  
There is a large setup violation of -4.367 ns between u_FILCore/u_mwfil_chiftop/u_dut/u_Multichannel_FIR_Filter/u_Discrete_FIR_Filter/delay21_reg[0][0]/C (clocked by dutClk) and u_FILCore/u_mwfil_chiftop/u_mwfil_chifcore/DUT2CHIF.u_d2bfifo/u_dpscram/mem_reg_0/DIADI[17] (clocked by dutClk). Large setup violations at the end of those stages might be difficult to fix during the post-placement implementation flow and could be the result of non-optimal XDC constraints or non-optimal design architecture
Related violations: <none>

TIMING-16#9 Warning
Large setup violation  
There is a large setup violation of -4.370 ns between u_FILCore/u_mwfil_chiftop/u_dut/u_Multichannel_FIR_Filter/u_Discrete_FIR_Filter/delay21_reg[0][0]/C (clocked by dutClk) and u_FILCore/u_mwfil_chiftop/u_mwfil_chifcore/DUT2CHIF.u_d2bfifo/u_dpscram/mem_reg_0/DIADI[12] (clocked by dutClk). Large setup violations at the end of those stages might be difficult to fix during the post-placement implementation flow and could be the result of non-optimal XDC constraints or non-optimal design architecture
Related violations: <none>

TIMING-16#10 Warning
Large setup violation  
There is a large setup violation of -4.370 ns between u_FILCore/u_mwfil_chiftop/u_dut/u_Multichannel_FIR_Filter/u_Discrete_FIR_Filter/delay21_reg[0][0]/C (clocked by dutClk) and u_FILCore/u_mwfil_chiftop/u_mwfil_chifcore/DUT2CHIF.u_d2bfifo/u_dpscram/mem_reg_0/DIADI[8] (clocked by dutClk). Large setup violations at the end of those stages might be difficult to fix during the post-placement implementation flow and could be the result of non-optimal XDC constraints or non-optimal design architecture
Related violations: <none>

TIMING-16#11 Warning
Large setup violation  
There is a large setup violation of -4.370 ns between u_FILCore/u_mwfil_chiftop/u_dut/u_Multichannel_FIR_Filter/u_Discrete_FIR_Filter/delay21_reg[1][1]/C (clocked by dutClk) and u_FILCore/u_mwfil_chiftop/u_mwfil_chifcore/DUT2CHIF.u_d2bfifo/u_dpscram/mem_reg_1/DIADI[1] (clocked by dutClk). Large setup violations at the end of those stages might be difficult to fix during the post-placement implementation flow and could be the result of non-optimal XDC constraints or non-optimal design architecture
Related violations: <none>

TIMING-16#12 Warning
Large setup violation  
There is a large setup violation of -4.370 ns between u_FILCore/u_mwfil_chiftop/u_dut/u_Multichannel_FIR_Filter/u_Discrete_FIR_Filter/delay21_reg[1][1]/C (clocked by dutClk) and u_FILCore/u_mwfil_chiftop/u_mwfil_chifcore/DUT2CHIF.u_d2bfifo/u_dpscram/mem_reg_1/DIADI[2] (clocked by dutClk). Large setup violations at the end of those stages might be difficult to fix during the post-placement implementation flow and could be the result of non-optimal XDC constraints or non-optimal design architecture
Related violations: <none>

TIMING-16#13 Warning
Large setup violation  
There is a large setup violation of -4.371 ns between u_FILCore/u_mwfil_chiftop/u_dut/u_Multichannel_FIR_Filter/u_Discrete_FIR_Filter/delay21_reg[1][1]/C (clocked by dutClk) and u_FILCore/u_mwfil_chiftop/u_mwfil_chifcore/DUT2CHIF.u_d2bfifo/u_dpscram/mem_reg_1/DIADI[5] (clocked by dutClk). Large setup violations at the end of those stages might be difficult to fix during the post-placement implementation flow and could be the result of non-optimal XDC constraints or non-optimal design architecture
Related violations: <none>

TIMING-16#14 Warning
Large setup violation  
There is a large setup violation of -4.372 ns between u_FILCore/u_mwfil_chiftop/u_dut/u_Multichannel_FIR_Filter/u_Discrete_FIR_Filter/delay21_reg[0][0]/C (clocked by dutClk) and u_FILCore/u_mwfil_chiftop/u_mwfil_chifcore/DUT2CHIF.u_d2bfifo/u_dpscram/mem_reg_0/DIADI[4] (clocked by dutClk). Large setup violations at the end of those stages might be difficult to fix during the post-placement implementation flow and could be the result of non-optimal XDC constraints or non-optimal design architecture
Related violations: <none>

TIMING-16#15 Warning
Large setup violation  
There is a large setup violation of -4.372 ns between u_FILCore/u_mwfil_chiftop/u_dut/u_Multichannel_FIR_Filter/u_Discrete_FIR_Filter/delay21_reg[1][1]/C (clocked by dutClk) and u_FILCore/u_mwfil_chiftop/u_mwfil_chifcore/DUT2CHIF.u_d2bfifo/u_dpscram/mem_reg_1/DIADI[4] (clocked by dutClk). Large setup violations at the end of those stages might be difficult to fix during the post-placement implementation flow and could be the result of non-optimal XDC constraints or non-optimal design architecture
Related violations: <none>

TIMING-16#16 Warning
Large setup violation  
There is a large setup violation of -4.374 ns between u_FILCore/u_mwfil_chiftop/u_dut/u_Multichannel_FIR_Filter/u_Discrete_FIR_Filter/delay21_reg[0][0]/C (clocked by dutClk) and u_FILCore/u_mwfil_chiftop/u_mwfil_chifcore/DUT2CHIF.u_d2bfifo/u_dpscram/mem_reg_0/DIADI[20] (clocked by dutClk). Large setup violations at the end of those stages might be difficult to fix during the post-placement implementation flow and could be the result of non-optimal XDC constraints or non-optimal design architecture
Related violations: <none>

TIMING-16#17 Warning
Large setup violation  
There is a large setup violation of -4.375 ns between u_FILCore/u_mwfil_chiftop/u_dut/u_Multichannel_FIR_Filter/u_Discrete_FIR_Filter/delay21_reg[0][0]/C (clocked by dutClk) and u_FILCore/u_mwfil_chiftop/u_mwfil_chifcore/DUT2CHIF.u_d2bfifo/u_dpscram/mem_reg_0/DIADI[24] (clocked by dutClk). Large setup violations at the end of those stages might be difficult to fix during the post-placement implementation flow and could be the result of non-optimal XDC constraints or non-optimal design architecture
Related violations: <none>

TIMING-16#18 Warning
Large setup violation  
There is a large setup violation of -4.377 ns between u_FILCore/u_mwfil_chiftop/u_dut/u_Multichannel_FIR_Filter/u_Discrete_FIR_Filter/delay21_reg[0][0]/C (clocked by dutClk) and u_FILCore/u_mwfil_chiftop/u_mwfil_chifcore/DUT2CHIF.u_d2bfifo/u_dpscram/mem_reg_0/DIADI[26] (clocked by dutClk). Large setup violations at the end of those stages might be difficult to fix during the post-placement implementation flow and could be the result of non-optimal XDC constraints or non-optimal design architecture
Related violations: <none>

TIMING-16#19 Warning
Large setup violation  
There is a large setup violation of -4.380 ns between u_FILCore/u_mwfil_chiftop/u_dut/u_Multichannel_FIR_Filter/u_Discrete_FIR_Filter/delay21_reg[0][0]/C (clocked by dutClk) and u_FILCore/u_mwfil_chiftop/u_mwfil_chifcore/DUT2CHIF.u_d2bfifo/u_dpscram/mem_reg_0/DIADI[13] (clocked by dutClk). Large setup violations at the end of those stages might be difficult to fix during the post-placement implementation flow and could be the result of non-optimal XDC constraints or non-optimal design architecture
Related violations: <none>

TIMING-16#20 Warning
Large setup violation  
There is a large setup violation of -4.382 ns between u_FILCore/u_mwfil_chiftop/u_dut/u_Multichannel_FIR_Filter/u_Discrete_FIR_Filter/delay21_reg[0][0]/C (clocked by dutClk) and u_FILCore/u_mwfil_chiftop/u_mwfil_chifcore/DUT2CHIF.u_d2bfifo/u_dpscram/mem_reg_0/DIADI[2] (clocked by dutClk). Large setup violations at the end of those stages might be difficult to fix during the post-placement implementation flow and could be the result of non-optimal XDC constraints or non-optimal design architecture
Related violations: <none>

TIMING-16#21 Warning
Large setup violation  
There is a large setup violation of -4.384 ns between u_FILCore/u_mwfil_chiftop/u_dut/u_Multichannel_FIR_Filter/u_Discrete_FIR_Filter/delay21_reg[0][0]/C (clocked by dutClk) and u_FILCore/u_mwfil_chiftop/u_mwfil_chifcore/DUT2CHIF.u_d2bfifo/u_dpscram/mem_reg_0/DIADI[19] (clocked by dutClk). Large setup violations at the end of those stages might be difficult to fix during the post-placement implementation flow and could be the result of non-optimal XDC constraints or non-optimal design architecture
Related violations: <none>

TIMING-16#22 Warning
Large setup violation  
There is a large setup violation of -4.390 ns between u_FILCore/u_mwfil_chiftop/u_dut/u_Multichannel_FIR_Filter/u_Discrete_FIR_Filter/delay21_reg[0][0]/C (clocked by dutClk) and u_FILCore/u_mwfil_chiftop/u_mwfil_chifcore/DUT2CHIF.u_d2bfifo/u_dpscram/mem_reg_0/DIADI[6] (clocked by dutClk). Large setup violations at the end of those stages might be difficult to fix during the post-placement implementation flow and could be the result of non-optimal XDC constraints or non-optimal design architecture
Related violations: <none>

TIMING-16#23 Warning
Large setup violation  
There is a large setup violation of -4.393 ns between u_FILCore/u_mwfil_chiftop/u_dut/u_Multichannel_FIR_Filter/u_Discrete_FIR_Filter/delay21_reg[0][0]/C (clocked by dutClk) and u_FILCore/u_mwfil_chiftop/u_mwfil_chifcore/DUT2CHIF.u_d2bfifo/u_dpscram/mem_reg_0/DIBDI[0] (clocked by dutClk). Large setup violations at the end of those stages might be difficult to fix during the post-placement implementation flow and could be the result of non-optimal XDC constraints or non-optimal design architecture
Related violations: <none>

TIMING-16#24 Warning
Large setup violation  
There is a large setup violation of -4.393 ns between u_FILCore/u_mwfil_chiftop/u_dut/u_Multichannel_FIR_Filter/u_Discrete_FIR_Filter/delay21_reg[0][0]/C (clocked by dutClk) and u_FILCore/u_mwfil_chiftop/u_mwfil_chifcore/DUT2CHIF.u_d2bfifo/u_dpscram/mem_reg_0/DIBDI[1] (clocked by dutClk). Large setup violations at the end of those stages might be difficult to fix during the post-placement implementation flow and could be the result of non-optimal XDC constraints or non-optimal design architecture
Related violations: <none>

TIMING-16#25 Warning
Large setup violation  
There is a large setup violation of -4.395 ns between u_FILCore/u_mwfil_chiftop/u_dut/u_Multichannel_FIR_Filter/u_Discrete_FIR_Filter/delay21_reg[1][1]/C (clocked by dutClk) and u_FILCore/u_mwfil_chiftop/u_mwfil_chifcore/DUT2CHIF.u_d2bfifo/u_dpscram/mem_reg_1/DIADI[0] (clocked by dutClk). Large setup violations at the end of those stages might be difficult to fix during the post-placement implementation flow and could be the result of non-optimal XDC constraints or non-optimal design architecture
Related violations: <none>

TIMING-16#26 Warning
Large setup violation  
There is a large setup violation of -4.406 ns between u_FILCore/u_mwfil_chiftop/u_dut/u_Multichannel_FIR_Filter/u_Discrete_FIR_Filter/delay21_reg[0][0]/C (clocked by dutClk) and u_FILCore/u_mwfil_chiftop/u_mwfil_chifcore/DUT2CHIF.u_d2bfifo/u_dpscram/mem_reg_0/DIADI[9] (clocked by dutClk). Large setup violations at the end of those stages might be difficult to fix during the post-placement implementation flow and could be the result of non-optimal XDC constraints or non-optimal design architecture
Related violations: <none>

TIMING-16#27 Warning
Large setup violation  
There is a large setup violation of -4.407 ns between u_FILCore/u_mwfil_chiftop/u_dut/u_Multichannel_FIR_Filter/u_Discrete_FIR_Filter/delay21_reg[0][0]/C (clocked by dutClk) and u_FILCore/u_mwfil_chiftop/u_mwfil_chifcore/DUT2CHIF.u_d2bfifo/u_dpscram/mem_reg_0/DIADI[15] (clocked by dutClk). Large setup violations at the end of those stages might be difficult to fix during the post-placement implementation flow and could be the result of non-optimal XDC constraints or non-optimal design architecture
Related violations: <none>

TIMING-16#28 Warning
Large setup violation  
There is a large setup violation of -4.408 ns between u_FILCore/u_mwfil_chiftop/u_dut/u_Multichannel_FIR_Filter/u_Discrete_FIR_Filter/delay21_reg[0][0]/C (clocked by dutClk) and u_FILCore/u_mwfil_chiftop/u_mwfil_chifcore/DUT2CHIF.u_d2bfifo/u_dpscram/mem_reg_0/DIADI[3] (clocked by dutClk). Large setup violations at the end of those stages might be difficult to fix during the post-placement implementation flow and could be the result of non-optimal XDC constraints or non-optimal design architecture
Related violations: <none>

TIMING-16#29 Warning
Large setup violation  
There is a large setup violation of -4.408 ns between u_FILCore/u_mwfil_chiftop/u_dut/u_Multichannel_FIR_Filter/u_Discrete_FIR_Filter/delay21_reg[0][0]/C (clocked by dutClk) and u_FILCore/u_mwfil_chiftop/u_mwfil_chifcore/DUT2CHIF.u_d2bfifo/u_dpscram/mem_reg_0/DIADI[5] (clocked by dutClk). Large setup violations at the end of those stages might be difficult to fix during the post-placement implementation flow and could be the result of non-optimal XDC constraints or non-optimal design architecture
Related violations: <none>

TIMING-16#30 Warning
Large setup violation  
There is a large setup violation of -4.408 ns between u_FILCore/u_mwfil_chiftop/u_dut/u_Multichannel_FIR_Filter/u_Discrete_FIR_Filter/delay21_reg[0][0]/C (clocked by dutClk) and u_FILCore/u_mwfil_chiftop/u_mwfil_chifcore/DUT2CHIF.u_d2bfifo/u_dpscram/mem_reg_0/DIBDI[3] (clocked by dutClk). Large setup violations at the end of those stages might be difficult to fix during the post-placement implementation flow and could be the result of non-optimal XDC constraints or non-optimal design architecture
Related violations: <none>

TIMING-16#31 Warning
Large setup violation  
There is a large setup violation of -4.414 ns between u_FILCore/u_mwfil_chiftop/u_dut/u_Multichannel_FIR_Filter/u_Discrete_FIR_Filter/delay21_reg[0][0]/C (clocked by dutClk) and u_FILCore/u_mwfil_chiftop/u_mwfil_chifcore/DUT2CHIF.u_d2bfifo/u_dpscram/mem_reg_0/DIADI[0] (clocked by dutClk). Large setup violations at the end of those stages might be difficult to fix during the post-placement implementation flow and could be the result of non-optimal XDC constraints or non-optimal design architecture
Related violations: <none>

TIMING-16#32 Warning
Large setup violation  
There is a large setup violation of -4.418 ns between u_FILCore/u_mwfil_chiftop/u_dut/u_Multichannel_FIR_Filter/u_Discrete_FIR_Filter/delay21_reg[0][0]/C (clocked by dutClk) and u_FILCore/u_mwfil_chiftop/u_mwfil_chifcore/DUT2CHIF.u_d2bfifo/u_dpscram/mem_reg_0/DIADI[23] (clocked by dutClk). Large setup violations at the end of those stages might be difficult to fix during the post-placement implementation flow and could be the result of non-optimal XDC constraints or non-optimal design architecture
Related violations: <none>

TIMING-16#33 Warning
Large setup violation  
There is a large setup violation of -4.419 ns between u_FILCore/u_mwfil_chiftop/u_dut/u_Multichannel_FIR_Filter/u_Discrete_FIR_Filter/delay21_reg[0][0]/C (clocked by dutClk) and u_FILCore/u_mwfil_chiftop/u_mwfil_chifcore/DUT2CHIF.u_d2bfifo/u_dpscram/mem_reg_0/DIADI[11] (clocked by dutClk). Large setup violations at the end of those stages might be difficult to fix during the post-placement implementation flow and could be the result of non-optimal XDC constraints or non-optimal design architecture
Related violations: <none>

TIMING-16#34 Warning
Large setup violation  
There is a large setup violation of -4.431 ns between u_FILCore/u_mwfil_chiftop/u_dut/u_Multichannel_FIR_Filter/u_Discrete_FIR_Filter/delay21_reg[0][0]/C (clocked by dutClk) and u_FILCore/u_mwfil_chiftop/u_mwfil_chifcore/DUT2CHIF.u_d2bfifo/u_dpscram/mem_reg_0/DIADI[14] (clocked by dutClk). Large setup violations at the end of those stages might be difficult to fix during the post-placement implementation flow and could be the result of non-optimal XDC constraints or non-optimal design architecture
Related violations: <none>

TIMING-16#35 Warning
Large setup violation  
There is a large setup violation of -4.481 ns between u_FILCore/u_mwfil_chiftop/u_dut/u_Multichannel_FIR_Filter/u_Discrete_FIR_Filter/delay21_reg[0][0]/C (clocked by dutClk) and u_FILCore/u_mwfil_chiftop/u_mwfil_chifcore/DUT2CHIF.u_d2bfifo/u_dpscram/mem_reg_0/DIBDI[5] (clocked by dutClk). Large setup violations at the end of those stages might be difficult to fix during the post-placement implementation flow and could be the result of non-optimal XDC constraints or non-optimal design architecture
Related violations: <none>

TIMING-16#36 Warning
Large setup violation  
There is a large setup violation of -4.487 ns between u_FILCore/u_mwfil_chiftop/u_dut/u_Multichannel_FIR_Filter/u_Discrete_FIR_Filter/delay21_reg[0][0]/C (clocked by dutClk) and u_FILCore/u_mwfil_chiftop/u_mwfil_chifcore/DUT2CHIF.u_d2bfifo/u_dpscram/mem_reg_0/DIADI[1] (clocked by dutClk). Large setup violations at the end of those stages might be difficult to fix during the post-placement implementation flow and could be the result of non-optimal XDC constraints or non-optimal design architecture
Related violations: <none>

TIMING-16#37 Warning
Large setup violation  
There is a large setup violation of -4.496 ns between u_FILCore/u_mwfil_chiftop/u_dut/u_Multichannel_FIR_Filter/u_Discrete_FIR_Filter/delay21_reg[0][0]/C (clocked by dutClk) and u_FILCore/u_mwfil_chiftop/u_mwfil_chifcore/DUT2CHIF.u_d2bfifo/u_dpscram/mem_reg_0/DIADI[30] (clocked by dutClk). Large setup violations at the end of those stages might be difficult to fix during the post-placement implementation flow and could be the result of non-optimal XDC constraints or non-optimal design architecture
Related violations: <none>

TIMING-16#38 Warning
Large setup violation  
There is a large setup violation of -4.510 ns between u_FILCore/u_mwfil_chiftop/u_dut/u_Multichannel_FIR_Filter/u_Discrete_FIR_Filter/delay21_reg[0][0]/C (clocked by dutClk) and u_FILCore/u_mwfil_chiftop/u_mwfil_chifcore/DUT2CHIF.u_d2bfifo/u_dpscram/mem_reg_0/DIADI[22] (clocked by dutClk). Large setup violations at the end of those stages might be difficult to fix during the post-placement implementation flow and could be the result of non-optimal XDC constraints or non-optimal design architecture
Related violations: <none>

TIMING-16#39 Warning
Large setup violation  
There is a large setup violation of -4.511 ns between u_FILCore/u_mwfil_chiftop/u_dut/u_Multichannel_FIR_Filter/u_Discrete_FIR_Filter/delay21_reg[0][0]/C (clocked by dutClk) and u_FILCore/u_mwfil_chiftop/u_mwfil_chifcore/DUT2CHIF.u_d2bfifo/u_dpscram/mem_reg_0/DIADI[29] (clocked by dutClk). Large setup violations at the end of those stages might be difficult to fix during the post-placement implementation flow and could be the result of non-optimal XDC constraints or non-optimal design architecture
Related violations: <none>

TIMING-16#40 Warning
Large setup violation  
There is a large setup violation of -4.518 ns between u_FILCore/u_mwfil_chiftop/u_dut/u_Multichannel_FIR_Filter/u_Discrete_FIR_Filter/delay21_reg[0][0]/C (clocked by dutClk) and u_FILCore/u_mwfil_chiftop/u_mwfil_chifcore/DUT2CHIF.u_d2bfifo/u_dpscram/mem_reg_0/DIADI[27] (clocked by dutClk). Large setup violations at the end of those stages might be difficult to fix during the post-placement implementation flow and could be the result of non-optimal XDC constraints or non-optimal design architecture
Related violations: <none>

TIMING-16#41 Warning
Large setup violation  
There is a large setup violation of -4.523 ns between u_FILCore/u_mwfil_chiftop/u_dut/u_Multichannel_FIR_Filter/u_Discrete_FIR_Filter/delay21_reg[0][0]/C (clocked by dutClk) and u_FILCore/u_mwfil_chiftop/u_mwfil_chifcore/DUT2CHIF.u_d2bfifo/u_dpscram/mem_reg_0/DIADI[21] (clocked by dutClk). Large setup violations at the end of those stages might be difficult to fix during the post-placement implementation flow and could be the result of non-optimal XDC constraints or non-optimal design architecture
Related violations: <none>

TIMING-16#42 Warning
Large setup violation  
There is a large setup violation of -4.523 ns between u_FILCore/u_mwfil_chiftop/u_dut/u_Multichannel_FIR_Filter/u_Discrete_FIR_Filter/delay21_reg[0][0]/C (clocked by dutClk) and u_FILCore/u_mwfil_chiftop/u_mwfil_chifcore/DUT2CHIF.u_d2bfifo/u_dpscram/mem_reg_0/DIADI[25] (clocked by dutClk). Large setup violations at the end of those stages might be difficult to fix during the post-placement implementation flow and could be the result of non-optimal XDC constraints or non-optimal design architecture
Related violations: <none>

TIMING-16#43 Warning
Large setup violation  
There is a large setup violation of -4.532 ns between u_FILCore/u_mwfil_chiftop/u_dut/u_Multichannel_FIR_Filter/u_Discrete_FIR_Filter/delay21_reg[0][0]/C (clocked by dutClk) and u_FILCore/u_mwfil_chiftop/u_mwfil_chifcore/DUT2CHIF.u_d2bfifo/u_dpscram/mem_reg_0/DIADI[31] (clocked by dutClk). Large setup violations at the end of those stages might be difficult to fix during the post-placement implementation flow and could be the result of non-optimal XDC constraints or non-optimal design architecture
Related violations: <none>

TIMING-16#44 Warning
Large setup violation  
There is a large setup violation of -4.548 ns between u_FILCore/u_mwfil_chiftop/u_dut/u_Multichannel_FIR_Filter/u_Discrete_FIR_Filter/delay21_reg[0][0]/C (clocked by dutClk) and u_FILCore/u_mwfil_chiftop/u_mwfil_chifcore/DUT2CHIF.u_d2bfifo/u_dpscram/mem_reg_0/DIADI[7] (clocked by dutClk). Large setup violations at the end of those stages might be difficult to fix during the post-placement implementation flow and could be the result of non-optimal XDC constraints or non-optimal design architecture
Related violations: <none>

TIMING-16#45 Warning
Large setup violation  
There is a large setup violation of -4.864 ns between u_FILCore/u_mwfil_chiftop/u_dut/u_Multichannel_FIR_Filter/u_Discrete_FIR_Filter/delay21_reg[1][1]/C (clocked by dutClk) and u_FILCore/u_mwfil_chiftop/u_mwfil_chifcore/DUT2CHIF.u_d2bfifo/u_dpscram/mem_reg_0/DIBDI[12] (clocked by dutClk). Large setup violations at the end of those stages might be difficult to fix during the post-placement implementation flow and could be the result of non-optimal XDC constraints or non-optimal design architecture
Related violations: <none>

TIMING-16#46 Warning
Large setup violation  
There is a large setup violation of -4.868 ns between u_FILCore/u_mwfil_chiftop/u_dut/u_Multichannel_FIR_Filter/u_Discrete_FIR_Filter/delay21_reg[1][1]/C (clocked by dutClk) and u_FILCore/u_mwfil_chiftop/u_mwfil_chifcore/DUT2CHIF.u_d2bfifo/u_dpscram/mem_reg_0/DIBDI[21] (clocked by dutClk). Large setup violations at the end of those stages might be difficult to fix during the post-placement implementation flow and could be the result of non-optimal XDC constraints or non-optimal design architecture
Related violations: <none>

TIMING-16#47 Warning
Large setup violation  
There is a large setup violation of -4.872 ns between u_FILCore/u_mwfil_chiftop/u_dut/u_Multichannel_FIR_Filter/u_Discrete_FIR_Filter/delay21_reg[1][1]/C (clocked by dutClk) and u_FILCore/u_mwfil_chiftop/u_mwfil_chifcore/DUT2CHIF.u_d2bfifo/u_dpscram/mem_reg_0/DIBDI[25] (clocked by dutClk). Large setup violations at the end of those stages might be difficult to fix during the post-placement implementation flow and could be the result of non-optimal XDC constraints or non-optimal design architecture
Related violations: <none>

TIMING-16#48 Warning
Large setup violation  
There is a large setup violation of -4.873 ns between u_FILCore/u_mwfil_chiftop/u_dut/u_Multichannel_FIR_Filter/u_Discrete_FIR_Filter/delay21_reg[1][1]/C (clocked by dutClk) and u_FILCore/u_mwfil_chiftop/u_mwfil_chifcore/DUT2CHIF.u_d2bfifo/u_dpscram/mem_reg_0/DIBDI[8] (clocked by dutClk). Large setup violations at the end of those stages might be difficult to fix during the post-placement implementation flow and could be the result of non-optimal XDC constraints or non-optimal design architecture
Related violations: <none>

TIMING-16#49 Warning
Large setup violation  
There is a large setup violation of -4.875 ns between u_FILCore/u_mwfil_chiftop/u_dut/u_Multichannel_FIR_Filter/u_Discrete_FIR_Filter/delay21_reg[1][1]/C (clocked by dutClk) and u_FILCore/u_mwfil_chiftop/u_mwfil_chifcore/DUT2CHIF.u_d2bfifo/u_dpscram/mem_reg_0/DIBDI[27] (clocked by dutClk). Large setup violations at the end of those stages might be difficult to fix during the post-placement implementation flow and could be the result of non-optimal XDC constraints or non-optimal design architecture
Related violations: <none>

TIMING-16#50 Warning
Large setup violation  
There is a large setup violation of -4.883 ns between u_FILCore/u_mwfil_chiftop/u_dut/u_Multichannel_FIR_Filter/u_Discrete_FIR_Filter/delay21_reg[1][1]/C (clocked by dutClk) and u_FILCore/u_mwfil_chiftop/u_mwfil_chifcore/DUT2CHIF.u_d2bfifo/u_dpscram/mem_reg_0/DIBDI[10] (clocked by dutClk). Large setup violations at the end of those stages might be difficult to fix during the post-placement implementation flow and could be the result of non-optimal XDC constraints or non-optimal design architecture
Related violations: <none>

TIMING-16#51 Warning
Large setup violation  
There is a large setup violation of -4.915 ns between u_FILCore/u_mwfil_chiftop/u_dut/u_Multichannel_FIR_Filter/u_Discrete_FIR_Filter/delay21_reg[1][1]/C (clocked by dutClk) and u_FILCore/u_mwfil_chiftop/u_mwfil_chifcore/DUT2CHIF.u_d2bfifo/u_dpscram/mem_reg_0/DIBDI[9] (clocked by dutClk). Large setup violations at the end of those stages might be difficult to fix during the post-placement implementation flow and could be the result of non-optimal XDC constraints or non-optimal design architecture
Related violations: <none>

TIMING-16#52 Warning
Large setup violation  
There is a large setup violation of -4.915 ns between u_FILCore/u_mwfil_chiftop/u_dut/u_Multichannel_FIR_Filter/u_Discrete_FIR_Filter/delay21_reg[1][1]/C (clocked by dutClk) and u_FILCore/u_mwfil_chiftop/u_mwfil_chifcore/DUT2CHIF.u_d2bfifo/u_dpscram/mem_reg_0/DIPADIP[1] (clocked by dutClk). Large setup violations at the end of those stages might be difficult to fix during the post-placement implementation flow and could be the result of non-optimal XDC constraints or non-optimal design architecture
Related violations: <none>

TIMING-16#53 Warning
Large setup violation  
There is a large setup violation of -4.916 ns between u_FILCore/u_mwfil_chiftop/u_dut/u_Multichannel_FIR_Filter/u_Discrete_FIR_Filter/delay21_reg[1][1]/C (clocked by dutClk) and u_FILCore/u_mwfil_chiftop/u_mwfil_chifcore/DUT2CHIF.u_d2bfifo/u_dpscram/mem_reg_0/DIPBDIP[1] (clocked by dutClk). Large setup violations at the end of those stages might be difficult to fix during the post-placement implementation flow and could be the result of non-optimal XDC constraints or non-optimal design architecture
Related violations: <none>

TIMING-16#54 Warning
Large setup violation  
There is a large setup violation of -4.938 ns between u_FILCore/u_mwfil_chiftop/u_dut/u_Multichannel_FIR_Filter/u_Discrete_FIR_Filter/delay21_reg[1][1]/C (clocked by dutClk) and u_FILCore/u_mwfil_chiftop/u_mwfil_chifcore/DUT2CHIF.u_d2bfifo/u_dpscram/mem_reg_0/DIBDI[20] (clocked by dutClk). Large setup violations at the end of those stages might be difficult to fix during the post-placement implementation flow and could be the result of non-optimal XDC constraints or non-optimal design architecture
Related violations: <none>

TIMING-16#55 Warning
Large setup violation  
There is a large setup violation of -4.938 ns between u_FILCore/u_mwfil_chiftop/u_dut/u_Multichannel_FIR_Filter/u_Discrete_FIR_Filter/delay21_reg[1][1]/C (clocked by dutClk) and u_FILCore/u_mwfil_chiftop/u_mwfil_chifcore/DUT2CHIF.u_d2bfifo/u_dpscram/mem_reg_0/DIBDI[26] (clocked by dutClk). Large setup violations at the end of those stages might be difficult to fix during the post-placement implementation flow and could be the result of non-optimal XDC constraints or non-optimal design architecture
Related violations: <none>

TIMING-16#56 Warning
Large setup violation  
There is a large setup violation of -4.980 ns between u_FILCore/u_mwfil_chiftop/u_dut/u_Multichannel_FIR_Filter/u_Discrete_FIR_Filter/delay21_reg[1][1]/C (clocked by dutClk) and u_FILCore/u_mwfil_chiftop/u_mwfil_chifcore/DUT2CHIF.u_d2bfifo/u_dpscram/mem_reg_0/DIPBDIP[2] (clocked by dutClk). Large setup violations at the end of those stages might be difficult to fix during the post-placement implementation flow and could be the result of non-optimal XDC constraints or non-optimal design architecture
Related violations: <none>

TIMING-16#57 Warning
Large setup violation  
There is a large setup violation of -4.991 ns between u_FILCore/u_mwfil_chiftop/u_dut/u_Multichannel_FIR_Filter/u_Discrete_FIR_Filter/delay21_reg[1][1]/C (clocked by dutClk) and u_FILCore/u_mwfil_chiftop/u_mwfil_chifcore/DUT2CHIF.u_d2bfifo/u_dpscram/mem_reg_0/DIBDI[28] (clocked by dutClk). Large setup violations at the end of those stages might be difficult to fix during the post-placement implementation flow and could be the result of non-optimal XDC constraints or non-optimal design architecture
Related violations: <none>

TIMING-16#58 Warning
Large setup violation  
There is a large setup violation of -4.992 ns between u_FILCore/u_mwfil_chiftop/u_dut/u_Multichannel_FIR_Filter/u_Discrete_FIR_Filter/delay21_reg[1][1]/C (clocked by dutClk) and u_FILCore/u_mwfil_chiftop/u_mwfil_chifcore/DUT2CHIF.u_d2bfifo/u_dpscram/mem_reg_0/DIBDI[30] (clocked by dutClk). Large setup violations at the end of those stages might be difficult to fix during the post-placement implementation flow and could be the result of non-optimal XDC constraints or non-optimal design architecture
Related violations: <none>

TIMING-16#59 Warning
Large setup violation  
There is a large setup violation of -4.999 ns between u_FILCore/u_mwfil_chiftop/u_dut/u_Multichannel_FIR_Filter/u_Discrete_FIR_Filter/delay21_reg[1][1]/C (clocked by dutClk) and u_FILCore/u_mwfil_chiftop/u_mwfil_chifcore/DUT2CHIF.u_d2bfifo/u_dpscram/mem_reg_0/DIBDI[23] (clocked by dutClk). Large setup violations at the end of those stages might be difficult to fix during the post-placement implementation flow and could be the result of non-optimal XDC constraints or non-optimal design architecture
Related violations: <none>

TIMING-16#60 Warning
Large setup violation  
There is a large setup violation of -5.006 ns between u_FILCore/u_mwfil_chiftop/u_dut/u_Multichannel_FIR_Filter/u_Discrete_FIR_Filter/delay21_reg[1][1]/C (clocked by dutClk) and u_FILCore/u_mwfil_chiftop/u_mwfil_chifcore/DUT2CHIF.u_d2bfifo/u_dpscram/mem_reg_0/DIBDI[17] (clocked by dutClk). Large setup violations at the end of those stages might be difficult to fix during the post-placement implementation flow and could be the result of non-optimal XDC constraints or non-optimal design architecture
Related violations: <none>

TIMING-16#61 Warning
Large setup violation  
There is a large setup violation of -5.007 ns between u_FILCore/u_mwfil_chiftop/u_dut/u_Multichannel_FIR_Filter/u_Discrete_FIR_Filter/delay21_reg[1][1]/C (clocked by dutClk) and u_FILCore/u_mwfil_chiftop/u_mwfil_chifcore/DUT2CHIF.u_d2bfifo/u_dpscram/mem_reg_0/DIPBDIP[0] (clocked by dutClk). Large setup violations at the end of those stages might be difficult to fix during the post-placement implementation flow and could be the result of non-optimal XDC constraints or non-optimal design architecture
Related violations: <none>

TIMING-16#62 Warning
Large setup violation  
There is a large setup violation of -5.011 ns between u_FILCore/u_mwfil_chiftop/u_dut/u_Multichannel_FIR_Filter/u_Discrete_FIR_Filter/delay21_reg[1][1]/C (clocked by dutClk) and u_FILCore/u_mwfil_chiftop/u_mwfil_chifcore/DUT2CHIF.u_d2bfifo/u_dpscram/mem_reg_0/DIBDI[14] (clocked by dutClk). Large setup violations at the end of those stages might be difficult to fix during the post-placement implementation flow and could be the result of non-optimal XDC constraints or non-optimal design architecture
Related violations: <none>

TIMING-16#63 Warning
Large setup violation  
There is a large setup violation of -5.011 ns between u_FILCore/u_mwfil_chiftop/u_dut/u_Multichannel_FIR_Filter/u_Discrete_FIR_Filter/delay21_reg[1][1]/C (clocked by dutClk) and u_FILCore/u_mwfil_chiftop/u_mwfil_chifcore/DUT2CHIF.u_d2bfifo/u_dpscram/mem_reg_0/DIBDI[18] (clocked by dutClk). Large setup violations at the end of those stages might be difficult to fix during the post-placement implementation flow and could be the result of non-optimal XDC constraints or non-optimal design architecture
Related violations: <none>

TIMING-16#64 Warning
Large setup violation  
There is a large setup violation of -5.012 ns between u_FILCore/u_mwfil_chiftop/u_dut/u_Multichannel_FIR_Filter/u_Discrete_FIR_Filter/delay21_reg[1][1]/C (clocked by dutClk) and u_FILCore/u_mwfil_chiftop/u_mwfil_chifcore/DUT2CHIF.u_d2bfifo/u_dpscram/mem_reg_0/DIBDI[24] (clocked by dutClk). Large setup violations at the end of those stages might be difficult to fix during the post-placement implementation flow and could be the result of non-optimal XDC constraints or non-optimal design architecture
Related violations: <none>

TIMING-16#65 Warning
Large setup violation  
There is a large setup violation of -5.026 ns between u_FILCore/u_mwfil_chiftop/u_dut/u_Multichannel_FIR_Filter/u_Discrete_FIR_Filter/delay21_reg[1][1]/C (clocked by dutClk) and u_FILCore/u_mwfil_chiftop/u_mwfil_chifcore/DUT2CHIF.u_d2bfifo/u_dpscram/mem_reg_0/DIBDI[15] (clocked by dutClk). Large setup violations at the end of those stages might be difficult to fix during the post-placement implementation flow and could be the result of non-optimal XDC constraints or non-optimal design architecture
Related violations: <none>

TIMING-16#66 Warning
Large setup violation  
There is a large setup violation of -5.031 ns between u_FILCore/u_mwfil_chiftop/u_dut/u_Multichannel_FIR_Filter/u_Discrete_FIR_Filter/delay21_reg[1][1]/C (clocked by dutClk) and u_FILCore/u_mwfil_chiftop/u_mwfil_chifcore/DUT2CHIF.u_d2bfifo/u_dpscram/mem_reg_0/DIBDI[11] (clocked by dutClk). Large setup violations at the end of those stages might be difficult to fix during the post-placement implementation flow and could be the result of non-optimal XDC constraints or non-optimal design architecture
Related violations: <none>

TIMING-16#67 Warning
Large setup violation  
There is a large setup violation of -5.033 ns between u_FILCore/u_mwfil_chiftop/u_dut/u_Multichannel_FIR_Filter/u_Discrete_FIR_Filter/delay21_reg[1][1]/C (clocked by dutClk) and u_FILCore/u_mwfil_chiftop/u_mwfil_chifcore/DUT2CHIF.u_d2bfifo/u_dpscram/mem_reg_0/DIBDI[29] (clocked by dutClk). Large setup violations at the end of those stages might be difficult to fix during the post-placement implementation flow and could be the result of non-optimal XDC constraints or non-optimal design architecture
Related violations: <none>

TIMING-16#68 Warning
Large setup violation  
There is a large setup violation of -5.034 ns between u_FILCore/u_mwfil_chiftop/u_dut/u_Multichannel_FIR_Filter/u_Discrete_FIR_Filter/delay21_reg[1][1]/C (clocked by dutClk) and u_FILCore/u_mwfil_chiftop/u_mwfil_chifcore/DUT2CHIF.u_d2bfifo/u_dpscram/mem_reg_0/DIPBDIP[3] (clocked by dutClk). Large setup violations at the end of those stages might be difficult to fix during the post-placement implementation flow and could be the result of non-optimal XDC constraints or non-optimal design architecture
Related violations: <none>

TIMING-16#69 Warning
Large setup violation  
There is a large setup violation of -5.037 ns between u_FILCore/u_mwfil_chiftop/u_dut/u_Multichannel_FIR_Filter/u_Discrete_FIR_Filter/delay21_reg[1][1]/C (clocked by dutClk) and u_FILCore/u_mwfil_chiftop/u_mwfil_chifcore/DUT2CHIF.u_d2bfifo/u_dpscram/mem_reg_0/DIPADIP[0] (clocked by dutClk). Large setup violations at the end of those stages might be difficult to fix during the post-placement implementation flow and could be the result of non-optimal XDC constraints or non-optimal design architecture
Related violations: <none>

TIMING-16#70 Warning
Large setup violation  
There is a large setup violation of -5.051 ns between u_FILCore/u_mwfil_chiftop/u_dut/u_Multichannel_FIR_Filter/u_Discrete_FIR_Filter/delay21_reg[1][1]/C (clocked by dutClk) and u_FILCore/u_mwfil_chiftop/u_mwfil_chifcore/DUT2CHIF.u_d2bfifo/u_dpscram/mem_reg_0/DIPADIP[2] (clocked by dutClk). Large setup violations at the end of those stages might be difficult to fix during the post-placement implementation flow and could be the result of non-optimal XDC constraints or non-optimal design architecture
Related violations: <none>

TIMING-16#71 Warning
Large setup violation  
There is a large setup violation of -5.061 ns between u_FILCore/u_mwfil_chiftop/u_dut/u_Multichannel_FIR_Filter/u_Discrete_FIR_Filter/delay21_reg[1][1]/C (clocked by dutClk) and u_FILCore/u_mwfil_chiftop/u_mwfil_chifcore/DUT2CHIF.u_d2bfifo/u_dpscram/mem_reg_0/DIBDI[13] (clocked by dutClk). Large setup violations at the end of those stages might be difficult to fix during the post-placement implementation flow and could be the result of non-optimal XDC constraints or non-optimal design architecture
Related violations: <none>

TIMING-16#72 Warning
Large setup violation  
There is a large setup violation of -5.064 ns between u_FILCore/u_mwfil_chiftop/u_dut/u_Multichannel_FIR_Filter/u_Discrete_FIR_Filter/delay21_reg[1][1]/C (clocked by dutClk) and u_FILCore/u_mwfil_chiftop/u_mwfil_chifcore/DUT2CHIF.u_d2bfifo/u_dpscram/mem_reg_0/DIBDI[19] (clocked by dutClk). Large setup violations at the end of those stages might be difficult to fix during the post-placement implementation flow and could be the result of non-optimal XDC constraints or non-optimal design architecture
Related violations: <none>

TIMING-16#73 Warning
Large setup violation  
There is a large setup violation of -5.065 ns between u_FILCore/u_mwfil_chiftop/u_dut/u_Multichannel_FIR_Filter/u_Discrete_FIR_Filter/delay21_reg[1][1]/C (clocked by dutClk) and u_FILCore/u_mwfil_chiftop/u_mwfil_chifcore/DUT2CHIF.u_d2bfifo/u_dpscram/mem_reg_0/DIBDI[22] (clocked by dutClk). Large setup violations at the end of those stages might be difficult to fix during the post-placement implementation flow and could be the result of non-optimal XDC constraints or non-optimal design architecture
Related violations: <none>

TIMING-16#74 Warning
Large setup violation  
There is a large setup violation of -5.069 ns between u_FILCore/u_mwfil_chiftop/u_dut/u_Multichannel_FIR_Filter/u_Discrete_FIR_Filter/delay21_reg[1][1]/C (clocked by dutClk) and u_FILCore/u_mwfil_chiftop/u_mwfil_chifcore/DUT2CHIF.u_d2bfifo/u_dpscram/mem_reg_0/DIBDI[16] (clocked by dutClk). Large setup violations at the end of those stages might be difficult to fix during the post-placement implementation flow and could be the result of non-optimal XDC constraints or non-optimal design architecture
Related violations: <none>

TIMING-16#75 Warning
Large setup violation  
There is a large setup violation of -5.087 ns between u_FILCore/u_mwfil_chiftop/u_dut/u_Multichannel_FIR_Filter/u_Discrete_FIR_Filter/delay21_reg[1][1]/C (clocked by dutClk) and u_FILCore/u_mwfil_chiftop/u_mwfil_chifcore/DUT2CHIF.u_d2bfifo/u_dpscram/mem_reg_0/DIPADIP[3] (clocked by dutClk). Large setup violations at the end of those stages might be difficult to fix during the post-placement implementation flow and could be the result of non-optimal XDC constraints or non-optimal design architecture
Related violations: <none>

TIMING-16#76 Warning
Large setup violation  
There is a large setup violation of -5.152 ns between u_FILCore/u_mwfil_chiftop/u_dut/u_Multichannel_FIR_Filter/u_Discrete_FIR_Filter/delay21_reg[1][1]/C (clocked by dutClk) and u_FILCore/u_mwfil_chiftop/u_mwfil_chifcore/DUT2CHIF.u_d2bfifo/u_dpscram/mem_reg_0/DIBDI[31] (clocked by dutClk). Large setup violations at the end of those stages might be difficult to fix during the post-placement implementation flow and could be the result of non-optimal XDC constraints or non-optimal design architecture
Related violations: <none>

TIMING-18#1 Warning
Missing input or output delay  
An input delay is missing on ETH_COL relative to the rising and/or falling clock edge(s) of ETH_RXCLK.
Related violations: <none>

TIMING-18#2 Warning
Missing input or output delay  
An input delay is missing on ETH_CRS relative to the rising and/or falling clock edge(s) of ETH_RXCLK.
Related violations: <none>

TIMING-18#3 Warning
Missing input or output delay  
An input delay is missing on ETH_RXDV relative to the rising and/or falling clock edge(s) of ETH_RXCLK.
Related violations: <none>

TIMING-18#4 Warning
Missing input or output delay  
An input delay is missing on ETH_RXD[0] relative to the rising and/or falling clock edge(s) of ETH_RXCLK.
Related violations: <none>

TIMING-18#5 Warning
Missing input or output delay  
An input delay is missing on ETH_RXD[1] relative to the rising and/or falling clock edge(s) of ETH_RXCLK.
Related violations: <none>

TIMING-18#6 Warning
Missing input or output delay  
An input delay is missing on ETH_RXD[2] relative to the rising and/or falling clock edge(s) of ETH_RXCLK.
Related violations: <none>

TIMING-18#7 Warning
Missing input or output delay  
An input delay is missing on ETH_RXD[3] relative to the rising and/or falling clock edge(s) of ETH_RXCLK.
Related violations: <none>

TIMING-18#8 Warning
Missing input or output delay  
An input delay is missing on ETH_RXER relative to the rising and/or falling clock edge(s) of ETH_RXCLK.
Related violations: <none>

TIMING-18#9 Warning
Missing input or output delay  
An output delay is missing on ETH_TXD[0] relative to the rising and/or falling clock edge(s) of ETH_TXCLK.
Related violations: <none>

TIMING-18#10 Warning
Missing input or output delay  
An output delay is missing on ETH_TXD[1] relative to the rising and/or falling clock edge(s) of ETH_TXCLK.
Related violations: <none>

TIMING-18#11 Warning
Missing input or output delay  
An output delay is missing on ETH_TXD[2] relative to the rising and/or falling clock edge(s) of ETH_TXCLK.
Related violations: <none>

TIMING-18#12 Warning
Missing input or output delay  
An output delay is missing on ETH_TXD[3] relative to the rising and/or falling clock edge(s) of ETH_TXCLK.
Related violations: <none>

TIMING-18#13 Warning
Missing input or output delay  
An output delay is missing on ETH_TXEN relative to the rising and/or falling clock edge(s) of ETH_TXCLK.
Related violations: <none>


