### File Name: hdl_prj\fil_prj\Multichannel_FIR_Filter_fil.log
### Created: 2026-01-14 11:19:43
### Generated by MATLAB 25.2 

### FPGA-in-the-Loop Summary
###    Board: Artix-7 35T Arty FPGA Evaluation Kit
###    DUT frequency: 25.0000MHz

### Generating Vivado project and running HDL compilation ...
###    Project:
###       C:\demo\MultichannelFIRFilterForFPGAExample\hdl_prj\hdlsrc\dspmultichannelhdl\hdl_prj\fil_prj\fpgaproj\Multichannel_FIR_Filter_fil.xpr
###    Target Device:
###       Artix7 xc7a35t-1csg324
###    Property Settings:
###    User design files:
###       C:\demo\MultichannelFIRFilterForFPGAExample\hdl_prj\hdlsrc\dspmultichannelhdl\hdl_prj\hdlsrc\dspmultichannelhdl\Multichannel_FIR_Filter_pkg.vhd
###       C:\demo\MultichannelFIRFilterForFPGAExample\hdl_prj\hdlsrc\dspmultichannelhdl\hdl_prj\hdlsrc\dspmultichannelhdl\Discrete_FIR_Filter.vhd
###       C:\demo\MultichannelFIRFilterForFPGAExample\hdl_prj\hdlsrc\dspmultichannelhdl\hdl_prj\hdlsrc\dspmultichannelhdl\Multichannel_FIR_Filter.vhd
###    Generated files:
###       C:\demo\MultichannelFIRFilterForFPGAExample\hdl_prj\hdlsrc\dspmultichannelhdl\hdl_prj\fil_prj\filsrc\MWClkMgr.vhd
###       C:\demo\MultichannelFIRFilterForFPGAExample\hdl_prj\hdlsrc\dspmultichannelhdl\hdl_prj\fil_prj\filsrc\MWMII2GMII.vhd
###       C:\demo\MultichannelFIRFilterForFPGAExample\hdl_prj\hdlsrc\dspmultichannelhdl\hdl_prj\fil_prj\filsrc\mwrxmac.vhd
###       C:\demo\MultichannelFIRFilterForFPGAExample\hdl_prj\hdlsrc\dspmultichannelhdl\hdl_prj\fil_prj\filsrc\mwtxmac.vhd
###       C:\demo\MultichannelFIRFilterForFPGAExample\hdl_prj\hdlsrc\dspmultichannelhdl\hdl_prj\fil_prj\filsrc\mwpingram.vhd
###       C:\demo\MultichannelFIRFilterForFPGAExample\hdl_prj\hdlsrc\dspmultichannelhdl\hdl_prj\fil_prj\filsrc\MWMAC.vhd
###       C:\demo\MultichannelFIRFilterForFPGAExample\hdl_prj\hdlsrc\dspmultichannelhdl\hdl_prj\fil_prj\filsrc\MWDPRAM.vhd
###       C:\demo\MultichannelFIRFilterForFPGAExample\hdl_prj\hdlsrc\dspmultichannelhdl\hdl_prj\fil_prj\filsrc\FILUDPCRC.vhd
###       C:\demo\MultichannelFIRFilterForFPGAExample\hdl_prj\hdlsrc\dspmultichannelhdl\hdl_prj\fil_prj\filsrc\FILPktMUX.vhd
###       C:\demo\MultichannelFIRFilterForFPGAExample\hdl_prj\hdlsrc\dspmultichannelhdl\hdl_prj\fil_prj\filsrc\FILCmdProc.vhd
###       C:\demo\MultichannelFIRFilterForFPGAExample\hdl_prj\hdlsrc\dspmultichannelhdl\hdl_prj\fil_prj\filsrc\MWAsyncFIFO.vhd
###       C:\demo\MultichannelFIRFilterForFPGAExample\hdl_prj\hdlsrc\dspmultichannelhdl\hdl_prj\fil_prj\filsrc\FILDataProc.vhd
###       C:\demo\MultichannelFIRFilterForFPGAExample\hdl_prj\hdlsrc\dspmultichannelhdl\hdl_prj\fil_prj\filsrc\MWPKTBuffer.vhd
###       C:\demo\MultichannelFIRFilterForFPGAExample\hdl_prj\hdlsrc\dspmultichannelhdl\hdl_prj\fil_prj\filsrc\MWUDPPKTBuilder.vhd
###       C:\demo\MultichannelFIRFilterForFPGAExample\hdl_prj\hdlsrc\dspmultichannelhdl\hdl_prj\fil_prj\filsrc\FILPktProc.vhd
###       C:\demo\MultichannelFIRFilterForFPGAExample\hdl_prj\hdlsrc\dspmultichannelhdl\hdl_prj\fil_prj\filsrc\FILCommLayer.vhd
###       C:\demo\MultichannelFIRFilterForFPGAExample\hdl_prj\hdlsrc\dspmultichannelhdl\hdl_prj\fil_prj\filsrc\mwfil_dpscram.vhd
###       C:\demo\MultichannelFIRFilterForFPGAExample\hdl_prj\hdlsrc\dspmultichannelhdl\hdl_prj\fil_prj\filsrc\mwfil_udfifo.vhd
###       C:\demo\MultichannelFIRFilterForFPGAExample\hdl_prj\hdlsrc\dspmultichannelhdl\hdl_prj\fil_prj\filsrc\mwfil_bus2dut.vhd
###       C:\demo\MultichannelFIRFilterForFPGAExample\hdl_prj\hdlsrc\dspmultichannelhdl\hdl_prj\fil_prj\filsrc\mwfil_chifcore.vhd
###       C:\demo\MultichannelFIRFilterForFPGAExample\hdl_prj\hdlsrc\dspmultichannelhdl\hdl_prj\fil_prj\filsrc\mwfil_controller.vhd
###       C:\demo\MultichannelFIRFilterForFPGAExample\hdl_prj\hdlsrc\dspmultichannelhdl\hdl_prj\fil_prj\filsrc\mwfil_dut2bus.vhd
###       C:\demo\MultichannelFIRFilterForFPGAExample\hdl_prj\hdlsrc\dspmultichannelhdl\hdl_prj\fil_prj\filsrc\Multichannel_FIR_Filter_wrapper.vhd
###       C:\demo\MultichannelFIRFilterForFPGAExample\hdl_prj\hdlsrc\dspmultichannelhdl\hdl_prj\fil_prj\filsrc\mwfil_chiftop.vhd
###       C:\demo\MultichannelFIRFilterForFPGAExample\hdl_prj\hdlsrc\dspmultichannelhdl\hdl_prj\fil_prj\filsrc\FILCore.vhd
###       C:\demo\MultichannelFIRFilterForFPGAExample\hdl_prj\hdlsrc\dspmultichannelhdl\hdl_prj\fil_prj\filsrc\MWMdioBasic.vhd
###       C:\demo\MultichannelFIRFilterForFPGAExample\hdl_prj\hdlsrc\dspmultichannelhdl\hdl_prj\fil_prj\filsrc\Multichannel_FIR_Filter_fil.vhd
###       C:\demo\MultichannelFIRFilterForFPGAExample\hdl_prj\hdlsrc\dspmultichannelhdl\hdl_prj\fil_prj\filsrc\Multichannel_FIR_Filter_fil.xdc
### Running HDL Compilation

### HDL compilation completed.

### Running programming file generation outside MATLAB.
### Check external shell for programming file generation progress.
### Programming file location (when process is completed):
###    C:\demo\MultichannelFIRFilterForFPGAExample\hdl_prj\hdlsrc\dspmultichannelhdl\hdl_prj\fil_prj\Multichannel_FIR_Filter_fil.bit

