#-----------------------------------------------------------
# Vivado v2024.1 (64-bit)
# SW Build 5076996 on Wed May 22 18:37:14 MDT 2024
# IP Build 5075265 on Wed May 22 21:45:21 MDT 2024
# SharedData Build 5076995 on Wed May 22 18:29:18 MDT 2024
# Start of session at: Wed Jan 14 09:10:03 2026
# Process ID: 4704
# Current directory: C:/demo/MultichannelFIRFilterForFPGAExample/Multichannel_FIR_Filter_fil/fpgaproj
# Command line: vivado.exe -mode batch -source compileproject.tcl
# Log file: C:/demo/MultichannelFIRFilterForFPGAExample/Multichannel_FIR_Filter_fil/fpgaproj/vivado.log
# Journal file: C:/demo/MultichannelFIRFilterForFPGAExample/Multichannel_FIR_Filter_fil/fpgaproj\vivado.jou
# Running On        :TS-93724
# Platform          :Windows Server 2016 or Windows 10
# Operating System  :26200
# Processor Detail  :11th Gen Intel(R) Core(TM) i7-1165G7 @ 2.80GHz
# CPU Frequency     :2803 MHz
# CPU Physical cores:4
# CPU Logical cores :8
# Host memory       :34069 MB
# Swap memory       :12884 MB
# Total Virtual     :46954 MB
# Available Virtual :10372 MB
#-----------------------------------------------------------
source compileproject.tcl
# open_project Multichannel_FIR_Filter_fil
Scanning sources...
Finished scanning sources
INFO: [IP_Flow 19-234] Refreshing IP repositories
INFO: [IP_Flow 19-1704] No user IP repositories specified
INFO: [IP_Flow 19-2313] Loaded Vivado IP repository 'C:/Xilinx/Vivado/2024.1/data/ip'.
open_project: Time (s): cpu = 00:00:06 ; elapsed = 00:00:06 . Memory (MB): peak = 642.180 ; gain = 214.855
# launch_runs impl_1 -jobs 4
[Wed Jan 14 09:10:14 2026] Launched impl_1...
Run output will be captured here: C:/demo/MultichannelFIRFilterForFPGAExample/Multichannel_FIR_Filter_fil/fpgaproj/Multichannel_FIR_Filter_fil.runs/impl_1/runme.log
# wait_on_run impl_1
[Wed Jan 14 09:10:14 2026] Waiting for impl_1 to finish...

*** Running vivado
    with args -log Multichannel_FIR_Filter_fil.vdi -applog -m64 -product Vivado -messageDb vivado.pb -mode batch -source Multichannel_FIR_Filter_fil.tcl -notrace



****** Vivado v2024.1 (64-bit)
  **** SW Build 5076996 on Wed May 22 18:37:14 MDT 2024
  **** IP Build 5075265 on Wed May 22 21:45:21 MDT 2024
  **** SharedData Build 5076995 on Wed May 22 18:29:18 MDT 2024
  **** Start of session at: Wed Jan 14 09:10:21 2026
    ** Copyright 1986-2022 Xilinx, Inc. All Rights Reserved.
    ** Copyright 2022-2024 Advanced Micro Devices, Inc. All Rights Reserved.

source Multichannel_FIR_Filter_fil.tcl -notrace
create_project: Time (s): cpu = 00:00:05 ; elapsed = 00:00:06 . Memory (MB): peak = 629.066 ; gain = 198.883
Command: link_design -top Multichannel_FIR_Filter_fil -part xc7a35tcsg324-1
Design is defaulting to srcset: sources_1
Design is defaulting to constrset: constrs_1
INFO: [Device 21-403] Loading part xc7a35tcsg324-1
INFO: [Device 21-9227] Part: xc7a35tcsg324-1 does not have CEAM library.
INFO: [Project 1-454] Reading design checkpoint 'c:/demo/MultichannelFIRFilterForFPGAExample/Multichannel_FIR_Filter_fil/fpgaproj/Multichannel_FIR_Filter_fil.gen/sources_1/ip/clk_wiz_0/clk_wiz_0.dcp' for cell 'u_clk_wiz_0'
INFO: [Project 1-454] Reading design checkpoint 'c:/demo/MultichannelFIRFilterForFPGAExample/Multichannel_FIR_Filter_fil/fpgaproj/Multichannel_FIR_Filter_fil.gen/sources_1/ip/jtag_mac_fifo/jtag_mac_fifo.dcp' for cell 'u_jtag_mac/u_post_chif_fifo/u_jtag_mac_fifo'
INFO: [Project 1-454] Reading design checkpoint 'c:/demo/MultichannelFIRFilterForFPGAExample/Multichannel_FIR_Filter_fil/fpgaproj/Multichannel_FIR_Filter_fil.gen/sources_1/ip/simcycle_fifo/simcycle_fifo.dcp' for cell 'u_jtag_mac/u_simcycle_fifo/u_simcycle_fifo'
Netlist sorting complete. Time (s): cpu = 00:00:00 ; elapsed = 00:00:00.046 . Memory (MB): peak = 1077.578 ; gain = 0.000
INFO: [Netlist 29-17] Analyzing 299 Unisim elements for replacement
INFO: [Netlist 29-28] Unisim Transformation completed in 0 CPU seconds
INFO: [Project 1-479] Netlist was created with Vivado 2024.1
INFO: [Project 1-570] Preparing netlist for logic optimization
Parsing XDC File [c:/demo/MultichannelFIRFilterForFPGAExample/Multichannel_FIR_Filter_fil/fpgaproj/Multichannel_FIR_Filter_fil.gen/sources_1/ip/simcycle_fifo/simcycle_fifo.xdc] for cell 'u_jtag_mac/u_simcycle_fifo/u_simcycle_fifo/U0'
Finished Parsing XDC File [c:/demo/MultichannelFIRFilterForFPGAExample/Multichannel_FIR_Filter_fil/fpgaproj/Multichannel_FIR_Filter_fil.gen/sources_1/ip/simcycle_fifo/simcycle_fifo.xdc] for cell 'u_jtag_mac/u_simcycle_fifo/u_simcycle_fifo/U0'
Parsing XDC File [c:/demo/MultichannelFIRFilterForFPGAExample/Multichannel_FIR_Filter_fil/fpgaproj/Multichannel_FIR_Filter_fil.gen/sources_1/ip/clk_wiz_0/clk_wiz_0_board.xdc] for cell 'u_clk_wiz_0/inst'
Finished Parsing XDC File [c:/demo/MultichannelFIRFilterForFPGAExample/Multichannel_FIR_Filter_fil/fpgaproj/Multichannel_FIR_Filter_fil.gen/sources_1/ip/clk_wiz_0/clk_wiz_0_board.xdc] for cell 'u_clk_wiz_0/inst'
Parsing XDC File [c:/demo/MultichannelFIRFilterForFPGAExample/Multichannel_FIR_Filter_fil/fpgaproj/Multichannel_FIR_Filter_fil.gen/sources_1/ip/clk_wiz_0/clk_wiz_0.xdc] for cell 'u_clk_wiz_0/inst'
INFO: [Timing 38-35] Done setting XDC timing constraints. [c:/demo/MultichannelFIRFilterForFPGAExample/Multichannel_FIR_Filter_fil/fpgaproj/Multichannel_FIR_Filter_fil.gen/sources_1/ip/clk_wiz_0/clk_wiz_0.xdc:54]
INFO: [Timing 38-2] Deriving generated clocks [c:/demo/MultichannelFIRFilterForFPGAExample/Multichannel_FIR_Filter_fil/fpgaproj/Multichannel_FIR_Filter_fil.gen/sources_1/ip/clk_wiz_0/clk_wiz_0.xdc:54]
get_clocks: Time (s): cpu = 00:00:06 ; elapsed = 00:00:06 . Memory (MB): peak = 1772.363 ; gain = 579.477
Finished Parsing XDC File [c:/demo/MultichannelFIRFilterForFPGAExample/Multichannel_FIR_Filter_fil/fpgaproj/Multichannel_FIR_Filter_fil.gen/sources_1/ip/clk_wiz_0/clk_wiz_0.xdc] for cell 'u_clk_wiz_0/inst'
Parsing XDC File [c:/demo/MultichannelFIRFilterForFPGAExample/Multichannel_FIR_Filter_fil/fpgaproj/Multichannel_FIR_Filter_fil.gen/sources_1/ip/jtag_mac_fifo/jtag_mac_fifo.xdc] for cell 'u_jtag_mac/u_post_chif_fifo/u_jtag_mac_fifo/U0'
Finished Parsing XDC File [c:/demo/MultichannelFIRFilterForFPGAExample/Multichannel_FIR_Filter_fil/fpgaproj/Multichannel_FIR_Filter_fil.gen/sources_1/ip/jtag_mac_fifo/jtag_mac_fifo.xdc] for cell 'u_jtag_mac/u_post_chif_fifo/u_jtag_mac_fifo/U0'
Parsing XDC File [c:/demo/MultichannelFIRFilterForFPGAExample/Multichannel_FIR_Filter_fil/fpgaproj/Multichannel_FIR_Filter_fil.gen/sources_1/ip/jtag_mac_fifo/jtag_mac_fifo.xdc] for cell 'u_jtag_mac/u_pre_chif_fifo/u_jtag_mac_fifo/U0'
Finished Parsing XDC File [c:/demo/MultichannelFIRFilterForFPGAExample/Multichannel_FIR_Filter_fil/fpgaproj/Multichannel_FIR_Filter_fil.gen/sources_1/ip/jtag_mac_fifo/jtag_mac_fifo.xdc] for cell 'u_jtag_mac/u_pre_chif_fifo/u_jtag_mac_fifo/U0'
Parsing XDC File [C:/demo/MultichannelFIRFilterForFPGAExample/Multichannel_FIR_Filter_fil/filsrc/Multichannel_FIR_Filter_fil.xdc]
WARNING: [Constraints 18-619] A clock with name 'sysclk' already exists, overwriting the previous clock with the same name. [C:/demo/MultichannelFIRFilterForFPGAExample/Multichannel_FIR_Filter_fil/filsrc/Multichannel_FIR_Filter_fil.xdc:1]
WARNING: [Vivado 12-2489] -period contains time 15.151515 which will be rounded to 15.152 to ensure it is an integer multiple of 1 picosecond [C:/demo/MultichannelFIRFilterForFPGAExample/Multichannel_FIR_Filter_fil/filsrc/Multichannel_FIR_Filter_fil.xdc:4]
WARNING: [Vivado 12-2489] -waveform contains time 7.575758 which will be rounded to 7.576 to ensure it is an integer multiple of 1 picosecond [C:/demo/MultichannelFIRFilterForFPGAExample/Multichannel_FIR_Filter_fil/filsrc/Multichannel_FIR_Filter_fil.xdc:4]
Finished Parsing XDC File [C:/demo/MultichannelFIRFilterForFPGAExample/Multichannel_FIR_Filter_fil/filsrc/Multichannel_FIR_Filter_fil.xdc]
Parsing XDC File [c:/demo/MultichannelFIRFilterForFPGAExample/Multichannel_FIR_Filter_fil/fpgaproj/Multichannel_FIR_Filter_fil.gen/sources_1/ip/simcycle_fifo/simcycle_fifo_clocks.xdc] for cell 'u_jtag_mac/u_simcycle_fifo/u_simcycle_fifo/U0'
Finished Parsing XDC File [c:/demo/MultichannelFIRFilterForFPGAExample/Multichannel_FIR_Filter_fil/fpgaproj/Multichannel_FIR_Filter_fil.gen/sources_1/ip/simcycle_fifo/simcycle_fifo_clocks.xdc] for cell 'u_jtag_mac/u_simcycle_fifo/u_simcycle_fifo/U0'
Parsing XDC File [c:/demo/MultichannelFIRFilterForFPGAExample/Multichannel_FIR_Filter_fil/fpgaproj/Multichannel_FIR_Filter_fil.gen/sources_1/ip/jtag_mac_fifo/jtag_mac_fifo_clocks.xdc] for cell 'u_jtag_mac/u_post_chif_fifo/u_jtag_mac_fifo/U0'
Finished Parsing XDC File [c:/demo/MultichannelFIRFilterForFPGAExample/Multichannel_FIR_Filter_fil/fpgaproj/Multichannel_FIR_Filter_fil.gen/sources_1/ip/jtag_mac_fifo/jtag_mac_fifo_clocks.xdc] for cell 'u_jtag_mac/u_post_chif_fifo/u_jtag_mac_fifo/U0'
Parsing XDC File [c:/demo/MultichannelFIRFilterForFPGAExample/Multichannel_FIR_Filter_fil/fpgaproj/Multichannel_FIR_Filter_fil.gen/sources_1/ip/jtag_mac_fifo/jtag_mac_fifo_clocks.xdc] for cell 'u_jtag_mac/u_pre_chif_fifo/u_jtag_mac_fifo/U0'
Finished Parsing XDC File [c:/demo/MultichannelFIRFilterForFPGAExample/Multichannel_FIR_Filter_fil/fpgaproj/Multichannel_FIR_Filter_fil.gen/sources_1/ip/jtag_mac_fifo/jtag_mac_fifo_clocks.xdc] for cell 'u_jtag_mac/u_pre_chif_fifo/u_jtag_mac_fifo/U0'
INFO: [Project 1-1714] 18 XPM XDC files have been applied to the design.
INFO: [Opt 31-138] Pushed 0 inverter(s) to 0 load pin(s).
Netlist sorting complete. Time (s): cpu = 00:00:00 ; elapsed = 00:00:00.001 . Memory (MB): peak = 1773.621 ; gain = 0.000
INFO: [Project 1-111] Unisim Transformation Summary:
  A total of 7 instances were transformed.
  RAM32M => RAM32M (RAMD32(x6), RAMS32(x2)): 5 instances
  RAM32X1D => RAM32X1D (RAMD32(x2)): 2 instances

14 Infos, 3 Warnings, 0 Critical Warnings and 0 Errors encountered.
link_design completed successfully
link_design: Time (s): cpu = 00:00:11 ; elapsed = 00:00:11 . Memory (MB): peak = 1773.621 ; gain = 1129.145
Command: opt_design
Attempting to get a license for feature 'Implementation' and/or device 'xc7a35t'
INFO: [Common 17-349] Got license for feature 'Implementation' and/or device 'xc7a35t'
Running DRC as a precondition to command opt_design

Starting DRC Task
INFO: [DRC 23-27] Running DRC with 2 threads
INFO: [Project 1-461] DRC finished with 0 Errors
INFO: [Project 1-462] Please refer to the DRC report (report_drc) for more information.

Time (s): cpu = 00:00:01 ; elapsed = 00:00:00.817 . Memory (MB): peak = 1773.621 ; gain = 0.000

Starting Cache Timing Information Task
INFO: [Timing 38-35] Done setting XDC timing constraints.
Ending Cache Timing Information Task | Checksum: 3154e9d0b

Time (s): cpu = 00:00:01 ; elapsed = 00:00:00.429 . Memory (MB): peak = 1773.621 ; gain = 0.000

Starting Logic Optimization Task

Phase 1 Initialization

Phase 1.1 Core Generation And Design Setup
Phase 1.1 Core Generation And Design Setup | Checksum: 3154e9d0b

Time (s): cpu = 00:00:00 ; elapsed = 00:00:00.001 . Memory (MB): peak = 2112.234 ; gain = 0.000

Phase 1.2 Setup Constraints And Sort Netlist
Phase 1.2 Setup Constraints And Sort Netlist | Checksum: 3154e9d0b

Time (s): cpu = 00:00:00 ; elapsed = 00:00:00.003 . Memory (MB): peak = 2112.234 ; gain = 0.000
Phase 1 Initialization | Checksum: 3154e9d0b

Time (s): cpu = 00:00:00 ; elapsed = 00:00:00.003 . Memory (MB): peak = 2112.234 ; gain = 0.000

Phase 2 Timer Update And Timing Data Collection

Phase 2.1 Timer Update
Phase 2.1 Timer Update | Checksum: 3154e9d0b

Time (s): cpu = 00:00:01 ; elapsed = 00:00:00.351 . Memory (MB): peak = 2112.234 ; gain = 0.000

Phase 2.2 Timing Data Collection
Phase 2.2 Timing Data Collection | Checksum: 3154e9d0b

Time (s): cpu = 00:00:01 ; elapsed = 00:00:00.359 . Memory (MB): peak = 2112.234 ; gain = 0.000
Phase 2 Timer Update And Timing Data Collection | Checksum: 3154e9d0b

Time (s): cpu = 00:00:01 ; elapsed = 00:00:00.359 . Memory (MB): peak = 2112.234 ; gain = 0.000

Phase 3 Retarget
INFO: [Opt 31-1834] Total Chains To Be Transformed Were: 0 AND Number of Transformed insts Created are: 0
INFO: [Opt 31-138] Pushed 1 inverter(s) to 3 load pin(s).
INFO: [Opt 31-49] Retargeted 0 cell(s).
Phase 3 Retarget | Checksum: 31ff52b79

Time (s): cpu = 00:00:01 ; elapsed = 00:00:00.405 . Memory (MB): peak = 2112.234 ; gain = 0.000
Retarget | Checksum: 31ff52b79
INFO: [Opt 31-389] Phase Retarget created 0 cells and removed 21 cells
INFO: [Opt 31-1021] In phase Retarget, 19 netlist objects are constrained preventing optimization. Please run opt_design with -debug_log to get more detail. 

Phase 4 Constant propagation
INFO: [Opt 31-138] Pushed 0 inverter(s) to 0 load pin(s).
Phase 4 Constant propagation | Checksum: 31ff52b79

Time (s): cpu = 00:00:01 ; elapsed = 00:00:00.432 . Memory (MB): peak = 2112.234 ; gain = 0.000
Constant propagation | Checksum: 31ff52b79
INFO: [Opt 31-389] Phase Constant propagation created 0 cells and removed 0 cells
INFO: [Opt 31-1021] In phase Constant propagation, 18 netlist objects are constrained preventing optimization. Please run opt_design with -debug_log to get more detail. 

Phase 5 Sweep
Phase 5 Sweep | Checksum: 2b7437852

Time (s): cpu = 00:00:01 ; elapsed = 00:00:00.527 . Memory (MB): peak = 2112.234 ; gain = 0.000
Sweep | Checksum: 2b7437852
INFO: [Opt 31-389] Phase Sweep created 0 cells and removed 31 cells
INFO: [Opt 31-1021] In phase Sweep, 42 netlist objects are constrained preventing optimization. Please run opt_design with -debug_log to get more detail. 

Phase 6 BUFG optimization
Phase 6 BUFG optimization | Checksum: 2b7437852

Time (s): cpu = 00:00:01 ; elapsed = 00:00:00.573 . Memory (MB): peak = 2112.234 ; gain = 0.000
BUFG optimization | Checksum: 2b7437852
INFO: [Opt 31-662] Phase BUFG optimization created 0 cells of which 0 are BUFGs and removed 0 cells.

Phase 7 Shift Register Optimization
INFO: [Opt 31-1064] SRL Remap converted 0 SRLs to 0 registers and converted 0 registers of register chains to 0 SRLs
Phase 7 Shift Register Optimization | Checksum: 2b7437852

Time (s): cpu = 00:00:01 ; elapsed = 00:00:00.576 . Memory (MB): peak = 2112.234 ; gain = 0.000
Shift Register Optimization | Checksum: 2b7437852
INFO: [Opt 31-389] Phase Shift Register Optimization created 0 cells and removed 0 cells

Phase 8 Post Processing Netlist
Phase 8 Post Processing Netlist | Checksum: 2b7437852

Time (s): cpu = 00:00:01 ; elapsed = 00:00:00.584 . Memory (MB): peak = 2112.234 ; gain = 0.000
Post Processing Netlist | Checksum: 2b7437852
INFO: [Opt 31-389] Phase Post Processing Netlist created 0 cells and removed 0 cells
INFO: [Opt 31-1021] In phase Post Processing Netlist, 22 netlist objects are constrained preventing optimization. Please run opt_design with -debug_log to get more detail. 

Phase 9 Finalization

Phase 9.1 Finalizing Design Cores and Updating Shapes
Phase 9.1 Finalizing Design Cores and Updating Shapes | Checksum: 3168af6fd

Time (s): cpu = 00:00:01 ; elapsed = 00:00:00.656 . Memory (MB): peak = 2112.234 ; gain = 0.000

Phase 9.2 Verifying Netlist Connectivity

Starting Connectivity Check Task

Time (s): cpu = 00:00:00 ; elapsed = 00:00:00.003 . Memory (MB): peak = 2112.234 ; gain = 0.000
Phase 9.2 Verifying Netlist Connectivity | Checksum: 3168af6fd

Time (s): cpu = 00:00:01 ; elapsed = 00:00:00.659 . Memory (MB): peak = 2112.234 ; gain = 0.000
Phase 9 Finalization | Checksum: 3168af6fd

Time (s): cpu = 00:00:01 ; elapsed = 00:00:00.659 . Memory (MB): peak = 2112.234 ; gain = 0.000
Opt_design Change Summary
=========================


-------------------------------------------------------------------------------------------------------------------------
|  Phase                        |  #Cells created  |  #Cells Removed  |  #Constrained objects preventing optimizations  |
-------------------------------------------------------------------------------------------------------------------------
|  Retarget                     |               0  |              21  |                                             19  |
|  Constant propagation         |               0  |               0  |                                             18  |
|  Sweep                        |               0  |              31  |                                             42  |
|  BUFG optimization            |               0  |               0  |                                              0  |
|  Shift Register Optimization  |               0  |               0  |                                              0  |
|  Post Processing Netlist      |               0  |               0  |                                             22  |
-------------------------------------------------------------------------------------------------------------------------


Ending Logic Optimization Task | Checksum: 3168af6fd

Time (s): cpu = 00:00:01 ; elapsed = 00:00:00.660 . Memory (MB): peak = 2112.234 ; gain = 0.000

Starting Power Optimization Task
INFO: [Pwropt 34-132] Skipping clock gating for clocks with a period < 2.00 ns.
INFO: [Pwropt 34-9] Applying IDT optimizations ...
INFO: [Pwropt 34-10] Applying ODC optimizations ...
INFO: [Timing 38-35] Done setting XDC timing constraints.
Running Vector-less Activity Propagation...

Finished Running Vector-less Activity Propagation


Starting PowerOpt Patch Enables Task
INFO: [Pwropt 34-162] WRITE_MODE attribute of 2 BRAM(s) out of a total of 5 has been updated to save power. Run report_power_opt to get a complete listing of the BRAMs updated.
INFO: [Timing 38-35] Done setting XDC timing constraints.
INFO: [Pwropt 34-201] Structural ODC has moved 3 WE to EN ports
Number of BRAM Ports augmented: 0 newly gated: 3 Total Ports: 10
Ending PowerOpt Patch Enables Task | Checksum: 2ea1a3f1f

Time (s): cpu = 00:00:01 ; elapsed = 00:00:00.351 . Memory (MB): peak = 2271.855 ; gain = 0.000
Ending Power Optimization Task | Checksum: 2ea1a3f1f

Time (s): cpu = 00:00:03 ; elapsed = 00:00:02 . Memory (MB): peak = 2271.855 ; gain = 159.621

Starting Final Cleanup Task
Ending Final Cleanup Task | Checksum: 2ea1a3f1f

Time (s): cpu = 00:00:00 ; elapsed = 00:00:00 . Memory (MB): peak = 2271.855 ; gain = 0.000

Starting Netlist Obfuscation Task
Netlist sorting complete. Time (s): cpu = 00:00:00 ; elapsed = 00:00:00.001 . Memory (MB): peak = 2271.855 ; gain = 0.000
Ending Netlist Obfuscation Task | Checksum: 26091f820

Time (s): cpu = 00:00:00 ; elapsed = 00:00:00.002 . Memory (MB): peak = 2271.855 ; gain = 0.000
INFO: [Common 17-83] Releasing license: Implementation
42 Infos, 3 Warnings, 0 Critical Warnings and 0 Errors encountered.
opt_design completed successfully
opt_design: Time (s): cpu = 00:00:08 ; elapsed = 00:00:06 . Memory (MB): peak = 2271.855 ; gain = 498.234
INFO: [Vivado 12-24828] Executing command : report_drc -file Multichannel_FIR_Filter_fil_drc_opted.rpt -pb Multichannel_FIR_Filter_fil_drc_opted.pb -rpx Multichannel_FIR_Filter_fil_drc_opted.rpx
Command: report_drc -file Multichannel_FIR_Filter_fil_drc_opted.rpt -pb Multichannel_FIR_Filter_fil_drc_opted.pb -rpx Multichannel_FIR_Filter_fil_drc_opted.rpx
INFO: [IP_Flow 19-1839] IP Catalog is up to date.
INFO: [DRC 23-27] Running DRC with 2 threads
INFO: [Vivado_Tcl 2-168] The results of DRC are in file C:/demo/MultichannelFIRFilterForFPGAExample/Multichannel_FIR_Filter_fil/fpgaproj/Multichannel_FIR_Filter_fil.runs/impl_1/Multichannel_FIR_Filter_fil_drc_opted.rpt.
report_drc completed successfully
INFO: [Timing 38-480] Writing timing data to binary archive.
Wrote PlaceDB: Time (s): cpu = 00:00:00 ; elapsed = 00:00:00.001 . Memory (MB): peak = 2271.855 ; gain = 0.000
Wrote PulsedLatchDB: Time (s): cpu = 00:00:00 ; elapsed = 00:00:00 . Memory (MB): peak = 2271.855 ; gain = 0.000
Writing XDEF routing.
Write ShapeDB Complete: Time (s): cpu = 00:00:00 ; elapsed = 00:00:00.011 . Memory (MB): peak = 2271.855 ; gain = 0.000
Writing XDEF routing logical nets.
Writing XDEF routing special nets.
Wrote RouteStorage: Time (s): cpu = 00:00:00 ; elapsed = 00:00:00.053 . Memory (MB): peak = 2271.855 ; gain = 0.000
Wrote Netlist Cache: Time (s): cpu = 00:00:00 ; elapsed = 00:00:00 . Memory (MB): peak = 2271.855 ; gain = 0.000
Wrote Device Cache: Time (s): cpu = 00:00:00 ; elapsed = 00:00:00.009 . Memory (MB): peak = 2271.855 ; gain = 0.000
Write Physdb Complete: Time (s): cpu = 00:00:00 ; elapsed = 00:00:00.067 . Memory (MB): peak = 2271.855 ; gain = 0.000
INFO: [Common 17-1381] The checkpoint 'C:/demo/MultichannelFIRFilterForFPGAExample/Multichannel_FIR_Filter_fil/fpgaproj/Multichannel_FIR_Filter_fil.runs/impl_1/Multichannel_FIR_Filter_fil_opt.dcp' has been generated.
Command: place_design
Attempting to get a license for feature 'Implementation' and/or device 'xc7a35t'
INFO: [Common 17-349] Got license for feature 'Implementation' and/or device 'xc7a35t'
INFO: [Common 17-83] Releasing license: Implementation
INFO: [DRC 23-27] Running DRC with 2 threads
INFO: [Vivado_Tcl 4-198] DRC finished with 0 Errors
INFO: [Vivado_Tcl 4-199] Please refer to the DRC report (report_drc) for more information.
Running DRC as a precondition to command place_design
INFO: [DRC 23-27] Running DRC with 2 threads
INFO: [Vivado_Tcl 4-198] DRC finished with 0 Errors
INFO: [Vivado_Tcl 4-199] Please refer to the DRC report (report_drc) for more information.
INFO: [Place 30-611] Multithreading enabled for place_design using a maximum of 2 CPUs

Starting Placer Task

Phase 1 Placer Initialization

Phase 1.1 Placer Initialization Netlist Sorting
Netlist sorting complete. Time (s): cpu = 00:00:00 ; elapsed = 00:00:00.001 . Memory (MB): peak = 2271.855 ; gain = 0.000
Phase 1.1 Placer Initialization Netlist Sorting | Checksum: 2294d00ff

Time (s): cpu = 00:00:00 ; elapsed = 00:00:00.002 . Memory (MB): peak = 2271.855 ; gain = 0.000
Netlist sorting complete. Time (s): cpu = 00:00:00 ; elapsed = 00:00:00.001 . Memory (MB): peak = 2271.855 ; gain = 0.000

Phase 1.2 IO Placement/ Clock Placement/ Build Placer Device
INFO: [Timing 38-35] Done setting XDC timing constraints.
Phase 1.2 IO Placement/ Clock Placement/ Build Placer Device | Checksum: 223617b99

Time (s): cpu = 00:00:01 ; elapsed = 00:00:00.699 . Memory (MB): peak = 2271.855 ; gain = 0.000

Phase 1.3 Build Placer Netlist Model
Phase 1.3 Build Placer Netlist Model | Checksum: 29ca858f5

Time (s): cpu = 00:00:04 ; elapsed = 00:00:03 . Memory (MB): peak = 2271.855 ; gain = 0.000

Phase 1.4 Constrain Clocks/Macros
Phase 1.4 Constrain Clocks/Macros | Checksum: 29ca858f5

Time (s): cpu = 00:00:04 ; elapsed = 00:00:03 . Memory (MB): peak = 2271.855 ; gain = 0.000
Phase 1 Placer Initialization | Checksum: 29ca858f5

Time (s): cpu = 00:00:04 ; elapsed = 00:00:03 . Memory (MB): peak = 2271.855 ; gain = 0.000

Phase 2 Global Placement

Phase 2.1 Floorplanning
Phase 2.1 Floorplanning | Checksum: 2a76edb63

Time (s): cpu = 00:00:05 ; elapsed = 00:00:04 . Memory (MB): peak = 2271.855 ; gain = 0.000

Phase 2.2 Update Timing before SLR Path Opt
Phase 2.2 Update Timing before SLR Path Opt | Checksum: 29c22244b

Time (s): cpu = 00:00:05 ; elapsed = 00:00:04 . Memory (MB): peak = 2271.855 ; gain = 0.000

Phase 2.3 Post-Processing in Floorplanning
Phase 2.3 Post-Processing in Floorplanning | Checksum: 234500cfc

Time (s): cpu = 00:00:05 ; elapsed = 00:00:04 . Memory (MB): peak = 2271.855 ; gain = 0.000

Phase 2.4 Global Placement Core

Phase 2.4.1 UpdateTiming Before Physical Synthesis
Phase 2.4.1 UpdateTiming Before Physical Synthesis | Checksum: 2745f0c69

Time (s): cpu = 00:00:09 ; elapsed = 00:00:06 . Memory (MB): peak = 2271.855 ; gain = 0.000

Phase 2.4.2 Physical Synthesis In Placer
INFO: [Physopt 32-1035] Found 0 LUTNM shape to break, 49 LUT instances to create LUTNM shape
INFO: [Physopt 32-1044] Break lutnm for timing: one critical 0, two critical 0, total 0, new lutff created 0
INFO: [Physopt 32-1138] End 1 Pass. Optimized 24 nets or LUTs. Breaked 0 LUT, combined 24 existing LUTs and moved 0 existing LUT
INFO: [Physopt 32-65] No nets found for high-fanout optimization.
INFO: [Physopt 32-232] Optimized 0 net. Created 0 new instance.
INFO: [Physopt 32-775] End 1 Pass. Optimized 0 net or cell. Created 0 new cell, deleted 0 existing cell and moved 0 existing cell
INFO: [Physopt 32-456] No candidate cells for DSP register optimization found in the design.
INFO: [Physopt 32-775] End 2 Pass. Optimized 0 net or cell. Created 0 new cell, deleted 0 existing cell and moved 0 existing cell
INFO: [Physopt 32-1123] No candidate cells found for Shift Register to Pipeline optimization
INFO: [Physopt 32-775] End 2 Pass. Optimized 0 net or cell. Created 0 new cell, deleted 0 existing cell and moved 0 existing cell
INFO: [Physopt 32-1401] No candidate cells found for Shift Register optimization.
INFO: [Physopt 32-677] No candidate cells for Shift Register optimization found in the design
INFO: [Physopt 32-775] End 1 Pass. Optimized 0 net or cell. Created 0 new cell, deleted 0 existing cell and moved 0 existing cell
INFO: [Physopt 32-526] No candidate cells for BRAM register optimization found in the design
INFO: [Physopt 32-775] End 1 Pass. Optimized 0 net or cell. Created 0 new cell, deleted 0 existing cell and moved 0 existing cell
INFO: [Physopt 32-846] No candidate cells for URAM register optimization found in the design
INFO: [Physopt 32-775] End 1 Pass. Optimized 0 net or cell. Created 0 new cell, deleted 0 existing cell and moved 0 existing cell
INFO: [Physopt 32-846] No candidate cells for URAM register optimization found in the design
INFO: [Physopt 32-775] End 1 Pass. Optimized 0 net or cell. Created 0 new cell, deleted 0 existing cell and moved 0 existing cell
INFO: [Physopt 32-949] No candidate nets found for dynamic/static region interface net replication
INFO: [Physopt 32-775] End 1 Pass. Optimized 0 net or cell. Created 0 new cell, deleted 0 existing cell and moved 0 existing cell
Netlist sorting complete. Time (s): cpu = 00:00:00 ; elapsed = 00:00:00.001 . Memory (MB): peak = 2271.855 ; gain = 0.000

Summary of Physical Synthesis Optimizations
============================================


-----------------------------------------------------------------------------------------------------------------------------------------------------------
|  Optimization                                     |  Added Cells  |  Removed Cells  |  Optimized Cells/Nets  |  Dont Touch  |  Iterations  |  Elapsed   |
-----------------------------------------------------------------------------------------------------------------------------------------------------------
|  LUT Combining                                    |            0  |             24  |                    24  |           0  |           1  |  00:00:00  |
|  Retime                                           |            0  |              0  |                     0  |           0  |           1  |  00:00:00  |
|  Very High Fanout                                 |            0  |              0  |                     0  |           0  |           1  |  00:00:00  |
|  DSP Register                                     |            0  |              0  |                     0  |           0  |           1  |  00:00:00  |
|  Shift Register to Pipeline                       |            0  |              0  |                     0  |           0  |           1  |  00:00:00  |
|  Shift Register                                   |            0  |              0  |                     0  |           0  |           1  |  00:00:00  |
|  BRAM Register                                    |            0  |              0  |                     0  |           0  |           1  |  00:00:00  |
|  URAM Register                                    |            0  |              0  |                     0  |           0  |           1  |  00:00:00  |
|  Dynamic/Static Region Interface Net Replication  |            0  |              0  |                     0  |           0  |           1  |  00:00:00  |
|  Total                                            |            0  |             24  |                    24  |           0  |           9  |  00:00:00  |
-----------------------------------------------------------------------------------------------------------------------------------------------------------


Phase 2.4.2 Physical Synthesis In Placer | Checksum: 1f2b7dfec

Time (s): cpu = 00:00:09 ; elapsed = 00:00:07 . Memory (MB): peak = 2271.855 ; gain = 0.000
Phase 2.4 Global Placement Core | Checksum: 1b0b84d7d

Time (s): cpu = 00:00:10 ; elapsed = 00:00:07 . Memory (MB): peak = 2271.855 ; gain = 0.000
Phase 2 Global Placement | Checksum: 1b0b84d7d

Time (s): cpu = 00:00:10 ; elapsed = 00:00:07 . Memory (MB): peak = 2271.855 ; gain = 0.000

Phase 3 Detail Placement

Phase 3.1 Commit Multi Column Macros
Phase 3.1 Commit Multi Column Macros | Checksum: 1bde68819

Time (s): cpu = 00:00:10 ; elapsed = 00:00:07 . Memory (MB): peak = 2271.855 ; gain = 0.000

Phase 3.2 Commit Most Macros & LUTRAMs
Phase 3.2 Commit Most Macros & LUTRAMs | Checksum: 22828b466

Time (s): cpu = 00:00:10 ; elapsed = 00:00:07 . Memory (MB): peak = 2271.855 ; gain = 0.000

Phase 3.3 Area Swap Optimization
Phase 3.3 Area Swap Optimization | Checksum: 26ee4cde5

Time (s): cpu = 00:00:10 ; elapsed = 00:00:07 . Memory (MB): peak = 2271.855 ; gain = 0.000

Phase 3.4 Pipeline Register Optimization
Phase 3.4 Pipeline Register Optimization | Checksum: 1da3e5af8

Time (s): cpu = 00:00:10 ; elapsed = 00:00:07 . Memory (MB): peak = 2271.855 ; gain = 0.000

Phase 3.5 Fast Optimization
Phase 3.5 Fast Optimization | Checksum: 237b5850a

Time (s): cpu = 00:00:12 ; elapsed = 00:00:08 . Memory (MB): peak = 2271.855 ; gain = 0.000

Phase 3.6 Small Shape Detail Placement
Phase 3.6 Small Shape Detail Placement | Checksum: 247f11b94

Time (s): cpu = 00:00:12 ; elapsed = 00:00:09 . Memory (MB): peak = 2271.855 ; gain = 0.000

Phase 3.7 Re-assign LUT pins
Phase 3.7 Re-assign LUT pins | Checksum: 24edaf041

Time (s): cpu = 00:00:12 ; elapsed = 00:00:09 . Memory (MB): peak = 2271.855 ; gain = 0.000

Phase 3.8 Pipeline Register Optimization
Phase 3.8 Pipeline Register Optimization | Checksum: 1f93eaeaa

Time (s): cpu = 00:00:12 ; elapsed = 00:00:09 . Memory (MB): peak = 2271.855 ; gain = 0.000

Phase 3.9 Fast Optimization
Phase 3.9 Fast Optimization | Checksum: 24e74c4b7

Time (s): cpu = 00:00:14 ; elapsed = 00:00:10 . Memory (MB): peak = 2271.855 ; gain = 0.000
Phase 3 Detail Placement | Checksum: 24e74c4b7

Time (s): cpu = 00:00:14 ; elapsed = 00:00:10 . Memory (MB): peak = 2271.855 ; gain = 0.000

Phase 4 Post Placement Optimization and Clean-Up

Phase 4.1 Post Commit Optimization
INFO: [Timing 38-35] Done setting XDC timing constraints.

Phase 4.1.1 Post Placement Optimization
Post Placement Optimization Initialization | Checksum: 1ed1e1d06

Phase 4.1.1.1 BUFG Insertion

Starting Physical Synthesis Task

Phase 1 Physical Synthesis Initialization
INFO: [Physopt 32-721] Multithreading enabled for phys_opt_design using a maximum of 2 CPUs
INFO: [Physopt 32-619] Estimated Timing Summary | WNS=-5.621 | TNS=-366.367 |
Phase 1 Physical Synthesis Initialization | Checksum: 12677c457

Time (s): cpu = 00:00:01 ; elapsed = 00:00:00.271 . Memory (MB): peak = 2271.855 ; gain = 0.000
INFO: [Place 46-33] Processed net u_mwfil_chiftop/u_mwfil_chifcore/u_controller/wr_din[0], BUFG insertion was skipped due to placement/routing conflicts.
INFO: [Place 46-56] BUFG insertion identified 1 candidate nets. Inserted BUFG: 0, Replicated BUFG Driver: 0, Skipped due to Placement/Routing Conflicts: 1, Skipped due to Timing Degradation: 0, Skipped due to netlist editing failed: 0.
Ending Physical Synthesis Task | Checksum: 178e2dcb2

Time (s): cpu = 00:00:01 ; elapsed = 00:00:00.503 . Memory (MB): peak = 2271.855 ; gain = 0.000
Phase 4.1.1.1 BUFG Insertion | Checksum: 1ed1e1d06

Time (s): cpu = 00:00:17 ; elapsed = 00:00:12 . Memory (MB): peak = 2271.855 ; gain = 0.000

Phase 4.1.1.2 Post Placement Timing Optimization
INFO: [Place 30-746] Post Placement Timing Summary WNS=-5.346. For the most accurate timing information please run report_timing.
Phase 4.1.1.2 Post Placement Timing Optimization | Checksum: 1a513c57c

Time (s): cpu = 00:00:28 ; elapsed = 00:00:21 . Memory (MB): peak = 2271.855 ; gain = 0.000

Time (s): cpu = 00:00:28 ; elapsed = 00:00:21 . Memory (MB): peak = 2271.855 ; gain = 0.000
Phase 4.1 Post Commit Optimization | Checksum: 1a513c57c

Time (s): cpu = 00:00:28 ; elapsed = 00:00:21 . Memory (MB): peak = 2271.855 ; gain = 0.000

Phase 4.2 Post Placement Cleanup
Phase 4.2 Post Placement Cleanup | Checksum: 1a513c57c

Time (s): cpu = 00:00:28 ; elapsed = 00:00:21 . Memory (MB): peak = 2271.855 ; gain = 0.000

Phase 4.3 Placer Reporting

Phase 4.3.1 Print Estimated Congestion
INFO: [Place 30-612] Post-Placement Estimated Congestion 
 ____________________________________________________
|           | Global Congestion | Short Congestion  |
| Direction | Region Size       | Region Size       |
|___________|___________________|___________________|
|      North|                1x1|                1x1|
|___________|___________________|___________________|
|      South|                1x1|                1x1|
|___________|___________________|___________________|
|       East|                1x1|                1x1|
|___________|___________________|___________________|
|       West|                1x1|                1x1|
|___________|___________________|___________________|

Phase 4.3.1 Print Estimated Congestion | Checksum: 1a513c57c

Time (s): cpu = 00:00:28 ; elapsed = 00:00:21 . Memory (MB): peak = 2271.855 ; gain = 0.000
Phase 4.3 Placer Reporting | Checksum: 1a513c57c

Time (s): cpu = 00:00:28 ; elapsed = 00:00:21 . Memory (MB): peak = 2271.855 ; gain = 0.000

Phase 4.4 Final Placement Cleanup
Netlist sorting complete. Time (s): cpu = 00:00:00 ; elapsed = 00:00:00.001 . Memory (MB): peak = 2271.855 ; gain = 0.000

Time (s): cpu = 00:00:28 ; elapsed = 00:00:21 . Memory (MB): peak = 2271.855 ; gain = 0.000
Phase 4 Post Placement Optimization and Clean-Up | Checksum: 192e2689d

Time (s): cpu = 00:00:28 ; elapsed = 00:00:21 . Memory (MB): peak = 2271.855 ; gain = 0.000
Ending Placer Task | Checksum: 1147645bc

Time (s): cpu = 00:00:28 ; elapsed = 00:00:21 . Memory (MB): peak = 2271.855 ; gain = 0.000
86 Infos, 3 Warnings, 0 Critical Warnings and 0 Errors encountered.
place_design completed successfully
place_design: Time (s): cpu = 00:00:30 ; elapsed = 00:00:22 . Memory (MB): peak = 2271.855 ; gain = 0.000
INFO: [Vivado 12-24838] Running report commands "report_control_sets, report_io, report_utilization" in parallel.
Running report generation with 2 threads.
INFO: [Vivado 12-24828] Executing command : report_utilization -file Multichannel_FIR_Filter_fil_utilization_placed.rpt -pb Multichannel_FIR_Filter_fil_utilization_placed.pb
INFO: [Vivado 12-24828] Executing command : report_io -file Multichannel_FIR_Filter_fil_io_placed.rpt
report_io: Time (s): cpu = 00:00:00 ; elapsed = 00:00:00.038 . Memory (MB): peak = 2271.855 ; gain = 0.000
INFO: [Vivado 12-24828] Executing command : report_control_sets -verbose -file Multichannel_FIR_Filter_fil_control_sets_placed.rpt
report_control_sets: Time (s): cpu = 00:00:00 ; elapsed = 00:00:00.007 . Memory (MB): peak = 2271.855 ; gain = 0.000
INFO: [Timing 38-480] Writing timing data to binary archive.
Write ShapeDB Complete: Time (s): cpu = 00:00:00 ; elapsed = 00:00:00.014 . Memory (MB): peak = 2271.855 ; gain = 0.000
Wrote PlaceDB: Time (s): cpu = 00:00:01 ; elapsed = 00:00:00.309 . Memory (MB): peak = 2271.855 ; gain = 0.000
Wrote PulsedLatchDB: Time (s): cpu = 00:00:00 ; elapsed = 00:00:00 . Memory (MB): peak = 2271.855 ; gain = 0.000
Writing XDEF routing.
Writing XDEF routing logical nets.
Writing XDEF routing special nets.
Wrote RouteStorage: Time (s): cpu = 00:00:00 ; elapsed = 00:00:00.019 . Memory (MB): peak = 2271.855 ; gain = 0.000
Wrote Netlist Cache: Time (s): cpu = 00:00:00 ; elapsed = 00:00:00.007 . Memory (MB): peak = 2271.855 ; gain = 0.000
Wrote Device Cache: Time (s): cpu = 00:00:00 ; elapsed = 00:00:00.005 . Memory (MB): peak = 2271.855 ; gain = 0.000
Write Physdb Complete: Time (s): cpu = 00:00:01 ; elapsed = 00:00:00.355 . Memory (MB): peak = 2271.855 ; gain = 0.000
INFO: [Common 17-1381] The checkpoint 'C:/demo/MultichannelFIRFilterForFPGAExample/Multichannel_FIR_Filter_fil/fpgaproj/Multichannel_FIR_Filter_fil.runs/impl_1/Multichannel_FIR_Filter_fil_placed.dcp' has been generated.
Command: phys_opt_design
Attempting to get a license for feature 'Implementation' and/or device 'xc7a35t'
INFO: [Common 17-349] Got license for feature 'Implementation' and/or device 'xc7a35t'

Starting Initial Update Timing Task

Time (s): cpu = 00:00:01 ; elapsed = 00:00:00.741 . Memory (MB): peak = 2271.855 ; gain = 0.000
INFO: [Vivado_Tcl 4-1435] PhysOpt_Tcl_Interface Runtime Before Starting Physical Synthesis Task | CPU: 1.00s |  WALL: 0.76s
Netlist sorting complete. Time (s): cpu = 00:00:00 ; elapsed = 00:00:00.001 . Memory (MB): peak = 2271.855 ; gain = 0.000

Starting Physical Synthesis Task

Phase 1 Physical Synthesis Initialization
INFO: [Physopt 32-721] Multithreading enabled for phys_opt_design using a maximum of 2 CPUs
INFO: [Physopt 32-619] Estimated Timing Summary | WNS=-5.346 | TNS=-346.029 |
Phase 1 Physical Synthesis Initialization | Checksum: 1ce2b00db

Time (s): cpu = 00:00:01 ; elapsed = 00:00:00.365 . Memory (MB): peak = 2271.855 ; gain = 0.000
INFO: [Physopt 32-619] Estimated Timing Summary | WNS=-5.346 | TNS=-346.029 |

Phase 2 DSP Register Optimization
INFO: [Physopt 32-456] No candidate cells for DSP register optimization found in the design.
INFO: [Physopt 32-775] End 2 Pass. Optimized 0 net or cell. Created 0 new cell, deleted 0 existing cell and moved 0 existing cell
Phase 2 DSP Register Optimization | Checksum: 1ce2b00db

Time (s): cpu = 00:00:01 ; elapsed = 00:00:00.379 . Memory (MB): peak = 2271.855 ; gain = 0.000

Phase 3 Critical Path Optimization
INFO: [Physopt 32-619] Estimated Timing Summary | WNS=-5.346 | TNS=-346.029 |
INFO: [Physopt 32-702] Processed net u_mwfil_chiftop/u_mwfil_chifcore/DUT2CHIF.u_d2bfifo/u_dpscram/rd_dout[68]. Optimizations did not improve timing on the net.
INFO: [Physopt 32-702] Processed net u_clk_wiz_0/inst/clk_out1_clk_wiz_0. Optimizations did not improve timing on the net.
INFO: [Physopt 32-702] Processed net u_mwfil_chiftop/u_dut/u_Multichannel_FIR_Filter/u_Discrete_FIR_Filter/wr_din[54]. Optimizations did not improve timing on the net.
INFO: [Physopt 32-702] Processed net u_mwfil_chiftop/u_dut/u_Multichannel_FIR_Filter/u_Discrete_FIR_Filter/Discrete_FIR_Filter_out_tmp[1]__18_n_106. Optimizations did not improve timing on the net.
INFO: [Physopt 32-702] Processed net u_mwfil_chiftop/u_dut/u_Multichannel_FIR_Filter/u_Discrete_FIR_Filter/Discrete_FIR_Filter_out_tmp[1]__17_n_106. Optimizations did not improve timing on the net.
INFO: [Physopt 32-702] Processed net u_mwfil_chiftop/u_dut/u_Multichannel_FIR_Filter/u_Discrete_FIR_Filter/Discrete_FIR_Filter_out_tmp[1]__16_n_106. Optimizations did not improve timing on the net.
INFO: [Physopt 32-702] Processed net u_mwfil_chiftop/u_dut/u_Multichannel_FIR_Filter/u_Discrete_FIR_Filter/Discrete_FIR_Filter_out_tmp[1]__15_n_106. Optimizations did not improve timing on the net.
INFO: [Physopt 32-702] Processed net u_mwfil_chiftop/u_dut/u_Multichannel_FIR_Filter/u_Discrete_FIR_Filter/Discrete_FIR_Filter_out_tmp[1]__14_n_106. Optimizations did not improve timing on the net.
INFO: [Physopt 32-702] Processed net u_mwfil_chiftop/u_dut/u_Multichannel_FIR_Filter/u_Discrete_FIR_Filter/Discrete_FIR_Filter_out_tmp[1]__13_n_106. Optimizations did not improve timing on the net.
INFO: [Physopt 32-702] Processed net u_mwfil_chiftop/u_dut/u_Multichannel_FIR_Filter/u_Discrete_FIR_Filter/Discrete_FIR_Filter_out_tmp[1]__12_n_106. Optimizations did not improve timing on the net.
INFO: [Physopt 32-702] Processed net u_mwfil_chiftop/u_dut/u_Multichannel_FIR_Filter/u_Discrete_FIR_Filter/Discrete_FIR_Filter_out_tmp[1]__11_n_106. Optimizations did not improve timing on the net.
INFO: [Physopt 32-702] Processed net u_mwfil_chiftop/u_dut/u_Multichannel_FIR_Filter/u_Discrete_FIR_Filter/Discrete_FIR_Filter_out_tmp[1]__10_n_106. Optimizations did not improve timing on the net.
INFO: [Physopt 32-702] Processed net u_mwfil_chiftop/u_dut/u_Multichannel_FIR_Filter/u_Discrete_FIR_Filter/Discrete_FIR_Filter_out_tmp[1]__9_n_106. Optimizations did not improve timing on the net.
INFO: [Physopt 32-702] Processed net u_mwfil_chiftop/u_dut/u_Multichannel_FIR_Filter/u_Discrete_FIR_Filter/Discrete_FIR_Filter_out_tmp[1]__8_n_106. Optimizations did not improve timing on the net.
INFO: [Physopt 32-702] Processed net u_mwfil_chiftop/u_dut/u_Multichannel_FIR_Filter/u_Discrete_FIR_Filter/Discrete_FIR_Filter_out_tmp[1]__7_n_106. Optimizations did not improve timing on the net.
INFO: [Physopt 32-702] Processed net u_mwfil_chiftop/u_dut/u_Multichannel_FIR_Filter/u_Discrete_FIR_Filter/Discrete_FIR_Filter_out_tmp[1]__6_n_106. Optimizations did not improve timing on the net.
INFO: [Physopt 32-702] Processed net u_mwfil_chiftop/u_dut/u_Multichannel_FIR_Filter/u_Discrete_FIR_Filter/Discrete_FIR_Filter_out_tmp[1]__5_n_106. Optimizations did not improve timing on the net.
INFO: [Physopt 32-702] Processed net u_mwfil_chiftop/u_dut/u_Multichannel_FIR_Filter/u_Discrete_FIR_Filter/Discrete_FIR_Filter_out_tmp[1]__4_n_106. Optimizations did not improve timing on the net.
INFO: [Physopt 32-702] Processed net u_mwfil_chiftop/u_dut/u_Multichannel_FIR_Filter/u_Discrete_FIR_Filter/Discrete_FIR_Filter_out_tmp[1]__3_n_106. Optimizations did not improve timing on the net.
INFO: [Physopt 32-702] Processed net u_mwfil_chiftop/u_dut/u_Multichannel_FIR_Filter/u_Discrete_FIR_Filter/Discrete_FIR_Filter_out_tmp[1]__2_n_106. Optimizations did not improve timing on the net.
INFO: [Physopt 32-702] Processed net u_mwfil_chiftop/u_dut/u_Multichannel_FIR_Filter/u_Discrete_FIR_Filter/Discrete_FIR_Filter_out_tmp[1]__1_n_106. Optimizations did not improve timing on the net.
INFO: [Physopt 32-702] Processed net u_mwfil_chiftop/u_dut/u_Multichannel_FIR_Filter/u_Discrete_FIR_Filter/Discrete_FIR_Filter_out_tmp[1]__0_n_106. Optimizations did not improve timing on the net.
INFO: [Physopt 32-702] Processed net u_mwfil_chiftop/u_dut/u_Multichannel_FIR_Filter/u_Discrete_FIR_Filter/Discrete_FIR_Filter_out_tmp_n_106_[1]. Optimizations did not improve timing on the net.
INFO: [Physopt 32-702] Processed net u_mwfil_chiftop/u_dut/u_Multichannel_FIR_Filter/u_Discrete_FIR_Filter/gain21_mul_temp_1_i_1_n_4. Optimizations did not improve timing on the net.
INFO: [Physopt 32-702] Processed net u_mwfil_chiftop/u_dut/u_Multichannel_FIR_Filter/u_Discrete_FIR_Filter/gain21_mul_temp_1_i_2_n_0. Optimizations did not improve timing on the net.
INFO: [Physopt 32-702] Processed net u_mwfil_chiftop/u_dut/u_Multichannel_FIR_Filter/u_Discrete_FIR_Filter/gain21_mul_temp_1_i_3_n_0. Optimizations did not improve timing on the net.
INFO: [Physopt 32-702] Processed net u_mwfil_chiftop/u_dut/u_Multichannel_FIR_Filter/u_Discrete_FIR_Filter/gain21_mul_temp_1_i_4_n_0. Optimizations did not improve timing on the net.
INFO: [Physopt 32-608] Optimized 1 net.  Swapped 10 pins.
INFO: [Physopt 32-735] Processed net u_mwfil_chiftop/u_dut/u_Multichannel_FIR_Filter/u_Discrete_FIR_Filter/gain21_mul_temp_1_i_20_n_0. Optimization improves timing on the net.
INFO: [Physopt 32-619] Estimated Timing Summary | WNS=-5.231 | TNS=-341.659 |
INFO: [Physopt 32-702] Processed net u_mwfil_chiftop/u_dut/u_Multichannel_FIR_Filter/u_Discrete_FIR_Filter/gain21_mul_temp_1_i_19_n_0. Optimizations did not improve timing on the net.
INFO: [Physopt 32-702] Processed net u_mwfil_chiftop/u_dut/u_Multichannel_FIR_Filter/u_Discrete_FIR_Filter/gain21_mul_temp_1_n_106. Optimizations did not improve timing on the net.
INFO: [Physopt 32-702] Processed net u_mwfil_chiftop/u_dut/u_Multichannel_FIR_Filter/u_Discrete_FIR_Filter/delay21_reg[1]_63[1]. Optimizations did not improve timing on the net.
INFO: [Physopt 32-702] Processed net u_mwfil_chiftop/u_mwfil_chifcore/DUT2CHIF.u_d2bfifo/u_dpscram/rd_dout[68]. Optimizations did not improve timing on the net.
INFO: [Physopt 32-702] Processed net u_clk_wiz_0/inst/clk_out1_clk_wiz_0. Optimizations did not improve timing on the net.
INFO: [Physopt 32-702] Processed net u_mwfil_chiftop/u_dut/u_Multichannel_FIR_Filter/u_Discrete_FIR_Filter/wr_din[54]. Optimizations did not improve timing on the net.
INFO: [Physopt 32-702] Processed net u_mwfil_chiftop/u_dut/u_Multichannel_FIR_Filter/u_Discrete_FIR_Filter/gain21_mul_temp_1_i_1_n_4. Optimizations did not improve timing on the net.
INFO: [Physopt 32-702] Processed net u_mwfil_chiftop/u_dut/u_Multichannel_FIR_Filter/u_Discrete_FIR_Filter/gain21_mul_temp_1_i_19_n_0. Optimizations did not improve timing on the net.
INFO: [Physopt 32-702] Processed net u_mwfil_chiftop/u_dut/u_Multichannel_FIR_Filter/u_Discrete_FIR_Filter/delay21_reg[1]_63[1]. Optimizations did not improve timing on the net.
INFO: [Physopt 32-619] Estimated Timing Summary | WNS=-5.231 | TNS=-341.659 |
Netlist sorting complete. Time (s): cpu = 00:00:00 ; elapsed = 00:00:00.006 . Memory (MB): peak = 2271.855 ; gain = 0.000
Phase 3 Critical Path Optimization | Checksum: 1ce2b00db

Time (s): cpu = 00:00:04 ; elapsed = 00:00:02 . Memory (MB): peak = 2271.855 ; gain = 0.000

Phase 4 Critical Path Optimization
INFO: [Physopt 32-619] Estimated Timing Summary | WNS=-5.231 | TNS=-341.659 |
INFO: [Physopt 32-702] Processed net u_mwfil_chiftop/u_mwfil_chifcore/DUT2CHIF.u_d2bfifo/u_dpscram/rd_dout[68]. Optimizations did not improve timing on the net.
INFO: [Physopt 32-702] Processed net u_clk_wiz_0/inst/clk_out1_clk_wiz_0. Optimizations did not improve timing on the net.
INFO: [Physopt 32-702] Processed net u_mwfil_chiftop/u_dut/u_Multichannel_FIR_Filter/u_Discrete_FIR_Filter/wr_din[54]. Optimizations did not improve timing on the net.
INFO: [Physopt 32-702] Processed net u_mwfil_chiftop/u_dut/u_Multichannel_FIR_Filter/u_Discrete_FIR_Filter/Discrete_FIR_Filter_out_tmp[1]__18_n_106. Optimizations did not improve timing on the net.
INFO: [Physopt 32-702] Processed net u_mwfil_chiftop/u_dut/u_Multichannel_FIR_Filter/u_Discrete_FIR_Filter/Discrete_FIR_Filter_out_tmp[1]__17_n_106. Optimizations did not improve timing on the net.
INFO: [Physopt 32-702] Processed net u_mwfil_chiftop/u_dut/u_Multichannel_FIR_Filter/u_Discrete_FIR_Filter/Discrete_FIR_Filter_out_tmp[1]__16_n_106. Optimizations did not improve timing on the net.
INFO: [Physopt 32-702] Processed net u_mwfil_chiftop/u_dut/u_Multichannel_FIR_Filter/u_Discrete_FIR_Filter/Discrete_FIR_Filter_out_tmp[1]__15_n_106. Optimizations did not improve timing on the net.
INFO: [Physopt 32-702] Processed net u_mwfil_chiftop/u_dut/u_Multichannel_FIR_Filter/u_Discrete_FIR_Filter/Discrete_FIR_Filter_out_tmp[1]__14_n_106. Optimizations did not improve timing on the net.
INFO: [Physopt 32-702] Processed net u_mwfil_chiftop/u_dut/u_Multichannel_FIR_Filter/u_Discrete_FIR_Filter/Discrete_FIR_Filter_out_tmp[1]__13_n_106. Optimizations did not improve timing on the net.
INFO: [Physopt 32-702] Processed net u_mwfil_chiftop/u_dut/u_Multichannel_FIR_Filter/u_Discrete_FIR_Filter/Discrete_FIR_Filter_out_tmp[1]__12_n_106. Optimizations did not improve timing on the net.
INFO: [Physopt 32-702] Processed net u_mwfil_chiftop/u_dut/u_Multichannel_FIR_Filter/u_Discrete_FIR_Filter/Discrete_FIR_Filter_out_tmp[1]__11_n_106. Optimizations did not improve timing on the net.
INFO: [Physopt 32-702] Processed net u_mwfil_chiftop/u_dut/u_Multichannel_FIR_Filter/u_Discrete_FIR_Filter/Discrete_FIR_Filter_out_tmp[1]__10_n_106. Optimizations did not improve timing on the net.
INFO: [Physopt 32-702] Processed net u_mwfil_chiftop/u_dut/u_Multichannel_FIR_Filter/u_Discrete_FIR_Filter/Discrete_FIR_Filter_out_tmp[1]__9_n_106. Optimizations did not improve timing on the net.
INFO: [Physopt 32-702] Processed net u_mwfil_chiftop/u_dut/u_Multichannel_FIR_Filter/u_Discrete_FIR_Filter/Discrete_FIR_Filter_out_tmp[1]__8_n_106. Optimizations did not improve timing on the net.
INFO: [Physopt 32-702] Processed net u_mwfil_chiftop/u_dut/u_Multichannel_FIR_Filter/u_Discrete_FIR_Filter/Discrete_FIR_Filter_out_tmp[1]__7_n_106. Optimizations did not improve timing on the net.
INFO: [Physopt 32-702] Processed net u_mwfil_chiftop/u_dut/u_Multichannel_FIR_Filter/u_Discrete_FIR_Filter/Discrete_FIR_Filter_out_tmp[1]__6_n_106. Optimizations did not improve timing on the net.
INFO: [Physopt 32-702] Processed net u_mwfil_chiftop/u_dut/u_Multichannel_FIR_Filter/u_Discrete_FIR_Filter/Discrete_FIR_Filter_out_tmp[1]__5_n_106. Optimizations did not improve timing on the net.
INFO: [Physopt 32-702] Processed net u_mwfil_chiftop/u_dut/u_Multichannel_FIR_Filter/u_Discrete_FIR_Filter/Discrete_FIR_Filter_out_tmp[1]__4_n_106. Optimizations did not improve timing on the net.
INFO: [Physopt 32-702] Processed net u_mwfil_chiftop/u_dut/u_Multichannel_FIR_Filter/u_Discrete_FIR_Filter/Discrete_FIR_Filter_out_tmp[1]__3_n_106. Optimizations did not improve timing on the net.
INFO: [Physopt 32-702] Processed net u_mwfil_chiftop/u_dut/u_Multichannel_FIR_Filter/u_Discrete_FIR_Filter/Discrete_FIR_Filter_out_tmp[1]__2_n_106. Optimizations did not improve timing on the net.
INFO: [Physopt 32-702] Processed net u_mwfil_chiftop/u_dut/u_Multichannel_FIR_Filter/u_Discrete_FIR_Filter/Discrete_FIR_Filter_out_tmp[1]__1_n_106. Optimizations did not improve timing on the net.
INFO: [Physopt 32-702] Processed net u_mwfil_chiftop/u_dut/u_Multichannel_FIR_Filter/u_Discrete_FIR_Filter/Discrete_FIR_Filter_out_tmp[1]__0_n_106. Optimizations did not improve timing on the net.
INFO: [Physopt 32-702] Processed net u_mwfil_chiftop/u_dut/u_Multichannel_FIR_Filter/u_Discrete_FIR_Filter/Discrete_FIR_Filter_out_tmp_n_106_[1]. Optimizations did not improve timing on the net.
INFO: [Physopt 32-702] Processed net u_mwfil_chiftop/u_dut/u_Multichannel_FIR_Filter/u_Discrete_FIR_Filter/gain21_mul_temp_1_i_1_n_4. Optimizations did not improve timing on the net.
INFO: [Physopt 32-702] Processed net u_mwfil_chiftop/u_dut/u_Multichannel_FIR_Filter/u_Discrete_FIR_Filter/gain21_mul_temp_1_i_2_n_0. Optimizations did not improve timing on the net.
INFO: [Physopt 32-702] Processed net u_mwfil_chiftop/u_dut/u_Multichannel_FIR_Filter/u_Discrete_FIR_Filter/gain21_mul_temp_1_i_3_n_0. Optimizations did not improve timing on the net.
INFO: [Physopt 32-702] Processed net u_mwfil_chiftop/u_dut/u_Multichannel_FIR_Filter/u_Discrete_FIR_Filter/gain21_mul_temp_1_i_4_n_0. Optimizations did not improve timing on the net.
INFO: [Physopt 32-702] Processed net u_mwfil_chiftop/u_dut/u_Multichannel_FIR_Filter/u_Discrete_FIR_Filter/gain21_mul_temp_1_i_19_n_0. Optimizations did not improve timing on the net.
INFO: [Physopt 32-702] Processed net u_mwfil_chiftop/u_dut/u_Multichannel_FIR_Filter/u_Discrete_FIR_Filter/gain21_mul_temp_1_n_106. Optimizations did not improve timing on the net.
INFO: [Physopt 32-702] Processed net u_mwfil_chiftop/u_dut/u_Multichannel_FIR_Filter/u_Discrete_FIR_Filter/delay21_reg[1]_63[1]. Optimizations did not improve timing on the net.
INFO: [Physopt 32-702] Processed net u_mwfil_chiftop/u_mwfil_chifcore/DUT2CHIF.u_d2bfifo/u_dpscram/rd_dout[68]. Optimizations did not improve timing on the net.
INFO: [Physopt 32-702] Processed net u_clk_wiz_0/inst/clk_out1_clk_wiz_0. Optimizations did not improve timing on the net.
INFO: [Physopt 32-702] Processed net u_mwfil_chiftop/u_dut/u_Multichannel_FIR_Filter/u_Discrete_FIR_Filter/wr_din[54]. Optimizations did not improve timing on the net.
INFO: [Physopt 32-702] Processed net u_mwfil_chiftop/u_dut/u_Multichannel_FIR_Filter/u_Discrete_FIR_Filter/gain21_mul_temp_1_i_1_n_4. Optimizations did not improve timing on the net.
INFO: [Physopt 32-702] Processed net u_mwfil_chiftop/u_dut/u_Multichannel_FIR_Filter/u_Discrete_FIR_Filter/gain21_mul_temp_1_i_19_n_0. Optimizations did not improve timing on the net.
INFO: [Physopt 32-702] Processed net u_mwfil_chiftop/u_dut/u_Multichannel_FIR_Filter/u_Discrete_FIR_Filter/delay21_reg[1]_63[1]. Optimizations did not improve timing on the net.
INFO: [Physopt 32-619] Estimated Timing Summary | WNS=-5.231 | TNS=-341.659 |
Netlist sorting complete. Time (s): cpu = 00:00:00 ; elapsed = 00:00:00.007 . Memory (MB): peak = 2271.855 ; gain = 0.000
Phase 4 Critical Path Optimization | Checksum: 1ce2b00db

Time (s): cpu = 00:00:07 ; elapsed = 00:00:04 . Memory (MB): peak = 2271.855 ; gain = 0.000
Netlist sorting complete. Time (s): cpu = 00:00:00 ; elapsed = 00:00:00.001 . Memory (MB): peak = 2271.855 ; gain = 0.000
INFO: [Physopt 32-603] Post Physical Optimization Timing Summary | WNS=-5.231 | TNS=-341.659 |

Summary of Physical Synthesis Optimizations
============================================


-------------------------------------------------------------------------------------------------------------------------------------------------------------
|  Optimization   |  WNS Gain (ns)  |  TNS Gain (ns)  |  Added Cells  |  Removed Cells  |  Optimized Cells/Nets  |  Dont Touch  |  Iterations  |  Elapsed   |
-------------------------------------------------------------------------------------------------------------------------------------------------------------
|  DSP Register   |          0.000  |          0.000  |            0  |              0  |                     0  |           0  |           1  |  00:00:00  |
|  Critical Path  |          0.115  |          4.370  |            0  |              0  |                     1  |           0  |           2  |  00:00:03  |
|  Total          |          0.115  |          4.370  |            0  |              0  |                     1  |           0  |           3  |  00:00:03  |
-------------------------------------------------------------------------------------------------------------------------------------------------------------


Netlist sorting complete. Time (s): cpu = 00:00:00 ; elapsed = 00:00:00.001 . Memory (MB): peak = 2271.855 ; gain = 0.000
Ending Physical Synthesis Task | Checksum: 1581fea6f

Time (s): cpu = 00:00:07 ; elapsed = 00:00:04 . Memory (MB): peak = 2271.855 ; gain = 0.000
INFO: [Common 17-83] Releasing license: Implementation
180 Infos, 3 Warnings, 0 Critical Warnings and 0 Errors encountered.
phys_opt_design completed successfully
INFO: [Timing 38-480] Writing timing data to binary archive.
Write ShapeDB Complete: Time (s): cpu = 00:00:00 ; elapsed = 00:00:00.009 . Memory (MB): peak = 2271.855 ; gain = 0.000
Wrote PlaceDB: Time (s): cpu = 00:00:01 ; elapsed = 00:00:00.331 . Memory (MB): peak = 2271.855 ; gain = 0.000
Wrote PulsedLatchDB: Time (s): cpu = 00:00:00 ; elapsed = 00:00:00 . Memory (MB): peak = 2271.855 ; gain = 0.000
Writing XDEF routing.
Writing XDEF routing logical nets.
Writing XDEF routing special nets.
Wrote RouteStorage: Time (s): cpu = 00:00:00 ; elapsed = 00:00:00.019 . Memory (MB): peak = 2271.855 ; gain = 0.000
Wrote Netlist Cache: Time (s): cpu = 00:00:00 ; elapsed = 00:00:00.009 . Memory (MB): peak = 2271.855 ; gain = 0.000
Wrote Device Cache: Time (s): cpu = 00:00:00 ; elapsed = 00:00:00.004 . Memory (MB): peak = 2271.855 ; gain = 0.000
Write Physdb Complete: Time (s): cpu = 00:00:01 ; elapsed = 00:00:00.378 . Memory (MB): peak = 2271.855 ; gain = 0.000
INFO: [Common 17-1381] The checkpoint 'C:/demo/MultichannelFIRFilterForFPGAExample/Multichannel_FIR_Filter_fil/fpgaproj/Multichannel_FIR_Filter_fil.runs/impl_1/Multichannel_FIR_Filter_fil_physopt.dcp' has been generated.
Command: route_design
Attempting to get a license for feature 'Implementation' and/or device 'xc7a35t'
INFO: [Common 17-349] Got license for feature 'Implementation' and/or device 'xc7a35t'
Running DRC as a precondition to command route_design
INFO: [DRC 23-27] Running DRC with 2 threads
INFO: [Vivado_Tcl 4-198] DRC finished with 0 Errors
INFO: [Vivado_Tcl 4-199] Please refer to the DRC report (report_drc) for more information.


Starting Routing Task
INFO: [Route 35-254] Multithreading enabled for route_design using a maximum of 8 CPUs

Phase 1 Build RT Design
Checksum: PlaceDB: 66cf252c ConstDB: 0 ShapeSum: 198a71cb RouteDB: a0815c57
Post Restoration Checksum: NetGraph: f6bb832a | NumContArr: 8d394030 | Constraints: c2a8fa9d | Timing: c2a8fa9d
Phase 1 Build RT Design | Checksum: 30946b894

Time (s): cpu = 00:00:16 ; elapsed = 00:00:14 . Memory (MB): peak = 2329.133 ; gain = 57.277

Phase 2 Router Initialization

Phase 2.1 Fix Topology Constraints
Phase 2.1 Fix Topology Constraints | Checksum: 30946b894

Time (s): cpu = 00:00:16 ; elapsed = 00:00:14 . Memory (MB): peak = 2329.133 ; gain = 57.277

Phase 2.2 Pre Route Cleanup
Phase 2.2 Pre Route Cleanup | Checksum: 30946b894

Time (s): cpu = 00:00:16 ; elapsed = 00:00:14 . Memory (MB): peak = 2329.133 ; gain = 57.277
 Number of Nodes with overlaps = 0

Phase 2.3 Update Timing
Phase 2.3 Update Timing | Checksum: 2d1d31636

Time (s): cpu = 00:00:20 ; elapsed = 00:00:16 . Memory (MB): peak = 2361.512 ; gain = 89.656
INFO: [Route 35-416] Intermediate Timing Summary | WNS=-5.161 | TNS=-336.300| WHS=-0.145 | THS=-65.063|


Phase 2.4 Update Timing for Bus Skew

Phase 2.4.1 Update Timing
Phase 2.4.1 Update Timing | Checksum: 25d5d0cd0

Time (s): cpu = 00:00:22 ; elapsed = 00:00:17 . Memory (MB): peak = 2361.512 ; gain = 89.656
INFO: [Route 35-416] Intermediate Timing Summary | WNS=-5.161 | TNS=-336.150| WHS=-0.076 | THS=-1.378 |

Phase 2.4 Update Timing for Bus Skew | Checksum: 1f0fc9bb1

Time (s): cpu = 00:00:22 ; elapsed = 00:00:17 . Memory (MB): peak = 2361.512 ; gain = 89.656

Router Utilization Summary
  Global Vertical Routing Utilization    = 0.00326876 %
  Global Horizontal Routing Utilization  = 0.000650703 %
  Routable Net Status*
  *Does not include unroutable nets such as driverless and loadless.
  Run report_route_status for detailed report.
  Number of Failed Nets               = 5938
    (Failed Nets is the sum of unrouted and partially routed nets)
  Number of Unrouted Nets             = 5938
  Number of Partially Routed Nets     = 0
  Number of Node Overlaps             = 0

Phase 2 Router Initialization | Checksum: 1edadd9b6

Time (s): cpu = 00:00:22 ; elapsed = 00:00:17 . Memory (MB): peak = 2379.734 ; gain = 107.879

Phase 3 Global Routing
Phase 3 Global Routing | Checksum: 1edadd9b6

Time (s): cpu = 00:00:22 ; elapsed = 00:00:17 . Memory (MB): peak = 2379.734 ; gain = 107.879

Phase 4 Initial Routing

Phase 4.1 Initial Net Routing Pass
Phase 4.1 Initial Net Routing Pass | Checksum: 1b7c4e94c

Time (s): cpu = 00:00:24 ; elapsed = 00:00:18 . Memory (MB): peak = 2379.734 ; gain = 107.879
Phase 4 Initial Routing | Checksum: 1b7c4e94c

Time (s): cpu = 00:00:24 ; elapsed = 00:00:18 . Memory (MB): peak = 2379.734 ; gain = 107.879

Phase 5 Rip-up And Reroute

Phase 5.1 Global Iteration 0
 Number of Nodes with overlaps = 62
 Number of Nodes with overlaps = 0
INFO: [Route 35-416] Intermediate Timing Summary | WNS=-5.205 | TNS=-345.151| WHS=N/A    | THS=N/A    |

Phase 5.1 Global Iteration 0 | Checksum: 1ae1f7a49

Time (s): cpu = 00:00:26 ; elapsed = 00:00:18 . Memory (MB): peak = 2417.578 ; gain = 145.723

Phase 5.2 Global Iteration 1
 Number of Nodes with overlaps = 6
 Number of Nodes with overlaps = 1
 Number of Nodes with overlaps = 0
INFO: [Route 35-416] Intermediate Timing Summary | WNS=-5.097 | TNS=-344.132| WHS=N/A    | THS=N/A    |

Phase 5.2 Global Iteration 1 | Checksum: 2b1401342

Time (s): cpu = 00:00:26 ; elapsed = 00:00:19 . Memory (MB): peak = 2417.602 ; gain = 145.746

Phase 5.3 Global Iteration 2
 Number of Nodes with overlaps = 0
INFO: [Route 35-416] Intermediate Timing Summary | WNS=-5.097 | TNS=-344.131| WHS=N/A    | THS=N/A    |

Phase 5.3 Global Iteration 2 | Checksum: 241066539

Time (s): cpu = 00:00:26 ; elapsed = 00:00:19 . Memory (MB): peak = 2417.602 ; gain = 145.746
Phase 5 Rip-up And Reroute | Checksum: 241066539

Time (s): cpu = 00:00:26 ; elapsed = 00:00:19 . Memory (MB): peak = 2417.602 ; gain = 145.746

Phase 6 Delay and Skew Optimization

Phase 6.1 Delay CleanUp

Phase 6.1.1 Update Timing
Phase 6.1.1 Update Timing | Checksum: 1ee039057

Time (s): cpu = 00:00:27 ; elapsed = 00:00:19 . Memory (MB): peak = 2417.602 ; gain = 145.746
INFO: [Route 35-416] Intermediate Timing Summary | WNS=-5.097 | TNS=-344.131| WHS=N/A    | THS=N/A    |

 Number of Nodes with overlaps = 0
Phase 6.1 Delay CleanUp | Checksum: 18a19af34

Time (s): cpu = 00:00:27 ; elapsed = 00:00:19 . Memory (MB): peak = 2417.602 ; gain = 145.746

Phase 6.2 Clock Skew Optimization
Phase 6.2 Clock Skew Optimization | Checksum: 18a19af34

Time (s): cpu = 00:00:27 ; elapsed = 00:00:19 . Memory (MB): peak = 2417.602 ; gain = 145.746
Phase 6 Delay and Skew Optimization | Checksum: 18a19af34

Time (s): cpu = 00:00:27 ; elapsed = 00:00:19 . Memory (MB): peak = 2417.602 ; gain = 145.746

Phase 7 Post Hold Fix

Phase 7.1 Hold Fix Iter
INFO: [Route 35-416] Intermediate Timing Summary | WNS=-5.084 | TNS=-343.459| WHS=0.022  | THS=0.000  |

Phase 7.1 Hold Fix Iter | Checksum: 26063dd21

Time (s): cpu = 00:00:28 ; elapsed = 00:00:19 . Memory (MB): peak = 2417.602 ; gain = 145.746
Phase 7 Post Hold Fix | Checksum: 26063dd21

Time (s): cpu = 00:00:28 ; elapsed = 00:00:19 . Memory (MB): peak = 2417.602 ; gain = 145.746

Phase 8 Route finalize

Router Utilization Summary
  Global Vertical Routing Utilization    = 1.35374 %
  Global Horizontal Routing Utilization  = 2.06026 %
  Routable Net Status*
  *Does not include unroutable nets such as driverless and loadless.
  Run report_route_status for detailed report.
  Number of Failed Nets               = 0
    (Failed Nets is the sum of unrouted and partially routed nets)
  Number of Unrouted Nets             = 0
  Number of Partially Routed Nets     = 0
  Number of Node Overlaps             = 0


--GLOBAL Congestion:
Utilization threshold used for congestion level computation: 0.85
Congestion Report
North Dir 1x1 Area, Max Cong = 51.3514%, No Congested Regions.
South Dir 1x1 Area, Max Cong = 48.6486%, No Congested Regions.
East Dir 1x1 Area, Max Cong = 51.4706%, No Congested Regions.
West Dir 1x1 Area, Max Cong = 55.8824%, No Congested Regions.

------------------------------
Reporting congestion hotspots
------------------------------
Direction: North
----------------
Congested clusters found at Level 0
Effective congestion level: 0 Aspect Ratio: 1 Sparse Ratio: 0
Direction: South
----------------
Congested clusters found at Level 0
Effective congestion level: 0 Aspect Ratio: 1 Sparse Ratio: 0
Direction: East
----------------
Congested clusters found at Level 0
Effective congestion level: 0 Aspect Ratio: 1 Sparse Ratio: 0
Direction: West
----------------
Congested clusters found at Level 0
Effective congestion level: 0 Aspect Ratio: 1 Sparse Ratio: 0

Phase 8 Route finalize | Checksum: 26063dd21

Time (s): cpu = 00:00:28 ; elapsed = 00:00:19 . Memory (MB): peak = 2417.602 ; gain = 145.746

Phase 9 Verifying routed nets

 Verification completed successfully
Phase 9 Verifying routed nets | Checksum: 26063dd21

Time (s): cpu = 00:00:28 ; elapsed = 00:00:19 . Memory (MB): peak = 2417.602 ; gain = 145.746

Phase 10 Depositing Routes
Phase 10 Depositing Routes | Checksum: 329bf30f0

Time (s): cpu = 00:00:28 ; elapsed = 00:00:20 . Memory (MB): peak = 2417.602 ; gain = 145.746

Phase 11 Post Process Routing
Phase 11 Post Process Routing | Checksum: 329bf30f0

Time (s): cpu = 00:00:28 ; elapsed = 00:00:20 . Memory (MB): peak = 2417.602 ; gain = 145.746

Phase 12 Post Router Timing
INFO: [Route 35-57] Estimated Timing Summary | WNS=-5.084 | TNS=-343.459| WHS=0.022  | THS=0.000  |

WARNING: [Route 35-328] Router estimated timing not met.
Resolution: For a complete and accurate timing signoff, report_timing_summary must be run after route_design. Alternatively, route_design can be run with the -timing_summary option to enable a complete timing signoff at the end of route_design.
Phase 12 Post Router Timing | Checksum: 329bf30f0

Time (s): cpu = 00:00:28 ; elapsed = 00:00:20 . Memory (MB): peak = 2417.602 ; gain = 145.746
Total Elapsed time in route_design: 19.565 secs

Phase 13 Post-Route Event Processing
Phase 13 Post-Route Event Processing | Checksum: 1ca50fd77

Time (s): cpu = 00:00:28 ; elapsed = 00:00:20 . Memory (MB): peak = 2417.602 ; gain = 145.746
INFO: [Route 35-16] Router Completed Successfully
Ending Routing Task | Checksum: 1ca50fd77

Time (s): cpu = 00:00:28 ; elapsed = 00:00:20 . Memory (MB): peak = 2417.602 ; gain = 145.746

Routing Is Done.
INFO: [Common 17-83] Releasing license: Implementation
197 Infos, 4 Warnings, 0 Critical Warnings and 0 Errors encountered.
route_design completed successfully
route_design: Time (s): cpu = 00:00:30 ; elapsed = 00:00:20 . Memory (MB): peak = 2417.602 ; gain = 145.746
INFO: [Vivado 12-24828] Executing command : report_drc -file Multichannel_FIR_Filter_fil_drc_routed.rpt -pb Multichannel_FIR_Filter_fil_drc_routed.pb -rpx Multichannel_FIR_Filter_fil_drc_routed.rpx
Command: report_drc -file Multichannel_FIR_Filter_fil_drc_routed.rpt -pb Multichannel_FIR_Filter_fil_drc_routed.pb -rpx Multichannel_FIR_Filter_fil_drc_routed.rpx
INFO: [IP_Flow 19-1839] IP Catalog is up to date.
INFO: [DRC 23-27] Running DRC with 2 threads
INFO: [Vivado_Tcl 2-168] The results of DRC are in file C:/demo/MultichannelFIRFilterForFPGAExample/Multichannel_FIR_Filter_fil/fpgaproj/Multichannel_FIR_Filter_fil.runs/impl_1/Multichannel_FIR_Filter_fil_drc_routed.rpt.
report_drc completed successfully
INFO: [Vivado 12-24828] Executing command : report_methodology -file Multichannel_FIR_Filter_fil_methodology_drc_routed.rpt -pb Multichannel_FIR_Filter_fil_methodology_drc_routed.pb -rpx Multichannel_FIR_Filter_fil_methodology_drc_routed.rpx
Command: report_methodology -file Multichannel_FIR_Filter_fil_methodology_drc_routed.rpt -pb Multichannel_FIR_Filter_fil_methodology_drc_routed.pb -rpx Multichannel_FIR_Filter_fil_methodology_drc_routed.rpx
INFO: [Timing 38-35] Done setting XDC timing constraints.
INFO: [DRC 23-133] Running Methodology with 2 threads
INFO: [Vivado_Tcl 2-1520] The results of Report Methodology are in file C:/demo/MultichannelFIRFilterForFPGAExample/Multichannel_FIR_Filter_fil/fpgaproj/Multichannel_FIR_Filter_fil.runs/impl_1/Multichannel_FIR_Filter_fil_methodology_drc_routed.rpt.
report_methodology completed successfully
INFO: [Vivado 12-24828] Executing command : report_timing_summary -max_paths 10 -report_unconstrained -file Multichannel_FIR_Filter_fil_timing_summary_routed.rpt -pb Multichannel_FIR_Filter_fil_timing_summary_routed.pb -rpx Multichannel_FIR_Filter_fil_timing_summary_routed.rpx -warn_on_violation 
INFO: [Timing 38-35] Done setting XDC timing constraints.
INFO: [Timing 38-91] UpdateTimingParams: Speed grade: -1, Delay Type: min_max.
INFO: [Timing 38-191] Multithreading enabled for timing update using a maximum of 2 CPUs
CRITICAL WARNING: [Timing 38-282] The design failed to meet the timing requirements. Please see the timing summary report for details on the timing violations.
WARNING: [Timing 38-436] There are set_bus_skew constraint(s) in this design. Please run report_bus_skew to ensure that bus skew requirements are met.
INFO: [Vivado 12-24838] Running report commands "report_incremental_reuse, report_route_status" in parallel.
Running report generation with 2 threads.
INFO: [Vivado 12-24828] Executing command : report_incremental_reuse -file Multichannel_FIR_Filter_fil_incremental_reuse_routed.rpt
INFO: [Vivado_Tcl 4-1062] Incremental flow is disabled. No incremental reuse Info to report.
INFO: [Vivado 12-24828] Executing command : report_route_status -file Multichannel_FIR_Filter_fil_route_status.rpt -pb Multichannel_FIR_Filter_fil_route_status.pb
INFO: [Vivado 12-24828] Executing command : report_power -file Multichannel_FIR_Filter_fil_power_routed.rpt -pb Multichannel_FIR_Filter_fil_power_summary_routed.pb -rpx Multichannel_FIR_Filter_fil_power_routed.rpx
Command: report_power -file Multichannel_FIR_Filter_fil_power_routed.rpt -pb Multichannel_FIR_Filter_fil_power_summary_routed.pb -rpx Multichannel_FIR_Filter_fil_power_routed.rpx
Running Vector-less Activity Propagation...

Finished Running Vector-less Activity Propagation
214 Infos, 5 Warnings, 1 Critical Warnings and 0 Errors encountered.
report_power completed successfully
INFO: [Vivado 12-24828] Executing command : report_clock_utilization -file Multichannel_FIR_Filter_fil_clock_utilization_routed.rpt
WARNING: [Device 21-9320] Failed to find the Oracle tile group with name 'HSR_BOUNDARY_TOP'. This is required for Clock regions and Virtual grid.
WARNING: [Device 21-2174] Failed to initialize Virtual grid.
INFO: [Vivado 12-24828] Executing command : report_bus_skew -warn_on_violation -file Multichannel_FIR_Filter_fil_bus_skew_routed.rpt -pb Multichannel_FIR_Filter_fil_bus_skew_routed.pb -rpx Multichannel_FIR_Filter_fil_bus_skew_routed.rpx
INFO: [Timing 38-91] UpdateTimingParams: Speed grade: -1, Delay Type: min_max.
INFO: [Timing 38-191] Multithreading enabled for timing update using a maximum of 2 CPUs
generate_parallel_reports: Time (s): cpu = 00:00:11 ; elapsed = 00:00:06 . Memory (MB): peak = 2417.602 ; gain = 0.000
INFO: [Timing 38-480] Writing timing data to binary archive.
Write ShapeDB Complete: Time (s): cpu = 00:00:00 ; elapsed = 00:00:00.008 . Memory (MB): peak = 2417.602 ; gain = 0.000
Wrote PlaceDB: Time (s): cpu = 00:00:01 ; elapsed = 00:00:00.325 . Memory (MB): peak = 2417.602 ; gain = 0.000
Wrote PulsedLatchDB: Time (s): cpu = 00:00:00 ; elapsed = 00:00:00 . Memory (MB): peak = 2417.602 ; gain = 0.000
Writing XDEF routing.
Writing XDEF routing logical nets.
Writing XDEF routing special nets.
Wrote RouteStorage: Time (s): cpu = 00:00:00 ; elapsed = 00:00:00.066 . Memory (MB): peak = 2417.602 ; gain = 0.000
Wrote Netlist Cache: Time (s): cpu = 00:00:00 ; elapsed = 00:00:00.007 . Memory (MB): peak = 2417.602 ; gain = 0.000
Wrote Device Cache: Time (s): cpu = 00:00:00 ; elapsed = 00:00:00.005 . Memory (MB): peak = 2417.602 ; gain = 0.000
Write Physdb Complete: Time (s): cpu = 00:00:01 ; elapsed = 00:00:00.420 . Memory (MB): peak = 2417.602 ; gain = 0.000
INFO: [Common 17-1381] The checkpoint 'C:/demo/MultichannelFIRFilterForFPGAExample/Multichannel_FIR_Filter_fil/fpgaproj/Multichannel_FIR_Filter_fil.runs/impl_1/Multichannel_FIR_Filter_fil_routed.dcp' has been generated.
INFO: [Common 17-206] Exiting Vivado at Wed Jan 14 09:11:47 2026...
[Wed Jan 14 09:11:49 2026] impl_1 finished
wait_on_runs: Time (s): cpu = 00:00:00 ; elapsed = 00:01:36 . Memory (MB): peak = 649.344 ; gain = 0.000
# open_run impl_1
INFO: [Device 21-403] Loading part xc7a35tcsg324-1
INFO: [Device 21-9227] Part: xc7a35tcsg324-1 does not have CEAM library.
Netlist sorting complete. Time (s): cpu = 00:00:00 ; elapsed = 00:00:00.038 . Memory (MB): peak = 1051.605 ; gain = 0.000
INFO: [Netlist 29-17] Analyzing 296 Unisim elements for replacement
INFO: [Netlist 29-28] Unisim Transformation completed in 0 CPU seconds
INFO: [Project 1-479] Netlist was created with Vivado 2024.1
INFO: [Project 1-570] Preparing netlist for logic optimization
Read ShapeDB Complete: Time (s): cpu = 00:00:00 ; elapsed = 00:00:00.006 . Memory (MB): peak = 1150.422 ; gain = 0.129
INFO: [Timing 38-478] Restoring timing data from binary archive.
INFO: [Timing 38-479] Binary timing data restore complete.
INFO: [Project 1-856] Restoring constraints from binary archive.
INFO: [Project 1-853] Binary constraint restore complete.
INFO: [Designutils 20-5722] Start Reading Physical Databases.
Reading placement.
Read Netlist Cache: Time (s): cpu = 00:00:00 ; elapsed = 00:00:00.006 . Memory (MB): peak = 1766.707 ; gain = 0.000
Reading placer database...
Read Device Cache: Time (s): cpu = 00:00:00 ; elapsed = 00:00:00.009 . Memory (MB): peak = 1766.707 ; gain = 0.000
Read PlaceDB: Time (s): cpu = 00:00:00 ; elapsed = 00:00:00.146 . Memory (MB): peak = 1766.707 ; gain = 0.000
Read PulsedLatchDB: Time (s): cpu = 00:00:00 ; elapsed = 00:00:00 . Memory (MB): peak = 1766.707 ; gain = 0.000
Reading routing.
Read RouteStorage: Time (s): cpu = 00:00:00 ; elapsed = 00:00:00.058 . Memory (MB): peak = 1766.707 ; gain = 0.000
Read Physdb Files: Time (s): cpu = 00:00:00 ; elapsed = 00:00:00.231 . Memory (MB): peak = 1766.707 ; gain = 0.000
Restored from archive | CPU: 0.000000 secs | Memory: 0.000000 MB |
Finished XDEF File Restore: Time (s): cpu = 00:00:00 ; elapsed = 00:00:00.279 . Memory (MB): peak = 1766.707 ; gain = 6.891
Netlist sorting complete. Time (s): cpu = 00:00:00 ; elapsed = 00:00:00.001 . Memory (MB): peak = 1766.707 ; gain = 0.000
INFO: [Project 1-111] Unisim Transformation Summary:
  A total of 7 instances were transformed.
  RAM32M => RAM32M (RAMD32(x6), RAMS32(x2)): 5 instances
  RAM32X1D => RAM32X1D (RAMD32(x2)): 2 instances

open_run: Time (s): cpu = 00:00:10 ; elapsed = 00:00:11 . Memory (MB): peak = 1766.707 ; gain = 1117.363
# write_bitstream -force Multichannel_FIR_Filter_fil
Command: write_bitstream -force Multichannel_FIR_Filter_fil
Attempting to get a license for feature 'Implementation' and/or device 'xc7a35t'
INFO: [Common 17-349] Got license for feature 'Implementation' and/or device 'xc7a35t'
Running DRC as a precondition to command write_bitstream
INFO: [IP_Flow 19-1839] IP Catalog is up to date.
INFO: [DRC 23-27] Running DRC with 2 threads
WARNING: [DRC CFGBVS-1] Missing CFGBVS and CONFIG_VOLTAGE Design Properties: Neither the CFGBVS nor CONFIG_VOLTAGE voltage property is set in the current_design.  Configuration bank voltage select (CFGBVS) must be set to VCCO or GND, and CONFIG_VOLTAGE must be set to the correct configuration voltage, in order to determine the I/O voltage support for the pins in bank 0.  It is suggested to specify these either using the 'Edit Device Properties' function in the GUI or directly in the XDC file using the following syntax:

 set_property CFGBVS value1 [current_design]
 #where value1 is either VCCO or GND

 set_property CONFIG_VOLTAGE value2 [current_design]
 #where value2 is the voltage provided to configuration bank 0

Refer to the device configuration user guide for more information.
WARNING: [DRC DPIP-1] Input pipelining: DSP u_mwfil_chiftop/u_dut/u_Multichannel_FIR_Filter/u_Discrete_FIR_Filter/Discrete_FIR_Filter_out_tmp[0] input u_mwfil_chiftop/u_dut/u_Multichannel_FIR_Filter/u_Discrete_FIR_Filter/Discrete_FIR_Filter_out_tmp[0]/A[29:0] is not pipelined. Pipelining DSP48 input will improve performance.
WARNING: [DRC DPIP-1] Input pipelining: DSP u_mwfil_chiftop/u_dut/u_Multichannel_FIR_Filter/u_Discrete_FIR_Filter/Discrete_FIR_Filter_out_tmp[0]__0 input u_mwfil_chiftop/u_dut/u_Multichannel_FIR_Filter/u_Discrete_FIR_Filter/Discrete_FIR_Filter_out_tmp[0]__0/B[17:0] is not pipelined. Pipelining DSP48 input will improve performance.
WARNING: [DRC DPIP-1] Input pipelining: DSP u_mwfil_chiftop/u_dut/u_Multichannel_FIR_Filter/u_Discrete_FIR_Filter/Discrete_FIR_Filter_out_tmp[0]__1 input u_mwfil_chiftop/u_dut/u_Multichannel_FIR_Filter/u_Discrete_FIR_Filter/Discrete_FIR_Filter_out_tmp[0]__1/A[29:0] is not pipelined. Pipelining DSP48 input will improve performance.
WARNING: [DRC DPIP-1] Input pipelining: DSP u_mwfil_chiftop/u_dut/u_Multichannel_FIR_Filter/u_Discrete_FIR_Filter/Discrete_FIR_Filter_out_tmp[0]__10 input u_mwfil_chiftop/u_dut/u_Multichannel_FIR_Filter/u_Discrete_FIR_Filter/Discrete_FIR_Filter_out_tmp[0]__10/A[29:0] is not pipelined. Pipelining DSP48 input will improve performance.
WARNING: [DRC DPIP-1] Input pipelining: DSP u_mwfil_chiftop/u_dut/u_Multichannel_FIR_Filter/u_Discrete_FIR_Filter/Discrete_FIR_Filter_out_tmp[0]__11 input u_mwfil_chiftop/u_dut/u_Multichannel_FIR_Filter/u_Discrete_FIR_Filter/Discrete_FIR_Filter_out_tmp[0]__11/A[29:0] is not pipelined. Pipelining DSP48 input will improve performance.
WARNING: [DRC DPIP-1] Input pipelining: DSP u_mwfil_chiftop/u_dut/u_Multichannel_FIR_Filter/u_Discrete_FIR_Filter/Discrete_FIR_Filter_out_tmp[0]__12 input u_mwfil_chiftop/u_dut/u_Multichannel_FIR_Filter/u_Discrete_FIR_Filter/Discrete_FIR_Filter_out_tmp[0]__12/A[29:0] is not pipelined. Pipelining DSP48 input will improve performance.
WARNING: [DRC DPIP-1] Input pipelining: DSP u_mwfil_chiftop/u_dut/u_Multichannel_FIR_Filter/u_Discrete_FIR_Filter/Discrete_FIR_Filter_out_tmp[0]__13 input u_mwfil_chiftop/u_dut/u_Multichannel_FIR_Filter/u_Discrete_FIR_Filter/Discrete_FIR_Filter_out_tmp[0]__13/A[29:0] is not pipelined. Pipelining DSP48 input will improve performance.
WARNING: [DRC DPIP-1] Input pipelining: DSP u_mwfil_chiftop/u_dut/u_Multichannel_FIR_Filter/u_Discrete_FIR_Filter/Discrete_FIR_Filter_out_tmp[0]__14 input u_mwfil_chiftop/u_dut/u_Multichannel_FIR_Filter/u_Discrete_FIR_Filter/Discrete_FIR_Filter_out_tmp[0]__14/A[29:0] is not pipelined. Pipelining DSP48 input will improve performance.
WARNING: [DRC DPIP-1] Input pipelining: DSP u_mwfil_chiftop/u_dut/u_Multichannel_FIR_Filter/u_Discrete_FIR_Filter/Discrete_FIR_Filter_out_tmp[0]__15 input u_mwfil_chiftop/u_dut/u_Multichannel_FIR_Filter/u_Discrete_FIR_Filter/Discrete_FIR_Filter_out_tmp[0]__15/A[29:0] is not pipelined. Pipelining DSP48 input will improve performance.
WARNING: [DRC DPIP-1] Input pipelining: DSP u_mwfil_chiftop/u_dut/u_Multichannel_FIR_Filter/u_Discrete_FIR_Filter/Discrete_FIR_Filter_out_tmp[0]__16 input u_mwfil_chiftop/u_dut/u_Multichannel_FIR_Filter/u_Discrete_FIR_Filter/Discrete_FIR_Filter_out_tmp[0]__16/A[29:0] is not pipelined. Pipelining DSP48 input will improve performance.
WARNING: [DRC DPIP-1] Input pipelining: DSP u_mwfil_chiftop/u_dut/u_Multichannel_FIR_Filter/u_Discrete_FIR_Filter/Discrete_FIR_Filter_out_tmp[0]__17 input u_mwfil_chiftop/u_dut/u_Multichannel_FIR_Filter/u_Discrete_FIR_Filter/Discrete_FIR_Filter_out_tmp[0]__17/A[29:0] is not pipelined. Pipelining DSP48 input will improve performance.
WARNING: [DRC DPIP-1] Input pipelining: DSP u_mwfil_chiftop/u_dut/u_Multichannel_FIR_Filter/u_Discrete_FIR_Filter/Discrete_FIR_Filter_out_tmp[0]__18 input u_mwfil_chiftop/u_dut/u_Multichannel_FIR_Filter/u_Discrete_FIR_Filter/Discrete_FIR_Filter_out_tmp[0]__18/A[29:0] is not pipelined. Pipelining DSP48 input will improve performance.
WARNING: [DRC DPIP-1] Input pipelining: DSP u_mwfil_chiftop/u_dut/u_Multichannel_FIR_Filter/u_Discrete_FIR_Filter/Discrete_FIR_Filter_out_tmp[0]__19 input u_mwfil_chiftop/u_dut/u_Multichannel_FIR_Filter/u_Discrete_FIR_Filter/Discrete_FIR_Filter_out_tmp[0]__19/A[29:0] is not pipelined. Pipelining DSP48 input will improve performance.
WARNING: [DRC DPIP-1] Input pipelining: DSP u_mwfil_chiftop/u_dut/u_Multichannel_FIR_Filter/u_Discrete_FIR_Filter/Discrete_FIR_Filter_out_tmp[0]__2 input u_mwfil_chiftop/u_dut/u_Multichannel_FIR_Filter/u_Discrete_FIR_Filter/Discrete_FIR_Filter_out_tmp[0]__2/A[29:0] is not pipelined. Pipelining DSP48 input will improve performance.
WARNING: [DRC DPIP-1] Input pipelining: DSP u_mwfil_chiftop/u_dut/u_Multichannel_FIR_Filter/u_Discrete_FIR_Filter/Discrete_FIR_Filter_out_tmp[0]__3 input u_mwfil_chiftop/u_dut/u_Multichannel_FIR_Filter/u_Discrete_FIR_Filter/Discrete_FIR_Filter_out_tmp[0]__3/A[29:0] is not pipelined. Pipelining DSP48 input will improve performance.
WARNING: [DRC DPIP-1] Input pipelining: DSP u_mwfil_chiftop/u_dut/u_Multichannel_FIR_Filter/u_Discrete_FIR_Filter/Discrete_FIR_Filter_out_tmp[0]__4 input u_mwfil_chiftop/u_dut/u_Multichannel_FIR_Filter/u_Discrete_FIR_Filter/Discrete_FIR_Filter_out_tmp[0]__4/A[29:0] is not pipelined. Pipelining DSP48 input will improve performance.
WARNING: [DRC DPIP-1] Input pipelining: DSP u_mwfil_chiftop/u_dut/u_Multichannel_FIR_Filter/u_Discrete_FIR_Filter/Discrete_FIR_Filter_out_tmp[0]__5 input u_mwfil_chiftop/u_dut/u_Multichannel_FIR_Filter/u_Discrete_FIR_Filter/Discrete_FIR_Filter_out_tmp[0]__5/A[29:0] is not pipelined. Pipelining DSP48 input will improve performance.
WARNING: [DRC DPIP-1] Input pipelining: DSP u_mwfil_chiftop/u_dut/u_Multichannel_FIR_Filter/u_Discrete_FIR_Filter/Discrete_FIR_Filter_out_tmp[0]__6 input u_mwfil_chiftop/u_dut/u_Multichannel_FIR_Filter/u_Discrete_FIR_Filter/Discrete_FIR_Filter_out_tmp[0]__6/A[29:0] is not pipelined. Pipelining DSP48 input will improve performance.
WARNING: [DRC DPIP-1] Input pipelining: DSP u_mwfil_chiftop/u_dut/u_Multichannel_FIR_Filter/u_Discrete_FIR_Filter/Discrete_FIR_Filter_out_tmp[0]__7 input u_mwfil_chiftop/u_dut/u_Multichannel_FIR_Filter/u_Discrete_FIR_Filter/Discrete_FIR_Filter_out_tmp[0]__7/A[29:0] is not pipelined. Pipelining DSP48 input will improve performance.
WARNING: [DRC DPIP-1] Input pipelining: DSP u_mwfil_chiftop/u_dut/u_Multichannel_FIR_Filter/u_Discrete_FIR_Filter/Discrete_FIR_Filter_out_tmp[0]__8 input u_mwfil_chiftop/u_dut/u_Multichannel_FIR_Filter/u_Discrete_FIR_Filter/Discrete_FIR_Filter_out_tmp[0]__8/A[29:0] is not pipelined. Pipelining DSP48 input will improve performance.
WARNING: [DRC DPIP-1] Input pipelining: DSP u_mwfil_chiftop/u_dut/u_Multichannel_FIR_Filter/u_Discrete_FIR_Filter/Discrete_FIR_Filter_out_tmp[0]__9 input u_mwfil_chiftop/u_dut/u_Multichannel_FIR_Filter/u_Discrete_FIR_Filter/Discrete_FIR_Filter_out_tmp[0]__9/A[29:0] is not pipelined. Pipelining DSP48 input will improve performance.
WARNING: [DRC DPIP-1] Input pipelining: DSP u_mwfil_chiftop/u_dut/u_Multichannel_FIR_Filter/u_Discrete_FIR_Filter/Discrete_FIR_Filter_out_tmp[1] input u_mwfil_chiftop/u_dut/u_Multichannel_FIR_Filter/u_Discrete_FIR_Filter/Discrete_FIR_Filter_out_tmp[1]/A[29:0] is not pipelined. Pipelining DSP48 input will improve performance.
WARNING: [DRC DPIP-1] Input pipelining: DSP u_mwfil_chiftop/u_dut/u_Multichannel_FIR_Filter/u_Discrete_FIR_Filter/Discrete_FIR_Filter_out_tmp[1]__0 input u_mwfil_chiftop/u_dut/u_Multichannel_FIR_Filter/u_Discrete_FIR_Filter/Discrete_FIR_Filter_out_tmp[1]__0/B[17:0] is not pipelined. Pipelining DSP48 input will improve performance.
WARNING: [DRC DPIP-1] Input pipelining: DSP u_mwfil_chiftop/u_dut/u_Multichannel_FIR_Filter/u_Discrete_FIR_Filter/Discrete_FIR_Filter_out_tmp[1]__1 input u_mwfil_chiftop/u_dut/u_Multichannel_FIR_Filter/u_Discrete_FIR_Filter/Discrete_FIR_Filter_out_tmp[1]__1/A[29:0] is not pipelined. Pipelining DSP48 input will improve performance.
WARNING: [DRC DPIP-1] Input pipelining: DSP u_mwfil_chiftop/u_dut/u_Multichannel_FIR_Filter/u_Discrete_FIR_Filter/Discrete_FIR_Filter_out_tmp[1]__10 input u_mwfil_chiftop/u_dut/u_Multichannel_FIR_Filter/u_Discrete_FIR_Filter/Discrete_FIR_Filter_out_tmp[1]__10/A[29:0] is not pipelined. Pipelining DSP48 input will improve performance.
WARNING: [DRC DPIP-1] Input pipelining: DSP u_mwfil_chiftop/u_dut/u_Multichannel_FIR_Filter/u_Discrete_FIR_Filter/Discrete_FIR_Filter_out_tmp[1]__11 input u_mwfil_chiftop/u_dut/u_Multichannel_FIR_Filter/u_Discrete_FIR_Filter/Discrete_FIR_Filter_out_tmp[1]__11/A[29:0] is not pipelined. Pipelining DSP48 input will improve performance.
WARNING: [DRC DPIP-1] Input pipelining: DSP u_mwfil_chiftop/u_dut/u_Multichannel_FIR_Filter/u_Discrete_FIR_Filter/Discrete_FIR_Filter_out_tmp[1]__12 input u_mwfil_chiftop/u_dut/u_Multichannel_FIR_Filter/u_Discrete_FIR_Filter/Discrete_FIR_Filter_out_tmp[1]__12/A[29:0] is not pipelined. Pipelining DSP48 input will improve performance.
WARNING: [DRC DPIP-1] Input pipelining: DSP u_mwfil_chiftop/u_dut/u_Multichannel_FIR_Filter/u_Discrete_FIR_Filter/Discrete_FIR_Filter_out_tmp[1]__13 input u_mwfil_chiftop/u_dut/u_Multichannel_FIR_Filter/u_Discrete_FIR_Filter/Discrete_FIR_Filter_out_tmp[1]__13/A[29:0] is not pipelined. Pipelining DSP48 input will improve performance.
WARNING: [DRC DPIP-1] Input pipelining: DSP u_mwfil_chiftop/u_dut/u_Multichannel_FIR_Filter/u_Discrete_FIR_Filter/Discrete_FIR_Filter_out_tmp[1]__14 input u_mwfil_chiftop/u_dut/u_Multichannel_FIR_Filter/u_Discrete_FIR_Filter/Discrete_FIR_Filter_out_tmp[1]__14/A[29:0] is not pipelined. Pipelining DSP48 input will improve performance.
WARNING: [DRC DPIP-1] Input pipelining: DSP u_mwfil_chiftop/u_dut/u_Multichannel_FIR_Filter/u_Discrete_FIR_Filter/Discrete_FIR_Filter_out_tmp[1]__15 input u_mwfil_chiftop/u_dut/u_Multichannel_FIR_Filter/u_Discrete_FIR_Filter/Discrete_FIR_Filter_out_tmp[1]__15/A[29:0] is not pipelined. Pipelining DSP48 input will improve performance.
WARNING: [DRC DPIP-1] Input pipelining: DSP u_mwfil_chiftop/u_dut/u_Multichannel_FIR_Filter/u_Discrete_FIR_Filter/Discrete_FIR_Filter_out_tmp[1]__16 input u_mwfil_chiftop/u_dut/u_Multichannel_FIR_Filter/u_Discrete_FIR_Filter/Discrete_FIR_Filter_out_tmp[1]__16/A[29:0] is not pipelined. Pipelining DSP48 input will improve performance.
WARNING: [DRC DPIP-1] Input pipelining: DSP u_mwfil_chiftop/u_dut/u_Multichannel_FIR_Filter/u_Discrete_FIR_Filter/Discrete_FIR_Filter_out_tmp[1]__17 input u_mwfil_chiftop/u_dut/u_Multichannel_FIR_Filter/u_Discrete_FIR_Filter/Discrete_FIR_Filter_out_tmp[1]__17/A[29:0] is not pipelined. Pipelining DSP48 input will improve performance.
WARNING: [DRC DPIP-1] Input pipelining: DSP u_mwfil_chiftop/u_dut/u_Multichannel_FIR_Filter/u_Discrete_FIR_Filter/Discrete_FIR_Filter_out_tmp[1]__18 input u_mwfil_chiftop/u_dut/u_Multichannel_FIR_Filter/u_Discrete_FIR_Filter/Discrete_FIR_Filter_out_tmp[1]__18/A[29:0] is not pipelined. Pipelining DSP48 input will improve performance.
WARNING: [DRC DPIP-1] Input pipelining: DSP u_mwfil_chiftop/u_dut/u_Multichannel_FIR_Filter/u_Discrete_FIR_Filter/Discrete_FIR_Filter_out_tmp[1]__19 input u_mwfil_chiftop/u_dut/u_Multichannel_FIR_Filter/u_Discrete_FIR_Filter/Discrete_FIR_Filter_out_tmp[1]__19/A[29:0] is not pipelined. Pipelining DSP48 input will improve performance.
WARNING: [DRC DPIP-1] Input pipelining: DSP u_mwfil_chiftop/u_dut/u_Multichannel_FIR_Filter/u_Discrete_FIR_Filter/Discrete_FIR_Filter_out_tmp[1]__2 input u_mwfil_chiftop/u_dut/u_Multichannel_FIR_Filter/u_Discrete_FIR_Filter/Discrete_FIR_Filter_out_tmp[1]__2/A[29:0] is not pipelined. Pipelining DSP48 input will improve performance.
WARNING: [DRC DPIP-1] Input pipelining: DSP u_mwfil_chiftop/u_dut/u_Multichannel_FIR_Filter/u_Discrete_FIR_Filter/Discrete_FIR_Filter_out_tmp[1]__3 input u_mwfil_chiftop/u_dut/u_Multichannel_FIR_Filter/u_Discrete_FIR_Filter/Discrete_FIR_Filter_out_tmp[1]__3/A[29:0] is not pipelined. Pipelining DSP48 input will improve performance.
WARNING: [DRC DPIP-1] Input pipelining: DSP u_mwfil_chiftop/u_dut/u_Multichannel_FIR_Filter/u_Discrete_FIR_Filter/Discrete_FIR_Filter_out_tmp[1]__4 input u_mwfil_chiftop/u_dut/u_Multichannel_FIR_Filter/u_Discrete_FIR_Filter/Discrete_FIR_Filter_out_tmp[1]__4/A[29:0] is not pipelined. Pipelining DSP48 input will improve performance.
WARNING: [DRC DPIP-1] Input pipelining: DSP u_mwfil_chiftop/u_dut/u_Multichannel_FIR_Filter/u_Discrete_FIR_Filter/Discrete_FIR_Filter_out_tmp[1]__5 input u_mwfil_chiftop/u_dut/u_Multichannel_FIR_Filter/u_Discrete_FIR_Filter/Discrete_FIR_Filter_out_tmp[1]__5/A[29:0] is not pipelined. Pipelining DSP48 input will improve performance.
WARNING: [DRC DPIP-1] Input pipelining: DSP u_mwfil_chiftop/u_dut/u_Multichannel_FIR_Filter/u_Discrete_FIR_Filter/Discrete_FIR_Filter_out_tmp[1]__6 input u_mwfil_chiftop/u_dut/u_Multichannel_FIR_Filter/u_Discrete_FIR_Filter/Discrete_FIR_Filter_out_tmp[1]__6/A[29:0] is not pipelined. Pipelining DSP48 input will improve performance.
WARNING: [DRC DPIP-1] Input pipelining: DSP u_mwfil_chiftop/u_dut/u_Multichannel_FIR_Filter/u_Discrete_FIR_Filter/Discrete_FIR_Filter_out_tmp[1]__7 input u_mwfil_chiftop/u_dut/u_Multichannel_FIR_Filter/u_Discrete_FIR_Filter/Discrete_FIR_Filter_out_tmp[1]__7/A[29:0] is not pipelined. Pipelining DSP48 input will improve performance.
WARNING: [DRC DPIP-1] Input pipelining: DSP u_mwfil_chiftop/u_dut/u_Multichannel_FIR_Filter/u_Discrete_FIR_Filter/Discrete_FIR_Filter_out_tmp[1]__8 input u_mwfil_chiftop/u_dut/u_Multichannel_FIR_Filter/u_Discrete_FIR_Filter/Discrete_FIR_Filter_out_tmp[1]__8/A[29:0] is not pipelined. Pipelining DSP48 input will improve performance.
WARNING: [DRC DPIP-1] Input pipelining: DSP u_mwfil_chiftop/u_dut/u_Multichannel_FIR_Filter/u_Discrete_FIR_Filter/Discrete_FIR_Filter_out_tmp[1]__9 input u_mwfil_chiftop/u_dut/u_Multichannel_FIR_Filter/u_Discrete_FIR_Filter/Discrete_FIR_Filter_out_tmp[1]__9/A[29:0] is not pipelined. Pipelining DSP48 input will improve performance.
WARNING: [DRC DPIP-1] Input pipelining: DSP u_mwfil_chiftop/u_dut/u_Multichannel_FIR_Filter/u_Discrete_FIR_Filter/gain21_mul_temp input u_mwfil_chiftop/u_dut/u_Multichannel_FIR_Filter/u_Discrete_FIR_Filter/gain21_mul_temp/A[29:0] is not pipelined. Pipelining DSP48 input will improve performance.
WARNING: [DRC DPIP-1] Input pipelining: DSP u_mwfil_chiftop/u_dut/u_Multichannel_FIR_Filter/u_Discrete_FIR_Filter/gain21_mul_temp_1 input u_mwfil_chiftop/u_dut/u_Multichannel_FIR_Filter/u_Discrete_FIR_Filter/gain21_mul_temp_1/A[29:0] is not pipelined. Pipelining DSP48 input will improve performance.
WARNING: [DRC DPOP-1] PREG Output pipelining: DSP u_mwfil_chiftop/u_dut/u_Multichannel_FIR_Filter/u_Discrete_FIR_Filter/Discrete_FIR_Filter_out_tmp[0]__19 output u_mwfil_chiftop/u_dut/u_Multichannel_FIR_Filter/u_Discrete_FIR_Filter/Discrete_FIR_Filter_out_tmp[0]__19/P[47:0] is not pipelined (PREG=0). Pipelining the DSP48 output will improve performance and often saves power so it is suggested whenever possible to fully pipeline this function.  If this DSP48 function was inferred, it is suggested to describe an additional register stage after this function.  If the DSP48 was instantiated in the design, it is suggested to set the PREG attribute to 1.
WARNING: [DRC DPOP-1] PREG Output pipelining: DSP u_mwfil_chiftop/u_dut/u_Multichannel_FIR_Filter/u_Discrete_FIR_Filter/Discrete_FIR_Filter_out_tmp[1]__19 output u_mwfil_chiftop/u_dut/u_Multichannel_FIR_Filter/u_Discrete_FIR_Filter/Discrete_FIR_Filter_out_tmp[1]__19/P[47:0] is not pipelined (PREG=0). Pipelining the DSP48 output will improve performance and often saves power so it is suggested whenever possible to fully pipeline this function.  If this DSP48 function was inferred, it is suggested to describe an additional register stage after this function.  If the DSP48 was instantiated in the design, it is suggested to set the PREG attribute to 1.
WARNING: [DRC DPOP-2] MREG Output pipelining: DSP u_mwfil_chiftop/u_dut/u_Multichannel_FIR_Filter/u_Discrete_FIR_Filter/Discrete_FIR_Filter_out_tmp[0]__19 multiplier stage u_mwfil_chiftop/u_dut/u_Multichannel_FIR_Filter/u_Discrete_FIR_Filter/Discrete_FIR_Filter_out_tmp[0]__19/P[47:0] is not pipelined (MREG=0). Pipelining the multiplier function will improve performance and will save significant power so it is suggested whenever possible to fully pipeline this function.  If this multiplier was inferred, it is suggested to describe an additional register stage after this function.  If there is no registered adder/accumulator following the multiply function, two pipeline stages are suggested to allow both the MREG and PREG registers to be used.  If the DSP48 was instantiated in the design, it is suggested to set both the MREG and PREG attributes to 1 when performing multiply functions.
WARNING: [DRC DPOP-2] MREG Output pipelining: DSP u_mwfil_chiftop/u_dut/u_Multichannel_FIR_Filter/u_Discrete_FIR_Filter/Discrete_FIR_Filter_out_tmp[1]__19 multiplier stage u_mwfil_chiftop/u_dut/u_Multichannel_FIR_Filter/u_Discrete_FIR_Filter/Discrete_FIR_Filter_out_tmp[1]__19/P[47:0] is not pipelined (MREG=0). Pipelining the multiplier function will improve performance and will save significant power so it is suggested whenever possible to fully pipeline this function.  If this multiplier was inferred, it is suggested to describe an additional register stage after this function.  If there is no registered adder/accumulator following the multiply function, two pipeline stages are suggested to allow both the MREG and PREG registers to be used.  If the DSP48 was instantiated in the design, it is suggested to set both the MREG and PREG attributes to 1 when performing multiply functions.
WARNING: [DRC RTSTAT-10] No routable loads: 24 net(s) have no routable loads. The problem bus(es) and/or net(s) are u_jtag_mac/u_post_chif_fifo/u_jtag_mac_fifo/U0/inst_fifo_gen/gconvfifo.rf/grf.rf/gntv_or_sync_fifo.mem/gbm.gbmg.gbmga.ngecc.bmg/inst_blk_mem_gen/gnbram.gnativebmg.native_blk_mem_gen/valid.cstr/ramloop[0].ram.r/ENA_dly_D, u_jtag_mac/u_pre_chif_fifo/u_jtag_mac_fifo/U0/inst_fifo_gen/gconvfifo.rf/grf.rf/gntv_or_sync_fifo.mem/gbm.gbmg.gbmga.ngecc.bmg/inst_blk_mem_gen/gnbram.gnativebmg.native_blk_mem_gen/valid.cstr/ramloop[0].ram.r/ENA_dly_D, u_jtag_mac/u_simcycle_fifo/u_simcycle_fifo/U0/inst_fifo_gen/gconvfifo.rf/grf.rf/rstblk/ngwrdrst.grst.rd_rst_reg[2:0], u_jtag_mac/u_pre_chif_fifo/u_jtag_mac_fifo/U0/inst_fifo_gen/gconvfifo.rf/grf.rf/rstblk/ngwrdrst.grst.rd_rst_reg[2:0], u_jtag_mac/u_post_chif_fifo/u_jtag_mac_fifo/U0/inst_fifo_gen/gconvfifo.rf/grf.rf/rstblk/ngwrdrst.grst.rd_rst_reg[2:0], u_jtag_mac/u_simcycle_fifo/u_simcycle_fifo/U0/inst_fifo_gen/gconvfifo.rf/grf.rf/rstblk/ngwrdrst.grst.wr_rst_reg[2:0], u_jtag_mac/u_pre_chif_fifo/u_jtag_mac_fifo/U0/inst_fifo_gen/gconvfifo.rf/grf.rf/rstblk/ngwrdrst.grst.wr_rst_reg[2:0], u_jtag_mac/u_post_chif_fifo/u_jtag_mac_fifo/U0/inst_fifo_gen/gconvfifo.rf/grf.rf/rstblk/ngwrdrst.grst.wr_rst_reg[2:0], u_jtag_mac/u_post_chif_fifo/u_jtag_mac_fifo/U0/inst_fifo_gen/gconvfifo.rf/grf.rf/gntv_or_sync_fifo.gl0.rd/gras.rsts/ram_empty_i, u_jtag_mac/u_post_chif_fifo/u_jtag_mac_fifo/U0/inst_fifo_gen/gconvfifo.rf/grf.rf/gntv_or_sync_fifo.gl0.wr/gwas.wsts/ram_full_i, u_jtag_mac/u_pre_chif_fifo/u_jtag_mac_fifo/U0/inst_fifo_gen/gconvfifo.rf/grf.rf/gntv_or_sync_fifo.gl0.wr/gwas.wsts/ram_full_i, and u_jtag_mac/u_simcycle_fifo/u_simcycle_fifo/U0/inst_fifo_gen/gconvfifo.rf/grf.rf/gntv_or_sync_fifo.gl0.wr/gwas.wsts/ram_full_i.
INFO: [Vivado 12-3199] DRC finished with 0 Errors, 50 Warnings
INFO: [Vivado 12-3200] Please refer to the DRC report (report_drc) for more information.
INFO: [Designutils 20-2272] Running write_bitstream with 2 threads.
Loading data files...
Loading site data...
Loading route data...
Processing options...
Creating bitmap...
Creating bitstream...
Writing bitstream ./Multichannel_FIR_Filter_fil.bit...
INFO: [Vivado 12-1842] Bitgen Completed Successfully.
INFO: [Project 1-1876] WebTalk data collection is mandatory when using a ULT device. To see the specific WebTalk data collected for your design, open the usage_statistics_webtalk.html or usage_statistics_webtalk.xml file in the implementation directory.
INFO: [Common 17-83] Releasing license: Implementation
9 Infos, 50 Warnings, 0 Critical Warnings and 0 Errors encountered.
write_bitstream completed successfully
write_bitstream: Time (s): cpu = 00:00:12 ; elapsed = 00:00:09 . Memory (MB): peak = 2272.301 ; gain = 505.594
# open_run impl_1
Netlist sorting complete. Time (s): cpu = 00:00:00 ; elapsed = 00:00:00.037 . Memory (MB): peak = 2272.301 ; gain = 0.000
INFO: [Netlist 29-17] Analyzing 296 Unisim elements for replacement
INFO: [Netlist 29-28] Unisim Transformation completed in 0 CPU seconds
INFO: [Project 1-479] Netlist was created with Vivado 2024.1
INFO: [Project 1-570] Preparing netlist for logic optimization
Read ShapeDB Complete: Time (s): cpu = 00:00:00 ; elapsed = 00:00:00.006 . Memory (MB): peak = 2272.301 ; gain = 0.000
INFO: [Timing 38-478] Restoring timing data from binary archive.
INFO: [Timing 38-479] Binary timing data restore complete.
INFO: [Project 1-856] Restoring constraints from binary archive.
INFO: [Project 1-853] Binary constraint restore complete.
INFO: [Designutils 20-5722] Start Reading Physical Databases.
Reading placement.
Read Netlist Cache: Time (s): cpu = 00:00:00 ; elapsed = 00:00:00.006 . Memory (MB): peak = 2272.301 ; gain = 0.000
Reading placer database...
Read Device Cache: Time (s): cpu = 00:00:00 ; elapsed = 00:00:00.008 . Memory (MB): peak = 2272.301 ; gain = 0.000
Read PlaceDB: Time (s): cpu = 00:00:00 ; elapsed = 00:00:00.142 . Memory (MB): peak = 2272.301 ; gain = 0.000
Read PulsedLatchDB: Time (s): cpu = 00:00:00 ; elapsed = 00:00:00 . Memory (MB): peak = 2272.301 ; gain = 0.000
Reading routing.
Read RouteStorage: Time (s): cpu = 00:00:00 ; elapsed = 00:00:00.038 . Memory (MB): peak = 2272.301 ; gain = 0.000
Read Physdb Files: Time (s): cpu = 00:00:00 ; elapsed = 00:00:00.205 . Memory (MB): peak = 2272.301 ; gain = 0.000
Restored from archive | CPU: 0.000000 secs | Memory: 0.000000 MB |
Finished XDEF File Restore: Time (s): cpu = 00:00:00 ; elapsed = 00:00:00.206 . Memory (MB): peak = 2272.301 ; gain = 0.000
Netlist sorting complete. Time (s): cpu = 00:00:00 ; elapsed = 00:00:00.001 . Memory (MB): peak = 2272.301 ; gain = 0.000
INFO: [Project 1-111] Unisim Transformation Summary:
  A total of 7 instances were transformed.
  RAM32M => RAM32M (RAMD32(x6), RAMS32(x2)): 5 instances
  RAM32X1D => RAM32X1D (RAMD32(x2)): 2 instances

INFO: [Timing 38-91] UpdateTimingParams: Speed grade: -1, Delay Type: min_max.
INFO: [Timing 38-191] Multithreading enabled for timing update using a maximum of 2 CPUs
WARNING: [Timing 38-436] There are set_bus_skew constraint(s) in this design. Please run report_bus_skew to ensure that bus skew requirements are met.
# set par_str [report_timing_summary -return_string]
# set timing_err ""
# set result [regexp {Timing constraints are not met} $par_str match]
# if {$result > 0} {
# 	set timing_err "Warning: Design does not meet all timing constraints."
# }
# close_project
# set log ""
# lappend log "\n\n------------------------------------"
# lappend log "   FPGA-in-the-Loop build summary"
# lappend log "------------------------------------\n"
# set expected_file Multichannel_FIR_Filter_fil.bit
# set copied_file C:/demo/MultichannelFIRFilterForFPGAExample/Multichannel_FIR_Filter_fil/Multichannel_FIR_Filter_fil.bit
# if [catch {file copy -force $expected_file ..}] {
#    file delete ../$expected_file
#    lappend log "Expected programming file not generated."
#    lappend log "FPGA-in-the-Loop build failed.\n"
# } else {
#    if {[string length $timing_err] > 0} {
#       lappend log "$timing_err\n"
#       set warn_str " with warning"
#    } else {
#       set warn_str ""
#    }
#    lappend log "Programming file generated:"
#    lappend log "$copied_file\n"
#    lappend log "FPGA-in-the-Loop build completed$warn_str."
#    lappend log "You may close this shell.\n"
# }
# foreach j $log {puts $j}


------------------------------------
   FPGA-in-the-Loop build summary
------------------------------------

Warning: Design does not meet all timing constraints.

Programming file generated:
C:/demo/MultichannelFIRFilterForFPGAExample/Multichannel_FIR_Filter_fil/Multichannel_FIR_Filter_fil.bit

FPGA-in-the-Loop build completed with warning.
You may close this shell.

# if { [catch {open fpgaproj.log w} log_fid] } {
# } else {
#     foreach j $log {puts $log_fid $j}
# }
# close $log_fid
INFO: [Common 17-206] Exiting Vivado at Wed Jan 14 09:12:13 2026...
