### File Name: .\Multichannel_FIR_Filter_fil\Multichannel_FIR_Filter_fil.log
### Created: 2026-01-14 09:10:02
### Generated by MATLAB 25.2 

### FPGA-in-the-Loop Summary
###    Board: Artix-7 35T Arty FPGA Evaluation Kit
###    DUT frequency: 25MHz

### Saving the current state of filWizard in .\Multichannel_FIR_Filter_fil\Multichannel_FIR_Filter_fil.mat ...
###    C:\demo\MultichannelFIRFilterForFPGAExample\Multichannel_FIR_Filter_fil\Multichannel_FIR_Filter_fil.mat
### 
### To restore filWizard: Use the MAT-file to launch FPGA-in-the-Loop wizard with data 
### from current session: 
###    filWizard('.\Multichannel_FIR_Filter_fil\Multichannel_FIR_Filter_fil.mat')

### Generating Vivado project and running HDL compilation ...
###    Project:
###       C:\demo\MultichannelFIRFilterForFPGAExample\Multichannel_FIR_Filter_fil\fpgaproj\Multichannel_FIR_Filter_fil.xpr
###    Target Device:
###       Artix7 xc7a35t-1csg324
###    Property Settings:
###    User design files:
###       C:\demo\MultichannelFIRFilterForFPGAExample\hdl_prj\hdlsrc\dspmultichannelhdl\Discrete_FIR_Filter.vhd
###       C:\demo\MultichannelFIRFilterForFPGAExample\hdl_prj\hdlsrc\dspmultichannelhdl\Multichannel_FIR_Filter.vhd
###       C:\demo\MultichannelFIRFilterForFPGAExample\hdl_prj\hdlsrc\dspmultichannelhdl\Multichannel_FIR_Filter_pkg.vhd
###    Generating Xilinx DCM and FIFO IP
###    Generated files:
###       C:\demo\MultichannelFIRFilterForFPGAExample\Multichannel_FIR_Filter_fil\filsrc\jtag_mac.v
###       C:\demo\MultichannelFIRFilterForFPGAExample\Multichannel_FIR_Filter_fil\filsrc\jtag_mac_fifo_wrapper.vhd
###       C:\demo\MultichannelFIRFilterForFPGAExample\Multichannel_FIR_Filter_fil\filsrc\simcycle_fifo_wrapper.vhd
###       C:\demo\MultichannelFIRFilterForFPGAExample\Multichannel_FIR_Filter_fil\filsrc\mwfil_dpscram.vhd
###       C:\demo\MultichannelFIRFilterForFPGAExample\Multichannel_FIR_Filter_fil\filsrc\mwfil_udfifo.vhd
###       C:\demo\MultichannelFIRFilterForFPGAExample\Multichannel_FIR_Filter_fil\filsrc\mwfil_bus2dut.vhd
###       C:\demo\MultichannelFIRFilterForFPGAExample\Multichannel_FIR_Filter_fil\filsrc\mwfil_chifcore.vhd
###       C:\demo\MultichannelFIRFilterForFPGAExample\Multichannel_FIR_Filter_fil\filsrc\mwfil_controller.vhd
###       C:\demo\MultichannelFIRFilterForFPGAExample\Multichannel_FIR_Filter_fil\filsrc\mwfil_dut2bus.vhd
###       C:\demo\MultichannelFIRFilterForFPGAExample\Multichannel_FIR_Filter_fil\filsrc\Multichannel_FIR_Filter_wrapper.vhd
###       C:\demo\MultichannelFIRFilterForFPGAExample\Multichannel_FIR_Filter_fil\filsrc\mwfil_chiftop.vhd
###       C:\demo\MultichannelFIRFilterForFPGAExample\Multichannel_FIR_Filter_fil\filsrc\Multichannel_FIR_Filter_fil.vhd
###       C:\demo\MultichannelFIRFilterForFPGAExample\Multichannel_FIR_Filter_fil\filsrc\Multichannel_FIR_Filter_fil.xdc
### Running HDL Compilation

### HDL compilation completed.

### Running programming file generation outside MATLAB.
### Check external shell for programming file generation progress.
### Programming file location (when process is completed):
###    C:\demo\MultichannelFIRFilterForFPGAExample\Multichannel_FIR_Filter_fil\Multichannel_FIR_Filter_fil.bit

