Copyright 1986-2022 Xilinx, Inc. All Rights Reserved. Copyright 2022-2024 Advanced Micro Devices, Inc. All Rights Reserved.
-------------------------------------------------------------------------------------------------------------------------------------------------------------------------------------------------------
| Tool Version     : Vivado v.2024.1 (win64) Build 5076996 Wed May 22 18:37:14 MDT 2024
| Date             : Wed Jan 14 09:11:45 2026
| Host             : TS-93724 running 64-bit major release  (build 9200)
| Command          : report_power -file Multichannel_FIR_Filter_fil_power_routed.rpt -pb Multichannel_FIR_Filter_fil_power_summary_routed.pb -rpx Multichannel_FIR_Filter_fil_power_routed.rpx
| Design           : Multichannel_FIR_Filter_fil
| Device           : xc7a35tcsg324-1
| Design State     : routed
| Grade            : commercial
| Process          : typical
| Characterization : Production
-------------------------------------------------------------------------------------------------------------------------------------------------------------------------------------------------------

Power Report

Table of Contents
-----------------
1. Summary
1.1 On-Chip Components
1.2 Power Supply Summary
1.3 Confidence Level
2. Settings
2.1 Environment
2.2 Clock Constraints
3. Detailed Reports
3.1 By Hierarchy

1. Summary
----------

+--------------------------+--------------+
| Total On-Chip Power (W)  | 0.206        |
| Design Power Budget (W)  | Unspecified* |
| Power Budget Margin (W)  | NA           |
| Dynamic (W)              | 0.138        |
| Device Static (W)        | 0.069        |
| Effective TJA (C/W)      | 4.8          |
| Max Ambient (C)          | 84.0         |
| Junction Temperature (C) | 26.0         |
| Confidence Level         | Medium       |
| Setting File             | ---          |
| Simulation Activity File | ---          |
| Design Nets Matched      | NA           |
+--------------------------+--------------+
* Specify Design Power Budget using, set_operating_conditions -design_power_budget <value in Watts>


1.1 On-Chip Components
----------------------

+--------------------------+-----------+----------+-----------+-----------------+
| On-Chip                  | Power (W) | Used     | Available | Utilization (%) |
+--------------------------+-----------+----------+-----------+-----------------+
| Clocks                   |     0.005 |        6 |       --- |             --- |
| Slice Logic              |     0.001 |     4465 |       --- |             --- |
|   LUT as Logic           |    <0.001 |     1387 |     20800 |            6.67 |
|   CARRY4                 |    <0.001 |      239 |      8150 |            2.93 |
|   Register               |    <0.001 |     2484 |     41600 |            5.97 |
|   LUT as Distributed RAM |    <0.001 |       22 |      9600 |            0.23 |
|   Others                 |     0.000 |      137 |       --- |             --- |
|   LUT as Shift Register  |     0.000 |        7 |      9600 |            0.07 |
| Signals                  |     0.002 |     5938 |       --- |             --- |
| Block RAM                |     0.003 |        4 |        50 |            8.00 |
| MMCM                     |     0.116 |        1 |         5 |           20.00 |
| DSPs                     |     0.011 |       44 |        90 |           48.89 |
| I/O                      |    <0.001 |        1 |       210 |            0.48 |
| Static Power             |     0.069 |          |           |                 |
| Total                    |     0.206 |          |           |                 |
+--------------------------+-----------+----------+-----------+-----------------+


1.2 Power Supply Summary
------------------------

+-----------+-------------+-----------+-------------+------------+-------------+-------------+------------+
| Source    | Voltage (V) | Total (A) | Dynamic (A) | Static (A) | Powerup (A) | Budget (A)  | Margin (A) |
+-----------+-------------+-----------+-------------+------------+-------------+-------------+------------+
| Vccint    |       1.000 |     0.032 |       0.022 |      0.010 |       NA    | Unspecified | NA         |
| Vccaux    |       1.800 |     0.077 |       0.064 |      0.013 |       NA    | Unspecified | NA         |
| Vcco33    |       3.300 |     0.000 |       0.000 |      0.000 |       NA    | Unspecified | NA         |
| Vcco25    |       2.500 |     0.000 |       0.000 |      0.000 |       NA    | Unspecified | NA         |
| Vcco18    |       1.800 |     0.000 |       0.000 |      0.000 |       NA    | Unspecified | NA         |
| Vcco15    |       1.500 |     0.000 |       0.000 |      0.000 |       NA    | Unspecified | NA         |
| Vcco135   |       1.350 |     0.000 |       0.000 |      0.000 |       NA    | Unspecified | NA         |
| Vcco12    |       1.200 |     0.000 |       0.000 |      0.000 |       NA    | Unspecified | NA         |
| Vccaux_io |       1.800 |     0.000 |       0.000 |      0.000 |       NA    | Unspecified | NA         |
| Vccbram   |       1.000 |     0.000 |       0.000 |      0.000 |       NA    | Unspecified | NA         |
| MGTAVcc   |       1.000 |     0.000 |       0.000 |      0.000 |       NA    | Unspecified | NA         |
| MGTAVtt   |       1.200 |     0.000 |       0.000 |      0.000 |       NA    | Unspecified | NA         |
| Vccadc    |       1.800 |     0.020 |       0.000 |      0.020 |       NA    | Unspecified | NA         |
+-----------+-------------+-----------+-------------+------------+-------------+-------------+------------+


1.3 Confidence Level
--------------------

+-----------------------------+------------+------------------------------------------------+------------------------------------------------------------------------------------------------------------+
| User Input Data             | Confidence | Details                                        | Action                                                                                                     |
+-----------------------------+------------+------------------------------------------------+------------------------------------------------------------------------------------------------------------+
| Design implementation state | High       | Design is routed                               |                                                                                                            |
| Clock nodes activity        | High       | User specified more than 95% of clocks         |                                                                                                            |
| I/O nodes activity          | High       | User specified more than 95% of inputs         |                                                                                                            |
| Internal nodes activity     | Medium     | User specified less than 25% of internal nodes | Provide missing internal nodes activity with simulation results or by editing the "By Resource Type" views |
| Device models               | High       | Device models are Production                   |                                                                                                            |
|                             |            |                                                |                                                                                                            |
| Overall confidence level    | Medium     |                                                |                                                                                                            |
+-----------------------------+------------+------------------------------------------------+------------------------------------------------------------------------------------------------------------+


2. Settings
-----------

2.1 Environment
---------------

+-----------------------+--------------------------+
| Ambient Temp (C)      | 25.0                     |
| ThetaJA (C/W)         | 4.8                      |
| Airflow (LFM)         | 250                      |
| Heat Sink             | medium (Medium Profile)  |
| ThetaSA (C/W)         | 4.6                      |
| Board Selection       | medium (10"x10")         |
| # of Board Layers     | 12to15 (12 to 15 Layers) |
| Board Temperature (C) | 25.0                     |
+-----------------------+--------------------------+


2.2 Clock Constraints
---------------------

+--------------------+-------------------------------------+-----------------+
| Clock              | Domain                              | Constraint (ns) |
+--------------------+-------------------------------------+-----------------+
| TCK                | TCK                                 |            15.2 |
| clk_out1_clk_wiz_0 | u_clk_wiz_0/inst/clk_out1_clk_wiz_0 |            40.0 |
| clkfbout_clk_wiz_0 | u_clk_wiz_0/inst/clkfbout_clk_wiz_0 |            10.0 |
| sysclk             | sysclk                              |            10.0 |
+--------------------+-------------------------------------+-----------------+


3. Detailed Reports
-------------------

3.1 By Hierarchy
----------------

+---------------------------------+-----------+
| Name                            | Power (W) |
+---------------------------------+-----------+
| Multichannel_FIR_Filter_fil     |     0.138 |
|   u_clk_wiz_0                   |     0.116 |
|     inst                        |     0.116 |
|   u_jtag_mac                    |     0.005 |
|     u_post_chif_fifo            |     0.002 |
|       u_jtag_mac_fifo           |     0.002 |
|     u_pre_chif_fifo             |     0.001 |
|       u_jtag_mac_fifo           |     0.001 |
|   u_mwfil_chiftop               |     0.016 |
|     u_dut                       |     0.013 |
|       u_Multichannel_FIR_Filter |     0.013 |
|     u_mwfil_chifcore            |     0.003 |
|       DUT2CHIF.u_d2bfifo        |     0.002 |
+---------------------------------+-----------+


