Copyright 1986-2022 Xilinx, Inc. All Rights Reserved. Copyright 2022-2024 Advanced Micro Devices, Inc. All Rights Reserved.
-----------------------------------------------------------------------------------------------------------------------------------------------------------------------------------------------------------------------
| Tool Version : Vivado v.2024.1 (win64) Build 5076996 Wed May 22 18:37:14 MDT 2024
| Date         : Wed Jan 14 09:11:44 2026
| Host         : TS-93724 running 64-bit major release  (build 9200)
| Command      : report_methodology -file Multichannel_FIR_Filter_fil_methodology_drc_routed.rpt -pb Multichannel_FIR_Filter_fil_methodology_drc_routed.pb -rpx Multichannel_FIR_Filter_fil_methodology_drc_routed.rpx
| Design       : Multichannel_FIR_Filter_fil
| Device       : xc7a35tcsg324-1
| Speed File   : -1
| Design State : Fully Routed
-----------------------------------------------------------------------------------------------------------------------------------------------------------------------------------------------------------------------

Report Methodology

Table of Contents
-----------------
1. REPORT SUMMARY
2. REPORT DETAILS

1. REPORT SUMMARY
-----------------
            Netlist: netlist
          Floorplan: design_1
      Design limits: <entire design considered>
             Max violations: <unlimited>
             Violations found: 86
+-----------+----------+--------------------------------------------------------+------------+
| Rule      | Severity | Description                                            | Violations |
+-----------+----------+--------------------------------------------------------+------------+
| LUTAR-1   | Warning  | LUT drives async reset alert                           | 1          |
| TIMING-9  | Warning  | Unknown CDC Logic                                      | 1          |
| TIMING-16 | Warning  | Large setup violation                                  | 76         |
| TIMING-24 | Warning  | Overridden Max delay datapath only                     | 6          |
| XDCC-1    | Warning  | Scoped Clock constraint overwritten with the same name | 1          |
| XDCC-7    | Warning  | Scoped Clock constraint overwritten on the same source | 1          |
+-----------+----------+--------------------------------------------------------+------------+

2. REPORT DETAILS
-----------------
LUTAR-1#1 Warning
LUT drives async reset alert  
LUT cell u_jtag_mac/u_simcycle_fifo_i_1, with 2 or more inputs, drives asynchronous preset/clear pin(s) u_mwfil_chiftop/u_dut/u_Multichannel_FIR_Filter/u_Discrete_FIR_Filter/delay9_reg[1][10]/CLR,
u_mwfil_chiftop/u_dut/u_Multichannel_FIR_Filter/u_Discrete_FIR_Filter/delay9_reg[1][11]/CLR,
u_mwfil_chiftop/u_dut/u_Multichannel_FIR_Filter/u_Discrete_FIR_Filter/delay9_reg[1][12]/CLR,
u_mwfil_chiftop/u_dut/u_Multichannel_FIR_Filter/u_Discrete_FIR_Filter/delay9_reg[1][13]/CLR,
u_mwfil_chiftop/u_dut/u_Multichannel_FIR_Filter/u_Discrete_FIR_Filter/delay9_reg[1][14]/CLR,
u_mwfil_chiftop/u_dut/u_Multichannel_FIR_Filter/u_Discrete_FIR_Filter/delay9_reg[1][15]/CLR,
u_mwfil_chiftop/u_dut/u_Multichannel_FIR_Filter/u_Discrete_FIR_Filter/delay9_reg[1][1]/CLR,
u_mwfil_chiftop/u_dut/u_Multichannel_FIR_Filter/u_Discrete_FIR_Filter/delay9_reg[1][2]/CLR,
u_mwfil_chiftop/u_dut/u_Multichannel_FIR_Filter/u_Discrete_FIR_Filter/delay9_reg[1][3]/CLR,
u_mwfil_chiftop/u_dut/u_Multichannel_FIR_Filter/u_Discrete_FIR_Filter/delay9_reg[1][4]/CLR,
u_mwfil_chiftop/u_dut/u_Multichannel_FIR_Filter/u_Discrete_FIR_Filter/delay9_reg[1][5]/CLR,
u_mwfil_chiftop/u_dut/u_Multichannel_FIR_Filter/u_Discrete_FIR_Filter/delay9_reg[1][6]/CLR,
u_mwfil_chiftop/u_dut/u_Multichannel_FIR_Filter/u_Discrete_FIR_Filter/delay9_reg[1][7]/CLR,
u_mwfil_chiftop/u_dut/u_Multichannel_FIR_Filter/u_Discrete_FIR_Filter/delay9_reg[1][8]/CLR,
u_mwfil_chiftop/u_dut/u_Multichannel_FIR_Filter/u_Discrete_FIR_Filter/delay9_reg[1][9]/CLR
 (the first 15 of 1376 listed). The LUT may glitch and trigger an unexpected reset, even if it is a properly timed path.
Related violations: <none>

TIMING-9#1 Warning
Unknown CDC Logic  
One or more asynchronous Clock Domain Crossing has been detected between 2 clock domains through a set_false_path or a set_clock_groups or set_max_delay -datapath_only constraint but no double-registers logic synchronizer has been found on the side of the capture clock. It is recommended to run report_cdc for a complete and detailed CDC coverage. Please consider using XPM_CDC to avoid Critical severities
Related violations: <none>

TIMING-16#1 Warning
Large setup violation  
There is a large setup violation of -4.165 ns between u_mwfil_chiftop/u_dut/u_Multichannel_FIR_Filter/u_Discrete_FIR_Filter/delay21_reg[1][0]/C (clocked by clk_out1_clk_wiz_0) and u_mwfil_chiftop/u_mwfil_chifcore/DUT2CHIF.u_d2bfifo/u_dpscram/mem_reg_1/DIADI[10] (clocked by clk_out1_clk_wiz_0). Large setup violations at the end of those stages might be difficult to fix during the post-placement implementation flow and could be the result of non-optimal XDC constraints or non-optimal design architecture
Related violations: <none>

TIMING-16#2 Warning
Large setup violation  
There is a large setup violation of -4.166 ns between u_mwfil_chiftop/u_dut/u_Multichannel_FIR_Filter/u_Discrete_FIR_Filter/delay21_reg[1][0]/C (clocked by clk_out1_clk_wiz_0) and u_mwfil_chiftop/u_mwfil_chifcore/DUT2CHIF.u_d2bfifo/u_dpscram/mem_reg_1/DIADI[9] (clocked by clk_out1_clk_wiz_0). Large setup violations at the end of those stages might be difficult to fix during the post-placement implementation flow and could be the result of non-optimal XDC constraints or non-optimal design architecture
Related violations: <none>

TIMING-16#3 Warning
Large setup violation  
There is a large setup violation of -4.179 ns between u_mwfil_chiftop/u_dut/u_Multichannel_FIR_Filter/u_Discrete_FIR_Filter/delay21_reg[1][0]/C (clocked by clk_out1_clk_wiz_0) and u_mwfil_chiftop/u_mwfil_chifcore/DUT2CHIF.u_d2bfifo/u_dpscram/mem_reg_1/DIADI[4] (clocked by clk_out1_clk_wiz_0). Large setup violations at the end of those stages might be difficult to fix during the post-placement implementation flow and could be the result of non-optimal XDC constraints or non-optimal design architecture
Related violations: <none>

TIMING-16#4 Warning
Large setup violation  
There is a large setup violation of -4.179 ns between u_mwfil_chiftop/u_dut/u_Multichannel_FIR_Filter/u_Discrete_FIR_Filter/delay21_reg[1][0]/C (clocked by clk_out1_clk_wiz_0) and u_mwfil_chiftop/u_mwfil_chifcore/DUT2CHIF.u_d2bfifo/u_dpscram/mem_reg_1/DIADI[8] (clocked by clk_out1_clk_wiz_0). Large setup violations at the end of those stages might be difficult to fix during the post-placement implementation flow and could be the result of non-optimal XDC constraints or non-optimal design architecture
Related violations: <none>

TIMING-16#5 Warning
Large setup violation  
There is a large setup violation of -4.217 ns between u_mwfil_chiftop/u_dut/u_Multichannel_FIR_Filter/u_Discrete_FIR_Filter/delay21_reg[1][0]/C (clocked by clk_out1_clk_wiz_0) and u_mwfil_chiftop/u_mwfil_chifcore/DUT2CHIF.u_d2bfifo/u_dpscram/mem_reg_1/DIADI[0] (clocked by clk_out1_clk_wiz_0). Large setup violations at the end of those stages might be difficult to fix during the post-placement implementation flow and could be the result of non-optimal XDC constraints or non-optimal design architecture
Related violations: <none>

TIMING-16#6 Warning
Large setup violation  
There is a large setup violation of -4.221 ns between u_mwfil_chiftop/u_dut/u_Multichannel_FIR_Filter/u_Discrete_FIR_Filter/delay22_reg[0][2]/C (clocked by clk_out1_clk_wiz_0) and u_mwfil_chiftop/u_mwfil_chifcore/DUT2CHIF.u_d2bfifo/u_dpscram/mem_reg_0/DIADI[21] (clocked by clk_out1_clk_wiz_0). Large setup violations at the end of those stages might be difficult to fix during the post-placement implementation flow and could be the result of non-optimal XDC constraints or non-optimal design architecture
Related violations: <none>

TIMING-16#7 Warning
Large setup violation  
There is a large setup violation of -4.235 ns between u_mwfil_chiftop/u_dut/u_Multichannel_FIR_Filter/u_Discrete_FIR_Filter/delay22_reg[0][2]/C (clocked by clk_out1_clk_wiz_0) and u_mwfil_chiftop/u_mwfil_chifcore/DUT2CHIF.u_d2bfifo/u_dpscram/mem_reg_0/DIBDI[9] (clocked by clk_out1_clk_wiz_0). Large setup violations at the end of those stages might be difficult to fix during the post-placement implementation flow and could be the result of non-optimal XDC constraints or non-optimal design architecture
Related violations: <none>

TIMING-16#8 Warning
Large setup violation  
There is a large setup violation of -4.236 ns between u_mwfil_chiftop/u_dut/u_Multichannel_FIR_Filter/u_Discrete_FIR_Filter/delay22_reg[0][2]/C (clocked by clk_out1_clk_wiz_0) and u_mwfil_chiftop/u_mwfil_chifcore/DUT2CHIF.u_d2bfifo/u_dpscram/mem_reg_0/DIADI[23] (clocked by clk_out1_clk_wiz_0). Large setup violations at the end of those stages might be difficult to fix during the post-placement implementation flow and could be the result of non-optimal XDC constraints or non-optimal design architecture
Related violations: <none>

TIMING-16#9 Warning
Large setup violation  
There is a large setup violation of -4.236 ns between u_mwfil_chiftop/u_dut/u_Multichannel_FIR_Filter/u_Discrete_FIR_Filter/delay22_reg[0][2]/C (clocked by clk_out1_clk_wiz_0) and u_mwfil_chiftop/u_mwfil_chifcore/DUT2CHIF.u_d2bfifo/u_dpscram/mem_reg_0/DIBDI[4] (clocked by clk_out1_clk_wiz_0). Large setup violations at the end of those stages might be difficult to fix during the post-placement implementation flow and could be the result of non-optimal XDC constraints or non-optimal design architecture
Related violations: <none>

TIMING-16#10 Warning
Large setup violation  
There is a large setup violation of -4.238 ns between u_mwfil_chiftop/u_dut/u_Multichannel_FIR_Filter/u_Discrete_FIR_Filter/delay22_reg[0][2]/C (clocked by clk_out1_clk_wiz_0) and u_mwfil_chiftop/u_mwfil_chifcore/DUT2CHIF.u_d2bfifo/u_dpscram/mem_reg_0/DIBDI[3] (clocked by clk_out1_clk_wiz_0). Large setup violations at the end of those stages might be difficult to fix during the post-placement implementation flow and could be the result of non-optimal XDC constraints or non-optimal design architecture
Related violations: <none>

TIMING-16#11 Warning
Large setup violation  
There is a large setup violation of -4.239 ns between u_mwfil_chiftop/u_dut/u_Multichannel_FIR_Filter/u_Discrete_FIR_Filter/delay22_reg[0][2]/C (clocked by clk_out1_clk_wiz_0) and u_mwfil_chiftop/u_mwfil_chifcore/DUT2CHIF.u_d2bfifo/u_dpscram/mem_reg_0/DIADI[18] (clocked by clk_out1_clk_wiz_0). Large setup violations at the end of those stages might be difficult to fix during the post-placement implementation flow and could be the result of non-optimal XDC constraints or non-optimal design architecture
Related violations: <none>

TIMING-16#12 Warning
Large setup violation  
There is a large setup violation of -4.239 ns between u_mwfil_chiftop/u_dut/u_Multichannel_FIR_Filter/u_Discrete_FIR_Filter/delay22_reg[0][2]/C (clocked by clk_out1_clk_wiz_0) and u_mwfil_chiftop/u_mwfil_chifcore/DUT2CHIF.u_d2bfifo/u_dpscram/mem_reg_0/DIBDI[10] (clocked by clk_out1_clk_wiz_0). Large setup violations at the end of those stages might be difficult to fix during the post-placement implementation flow and could be the result of non-optimal XDC constraints or non-optimal design architecture
Related violations: <none>

TIMING-16#13 Warning
Large setup violation  
There is a large setup violation of -4.278 ns between u_mwfil_chiftop/u_dut/u_Multichannel_FIR_Filter/u_Discrete_FIR_Filter/delay22_reg[0][2]/C (clocked by clk_out1_clk_wiz_0) and u_mwfil_chiftop/u_mwfil_chifcore/DUT2CHIF.u_d2bfifo/u_dpscram/mem_reg_0/DIADI[17] (clocked by clk_out1_clk_wiz_0). Large setup violations at the end of those stages might be difficult to fix during the post-placement implementation flow and could be the result of non-optimal XDC constraints or non-optimal design architecture
Related violations: <none>

TIMING-16#14 Warning
Large setup violation  
There is a large setup violation of -4.278 ns between u_mwfil_chiftop/u_dut/u_Multichannel_FIR_Filter/u_Discrete_FIR_Filter/delay22_reg[0][2]/C (clocked by clk_out1_clk_wiz_0) and u_mwfil_chiftop/u_mwfil_chifcore/DUT2CHIF.u_d2bfifo/u_dpscram/mem_reg_0/DIADI[25] (clocked by clk_out1_clk_wiz_0). Large setup violations at the end of those stages might be difficult to fix during the post-placement implementation flow and could be the result of non-optimal XDC constraints or non-optimal design architecture
Related violations: <none>

TIMING-16#15 Warning
Large setup violation  
There is a large setup violation of -4.295 ns between u_mwfil_chiftop/u_dut/u_Multichannel_FIR_Filter/u_Discrete_FIR_Filter/delay21_reg[1][0]/C (clocked by clk_out1_clk_wiz_0) and u_mwfil_chiftop/u_mwfil_chifcore/DUT2CHIF.u_d2bfifo/u_dpscram/mem_reg_1/DIADI[11] (clocked by clk_out1_clk_wiz_0). Large setup violations at the end of those stages might be difficult to fix during the post-placement implementation flow and could be the result of non-optimal XDC constraints or non-optimal design architecture
Related violations: <none>

TIMING-16#16 Warning
Large setup violation  
There is a large setup violation of -4.295 ns between u_mwfil_chiftop/u_dut/u_Multichannel_FIR_Filter/u_Discrete_FIR_Filter/delay21_reg[1][0]/C (clocked by clk_out1_clk_wiz_0) and u_mwfil_chiftop/u_mwfil_chifcore/DUT2CHIF.u_d2bfifo/u_dpscram/mem_reg_1/DIADI[12] (clocked by clk_out1_clk_wiz_0). Large setup violations at the end of those stages might be difficult to fix during the post-placement implementation flow and could be the result of non-optimal XDC constraints or non-optimal design architecture
Related violations: <none>

TIMING-16#17 Warning
Large setup violation  
There is a large setup violation of -4.297 ns between u_mwfil_chiftop/u_dut/u_Multichannel_FIR_Filter/u_Discrete_FIR_Filter/delay21_reg[1][0]/C (clocked by clk_out1_clk_wiz_0) and u_mwfil_chiftop/u_mwfil_chifcore/DUT2CHIF.u_d2bfifo/u_dpscram/mem_reg_1/DIADI[13] (clocked by clk_out1_clk_wiz_0). Large setup violations at the end of those stages might be difficult to fix during the post-placement implementation flow and could be the result of non-optimal XDC constraints or non-optimal design architecture
Related violations: <none>

TIMING-16#18 Warning
Large setup violation  
There is a large setup violation of -4.308 ns between u_mwfil_chiftop/u_dut/u_Multichannel_FIR_Filter/u_Discrete_FIR_Filter/delay21_reg[1][0]/C (clocked by clk_out1_clk_wiz_0) and u_mwfil_chiftop/u_mwfil_chifcore/DUT2CHIF.u_d2bfifo/u_dpscram/mem_reg_1/DIADI[3] (clocked by clk_out1_clk_wiz_0). Large setup violations at the end of those stages might be difficult to fix during the post-placement implementation flow and could be the result of non-optimal XDC constraints or non-optimal design architecture
Related violations: <none>

TIMING-16#19 Warning
Large setup violation  
There is a large setup violation of -4.308 ns between u_mwfil_chiftop/u_dut/u_Multichannel_FIR_Filter/u_Discrete_FIR_Filter/delay21_reg[1][0]/C (clocked by clk_out1_clk_wiz_0) and u_mwfil_chiftop/u_mwfil_chifcore/DUT2CHIF.u_d2bfifo/u_dpscram/mem_reg_1/DIADI[5] (clocked by clk_out1_clk_wiz_0). Large setup violations at the end of those stages might be difficult to fix during the post-placement implementation flow and could be the result of non-optimal XDC constraints or non-optimal design architecture
Related violations: <none>

TIMING-16#20 Warning
Large setup violation  
There is a large setup violation of -4.308 ns between u_mwfil_chiftop/u_dut/u_Multichannel_FIR_Filter/u_Discrete_FIR_Filter/delay21_reg[1][0]/C (clocked by clk_out1_clk_wiz_0) and u_mwfil_chiftop/u_mwfil_chifcore/DUT2CHIF.u_d2bfifo/u_dpscram/mem_reg_1/DIADI[6] (clocked by clk_out1_clk_wiz_0). Large setup violations at the end of those stages might be difficult to fix during the post-placement implementation flow and could be the result of non-optimal XDC constraints or non-optimal design architecture
Related violations: <none>

TIMING-16#21 Warning
Large setup violation  
There is a large setup violation of -4.320 ns between u_mwfil_chiftop/u_dut/u_Multichannel_FIR_Filter/u_Discrete_FIR_Filter/delay21_reg[1][0]/C (clocked by clk_out1_clk_wiz_0) and u_mwfil_chiftop/u_mwfil_chifcore/DUT2CHIF.u_d2bfifo/u_dpscram/mem_reg_1/DIADI[1] (clocked by clk_out1_clk_wiz_0). Large setup violations at the end of those stages might be difficult to fix during the post-placement implementation flow and could be the result of non-optimal XDC constraints or non-optimal design architecture
Related violations: <none>

TIMING-16#22 Warning
Large setup violation  
There is a large setup violation of -4.323 ns between u_mwfil_chiftop/u_dut/u_Multichannel_FIR_Filter/u_Discrete_FIR_Filter/delay21_reg[1][0]/C (clocked by clk_out1_clk_wiz_0) and u_mwfil_chiftop/u_mwfil_chifcore/DUT2CHIF.u_d2bfifo/u_dpscram/mem_reg_1/DIADI[2] (clocked by clk_out1_clk_wiz_0). Large setup violations at the end of those stages might be difficult to fix during the post-placement implementation flow and could be the result of non-optimal XDC constraints or non-optimal design architecture
Related violations: <none>

TIMING-16#23 Warning
Large setup violation  
There is a large setup violation of -4.342 ns between u_mwfil_chiftop/u_dut/u_Multichannel_FIR_Filter/u_Discrete_FIR_Filter/delay22_reg[0][2]/C (clocked by clk_out1_clk_wiz_0) and u_mwfil_chiftop/u_mwfil_chifcore/DUT2CHIF.u_d2bfifo/u_dpscram/mem_reg_0/DIADI[14] (clocked by clk_out1_clk_wiz_0). Large setup violations at the end of those stages might be difficult to fix during the post-placement implementation flow and could be the result of non-optimal XDC constraints or non-optimal design architecture
Related violations: <none>

TIMING-16#24 Warning
Large setup violation  
There is a large setup violation of -4.343 ns between u_mwfil_chiftop/u_dut/u_Multichannel_FIR_Filter/u_Discrete_FIR_Filter/delay22_reg[0][2]/C (clocked by clk_out1_clk_wiz_0) and u_mwfil_chiftop/u_mwfil_chifcore/DUT2CHIF.u_d2bfifo/u_dpscram/mem_reg_0/DIADI[12] (clocked by clk_out1_clk_wiz_0). Large setup violations at the end of those stages might be difficult to fix during the post-placement implementation flow and could be the result of non-optimal XDC constraints or non-optimal design architecture
Related violations: <none>

TIMING-16#25 Warning
Large setup violation  
There is a large setup violation of -4.343 ns between u_mwfil_chiftop/u_dut/u_Multichannel_FIR_Filter/u_Discrete_FIR_Filter/delay22_reg[0][2]/C (clocked by clk_out1_clk_wiz_0) and u_mwfil_chiftop/u_mwfil_chifcore/DUT2CHIF.u_d2bfifo/u_dpscram/mem_reg_0/DIADI[27] (clocked by clk_out1_clk_wiz_0). Large setup violations at the end of those stages might be difficult to fix during the post-placement implementation flow and could be the result of non-optimal XDC constraints or non-optimal design architecture
Related violations: <none>

TIMING-16#26 Warning
Large setup violation  
There is a large setup violation of -4.343 ns between u_mwfil_chiftop/u_dut/u_Multichannel_FIR_Filter/u_Discrete_FIR_Filter/delay22_reg[0][2]/C (clocked by clk_out1_clk_wiz_0) and u_mwfil_chiftop/u_mwfil_chifcore/DUT2CHIF.u_d2bfifo/u_dpscram/mem_reg_0/DIBDI[13] (clocked by clk_out1_clk_wiz_0). Large setup violations at the end of those stages might be difficult to fix during the post-placement implementation flow and could be the result of non-optimal XDC constraints or non-optimal design architecture
Related violations: <none>

TIMING-16#27 Warning
Large setup violation  
There is a large setup violation of -4.344 ns between u_mwfil_chiftop/u_dut/u_Multichannel_FIR_Filter/u_Discrete_FIR_Filter/delay22_reg[0][2]/C (clocked by clk_out1_clk_wiz_0) and u_mwfil_chiftop/u_mwfil_chifcore/DUT2CHIF.u_d2bfifo/u_dpscram/mem_reg_0/DIADI[8] (clocked by clk_out1_clk_wiz_0). Large setup violations at the end of those stages might be difficult to fix during the post-placement implementation flow and could be the result of non-optimal XDC constraints or non-optimal design architecture
Related violations: <none>

TIMING-16#28 Warning
Large setup violation  
There is a large setup violation of -4.355 ns between u_mwfil_chiftop/u_dut/u_Multichannel_FIR_Filter/u_Discrete_FIR_Filter/delay22_reg[0][2]/C (clocked by clk_out1_clk_wiz_0) and u_mwfil_chiftop/u_mwfil_chifcore/DUT2CHIF.u_d2bfifo/u_dpscram/mem_reg_0/DIBDI[2] (clocked by clk_out1_clk_wiz_0). Large setup violations at the end of those stages might be difficult to fix during the post-placement implementation flow and could be the result of non-optimal XDC constraints or non-optimal design architecture
Related violations: <none>

TIMING-16#29 Warning
Large setup violation  
There is a large setup violation of -4.356 ns between u_mwfil_chiftop/u_dut/u_Multichannel_FIR_Filter/u_Discrete_FIR_Filter/delay22_reg[0][2]/C (clocked by clk_out1_clk_wiz_0) and u_mwfil_chiftop/u_mwfil_chifcore/DUT2CHIF.u_d2bfifo/u_dpscram/mem_reg_0/DIADI[19] (clocked by clk_out1_clk_wiz_0). Large setup violations at the end of those stages might be difficult to fix during the post-placement implementation flow and could be the result of non-optimal XDC constraints or non-optimal design architecture
Related violations: <none>

TIMING-16#30 Warning
Large setup violation  
There is a large setup violation of -4.357 ns between u_mwfil_chiftop/u_dut/u_Multichannel_FIR_Filter/u_Discrete_FIR_Filter/delay22_reg[0][2]/C (clocked by clk_out1_clk_wiz_0) and u_mwfil_chiftop/u_mwfil_chifcore/DUT2CHIF.u_d2bfifo/u_dpscram/mem_reg_0/DIBDI[11] (clocked by clk_out1_clk_wiz_0). Large setup violations at the end of those stages might be difficult to fix during the post-placement implementation flow and could be the result of non-optimal XDC constraints or non-optimal design architecture
Related violations: <none>

TIMING-16#31 Warning
Large setup violation  
There is a large setup violation of -4.360 ns between u_mwfil_chiftop/u_dut/u_Multichannel_FIR_Filter/u_Discrete_FIR_Filter/delay22_reg[0][2]/C (clocked by clk_out1_clk_wiz_0) and u_mwfil_chiftop/u_mwfil_chifcore/DUT2CHIF.u_d2bfifo/u_dpscram/mem_reg_0/DIBDI[5] (clocked by clk_out1_clk_wiz_0). Large setup violations at the end of those stages might be difficult to fix during the post-placement implementation flow and could be the result of non-optimal XDC constraints or non-optimal design architecture
Related violations: <none>

TIMING-16#32 Warning
Large setup violation  
There is a large setup violation of -4.360 ns between u_mwfil_chiftop/u_dut/u_Multichannel_FIR_Filter/u_Discrete_FIR_Filter/delay22_reg[0][2]/C (clocked by clk_out1_clk_wiz_0) and u_mwfil_chiftop/u_mwfil_chifcore/DUT2CHIF.u_d2bfifo/u_dpscram/mem_reg_0/DIBDI[6] (clocked by clk_out1_clk_wiz_0). Large setup violations at the end of those stages might be difficult to fix during the post-placement implementation flow and could be the result of non-optimal XDC constraints or non-optimal design architecture
Related violations: <none>

TIMING-16#33 Warning
Large setup violation  
There is a large setup violation of -4.364 ns between u_mwfil_chiftop/u_dut/u_Multichannel_FIR_Filter/u_Discrete_FIR_Filter/delay22_reg[0][2]/C (clocked by clk_out1_clk_wiz_0) and u_mwfil_chiftop/u_mwfil_chifcore/DUT2CHIF.u_d2bfifo/u_dpscram/mem_reg_0/DIBDI[7] (clocked by clk_out1_clk_wiz_0). Large setup violations at the end of those stages might be difficult to fix during the post-placement implementation flow and could be the result of non-optimal XDC constraints or non-optimal design architecture
Related violations: <none>

TIMING-16#34 Warning
Large setup violation  
There is a large setup violation of -4.366 ns between u_mwfil_chiftop/u_dut/u_Multichannel_FIR_Filter/u_Discrete_FIR_Filter/delay22_reg[0][2]/C (clocked by clk_out1_clk_wiz_0) and u_mwfil_chiftop/u_mwfil_chifcore/DUT2CHIF.u_d2bfifo/u_dpscram/mem_reg_0/DIADI[10] (clocked by clk_out1_clk_wiz_0). Large setup violations at the end of those stages might be difficult to fix during the post-placement implementation flow and could be the result of non-optimal XDC constraints or non-optimal design architecture
Related violations: <none>

TIMING-16#35 Warning
Large setup violation  
There is a large setup violation of -4.367 ns between u_mwfil_chiftop/u_dut/u_Multichannel_FIR_Filter/u_Discrete_FIR_Filter/delay22_reg[0][2]/C (clocked by clk_out1_clk_wiz_0) and u_mwfil_chiftop/u_mwfil_chifcore/DUT2CHIF.u_d2bfifo/u_dpscram/mem_reg_0/DIADI[28] (clocked by clk_out1_clk_wiz_0). Large setup violations at the end of those stages might be difficult to fix during the post-placement implementation flow and could be the result of non-optimal XDC constraints or non-optimal design architecture
Related violations: <none>

TIMING-16#36 Warning
Large setup violation  
There is a large setup violation of -4.378 ns between u_mwfil_chiftop/u_dut/u_Multichannel_FIR_Filter/u_Discrete_FIR_Filter/delay22_reg[0][2]/C (clocked by clk_out1_clk_wiz_0) and u_mwfil_chiftop/u_mwfil_chifcore/DUT2CHIF.u_d2bfifo/u_dpscram/mem_reg_0/DIBDI[8] (clocked by clk_out1_clk_wiz_0). Large setup violations at the end of those stages might be difficult to fix during the post-placement implementation flow and could be the result of non-optimal XDC constraints or non-optimal design architecture
Related violations: <none>

TIMING-16#37 Warning
Large setup violation  
There is a large setup violation of -4.383 ns between u_mwfil_chiftop/u_dut/u_Multichannel_FIR_Filter/u_Discrete_FIR_Filter/delay22_reg[0][2]/C (clocked by clk_out1_clk_wiz_0) and u_mwfil_chiftop/u_mwfil_chifcore/DUT2CHIF.u_d2bfifo/u_dpscram/mem_reg_0/DIBDI[1] (clocked by clk_out1_clk_wiz_0). Large setup violations at the end of those stages might be difficult to fix during the post-placement implementation flow and could be the result of non-optimal XDC constraints or non-optimal design architecture
Related violations: <none>

TIMING-16#38 Warning
Large setup violation  
There is a large setup violation of -4.385 ns between u_mwfil_chiftop/u_dut/u_Multichannel_FIR_Filter/u_Discrete_FIR_Filter/delay22_reg[0][2]/C (clocked by clk_out1_clk_wiz_0) and u_mwfil_chiftop/u_mwfil_chifcore/DUT2CHIF.u_d2bfifo/u_dpscram/mem_reg_0/DIADI[22] (clocked by clk_out1_clk_wiz_0). Large setup violations at the end of those stages might be difficult to fix during the post-placement implementation flow and could be the result of non-optimal XDC constraints or non-optimal design architecture
Related violations: <none>

TIMING-16#39 Warning
Large setup violation  
There is a large setup violation of -4.385 ns between u_mwfil_chiftop/u_dut/u_Multichannel_FIR_Filter/u_Discrete_FIR_Filter/delay22_reg[0][2]/C (clocked by clk_out1_clk_wiz_0) and u_mwfil_chiftop/u_mwfil_chifcore/DUT2CHIF.u_d2bfifo/u_dpscram/mem_reg_0/DIADI[26] (clocked by clk_out1_clk_wiz_0). Large setup violations at the end of those stages might be difficult to fix during the post-placement implementation flow and could be the result of non-optimal XDC constraints or non-optimal design architecture
Related violations: <none>

TIMING-16#40 Warning
Large setup violation  
There is a large setup violation of -4.399 ns between u_mwfil_chiftop/u_dut/u_Multichannel_FIR_Filter/u_Discrete_FIR_Filter/delay22_reg[0][2]/C (clocked by clk_out1_clk_wiz_0) and u_mwfil_chiftop/u_mwfil_chifcore/DUT2CHIF.u_d2bfifo/u_dpscram/mem_reg_0/DIADI[31] (clocked by clk_out1_clk_wiz_0). Large setup violations at the end of those stages might be difficult to fix during the post-placement implementation flow and could be the result of non-optimal XDC constraints or non-optimal design architecture
Related violations: <none>

TIMING-16#41 Warning
Large setup violation  
There is a large setup violation of -4.401 ns between u_mwfil_chiftop/u_dut/u_Multichannel_FIR_Filter/u_Discrete_FIR_Filter/delay22_reg[0][2]/C (clocked by clk_out1_clk_wiz_0) and u_mwfil_chiftop/u_mwfil_chifcore/DUT2CHIF.u_d2bfifo/u_dpscram/mem_reg_0/DIADI[13] (clocked by clk_out1_clk_wiz_0). Large setup violations at the end of those stages might be difficult to fix during the post-placement implementation flow and could be the result of non-optimal XDC constraints or non-optimal design architecture
Related violations: <none>

TIMING-16#42 Warning
Large setup violation  
There is a large setup violation of -4.402 ns between u_mwfil_chiftop/u_dut/u_Multichannel_FIR_Filter/u_Discrete_FIR_Filter/delay22_reg[0][2]/C (clocked by clk_out1_clk_wiz_0) and u_mwfil_chiftop/u_mwfil_chifcore/DUT2CHIF.u_d2bfifo/u_dpscram/mem_reg_0/DIADI[24] (clocked by clk_out1_clk_wiz_0). Large setup violations at the end of those stages might be difficult to fix during the post-placement implementation flow and could be the result of non-optimal XDC constraints or non-optimal design architecture
Related violations: <none>

TIMING-16#43 Warning
Large setup violation  
There is a large setup violation of -4.404 ns between u_mwfil_chiftop/u_dut/u_Multichannel_FIR_Filter/u_Discrete_FIR_Filter/delay22_reg[0][2]/C (clocked by clk_out1_clk_wiz_0) and u_mwfil_chiftop/u_mwfil_chifcore/DUT2CHIF.u_d2bfifo/u_dpscram/mem_reg_0/DIADI[20] (clocked by clk_out1_clk_wiz_0). Large setup violations at the end of those stages might be difficult to fix during the post-placement implementation flow and could be the result of non-optimal XDC constraints or non-optimal design architecture
Related violations: <none>

TIMING-16#44 Warning
Large setup violation  
There is a large setup violation of -4.404 ns between u_mwfil_chiftop/u_dut/u_Multichannel_FIR_Filter/u_Discrete_FIR_Filter/delay22_reg[0][2]/C (clocked by clk_out1_clk_wiz_0) and u_mwfil_chiftop/u_mwfil_chifcore/DUT2CHIF.u_d2bfifo/u_dpscram/mem_reg_0/DIBDI[0] (clocked by clk_out1_clk_wiz_0). Large setup violations at the end of those stages might be difficult to fix during the post-placement implementation flow and could be the result of non-optimal XDC constraints or non-optimal design architecture
Related violations: <none>

TIMING-16#45 Warning
Large setup violation  
There is a large setup violation of -4.404 ns between u_mwfil_chiftop/u_dut/u_Multichannel_FIR_Filter/u_Discrete_FIR_Filter/delay22_reg[0][2]/C (clocked by clk_out1_clk_wiz_0) and u_mwfil_chiftop/u_mwfil_chifcore/DUT2CHIF.u_d2bfifo/u_dpscram/mem_reg_0/DIBDI[12] (clocked by clk_out1_clk_wiz_0). Large setup violations at the end of those stages might be difficult to fix during the post-placement implementation flow and could be the result of non-optimal XDC constraints or non-optimal design architecture
Related violations: <none>

TIMING-16#46 Warning
Large setup violation  
There is a large setup violation of -4.408 ns between u_mwfil_chiftop/u_dut/u_Multichannel_FIR_Filter/u_Discrete_FIR_Filter/delay22_reg[0][2]/C (clocked by clk_out1_clk_wiz_0) and u_mwfil_chiftop/u_mwfil_chifcore/DUT2CHIF.u_d2bfifo/u_dpscram/mem_reg_0/DIADI[11] (clocked by clk_out1_clk_wiz_0). Large setup violations at the end of those stages might be difficult to fix during the post-placement implementation flow and could be the result of non-optimal XDC constraints or non-optimal design architecture
Related violations: <none>

TIMING-16#47 Warning
Large setup violation  
There is a large setup violation of -4.413 ns between u_mwfil_chiftop/u_dut/u_Multichannel_FIR_Filter/u_Discrete_FIR_Filter/delay22_reg[0][2]/C (clocked by clk_out1_clk_wiz_0) and u_mwfil_chiftop/u_mwfil_chifcore/DUT2CHIF.u_d2bfifo/u_dpscram/mem_reg_0/DIADI[16] (clocked by clk_out1_clk_wiz_0). Large setup violations at the end of those stages might be difficult to fix during the post-placement implementation flow and could be the result of non-optimal XDC constraints or non-optimal design architecture
Related violations: <none>

TIMING-16#48 Warning
Large setup violation  
There is a large setup violation of -4.437 ns between u_mwfil_chiftop/u_dut/u_Multichannel_FIR_Filter/u_Discrete_FIR_Filter/delay21_reg[1][0]/C (clocked by clk_out1_clk_wiz_0) and u_mwfil_chiftop/u_mwfil_chifcore/DUT2CHIF.u_d2bfifo/u_dpscram/mem_reg_1/DIADI[7] (clocked by clk_out1_clk_wiz_0). Large setup violations at the end of those stages might be difficult to fix during the post-placement implementation flow and could be the result of non-optimal XDC constraints or non-optimal design architecture
Related violations: <none>

TIMING-16#49 Warning
Large setup violation  
There is a large setup violation of -4.485 ns between u_mwfil_chiftop/u_dut/u_Multichannel_FIR_Filter/u_Discrete_FIR_Filter/delay22_reg[0][2]/C (clocked by clk_out1_clk_wiz_0) and u_mwfil_chiftop/u_mwfil_chifcore/DUT2CHIF.u_d2bfifo/u_dpscram/mem_reg_0/DIADI[30] (clocked by clk_out1_clk_wiz_0). Large setup violations at the end of those stages might be difficult to fix during the post-placement implementation flow and could be the result of non-optimal XDC constraints or non-optimal design architecture
Related violations: <none>

TIMING-16#50 Warning
Large setup violation  
There is a large setup violation of -4.507 ns between u_mwfil_chiftop/u_dut/u_Multichannel_FIR_Filter/u_Discrete_FIR_Filter/delay22_reg[0][2]/C (clocked by clk_out1_clk_wiz_0) and u_mwfil_chiftop/u_mwfil_chifcore/DUT2CHIF.u_d2bfifo/u_dpscram/mem_reg_0/DIADI[29] (clocked by clk_out1_clk_wiz_0). Large setup violations at the end of those stages might be difficult to fix during the post-placement implementation flow and could be the result of non-optimal XDC constraints or non-optimal design architecture
Related violations: <none>

TIMING-16#51 Warning
Large setup violation  
There is a large setup violation of -4.519 ns between u_mwfil_chiftop/u_dut/u_Multichannel_FIR_Filter/u_Discrete_FIR_Filter/delay22_reg[0][2]/C (clocked by clk_out1_clk_wiz_0) and u_mwfil_chiftop/u_mwfil_chifcore/DUT2CHIF.u_d2bfifo/u_dpscram/mem_reg_0/DIADI[9] (clocked by clk_out1_clk_wiz_0). Large setup violations at the end of those stages might be difficult to fix during the post-placement implementation flow and could be the result of non-optimal XDC constraints or non-optimal design architecture
Related violations: <none>

TIMING-16#52 Warning
Large setup violation  
There is a large setup violation of -4.520 ns between u_mwfil_chiftop/u_dut/u_Multichannel_FIR_Filter/u_Discrete_FIR_Filter/delay22_reg[0][2]/C (clocked by clk_out1_clk_wiz_0) and u_mwfil_chiftop/u_mwfil_chifcore/DUT2CHIF.u_d2bfifo/u_dpscram/mem_reg_0/DIADI[15] (clocked by clk_out1_clk_wiz_0). Large setup violations at the end of those stages might be difficult to fix during the post-placement implementation flow and could be the result of non-optimal XDC constraints or non-optimal design architecture
Related violations: <none>

TIMING-16#53 Warning
Large setup violation  
There is a large setup violation of -4.748 ns between u_mwfil_chiftop/u_dut/u_Multichannel_FIR_Filter/u_Discrete_FIR_Filter/delay21_reg[1][0]/C (clocked by clk_out1_clk_wiz_0) and u_mwfil_chiftop/u_mwfil_chifcore/DUT2CHIF.u_d2bfifo/u_dpscram/mem_reg_0/DIBDI[22] (clocked by clk_out1_clk_wiz_0). Large setup violations at the end of those stages might be difficult to fix during the post-placement implementation flow and could be the result of non-optimal XDC constraints or non-optimal design architecture
Related violations: <none>

TIMING-16#54 Warning
Large setup violation  
There is a large setup violation of -4.820 ns between u_mwfil_chiftop/u_dut/u_Multichannel_FIR_Filter/u_Discrete_FIR_Filter/delay21_reg[1][0]/C (clocked by clk_out1_clk_wiz_0) and u_mwfil_chiftop/u_mwfil_chifcore/DUT2CHIF.u_d2bfifo/u_dpscram/mem_reg_0/DIBDI[24] (clocked by clk_out1_clk_wiz_0). Large setup violations at the end of those stages might be difficult to fix during the post-placement implementation flow and could be the result of non-optimal XDC constraints or non-optimal design architecture
Related violations: <none>

TIMING-16#55 Warning
Large setup violation  
There is a large setup violation of -4.821 ns between u_mwfil_chiftop/u_dut/u_Multichannel_FIR_Filter/u_Discrete_FIR_Filter/delay21_reg[1][0]/C (clocked by clk_out1_clk_wiz_0) and u_mwfil_chiftop/u_mwfil_chifcore/DUT2CHIF.u_d2bfifo/u_dpscram/mem_reg_0/DIBDI[18] (clocked by clk_out1_clk_wiz_0). Large setup violations at the end of those stages might be difficult to fix during the post-placement implementation flow and could be the result of non-optimal XDC constraints or non-optimal design architecture
Related violations: <none>

TIMING-16#56 Warning
Large setup violation  
There is a large setup violation of -4.825 ns between u_mwfil_chiftop/u_dut/u_Multichannel_FIR_Filter/u_Discrete_FIR_Filter/delay21_reg[1][0]/C (clocked by clk_out1_clk_wiz_0) and u_mwfil_chiftop/u_mwfil_chifcore/DUT2CHIF.u_d2bfifo/u_dpscram/mem_reg_0/DIBDI[26] (clocked by clk_out1_clk_wiz_0). Large setup violations at the end of those stages might be difficult to fix during the post-placement implementation flow and could be the result of non-optimal XDC constraints or non-optimal design architecture
Related violations: <none>

TIMING-16#57 Warning
Large setup violation  
There is a large setup violation of -4.842 ns between u_mwfil_chiftop/u_dut/u_Multichannel_FIR_Filter/u_Discrete_FIR_Filter/delay21_reg[1][0]/C (clocked by clk_out1_clk_wiz_0) and u_mwfil_chiftop/u_mwfil_chifcore/DUT2CHIF.u_d2bfifo/u_dpscram/mem_reg_0/DIPADIP[3] (clocked by clk_out1_clk_wiz_0). Large setup violations at the end of those stages might be difficult to fix during the post-placement implementation flow and could be the result of non-optimal XDC constraints or non-optimal design architecture
Related violations: <none>

TIMING-16#58 Warning
Large setup violation  
There is a large setup violation of -4.890 ns between u_mwfil_chiftop/u_dut/u_Multichannel_FIR_Filter/u_Discrete_FIR_Filter/delay21_reg[1][0]/C (clocked by clk_out1_clk_wiz_0) and u_mwfil_chiftop/u_mwfil_chifcore/DUT2CHIF.u_d2bfifo/u_dpscram/mem_reg_0/DIBDI[30] (clocked by clk_out1_clk_wiz_0). Large setup violations at the end of those stages might be difficult to fix during the post-placement implementation flow and could be the result of non-optimal XDC constraints or non-optimal design architecture
Related violations: <none>

TIMING-16#59 Warning
Large setup violation  
There is a large setup violation of -4.890 ns between u_mwfil_chiftop/u_dut/u_Multichannel_FIR_Filter/u_Discrete_FIR_Filter/delay21_reg[1][0]/C (clocked by clk_out1_clk_wiz_0) and u_mwfil_chiftop/u_mwfil_chifcore/DUT2CHIF.u_d2bfifo/u_dpscram/mem_reg_0/DIPBDIP[3] (clocked by clk_out1_clk_wiz_0). Large setup violations at the end of those stages might be difficult to fix during the post-placement implementation flow and could be the result of non-optimal XDC constraints or non-optimal design architecture
Related violations: <none>

TIMING-16#60 Warning
Large setup violation  
There is a large setup violation of -4.943 ns between u_mwfil_chiftop/u_dut/u_Multichannel_FIR_Filter/u_Discrete_FIR_Filter/delay21_reg[1][0]/C (clocked by clk_out1_clk_wiz_0) and u_mwfil_chiftop/u_mwfil_chifcore/DUT2CHIF.u_d2bfifo/u_dpscram/mem_reg_0/DIBDI[29] (clocked by clk_out1_clk_wiz_0). Large setup violations at the end of those stages might be difficult to fix during the post-placement implementation flow and could be the result of non-optimal XDC constraints or non-optimal design architecture
Related violations: <none>

TIMING-16#61 Warning
Large setup violation  
There is a large setup violation of -4.945 ns between u_mwfil_chiftop/u_dut/u_Multichannel_FIR_Filter/u_Discrete_FIR_Filter/delay21_reg[1][0]/C (clocked by clk_out1_clk_wiz_0) and u_mwfil_chiftop/u_mwfil_chifcore/DUT2CHIF.u_d2bfifo/u_dpscram/mem_reg_0/DIBDI[21] (clocked by clk_out1_clk_wiz_0). Large setup violations at the end of those stages might be difficult to fix during the post-placement implementation flow and could be the result of non-optimal XDC constraints or non-optimal design architecture
Related violations: <none>

TIMING-16#62 Warning
Large setup violation  
There is a large setup violation of -4.948 ns between u_mwfil_chiftop/u_dut/u_Multichannel_FIR_Filter/u_Discrete_FIR_Filter/delay21_reg[1][0]/C (clocked by clk_out1_clk_wiz_0) and u_mwfil_chiftop/u_mwfil_chifcore/DUT2CHIF.u_d2bfifo/u_dpscram/mem_reg_0/DIBDI[25] (clocked by clk_out1_clk_wiz_0). Large setup violations at the end of those stages might be difficult to fix during the post-placement implementation flow and could be the result of non-optimal XDC constraints or non-optimal design architecture
Related violations: <none>

TIMING-16#63 Warning
Large setup violation  
There is a large setup violation of -4.949 ns between u_mwfil_chiftop/u_dut/u_Multichannel_FIR_Filter/u_Discrete_FIR_Filter/delay21_reg[1][0]/C (clocked by clk_out1_clk_wiz_0) and u_mwfil_chiftop/u_mwfil_chifcore/DUT2CHIF.u_d2bfifo/u_dpscram/mem_reg_0/DIBDI[20] (clocked by clk_out1_clk_wiz_0). Large setup violations at the end of those stages might be difficult to fix during the post-placement implementation flow and could be the result of non-optimal XDC constraints or non-optimal design architecture
Related violations: <none>

TIMING-16#64 Warning
Large setup violation  
There is a large setup violation of -4.949 ns between u_mwfil_chiftop/u_dut/u_Multichannel_FIR_Filter/u_Discrete_FIR_Filter/delay21_reg[1][0]/C (clocked by clk_out1_clk_wiz_0) and u_mwfil_chiftop/u_mwfil_chifcore/DUT2CHIF.u_d2bfifo/u_dpscram/mem_reg_0/DIBDI[27] (clocked by clk_out1_clk_wiz_0). Large setup violations at the end of those stages might be difficult to fix during the post-placement implementation flow and could be the result of non-optimal XDC constraints or non-optimal design architecture
Related violations: <none>

TIMING-16#65 Warning
Large setup violation  
There is a large setup violation of -4.951 ns between u_mwfil_chiftop/u_dut/u_Multichannel_FIR_Filter/u_Discrete_FIR_Filter/delay21_reg[1][0]/C (clocked by clk_out1_clk_wiz_0) and u_mwfil_chiftop/u_mwfil_chifcore/DUT2CHIF.u_d2bfifo/u_dpscram/mem_reg_0/DIBDI[31] (clocked by clk_out1_clk_wiz_0). Large setup violations at the end of those stages might be difficult to fix during the post-placement implementation flow and could be the result of non-optimal XDC constraints or non-optimal design architecture
Related violations: <none>

TIMING-16#66 Warning
Large setup violation  
There is a large setup violation of -4.959 ns between u_mwfil_chiftop/u_dut/u_Multichannel_FIR_Filter/u_Discrete_FIR_Filter/delay21_reg[1][0]/C (clocked by clk_out1_clk_wiz_0) and u_mwfil_chiftop/u_mwfil_chifcore/DUT2CHIF.u_d2bfifo/u_dpscram/mem_reg_0/DIBDI[16] (clocked by clk_out1_clk_wiz_0). Large setup violations at the end of those stages might be difficult to fix during the post-placement implementation flow and could be the result of non-optimal XDC constraints or non-optimal design architecture
Related violations: <none>

TIMING-16#67 Warning
Large setup violation  
There is a large setup violation of -4.962 ns between u_mwfil_chiftop/u_dut/u_Multichannel_FIR_Filter/u_Discrete_FIR_Filter/delay21_reg[1][0]/C (clocked by clk_out1_clk_wiz_0) and u_mwfil_chiftop/u_mwfil_chifcore/DUT2CHIF.u_d2bfifo/u_dpscram/mem_reg_0/DIBDI[28] (clocked by clk_out1_clk_wiz_0). Large setup violations at the end of those stages might be difficult to fix during the post-placement implementation flow and could be the result of non-optimal XDC constraints or non-optimal design architecture
Related violations: <none>

TIMING-16#68 Warning
Large setup violation  
There is a large setup violation of -4.978 ns between u_mwfil_chiftop/u_dut/u_Multichannel_FIR_Filter/u_Discrete_FIR_Filter/delay21_reg[1][0]/C (clocked by clk_out1_clk_wiz_0) and u_mwfil_chiftop/u_mwfil_chifcore/DUT2CHIF.u_d2bfifo/u_dpscram/mem_reg_0/DIPBDIP[1] (clocked by clk_out1_clk_wiz_0). Large setup violations at the end of those stages might be difficult to fix during the post-placement implementation flow and could be the result of non-optimal XDC constraints or non-optimal design architecture
Related violations: <none>

TIMING-16#69 Warning
Large setup violation  
There is a large setup violation of -4.991 ns between u_mwfil_chiftop/u_dut/u_Multichannel_FIR_Filter/u_Discrete_FIR_Filter/delay21_reg[1][0]/C (clocked by clk_out1_clk_wiz_0) and u_mwfil_chiftop/u_mwfil_chifcore/DUT2CHIF.u_d2bfifo/u_dpscram/mem_reg_0/DIPBDIP[0] (clocked by clk_out1_clk_wiz_0). Large setup violations at the end of those stages might be difficult to fix during the post-placement implementation flow and could be the result of non-optimal XDC constraints or non-optimal design architecture
Related violations: <none>

TIMING-16#70 Warning
Large setup violation  
There is a large setup violation of -4.993 ns between u_mwfil_chiftop/u_dut/u_Multichannel_FIR_Filter/u_Discrete_FIR_Filter/delay21_reg[1][0]/C (clocked by clk_out1_clk_wiz_0) and u_mwfil_chiftop/u_mwfil_chifcore/DUT2CHIF.u_d2bfifo/u_dpscram/mem_reg_0/DIPADIP[0] (clocked by clk_out1_clk_wiz_0). Large setup violations at the end of those stages might be difficult to fix during the post-placement implementation flow and could be the result of non-optimal XDC constraints or non-optimal design architecture
Related violations: <none>

TIMING-16#71 Warning
Large setup violation  
There is a large setup violation of -4.994 ns between u_mwfil_chiftop/u_dut/u_Multichannel_FIR_Filter/u_Discrete_FIR_Filter/delay21_reg[1][0]/C (clocked by clk_out1_clk_wiz_0) and u_mwfil_chiftop/u_mwfil_chifcore/DUT2CHIF.u_d2bfifo/u_dpscram/mem_reg_0/DIPADIP[1] (clocked by clk_out1_clk_wiz_0). Large setup violations at the end of those stages might be difficult to fix during the post-placement implementation flow and could be the result of non-optimal XDC constraints or non-optimal design architecture
Related violations: <none>

TIMING-16#72 Warning
Large setup violation  
There is a large setup violation of -4.998 ns between u_mwfil_chiftop/u_dut/u_Multichannel_FIR_Filter/u_Discrete_FIR_Filter/delay21_reg[1][0]/C (clocked by clk_out1_clk_wiz_0) and u_mwfil_chiftop/u_mwfil_chifcore/DUT2CHIF.u_d2bfifo/u_dpscram/mem_reg_0/DIBDI[23] (clocked by clk_out1_clk_wiz_0). Large setup violations at the end of those stages might be difficult to fix during the post-placement implementation flow and could be the result of non-optimal XDC constraints or non-optimal design architecture
Related violations: <none>

TIMING-16#73 Warning
Large setup violation  
There is a large setup violation of -5.005 ns between u_mwfil_chiftop/u_dut/u_Multichannel_FIR_Filter/u_Discrete_FIR_Filter/delay21_reg[1][0]/C (clocked by clk_out1_clk_wiz_0) and u_mwfil_chiftop/u_mwfil_chifcore/DUT2CHIF.u_d2bfifo/u_dpscram/mem_reg_0/DIBDI[19] (clocked by clk_out1_clk_wiz_0). Large setup violations at the end of those stages might be difficult to fix during the post-placement implementation flow and could be the result of non-optimal XDC constraints or non-optimal design architecture
Related violations: <none>

TIMING-16#74 Warning
Large setup violation  
There is a large setup violation of -5.067 ns between u_mwfil_chiftop/u_dut/u_Multichannel_FIR_Filter/u_Discrete_FIR_Filter/delay21_reg[1][0]/C (clocked by clk_out1_clk_wiz_0) and u_mwfil_chiftop/u_mwfil_chifcore/DUT2CHIF.u_d2bfifo/u_dpscram/mem_reg_0/DIPADIP[2] (clocked by clk_out1_clk_wiz_0). Large setup violations at the end of those stages might be difficult to fix during the post-placement implementation flow and could be the result of non-optimal XDC constraints or non-optimal design architecture
Related violations: <none>

TIMING-16#75 Warning
Large setup violation  
There is a large setup violation of -5.091 ns between u_mwfil_chiftop/u_dut/u_Multichannel_FIR_Filter/u_Discrete_FIR_Filter/delay21_reg[1][0]/C (clocked by clk_out1_clk_wiz_0) and u_mwfil_chiftop/u_mwfil_chifcore/DUT2CHIF.u_d2bfifo/u_dpscram/mem_reg_0/DIBDI[17] (clocked by clk_out1_clk_wiz_0). Large setup violations at the end of those stages might be difficult to fix during the post-placement implementation flow and could be the result of non-optimal XDC constraints or non-optimal design architecture
Related violations: <none>

TIMING-16#76 Warning
Large setup violation  
There is a large setup violation of -5.091 ns between u_mwfil_chiftop/u_dut/u_Multichannel_FIR_Filter/u_Discrete_FIR_Filter/delay21_reg[1][0]/C (clocked by clk_out1_clk_wiz_0) and u_mwfil_chiftop/u_mwfil_chifcore/DUT2CHIF.u_d2bfifo/u_dpscram/mem_reg_0/DIPBDIP[2] (clocked by clk_out1_clk_wiz_0). Large setup violations at the end of those stages might be difficult to fix during the post-placement implementation flow and could be the result of non-optimal XDC constraints or non-optimal design architecture
Related violations: <none>

TIMING-24#1 Warning
Overridden Max delay datapath only  
An asynchronous set_clock_groups or a set_false path (see constraint position 5 in the Timing Constraints window in Vivado IDE) between clocks TCK and clk_out1_clk_wiz_0 overrides a set_max_delay -datapath_only (position 12). It is not recommended to override a set_max_delay -datapath_only constraint. Replace the set_clock_groups or set_false_path between clocks with point-to-point set_false_path constraints
Related violations: <none>

TIMING-24#2 Warning
Overridden Max delay datapath only  
An asynchronous set_clock_groups or a set_false path (see constraint position 5 in the Timing Constraints window in Vivado IDE) between clocks TCK and clk_out1_clk_wiz_0 overrides a set_max_delay -datapath_only (position 16). It is not recommended to override a set_max_delay -datapath_only constraint. Replace the set_clock_groups or set_false_path between clocks with point-to-point set_false_path constraints
Related violations: <none>

TIMING-24#3 Warning
Overridden Max delay datapath only  
An asynchronous set_clock_groups or a set_false path (see constraint position 5 in the Timing Constraints window in Vivado IDE) between clocks TCK and clk_out1_clk_wiz_0 overrides a set_max_delay -datapath_only (position 6). It is not recommended to override a set_max_delay -datapath_only constraint. Replace the set_clock_groups or set_false_path between clocks with point-to-point set_false_path constraints
Related violations: <none>

TIMING-24#4 Warning
Overridden Max delay datapath only  
An asynchronous set_clock_groups or a set_false path (see constraint position 5 in the Timing Constraints window in Vivado IDE) between clocks clk_out1_clk_wiz_0 and TCK overrides a set_max_delay -datapath_only (position 10). It is not recommended to override a set_max_delay -datapath_only constraint. Replace the set_clock_groups or set_false_path between clocks with point-to-point set_false_path constraints
Related violations: <none>

TIMING-24#5 Warning
Overridden Max delay datapath only  
An asynchronous set_clock_groups or a set_false path (see constraint position 5 in the Timing Constraints window in Vivado IDE) between clocks clk_out1_clk_wiz_0 and TCK overrides a set_max_delay -datapath_only (position 14). It is not recommended to override a set_max_delay -datapath_only constraint. Replace the set_clock_groups or set_false_path between clocks with point-to-point set_false_path constraints
Related violations: <none>

TIMING-24#6 Warning
Overridden Max delay datapath only  
An asynchronous set_clock_groups or a set_false path (see constraint position 5 in the Timing Constraints window in Vivado IDE) between clocks clk_out1_clk_wiz_0 and TCK overrides a set_max_delay -datapath_only (position 8). It is not recommended to override a set_max_delay -datapath_only constraint. Replace the set_clock_groups or set_false_path between clocks with point-to-point set_false_path constraints
Related violations: <none>

XDCC-1#1 Warning
Scoped Clock constraint overwritten with the same name  
A new clock constraint create_clock overrides a previous scoped clock constraint with the same name. It is not recommended to override a scoped (typically an IP) clock constraint and could result in unexpected behaviors.
New: create_clock -period 10.000 -name sysclk -waveform {0.000 5.000} [get_ports sysclk] (Source: C:/demo/MultichannelFIRFilterForFPGAExample/Multichannel_FIR_Filter_fil/filsrc/Multichannel_FIR_Filter_fil.xdc (Line: 1))
Previous: create_clock -period 10.000 [get_ports sysclk] (Source: c:/demo/MultichannelFIRFilterForFPGAExample/Multichannel_FIR_Filter_fil/fpgaproj/Multichannel_FIR_Filter_fil.gen/sources_1/ip/clk_wiz_0/clk_wiz_0.xdc (Line: 53))
Related violations: <none>

XDCC-7#1 Warning
Scoped Clock constraint overwritten on the same source  
A new clock constraint create_clock overrides a previous scoped clock constraint defined on the same source. It is not recommended to override a scoped (typically an IP) clock constraint and could result in unexpected behaviors.
New: create_clock -period 10.000 -name sysclk -waveform {0.000 5.000} [get_ports sysclk] (Source: C:/demo/MultichannelFIRFilterForFPGAExample/Multichannel_FIR_Filter_fil/filsrc/Multichannel_FIR_Filter_fil.xdc (Line: 1))
Previous: create_clock -period 10.000 [get_ports sysclk] (Source: c:/demo/MultichannelFIRFilterForFPGAExample/Multichannel_FIR_Filter_fil/fpgaproj/Multichannel_FIR_Filter_fil.gen/sources_1/ip/clk_wiz_0/clk_wiz_0.xdc (Line: 53))
Related violations: <none>


