#-----------------------------------------------------------
# Vivado v2024.1 (64-bit)
# SW Build 5076996 on Wed May 22 18:37:14 MDT 2024
# IP Build 5075265 on Wed May 22 21:45:21 MDT 2024
# SharedData Build 5076995 on Wed May 22 18:29:18 MDT 2024
# Start of session at: Wed Jan 14 11:19:44 2026
# Process ID: 32140
# Current directory: C:/demo/MultichannelFIRFilterForFPGAExample/hdl_prj/hdlsrc/dspmultichannelhdl/hdl_prj/fil_prj/fpgaproj
# Command line: vivado.exe -mode batch -source compileproject.tcl
# Log file: C:/demo/MultichannelFIRFilterForFPGAExample/hdl_prj/hdlsrc/dspmultichannelhdl/hdl_prj/fil_prj/fpgaproj/vivado.log
# Journal file: C:/demo/MultichannelFIRFilterForFPGAExample/hdl_prj/hdlsrc/dspmultichannelhdl/hdl_prj/fil_prj/fpgaproj\vivado.jou
# Running On        :TS-93724
# Platform          :Windows Server 2016 or Windows 10
# Operating System  :26200
# Processor Detail  :11th Gen Intel(R) Core(TM) i7-1165G7 @ 2.80GHz
# CPU Frequency     :2803 MHz
# CPU Physical cores:4
# CPU Logical cores :8
# Host memory       :34069 MB
# Swap memory       :12884 MB
# Total Virtual     :46954 MB
# Available Virtual :7293 MB
#-----------------------------------------------------------
source compileproject.tcl
# open_project Multichannel_FIR_Filter_fil
INFO: [ProjectBase 1-489] The host OS only allows 260 characters in a normal path. The project is stored in a path with more than 80 characters. If you experience issues with IP, Block Designs, or files not being found, please consider moving the project to a location with a shorter path. Alternately consider using the OS subst command to map part of the path to a drive letter.
Current project path is 'C:/demo/MultichannelFIRFilterForFPGAExample/hdl_prj/hdlsrc/dspmultichannelhdl/hdl_prj/fil_prj/fpgaproj'
INFO: [filemgmt 56-3] Default IP Output Path : Could not find the directory 'C:/demo/MultichannelFIRFilterForFPGAExample/hdl_prj/hdlsrc/dspmultichannelhdl/hdl_prj/fil_prj/fpgaproj/Multichannel_FIR_Filter_fil.gen/sources_1'.
Scanning sources...
Finished scanning sources
open_project: Time (s): cpu = 00:00:07 ; elapsed = 00:00:07 . Memory (MB): peak = 629.320 ; gain = 199.773
# launch_runs impl_1 -jobs 4
[Wed Jan 14 11:19:58 2026] Launched impl_1...
Run output will be captured here: C:/demo/MultichannelFIRFilterForFPGAExample/hdl_prj/hdlsrc/dspmultichannelhdl/hdl_prj/fil_prj/fpgaproj/Multichannel_FIR_Filter_fil.runs/impl_1/runme.log
# wait_on_run impl_1
[Wed Jan 14 11:19:58 2026] Waiting for impl_1 to finish...

*** Running vivado
    with args -log Multichannel_FIR_Filter_fil.vdi -applog -m64 -product Vivado -messageDb vivado.pb -mode batch -source Multichannel_FIR_Filter_fil.tcl -notrace



****** Vivado v2024.1 (64-bit)
  **** SW Build 5076996 on Wed May 22 18:37:14 MDT 2024
  **** IP Build 5075265 on Wed May 22 21:45:21 MDT 2024
  **** SharedData Build 5076995 on Wed May 22 18:29:18 MDT 2024
  **** Start of session at: Wed Jan 14 11:20:05 2026
    ** Copyright 1986-2022 Xilinx, Inc. All Rights Reserved.
    ** Copyright 2022-2024 Advanced Micro Devices, Inc. All Rights Reserved.

source Multichannel_FIR_Filter_fil.tcl -notrace
create_project: Time (s): cpu = 00:00:06 ; elapsed = 00:00:08 . Memory (MB): peak = 630.387 ; gain = 201.441
Command: link_design -top Multichannel_FIR_Filter_fil -part xc7a35tcsg324-1
Design is defaulting to srcset: sources_1
Design is defaulting to constrset: constrs_1
INFO: [Device 21-403] Loading part xc7a35tcsg324-1
INFO: [Device 21-9227] Part: xc7a35tcsg324-1 does not have CEAM library.
Netlist sorting complete. Time (s): cpu = 00:00:00 ; elapsed = 00:00:00.052 . Memory (MB): peak = 1035.477 ; gain = 0.000
INFO: [Netlist 29-17] Analyzing 432 Unisim elements for replacement
INFO: [Netlist 29-28] Unisim Transformation completed in 0 CPU seconds
INFO: [Project 1-479] Netlist was created with Vivado 2024.1
INFO: [Project 1-570] Preparing netlist for logic optimization
Parsing XDC File [C:/demo/MultichannelFIRFilterForFPGAExample/hdl_prj/hdlsrc/dspmultichannelhdl/hdl_prj/fil_prj/filsrc/Multichannel_FIR_Filter_fil.xdc]
INFO: [Timing 38-35] Done setting XDC timing constraints. [C:/demo/MultichannelFIRFilterForFPGAExample/hdl_prj/hdlsrc/dspmultichannelhdl/hdl_prj/fil_prj/filsrc/Multichannel_FIR_Filter_fil.xdc:46]
INFO: [Timing 38-2] Deriving generated clocks [C:/demo/MultichannelFIRFilterForFPGAExample/hdl_prj/hdlsrc/dspmultichannelhdl/hdl_prj/fil_prj/filsrc/Multichannel_FIR_Filter_fil.xdc:46]
get_clocks: Time (s): cpu = 00:00:06 ; elapsed = 00:00:07 . Memory (MB): peak = 1748.773 ; gain = 581.762
Finished Parsing XDC File [C:/demo/MultichannelFIRFilterForFPGAExample/hdl_prj/hdlsrc/dspmultichannelhdl/hdl_prj/fil_prj/filsrc/Multichannel_FIR_Filter_fil.xdc]
INFO: [Opt 31-138] Pushed 0 inverter(s) to 0 load pin(s).
Netlist sorting complete. Time (s): cpu = 00:00:00 ; elapsed = 00:00:00.001 . Memory (MB): peak = 1748.773 ; gain = 0.000
INFO: [Project 1-111] Unisim Transformation Summary:
  A total of 11 instances were transformed.
  RAM32M => RAM32M (RAMD32(x6), RAMS32(x2)): 9 instances
  RAM32X1D => RAM32X1D (RAMD32(x2)): 2 instances

10 Infos, 0 Warnings, 0 Critical Warnings and 0 Errors encountered.
link_design completed successfully
link_design: Time (s): cpu = 00:00:13 ; elapsed = 00:00:13 . Memory (MB): peak = 1748.773 ; gain = 1118.387
Command: opt_design
Attempting to get a license for feature 'Implementation' and/or device 'xc7a35t'
INFO: [Common 17-349] Got license for feature 'Implementation' and/or device 'xc7a35t'
Running DRC as a precondition to command opt_design

Starting DRC Task
INFO: [DRC 23-27] Running DRC with 2 threads
INFO: [Project 1-461] DRC finished with 0 Errors
INFO: [Project 1-462] Please refer to the DRC report (report_drc) for more information.

Time (s): cpu = 00:00:01 ; elapsed = 00:00:01 . Memory (MB): peak = 1748.773 ; gain = 0.000

Starting Cache Timing Information Task
INFO: [Timing 38-35] Done setting XDC timing constraints.
Ending Cache Timing Information Task | Checksum: 1caa0640d

Time (s): cpu = 00:00:01 ; elapsed = 00:00:00.640 . Memory (MB): peak = 1770.633 ; gain = 21.859

Starting Logic Optimization Task

Phase 1 Initialization

Phase 1.1 Core Generation And Design Setup
Phase 1.1 Core Generation And Design Setup | Checksum: 1caa0640d

Time (s): cpu = 00:00:00 ; elapsed = 00:00:00.001 . Memory (MB): peak = 2143.867 ; gain = 0.000

Phase 1.2 Setup Constraints And Sort Netlist
Phase 1.2 Setup Constraints And Sort Netlist | Checksum: 1caa0640d

Time (s): cpu = 00:00:00 ; elapsed = 00:00:00.004 . Memory (MB): peak = 2143.867 ; gain = 0.000
Phase 1 Initialization | Checksum: 1caa0640d

Time (s): cpu = 00:00:00 ; elapsed = 00:00:00.005 . Memory (MB): peak = 2143.867 ; gain = 0.000

Phase 2 Timer Update And Timing Data Collection

Phase 2.1 Timer Update
Phase 2.1 Timer Update | Checksum: 1caa0640d

Time (s): cpu = 00:00:01 ; elapsed = 00:00:00.496 . Memory (MB): peak = 2143.867 ; gain = 0.000

Phase 2.2 Timing Data Collection
Phase 2.2 Timing Data Collection | Checksum: 1caa0640d

Time (s): cpu = 00:00:01 ; elapsed = 00:00:00.507 . Memory (MB): peak = 2143.867 ; gain = 0.000
Phase 2 Timer Update And Timing Data Collection | Checksum: 1caa0640d

Time (s): cpu = 00:00:01 ; elapsed = 00:00:00.508 . Memory (MB): peak = 2143.867 ; gain = 0.000

Phase 3 Retarget
INFO: [Opt 31-1834] Total Chains To Be Transformed Were: 0 AND Number of Transformed insts Created are: 0
INFO: [Opt 31-138] Pushed 2 inverter(s) to 10 load pin(s).
INFO: [Opt 31-49] Retargeted 0 cell(s).
Phase 3 Retarget | Checksum: 19dc115f8

Time (s): cpu = 00:00:01 ; elapsed = 00:00:00.585 . Memory (MB): peak = 2143.867 ; gain = 0.000
Retarget | Checksum: 19dc115f8
INFO: [Opt 31-389] Phase Retarget created 0 cells and removed 2 cells
INFO: [Opt 31-1021] In phase Retarget, 1 netlist objects are constrained preventing optimization. Please run opt_design with -debug_log to get more detail. 

Phase 4 Constant propagation
INFO: [Opt 31-138] Pushed 0 inverter(s) to 0 load pin(s).
Phase 4 Constant propagation | Checksum: 19d647371

Time (s): cpu = 00:00:01 ; elapsed = 00:00:00.632 . Memory (MB): peak = 2143.867 ; gain = 0.000
Constant propagation | Checksum: 19d647371
INFO: [Opt 31-389] Phase Constant propagation created 0 cells and removed 0 cells

Phase 5 Sweep
Phase 5 Sweep | Checksum: 13ff9857c

Time (s): cpu = 00:00:01 ; elapsed = 00:00:00.743 . Memory (MB): peak = 2143.867 ; gain = 0.000
Sweep | Checksum: 13ff9857c
INFO: [Opt 31-389] Phase Sweep created 0 cells and removed 0 cells

Phase 6 BUFG optimization
INFO: [Opt 31-194] Inserted BUFG u_ClockManager/ETH_CLK25_OBUF_BUFG_inst to drive 1 load(s) on clock net ETH_CLK25_OBUF
INFO: [Opt 31-194] Inserted BUFG u_ClockManager/txclk_BUFG_inst to drive 826 load(s) on clock net u_ClockManager/txclk_BUFG
INFO: [Opt 31-194] Inserted BUFG u_ClockManager/rxclk_BUFG_inst to drive 536 load(s) on clock net u_ClockManager/rxclk_BUFG
INFO: [Opt 31-193] Inserted 3 BUFG(s) on clock nets
Phase 6 BUFG optimization | Checksum: 218b27dac

Time (s): cpu = 00:00:01 ; elapsed = 00:00:00.828 . Memory (MB): peak = 2143.867 ; gain = 0.000
BUFG optimization | Checksum: 218b27dac
INFO: [Opt 31-662] Phase BUFG optimization created 3 cells of which 3 are BUFGs and removed 0 cells.

Phase 7 Shift Register Optimization
INFO: [Opt 31-1064] SRL Remap converted 0 SRLs to 0 registers and converted 0 registers of register chains to 0 SRLs
Phase 7 Shift Register Optimization | Checksum: 218b27dac

Time (s): cpu = 00:00:01 ; elapsed = 00:00:00.834 . Memory (MB): peak = 2143.867 ; gain = 0.000
Shift Register Optimization | Checksum: 218b27dac
INFO: [Opt 31-389] Phase Shift Register Optimization created 0 cells and removed 0 cells

Phase 8 Post Processing Netlist
Phase 8 Post Processing Netlist | Checksum: 218b27dac

Time (s): cpu = 00:00:01 ; elapsed = 00:00:00.850 . Memory (MB): peak = 2143.867 ; gain = 0.000
Post Processing Netlist | Checksum: 218b27dac
INFO: [Opt 31-389] Phase Post Processing Netlist created 0 cells and removed 0 cells

Phase 9 Finalization

Phase 9.1 Finalizing Design Cores and Updating Shapes
Phase 9.1 Finalizing Design Cores and Updating Shapes | Checksum: 1dda026c8

Time (s): cpu = 00:00:01 ; elapsed = 00:00:00.996 . Memory (MB): peak = 2143.867 ; gain = 0.000

Phase 9.2 Verifying Netlist Connectivity

Starting Connectivity Check Task

Time (s): cpu = 00:00:00 ; elapsed = 00:00:00.009 . Memory (MB): peak = 2143.867 ; gain = 0.000
Phase 9.2 Verifying Netlist Connectivity | Checksum: 1dda026c8

Time (s): cpu = 00:00:01 ; elapsed = 00:00:01 . Memory (MB): peak = 2143.867 ; gain = 0.000
Phase 9 Finalization | Checksum: 1dda026c8

Time (s): cpu = 00:00:01 ; elapsed = 00:00:01 . Memory (MB): peak = 2143.867 ; gain = 0.000
Opt_design Change Summary
=========================


-------------------------------------------------------------------------------------------------------------------------
|  Phase                        |  #Cells created  |  #Cells Removed  |  #Constrained objects preventing optimizations  |
-------------------------------------------------------------------------------------------------------------------------
|  Retarget                     |               0  |               2  |                                              1  |
|  Constant propagation         |               0  |               0  |                                              0  |
|  Sweep                        |               0  |               0  |                                              0  |
|  BUFG optimization            |               3  |               0  |                                              0  |
|  Shift Register Optimization  |               0  |               0  |                                              0  |
|  Post Processing Netlist      |               0  |               0  |                                              0  |
-------------------------------------------------------------------------------------------------------------------------


Ending Logic Optimization Task | Checksum: 1dda026c8

Time (s): cpu = 00:00:01 ; elapsed = 00:00:01 . Memory (MB): peak = 2143.867 ; gain = 0.000

Starting Power Optimization Task
INFO: [Pwropt 34-132] Skipping clock gating for clocks with a period < 2.00 ns.
INFO: [Pwropt 34-9] Applying IDT optimizations ...
INFO: [Pwropt 34-10] Applying ODC optimizations ...
INFO: [Timing 38-35] Done setting XDC timing constraints.
Running Vector-less Activity Propagation...

Finished Running Vector-less Activity Propagation


Starting PowerOpt Patch Enables Task
INFO: [Pwropt 34-162] WRITE_MODE attribute of 0 BRAM(s) out of a total of 15 has been updated to save power. Run report_power_opt to get a complete listing of the BRAMs updated.
INFO: [Pwropt 34-201] Structural ODC has moved 1 WE to EN ports
Number of BRAM Ports augmented: 10 newly gated: 12 Total Ports: 30
Ending PowerOpt Patch Enables Task | Checksum: 18b90a03f

Time (s): cpu = 00:00:01 ; elapsed = 00:00:00.059 . Memory (MB): peak = 2281.879 ; gain = 0.000
Ending Power Optimization Task | Checksum: 18b90a03f

Time (s): cpu = 00:00:05 ; elapsed = 00:00:02 . Memory (MB): peak = 2281.879 ; gain = 138.012

Starting Final Cleanup Task
Ending Final Cleanup Task | Checksum: 18b90a03f

Time (s): cpu = 00:00:00 ; elapsed = 00:00:00 . Memory (MB): peak = 2281.879 ; gain = 0.000

Starting Netlist Obfuscation Task
Netlist sorting complete. Time (s): cpu = 00:00:00 ; elapsed = 00:00:00.009 . Memory (MB): peak = 2281.879 ; gain = 0.000
Ending Netlist Obfuscation Task | Checksum: 1c62ece81

Time (s): cpu = 00:00:00 ; elapsed = 00:00:00.010 . Memory (MB): peak = 2281.879 ; gain = 0.000
INFO: [Common 17-83] Releasing license: Implementation
38 Infos, 0 Warnings, 0 Critical Warnings and 0 Errors encountered.
opt_design completed successfully
opt_design: Time (s): cpu = 00:00:11 ; elapsed = 00:00:08 . Memory (MB): peak = 2281.879 ; gain = 533.105
INFO: [Vivado 12-24828] Executing command : report_drc -file Multichannel_FIR_Filter_fil_drc_opted.rpt -pb Multichannel_FIR_Filter_fil_drc_opted.pb -rpx Multichannel_FIR_Filter_fil_drc_opted.rpx
Command: report_drc -file Multichannel_FIR_Filter_fil_drc_opted.rpt -pb Multichannel_FIR_Filter_fil_drc_opted.pb -rpx Multichannel_FIR_Filter_fil_drc_opted.rpx
INFO: [IP_Flow 19-234] Refreshing IP repositories
INFO: [IP_Flow 19-1704] No user IP repositories specified
INFO: [IP_Flow 19-2313] Loaded Vivado IP repository 'C:/Xilinx/Vivado/2024.1/data/ip'.
INFO: [DRC 23-27] Running DRC with 2 threads
INFO: [Vivado_Tcl 2-168] The results of DRC are in file C:/demo/MultichannelFIRFilterForFPGAExample/hdl_prj/hdlsrc/dspmultichannelhdl/hdl_prj/fil_prj/fpgaproj/Multichannel_FIR_Filter_fil.runs/impl_1/Multichannel_FIR_Filter_fil_drc_opted.rpt.
report_drc completed successfully
INFO: [Timing 38-480] Writing timing data to binary archive.
Wrote PlaceDB: Time (s): cpu = 00:00:00 ; elapsed = 00:00:00.002 . Memory (MB): peak = 2281.879 ; gain = 0.000
Wrote PulsedLatchDB: Time (s): cpu = 00:00:00 ; elapsed = 00:00:00 . Memory (MB): peak = 2281.879 ; gain = 0.000
Writing XDEF routing.
Write ShapeDB Complete: Time (s): cpu = 00:00:01 ; elapsed = 00:00:00.017 . Memory (MB): peak = 2281.879 ; gain = 0.000
Writing XDEF routing logical nets.
Writing XDEF routing special nets.
Wrote RouteStorage: Time (s): cpu = 00:00:00 ; elapsed = 00:00:00.064 . Memory (MB): peak = 2281.879 ; gain = 0.000
Wrote Netlist Cache: Time (s): cpu = 00:00:00 ; elapsed = 00:00:00 . Memory (MB): peak = 2281.879 ; gain = 0.000
Wrote Device Cache: Time (s): cpu = 00:00:00 ; elapsed = 00:00:00.008 . Memory (MB): peak = 2281.879 ; gain = 0.000
Write Physdb Complete: Time (s): cpu = 00:00:00 ; elapsed = 00:00:00.092 . Memory (MB): peak = 2281.879 ; gain = 0.000
INFO: [Common 17-1381] The checkpoint 'C:/demo/MultichannelFIRFilterForFPGAExample/hdl_prj/hdlsrc/dspmultichannelhdl/hdl_prj/fil_prj/fpgaproj/Multichannel_FIR_Filter_fil.runs/impl_1/Multichannel_FIR_Filter_fil_opt.dcp' has been generated.
Command: place_design
Attempting to get a license for feature 'Implementation' and/or device 'xc7a35t'
INFO: [Common 17-349] Got license for feature 'Implementation' and/or device 'xc7a35t'
INFO: [Common 17-83] Releasing license: Implementation
INFO: [DRC 23-27] Running DRC with 2 threads
INFO: [Vivado_Tcl 4-198] DRC finished with 0 Errors
INFO: [Vivado_Tcl 4-199] Please refer to the DRC report (report_drc) for more information.
Running DRC as a precondition to command place_design
INFO: [DRC 23-27] Running DRC with 2 threads
INFO: [Vivado_Tcl 4-198] DRC finished with 0 Errors, 1 Warnings
INFO: [Vivado_Tcl 4-199] Please refer to the DRC report (report_drc) for more information.
INFO: [Place 30-611] Multithreading enabled for place_design using a maximum of 2 CPUs

Starting Placer Task

Phase 1 Placer Initialization

Phase 1.1 Placer Initialization Netlist Sorting
Netlist sorting complete. Time (s): cpu = 00:00:00 ; elapsed = 00:00:00.001 . Memory (MB): peak = 2281.879 ; gain = 0.000
Phase 1.1 Placer Initialization Netlist Sorting | Checksum: 14ec6831d

Time (s): cpu = 00:00:00 ; elapsed = 00:00:00.003 . Memory (MB): peak = 2281.879 ; gain = 0.000
Netlist sorting complete. Time (s): cpu = 00:00:00 ; elapsed = 00:00:00.001 . Memory (MB): peak = 2281.879 ; gain = 0.000

Phase 1.2 IO Placement/ Clock Placement/ Build Placer Device
INFO: [Timing 38-35] Done setting XDC timing constraints.
Phase 1.2 IO Placement/ Clock Placement/ Build Placer Device | Checksum: 1349841ed

Time (s): cpu = 00:00:02 ; elapsed = 00:00:00.983 . Memory (MB): peak = 2281.879 ; gain = 0.000

Phase 1.3 Build Placer Netlist Model
Phase 1.3 Build Placer Netlist Model | Checksum: 1445a873c

Time (s): cpu = 00:00:07 ; elapsed = 00:00:05 . Memory (MB): peak = 2281.879 ; gain = 0.000

Phase 1.4 Constrain Clocks/Macros
Phase 1.4 Constrain Clocks/Macros | Checksum: 1445a873c

Time (s): cpu = 00:00:07 ; elapsed = 00:00:05 . Memory (MB): peak = 2281.879 ; gain = 0.000
Phase 1 Placer Initialization | Checksum: 1445a873c

Time (s): cpu = 00:00:07 ; elapsed = 00:00:05 . Memory (MB): peak = 2281.879 ; gain = 0.000

Phase 2 Global Placement

Phase 2.1 Floorplanning
Phase 2.1 Floorplanning | Checksum: 1c723afae

Time (s): cpu = 00:00:07 ; elapsed = 00:00:05 . Memory (MB): peak = 2281.879 ; gain = 0.000

Phase 2.2 Update Timing before SLR Path Opt
Phase 2.2 Update Timing before SLR Path Opt | Checksum: 1bd9d7320

Time (s): cpu = 00:00:08 ; elapsed = 00:00:06 . Memory (MB): peak = 2281.879 ; gain = 0.000

Phase 2.3 Post-Processing in Floorplanning
Phase 2.3 Post-Processing in Floorplanning | Checksum: 18aa757b0

Time (s): cpu = 00:00:08 ; elapsed = 00:00:06 . Memory (MB): peak = 2281.879 ; gain = 0.000

Phase 2.4 Global Placement Core

Phase 2.4.1 UpdateTiming Before Physical Synthesis
Phase 2.4.1 UpdateTiming Before Physical Synthesis | Checksum: 197aeec3e

Time (s): cpu = 00:00:14 ; elapsed = 00:00:10 . Memory (MB): peak = 2281.879 ; gain = 0.000

Phase 2.4.2 Physical Synthesis In Placer
INFO: [Physopt 32-1035] Found 0 LUTNM shape to break, 69 LUT instances to create LUTNM shape
INFO: [Physopt 32-1044] Break lutnm for timing: one critical 0, two critical 0, total 0, new lutff created 0
INFO: [Physopt 32-1138] End 1 Pass. Optimized 28 nets or LUTs. Breaked 0 LUT, combined 28 existing LUTs and moved 0 existing LUT
INFO: [Physopt 32-65] No nets found for high-fanout optimization.
INFO: [Physopt 32-232] Optimized 0 net. Created 0 new instance.
INFO: [Physopt 32-775] End 1 Pass. Optimized 0 net or cell. Created 0 new cell, deleted 0 existing cell and moved 0 existing cell
INFO: [Physopt 32-456] No candidate cells for DSP register optimization found in the design.
INFO: [Physopt 32-775] End 2 Pass. Optimized 0 net or cell. Created 0 new cell, deleted 0 existing cell and moved 0 existing cell
INFO: [Physopt 32-1123] No candidate cells found for Shift Register to Pipeline optimization
INFO: [Physopt 32-775] End 2 Pass. Optimized 0 net or cell. Created 0 new cell, deleted 0 existing cell and moved 0 existing cell
INFO: [Physopt 32-1401] No candidate cells found for Shift Register optimization.
INFO: [Physopt 32-677] No candidate cells for Shift Register optimization found in the design
INFO: [Physopt 32-775] End 1 Pass. Optimized 0 net or cell. Created 0 new cell, deleted 0 existing cell and moved 0 existing cell
INFO: [Physopt 32-526] No candidate cells for BRAM register optimization found in the design
INFO: [Physopt 32-775] End 1 Pass. Optimized 0 net or cell. Created 0 new cell, deleted 0 existing cell and moved 0 existing cell
INFO: [Physopt 32-846] No candidate cells for URAM register optimization found in the design
INFO: [Physopt 32-775] End 1 Pass. Optimized 0 net or cell. Created 0 new cell, deleted 0 existing cell and moved 0 existing cell
INFO: [Physopt 32-846] No candidate cells for URAM register optimization found in the design
INFO: [Physopt 32-775] End 1 Pass. Optimized 0 net or cell. Created 0 new cell, deleted 0 existing cell and moved 0 existing cell
INFO: [Physopt 32-949] No candidate nets found for dynamic/static region interface net replication
INFO: [Physopt 32-775] End 1 Pass. Optimized 0 net or cell. Created 0 new cell, deleted 0 existing cell and moved 0 existing cell
Netlist sorting complete. Time (s): cpu = 00:00:00 ; elapsed = 00:00:00.002 . Memory (MB): peak = 2281.879 ; gain = 0.000

Summary of Physical Synthesis Optimizations
============================================


-----------------------------------------------------------------------------------------------------------------------------------------------------------
|  Optimization                                     |  Added Cells  |  Removed Cells  |  Optimized Cells/Nets  |  Dont Touch  |  Iterations  |  Elapsed   |
-----------------------------------------------------------------------------------------------------------------------------------------------------------
|  LUT Combining                                    |            0  |             28  |                    28  |           0  |           1  |  00:00:00  |
|  Retime                                           |            0  |              0  |                     0  |           0  |           1  |  00:00:00  |
|  Very High Fanout                                 |            0  |              0  |                     0  |           0  |           1  |  00:00:00  |
|  DSP Register                                     |            0  |              0  |                     0  |           0  |           1  |  00:00:00  |
|  Shift Register to Pipeline                       |            0  |              0  |                     0  |           0  |           1  |  00:00:00  |
|  Shift Register                                   |            0  |              0  |                     0  |           0  |           1  |  00:00:00  |
|  BRAM Register                                    |            0  |              0  |                     0  |           0  |           1  |  00:00:00  |
|  URAM Register                                    |            0  |              0  |                     0  |           0  |           1  |  00:00:00  |
|  Dynamic/Static Region Interface Net Replication  |            0  |              0  |                     0  |           0  |           1  |  00:00:00  |
|  Total                                            |            0  |             28  |                    28  |           0  |           9  |  00:00:00  |
-----------------------------------------------------------------------------------------------------------------------------------------------------------


Phase 2.4.2 Physical Synthesis In Placer | Checksum: 2ec4d553d

Time (s): cpu = 00:00:15 ; elapsed = 00:00:10 . Memory (MB): peak = 2281.879 ; gain = 0.000
Phase 2.4 Global Placement Core | Checksum: 2d0ecebf5

Time (s): cpu = 00:00:15 ; elapsed = 00:00:11 . Memory (MB): peak = 2281.879 ; gain = 0.000
Phase 2 Global Placement | Checksum: 2d0ecebf5

Time (s): cpu = 00:00:15 ; elapsed = 00:00:11 . Memory (MB): peak = 2281.879 ; gain = 0.000

Phase 3 Detail Placement

Phase 3.1 Commit Multi Column Macros
Phase 3.1 Commit Multi Column Macros | Checksum: 27a627792

Time (s): cpu = 00:00:16 ; elapsed = 00:00:11 . Memory (MB): peak = 2281.879 ; gain = 0.000

Phase 3.2 Commit Most Macros & LUTRAMs
Phase 3.2 Commit Most Macros & LUTRAMs | Checksum: 23e2a3ad9

Time (s): cpu = 00:00:17 ; elapsed = 00:00:11 . Memory (MB): peak = 2281.879 ; gain = 0.000

Phase 3.3 Area Swap Optimization
Phase 3.3 Area Swap Optimization | Checksum: 2df530c37

Time (s): cpu = 00:00:17 ; elapsed = 00:00:12 . Memory (MB): peak = 2281.879 ; gain = 0.000

Phase 3.4 Pipeline Register Optimization
Phase 3.4 Pipeline Register Optimization | Checksum: 213e2f7db

Time (s): cpu = 00:00:17 ; elapsed = 00:00:12 . Memory (MB): peak = 2281.879 ; gain = 0.000

Phase 3.5 Fast Optimization
Phase 3.5 Fast Optimization | Checksum: 204c7ca15

Time (s): cpu = 00:00:19 ; elapsed = 00:00:13 . Memory (MB): peak = 2281.879 ; gain = 0.000

Phase 3.6 Small Shape Detail Placement
Phase 3.6 Small Shape Detail Placement | Checksum: 260517261

Time (s): cpu = 00:00:20 ; elapsed = 00:00:15 . Memory (MB): peak = 2281.879 ; gain = 0.000

Phase 3.7 Re-assign LUT pins
Phase 3.7 Re-assign LUT pins | Checksum: 26e5c64b3

Time (s): cpu = 00:00:21 ; elapsed = 00:00:15 . Memory (MB): peak = 2281.879 ; gain = 0.000

Phase 3.8 Pipeline Register Optimization
Phase 3.8 Pipeline Register Optimization | Checksum: 2c14ac7f5

Time (s): cpu = 00:00:21 ; elapsed = 00:00:15 . Memory (MB): peak = 2281.879 ; gain = 0.000

Phase 3.9 Fast Optimization
Phase 3.9 Fast Optimization | Checksum: 2421c14f8

Time (s): cpu = 00:00:24 ; elapsed = 00:00:17 . Memory (MB): peak = 2281.879 ; gain = 0.000
Phase 3 Detail Placement | Checksum: 2421c14f8

Time (s): cpu = 00:00:24 ; elapsed = 00:00:17 . Memory (MB): peak = 2281.879 ; gain = 0.000

Phase 4 Post Placement Optimization and Clean-Up

Phase 4.1 Post Commit Optimization
INFO: [Timing 38-35] Done setting XDC timing constraints.

Phase 4.1.1 Post Placement Optimization
Post Placement Optimization Initialization | Checksum: 1c2585890

Phase 4.1.1.1 BUFG Insertion

Starting Physical Synthesis Task

Phase 1 Physical Synthesis Initialization
INFO: [Physopt 32-721] Multithreading enabled for phys_opt_design using a maximum of 2 CPUs
INFO: [Physopt 32-619] Estimated Timing Summary | WNS=-5.884 | TNS=-387.842 |
Phase 1 Physical Synthesis Initialization | Checksum: 15b2bde84

Time (s): cpu = 00:00:00 ; elapsed = 00:00:00.342 . Memory (MB): peak = 2281.879 ; gain = 0.000
INFO: [Place 46-33] Processed net u_FILCore/u_FILCommLayer/u_FILPktProc/u_FILCmdProc/dutrst_reg_0, BUFG insertion was skipped due to placement/routing conflicts.
INFO: [Place 46-33] Processed net u_FILCore/u_mwfil_chiftop/u_mwfil_chifcore/u_controller/LOCKEDSTEP_CTRL.dut_enable_int_reg_0, BUFG insertion was skipped due to placement/routing conflicts.
INFO: [Place 46-56] BUFG insertion identified 2 candidate nets. Inserted BUFG: 0, Replicated BUFG Driver: 0, Skipped due to Placement/Routing Conflicts: 2, Skipped due to Timing Degradation: 0, Skipped due to netlist editing failed: 0.
Ending Physical Synthesis Task | Checksum: 1f9dc8f48

Time (s): cpu = 00:00:01 ; elapsed = 00:00:00.580 . Memory (MB): peak = 2281.879 ; gain = 0.000
Phase 4.1.1.1 BUFG Insertion | Checksum: 1c2585890

Time (s): cpu = 00:00:28 ; elapsed = 00:00:20 . Memory (MB): peak = 2281.879 ; gain = 0.000

Phase 4.1.1.2 Post Placement Timing Optimization
INFO: [Place 30-746] Post Placement Timing Summary WNS=-5.309. For the most accurate timing information please run report_timing.
Phase 4.1.1.2 Post Placement Timing Optimization | Checksum: 156146bf1

Time (s): cpu = 00:00:39 ; elapsed = 00:00:30 . Memory (MB): peak = 2281.879 ; gain = 0.000

Time (s): cpu = 00:00:39 ; elapsed = 00:00:30 . Memory (MB): peak = 2281.879 ; gain = 0.000
Phase 4.1 Post Commit Optimization | Checksum: 156146bf1

Time (s): cpu = 00:00:39 ; elapsed = 00:00:30 . Memory (MB): peak = 2281.879 ; gain = 0.000

Phase 4.2 Post Placement Cleanup
Phase 4.2 Post Placement Cleanup | Checksum: 156146bf1

Time (s): cpu = 00:00:39 ; elapsed = 00:00:30 . Memory (MB): peak = 2281.879 ; gain = 0.000

Phase 4.3 Placer Reporting

Phase 4.3.1 Print Estimated Congestion
INFO: [Place 30-612] Post-Placement Estimated Congestion 
 ____________________________________________________
|           | Global Congestion | Short Congestion  |
| Direction | Region Size       | Region Size       |
|___________|___________________|___________________|
|      North|                1x1|                2x2|
|___________|___________________|___________________|
|      South|                1x1|                1x1|
|___________|___________________|___________________|
|       East|                1x1|                1x1|
|___________|___________________|___________________|
|       West|                1x1|                1x1|
|___________|___________________|___________________|

Phase 4.3.1 Print Estimated Congestion | Checksum: 156146bf1

Time (s): cpu = 00:00:39 ; elapsed = 00:00:30 . Memory (MB): peak = 2281.879 ; gain = 0.000
Phase 4.3 Placer Reporting | Checksum: 156146bf1

Time (s): cpu = 00:00:39 ; elapsed = 00:00:30 . Memory (MB): peak = 2281.879 ; gain = 0.000

Phase 4.4 Final Placement Cleanup
Netlist sorting complete. Time (s): cpu = 00:00:00 ; elapsed = 00:00:00.001 . Memory (MB): peak = 2281.879 ; gain = 0.000

Time (s): cpu = 00:00:39 ; elapsed = 00:00:30 . Memory (MB): peak = 2281.879 ; gain = 0.000
Phase 4 Post Placement Optimization and Clean-Up | Checksum: b3a0bdc4

Time (s): cpu = 00:00:39 ; elapsed = 00:00:30 . Memory (MB): peak = 2281.879 ; gain = 0.000
Ending Placer Task | Checksum: a76f7ce7

Time (s): cpu = 00:00:39 ; elapsed = 00:00:30 . Memory (MB): peak = 2281.879 ; gain = 0.000
85 Infos, 0 Warnings, 0 Critical Warnings and 0 Errors encountered.
place_design completed successfully
place_design: Time (s): cpu = 00:00:42 ; elapsed = 00:00:32 . Memory (MB): peak = 2281.879 ; gain = 0.000
INFO: [Vivado 12-24838] Running report commands "report_control_sets, report_io, report_utilization" in parallel.
Running report generation with 2 threads.
INFO: [Vivado 12-24828] Executing command : report_io -file Multichannel_FIR_Filter_fil_io_placed.rpt
report_io: Time (s): cpu = 00:00:00 ; elapsed = 00:00:00.047 . Memory (MB): peak = 2281.879 ; gain = 0.000
INFO: [Vivado 12-24828] Executing command : report_utilization -file Multichannel_FIR_Filter_fil_utilization_placed.rpt -pb Multichannel_FIR_Filter_fil_utilization_placed.pb
INFO: [Vivado 12-24828] Executing command : report_control_sets -verbose -file Multichannel_FIR_Filter_fil_control_sets_placed.rpt
report_control_sets: Time (s): cpu = 00:00:00 ; elapsed = 00:00:00.020 . Memory (MB): peak = 2281.879 ; gain = 0.000
INFO: [Timing 38-480] Writing timing data to binary archive.
Write ShapeDB Complete: Time (s): cpu = 00:00:00 ; elapsed = 00:00:00.020 . Memory (MB): peak = 2281.879 ; gain = 0.000
Wrote PlaceDB: Time (s): cpu = 00:00:01 ; elapsed = 00:00:00.539 . Memory (MB): peak = 2281.879 ; gain = 0.000
Wrote PulsedLatchDB: Time (s): cpu = 00:00:00 ; elapsed = 00:00:00 . Memory (MB): peak = 2281.879 ; gain = 0.000
Writing XDEF routing.
Writing XDEF routing logical nets.
Writing XDEF routing special nets.
Wrote RouteStorage: Time (s): cpu = 00:00:00 ; elapsed = 00:00:00.020 . Memory (MB): peak = 2281.879 ; gain = 0.000
Wrote Netlist Cache: Time (s): cpu = 00:00:00 ; elapsed = 00:00:00.012 . Memory (MB): peak = 2281.879 ; gain = 0.000
Wrote Device Cache: Time (s): cpu = 00:00:00 ; elapsed = 00:00:00.006 . Memory (MB): peak = 2281.879 ; gain = 0.000
Write Physdb Complete: Time (s): cpu = 00:00:01 ; elapsed = 00:00:00.585 . Memory (MB): peak = 2281.879 ; gain = 0.000
INFO: [Common 17-1381] The checkpoint 'C:/demo/MultichannelFIRFilterForFPGAExample/hdl_prj/hdlsrc/dspmultichannelhdl/hdl_prj/fil_prj/fpgaproj/Multichannel_FIR_Filter_fil.runs/impl_1/Multichannel_FIR_Filter_fil_placed.dcp' has been generated.
Command: phys_opt_design
Attempting to get a license for feature 'Implementation' and/or device 'xc7a35t'
INFO: [Common 17-349] Got license for feature 'Implementation' and/or device 'xc7a35t'

Starting Initial Update Timing Task

Time (s): cpu = 00:00:02 ; elapsed = 00:00:01 . Memory (MB): peak = 2281.879 ; gain = 0.000
INFO: [Vivado_Tcl 4-1435] PhysOpt_Tcl_Interface Runtime Before Starting Physical Synthesis Task | CPU: 2.00s |  WALL: 1.28s
Netlist sorting complete. Time (s): cpu = 00:00:00 ; elapsed = 00:00:00.001 . Memory (MB): peak = 2281.879 ; gain = 0.000

Starting Physical Synthesis Task

Phase 1 Physical Synthesis Initialization
INFO: [Physopt 32-721] Multithreading enabled for phys_opt_design using a maximum of 2 CPUs
INFO: [Physopt 32-619] Estimated Timing Summary | WNS=-5.309 | TNS=-356.273 |
Phase 1 Physical Synthesis Initialization | Checksum: 1a5433dd7

Time (s): cpu = 00:00:02 ; elapsed = 00:00:00.592 . Memory (MB): peak = 2281.879 ; gain = 0.000
INFO: [Physopt 32-619] Estimated Timing Summary | WNS=-5.309 | TNS=-356.273 |

Phase 2 DSP Register Optimization
INFO: [Physopt 32-456] No candidate cells for DSP register optimization found in the design.
INFO: [Physopt 32-775] End 2 Pass. Optimized 0 net or cell. Created 0 new cell, deleted 0 existing cell and moved 0 existing cell
Phase 2 DSP Register Optimization | Checksum: 1a5433dd7

Time (s): cpu = 00:00:02 ; elapsed = 00:00:00.610 . Memory (MB): peak = 2281.879 ; gain = 0.000

Phase 3 Critical Path Optimization
INFO: [Physopt 32-619] Estimated Timing Summary | WNS=-5.309 | TNS=-356.273 |
INFO: [Physopt 32-702] Processed net u_FILCore/u_mwfil_chiftop/u_mwfil_chifcore/DUT2CHIF.u_d2bfifo/u_dpscram/rd_dout[68]. Optimizations did not improve timing on the net.
INFO: [Physopt 32-702] Processed net u_ClockManager/dutClk. Optimizations did not improve timing on the net.
INFO: [Physopt 32-702] Processed net u_FILCore/u_mwfil_chiftop/u_dut/u_Multichannel_FIR_Filter/u_Discrete_FIR_Filter/wr_din[41]. Optimizations did not improve timing on the net.
INFO: [Physopt 32-702] Processed net u_FILCore/u_mwfil_chiftop/u_dut/u_Multichannel_FIR_Filter/u_Discrete_FIR_Filter/Discrete_FIR_Filter_out_tmp[1]__18_n_106. Optimizations did not improve timing on the net.
INFO: [Physopt 32-702] Processed net u_FILCore/u_mwfil_chiftop/u_dut/u_Multichannel_FIR_Filter/u_Discrete_FIR_Filter/Discrete_FIR_Filter_out_tmp[1]__17_n_106. Optimizations did not improve timing on the net.
INFO: [Physopt 32-702] Processed net u_FILCore/u_mwfil_chiftop/u_dut/u_Multichannel_FIR_Filter/u_Discrete_FIR_Filter/Discrete_FIR_Filter_out_tmp[1]__16_n_106. Optimizations did not improve timing on the net.
INFO: [Physopt 32-702] Processed net u_FILCore/u_mwfil_chiftop/u_dut/u_Multichannel_FIR_Filter/u_Discrete_FIR_Filter/Discrete_FIR_Filter_out_tmp[1]__15_n_106. Optimizations did not improve timing on the net.
INFO: [Physopt 32-702] Processed net u_FILCore/u_mwfil_chiftop/u_dut/u_Multichannel_FIR_Filter/u_Discrete_FIR_Filter/Discrete_FIR_Filter_out_tmp[1]__14_n_106. Optimizations did not improve timing on the net.
INFO: [Physopt 32-702] Processed net u_FILCore/u_mwfil_chiftop/u_dut/u_Multichannel_FIR_Filter/u_Discrete_FIR_Filter/Discrete_FIR_Filter_out_tmp[1]__13_n_106. Optimizations did not improve timing on the net.
INFO: [Physopt 32-702] Processed net u_FILCore/u_mwfil_chiftop/u_dut/u_Multichannel_FIR_Filter/u_Discrete_FIR_Filter/Discrete_FIR_Filter_out_tmp[1]__12_n_106. Optimizations did not improve timing on the net.
INFO: [Physopt 32-702] Processed net u_FILCore/u_mwfil_chiftop/u_dut/u_Multichannel_FIR_Filter/u_Discrete_FIR_Filter/Discrete_FIR_Filter_out_tmp[1]__11_n_106. Optimizations did not improve timing on the net.
INFO: [Physopt 32-702] Processed net u_FILCore/u_mwfil_chiftop/u_dut/u_Multichannel_FIR_Filter/u_Discrete_FIR_Filter/Discrete_FIR_Filter_out_tmp[1]__10_n_106. Optimizations did not improve timing on the net.
INFO: [Physopt 32-702] Processed net u_FILCore/u_mwfil_chiftop/u_dut/u_Multichannel_FIR_Filter/u_Discrete_FIR_Filter/Discrete_FIR_Filter_out_tmp[1]__9_n_106. Optimizations did not improve timing on the net.
INFO: [Physopt 32-702] Processed net u_FILCore/u_mwfil_chiftop/u_dut/u_Multichannel_FIR_Filter/u_Discrete_FIR_Filter/Discrete_FIR_Filter_out_tmp[1]__8_n_106. Optimizations did not improve timing on the net.
INFO: [Physopt 32-702] Processed net u_FILCore/u_mwfil_chiftop/u_dut/u_Multichannel_FIR_Filter/u_Discrete_FIR_Filter/Discrete_FIR_Filter_out_tmp[1]__7_n_106. Optimizations did not improve timing on the net.
INFO: [Physopt 32-702] Processed net u_FILCore/u_mwfil_chiftop/u_dut/u_Multichannel_FIR_Filter/u_Discrete_FIR_Filter/Discrete_FIR_Filter_out_tmp[1]__6_n_106. Optimizations did not improve timing on the net.
INFO: [Physopt 32-702] Processed net u_FILCore/u_mwfil_chiftop/u_dut/u_Multichannel_FIR_Filter/u_Discrete_FIR_Filter/Discrete_FIR_Filter_out_tmp[1]__5_n_106. Optimizations did not improve timing on the net.
INFO: [Physopt 32-702] Processed net u_FILCore/u_mwfil_chiftop/u_dut/u_Multichannel_FIR_Filter/u_Discrete_FIR_Filter/Discrete_FIR_Filter_out_tmp[1]__4_n_106. Optimizations did not improve timing on the net.
INFO: [Physopt 32-702] Processed net u_FILCore/u_mwfil_chiftop/u_dut/u_Multichannel_FIR_Filter/u_Discrete_FIR_Filter/Discrete_FIR_Filter_out_tmp[1]__3_n_106. Optimizations did not improve timing on the net.
INFO: [Physopt 32-702] Processed net u_FILCore/u_mwfil_chiftop/u_dut/u_Multichannel_FIR_Filter/u_Discrete_FIR_Filter/Discrete_FIR_Filter_out_tmp[1]__2_n_106. Optimizations did not improve timing on the net.
INFO: [Physopt 32-702] Processed net u_FILCore/u_mwfil_chiftop/u_dut/u_Multichannel_FIR_Filter/u_Discrete_FIR_Filter/Discrete_FIR_Filter_out_tmp[1]__1_n_106. Optimizations did not improve timing on the net.
INFO: [Physopt 32-702] Processed net u_FILCore/u_mwfil_chiftop/u_dut/u_Multichannel_FIR_Filter/u_Discrete_FIR_Filter/Discrete_FIR_Filter_out_tmp[1]__0_n_106. Optimizations did not improve timing on the net.
INFO: [Physopt 32-702] Processed net u_FILCore/u_mwfil_chiftop/u_dut/u_Multichannel_FIR_Filter/u_Discrete_FIR_Filter/Discrete_FIR_Filter_out_tmp_n_106_[1]. Optimizations did not improve timing on the net.
INFO: [Physopt 32-702] Processed net u_FILCore/u_mwfil_chiftop/u_dut/u_Multichannel_FIR_Filter/u_Discrete_FIR_Filter/gain21_mul_temp_1_i_1_n_4. Optimizations did not improve timing on the net.
INFO: [Physopt 32-702] Processed net u_FILCore/u_mwfil_chiftop/u_dut/u_Multichannel_FIR_Filter/u_Discrete_FIR_Filter/gain21_mul_temp_1_i_2_n_0. Optimizations did not improve timing on the net.
INFO: [Physopt 32-702] Processed net u_FILCore/u_mwfil_chiftop/u_dut/u_Multichannel_FIR_Filter/u_Discrete_FIR_Filter/gain21_mul_temp_1_i_3_n_0. Optimizations did not improve timing on the net.
INFO: [Physopt 32-702] Processed net u_FILCore/u_mwfil_chiftop/u_dut/u_Multichannel_FIR_Filter/u_Discrete_FIR_Filter/gain21_mul_temp_1_i_4_n_0. Optimizations did not improve timing on the net.
INFO: [Physopt 32-702] Processed net u_FILCore/u_mwfil_chiftop/u_dut/u_Multichannel_FIR_Filter/u_Discrete_FIR_Filter/gain21_mul_temp_1_i_19_n_0. Optimizations did not improve timing on the net.
INFO: [Physopt 32-702] Processed net u_FILCore/u_mwfil_chiftop/u_dut/u_Multichannel_FIR_Filter/u_Discrete_FIR_Filter/gain21_mul_temp_1_n_106. Optimizations did not improve timing on the net.
INFO: [Physopt 32-702] Processed net u_FILCore/u_mwfil_chiftop/u_dut/u_Multichannel_FIR_Filter/u_Discrete_FIR_Filter/delay21_reg[1]_63[1]. Optimizations did not improve timing on the net.
INFO: [Physopt 32-702] Processed net u_FILCore/u_mwfil_chiftop/u_mwfil_chifcore/DUT2CHIF.u_d2bfifo/u_dpscram/rd_dout[68]. Optimizations did not improve timing on the net.
INFO: [Physopt 32-702] Processed net u_ClockManager/dutClk. Optimizations did not improve timing on the net.
INFO: [Physopt 32-702] Processed net u_FILCore/u_mwfil_chiftop/u_dut/u_Multichannel_FIR_Filter/u_Discrete_FIR_Filter/wr_din[41]. Optimizations did not improve timing on the net.
INFO: [Physopt 32-702] Processed net u_FILCore/u_mwfil_chiftop/u_dut/u_Multichannel_FIR_Filter/u_Discrete_FIR_Filter/gain21_mul_temp_1_i_1_n_4. Optimizations did not improve timing on the net.
INFO: [Physopt 32-702] Processed net u_FILCore/u_mwfil_chiftop/u_dut/u_Multichannel_FIR_Filter/u_Discrete_FIR_Filter/gain21_mul_temp_1_i_19_n_0. Optimizations did not improve timing on the net.
INFO: [Physopt 32-702] Processed net u_FILCore/u_mwfil_chiftop/u_dut/u_Multichannel_FIR_Filter/u_Discrete_FIR_Filter/delay21_reg[1]_63[1]. Optimizations did not improve timing on the net.
INFO: [Physopt 32-619] Estimated Timing Summary | WNS=-5.309 | TNS=-356.273 |
Netlist sorting complete. Time (s): cpu = 00:00:00 ; elapsed = 00:00:00.006 . Memory (MB): peak = 2281.879 ; gain = 0.000
Phase 3 Critical Path Optimization | Checksum: 1a5433dd7

Time (s): cpu = 00:00:04 ; elapsed = 00:00:02 . Memory (MB): peak = 2281.879 ; gain = 0.000
Netlist sorting complete. Time (s): cpu = 00:00:00 ; elapsed = 00:00:00.001 . Memory (MB): peak = 2281.879 ; gain = 0.000
INFO: [Physopt 32-603] Post Physical Optimization Timing Summary | WNS=-5.309 | TNS=-356.273 |

Summary of Physical Synthesis Optimizations
============================================


-------------------------------------------------------------------------------------------------------------------------------------------------------------
|  Optimization   |  WNS Gain (ns)  |  TNS Gain (ns)  |  Added Cells  |  Removed Cells  |  Optimized Cells/Nets  |  Dont Touch  |  Iterations  |  Elapsed   |
-------------------------------------------------------------------------------------------------------------------------------------------------------------
|  DSP Register   |          0.000  |          0.000  |            0  |              0  |                     0  |           0  |           1  |  00:00:00  |
|  Critical Path  |          0.000  |          0.000  |            0  |              0  |                     0  |           0  |           1  |  00:00:01  |
|  Total          |          0.000  |          0.000  |            0  |              0  |                     0  |           0  |           2  |  00:00:01  |
-------------------------------------------------------------------------------------------------------------------------------------------------------------


Netlist sorting complete. Time (s): cpu = 00:00:00 ; elapsed = 00:00:00.002 . Memory (MB): peak = 2281.879 ; gain = 0.000
Ending Physical Synthesis Task | Checksum: 1778701df

Time (s): cpu = 00:00:04 ; elapsed = 00:00:02 . Memory (MB): peak = 2281.879 ; gain = 0.000
INFO: [Common 17-83] Releasing license: Implementation
138 Infos, 0 Warnings, 0 Critical Warnings and 0 Errors encountered.
phys_opt_design completed successfully
INFO: [Timing 38-480] Writing timing data to binary archive.
Write ShapeDB Complete: Time (s): cpu = 00:00:00 ; elapsed = 00:00:00.014 . Memory (MB): peak = 2281.879 ; gain = 0.000
Wrote PlaceDB: Time (s): cpu = 00:00:02 ; elapsed = 00:00:00.559 . Memory (MB): peak = 2281.879 ; gain = 0.000
Wrote PulsedLatchDB: Time (s): cpu = 00:00:00 ; elapsed = 00:00:00 . Memory (MB): peak = 2281.879 ; gain = 0.000
Writing XDEF routing.
Writing XDEF routing logical nets.
Writing XDEF routing special nets.
Wrote RouteStorage: Time (s): cpu = 00:00:00 ; elapsed = 00:00:00.022 . Memory (MB): peak = 2281.879 ; gain = 0.000
Wrote Netlist Cache: Time (s): cpu = 00:00:00 ; elapsed = 00:00:00.013 . Memory (MB): peak = 2281.879 ; gain = 0.000
Wrote Device Cache: Time (s): cpu = 00:00:00 ; elapsed = 00:00:00.006 . Memory (MB): peak = 2281.879 ; gain = 0.000
Write Physdb Complete: Time (s): cpu = 00:00:02 ; elapsed = 00:00:00.608 . Memory (MB): peak = 2281.879 ; gain = 0.000
INFO: [Common 17-1381] The checkpoint 'C:/demo/MultichannelFIRFilterForFPGAExample/hdl_prj/hdlsrc/dspmultichannelhdl/hdl_prj/fil_prj/fpgaproj/Multichannel_FIR_Filter_fil.runs/impl_1/Multichannel_FIR_Filter_fil_physopt.dcp' has been generated.
Command: route_design
Attempting to get a license for feature 'Implementation' and/or device 'xc7a35t'
INFO: [Common 17-349] Got license for feature 'Implementation' and/or device 'xc7a35t'
Running DRC as a precondition to command route_design
INFO: [DRC 23-27] Running DRC with 2 threads
INFO: [Vivado_Tcl 4-198] DRC finished with 0 Errors
INFO: [Vivado_Tcl 4-199] Please refer to the DRC report (report_drc) for more information.


Starting Routing Task
INFO: [Route 35-254] Multithreading enabled for route_design using a maximum of 8 CPUs

Phase 1 Build RT Design
Checksum: PlaceDB: 5825049 ConstDB: 0 ShapeSum: 5a1b09db RouteDB: a0815c57
Post Restoration Checksum: NetGraph: ae1ec0dc | NumContArr: 92273913 | Constraints: c2a8fa9d | Timing: c2a8fa9d
Phase 1 Build RT Design | Checksum: 2c597ef29

Time (s): cpu = 00:00:20 ; elapsed = 00:00:17 . Memory (MB): peak = 2300.734 ; gain = 18.855

Phase 2 Router Initialization

Phase 2.1 Fix Topology Constraints
Phase 2.1 Fix Topology Constraints | Checksum: 2c597ef29

Time (s): cpu = 00:00:20 ; elapsed = 00:00:17 . Memory (MB): peak = 2300.734 ; gain = 18.855

Phase 2.2 Pre Route Cleanup
Phase 2.2 Pre Route Cleanup | Checksum: 2c597ef29

Time (s): cpu = 00:00:20 ; elapsed = 00:00:17 . Memory (MB): peak = 2300.734 ; gain = 18.855
 Number of Nodes with overlaps = 0

Phase 2.3 Update Timing
Phase 2.3 Update Timing | Checksum: 243d847ab

Time (s): cpu = 00:00:25 ; elapsed = 00:00:19 . Memory (MB): peak = 2346.121 ; gain = 64.242
INFO: [Route 35-416] Intermediate Timing Summary | WNS=-5.238 | TNS=-350.914| WHS=-0.343 | THS=-74.869|


Router Utilization Summary
  Global Vertical Routing Utilization    = 0 %
  Global Horizontal Routing Utilization  = 0 %
  Routable Net Status*
  *Does not include unroutable nets such as driverless and loadless.
  Run report_route_status for detailed report.
  Number of Failed Nets               = 8235
    (Failed Nets is the sum of unrouted and partially routed nets)
  Number of Unrouted Nets             = 8235
  Number of Partially Routed Nets     = 0
  Number of Node Overlaps             = 0

Phase 2 Router Initialization | Checksum: 1beba7a7e

Time (s): cpu = 00:00:27 ; elapsed = 00:00:20 . Memory (MB): peak = 2377.578 ; gain = 95.699

Phase 3 Global Routing
Phase 3 Global Routing | Checksum: 1beba7a7e

Time (s): cpu = 00:00:27 ; elapsed = 00:00:20 . Memory (MB): peak = 2377.578 ; gain = 95.699

Phase 4 Initial Routing

Phase 4.1 Initial Net Routing Pass
Phase 4.1 Initial Net Routing Pass | Checksum: 2a1a66cf4

Time (s): cpu = 00:00:30 ; elapsed = 00:00:21 . Memory (MB): peak = 2377.578 ; gain = 95.699
Phase 4 Initial Routing | Checksum: 2a1a66cf4

Time (s): cpu = 00:00:30 ; elapsed = 00:00:21 . Memory (MB): peak = 2377.578 ; gain = 95.699

Phase 5 Rip-up And Reroute

Phase 5.1 Global Iteration 0
 Number of Nodes with overlaps = 365
 Number of Nodes with overlaps = 7
 Number of Nodes with overlaps = 2
 Number of Nodes with overlaps = 0
INFO: [Route 35-416] Intermediate Timing Summary | WNS=-5.167 | TNS=-357.326| WHS=N/A    | THS=N/A    |

Phase 5.1 Global Iteration 0 | Checksum: 27f042674

Time (s): cpu = 00:00:35 ; elapsed = 00:00:23 . Memory (MB): peak = 2415.418 ; gain = 133.539

Phase 5.2 Global Iteration 1
 Number of Nodes with overlaps = 5
 Number of Nodes with overlaps = 1
 Number of Nodes with overlaps = 0
INFO: [Route 35-416] Intermediate Timing Summary | WNS=-5.144 | TNS=-352.675| WHS=N/A    | THS=N/A    |

Phase 5.2 Global Iteration 1 | Checksum: 241dad4fa

Time (s): cpu = 00:00:36 ; elapsed = 00:00:23 . Memory (MB): peak = 2415.418 ; gain = 133.539
Phase 5 Rip-up And Reroute | Checksum: 241dad4fa

Time (s): cpu = 00:00:36 ; elapsed = 00:00:23 . Memory (MB): peak = 2415.418 ; gain = 133.539

Phase 6 Delay and Skew Optimization

Phase 6.1 Delay CleanUp

Phase 6.1.1 Update Timing
Phase 6.1.1 Update Timing | Checksum: 20cf35952

Time (s): cpu = 00:00:37 ; elapsed = 00:00:24 . Memory (MB): peak = 2415.418 ; gain = 133.539
INFO: [Route 35-416] Intermediate Timing Summary | WNS=-5.144 | TNS=-352.675| WHS=N/A    | THS=N/A    |

 Number of Nodes with overlaps = 0
Phase 6.1 Delay CleanUp | Checksum: 1c4405195

Time (s): cpu = 00:00:37 ; elapsed = 00:00:24 . Memory (MB): peak = 2415.418 ; gain = 133.539

Phase 6.2 Clock Skew Optimization
Phase 6.2 Clock Skew Optimization | Checksum: 1c4405195

Time (s): cpu = 00:00:37 ; elapsed = 00:00:24 . Memory (MB): peak = 2415.418 ; gain = 133.539
Phase 6 Delay and Skew Optimization | Checksum: 1c4405195

Time (s): cpu = 00:00:37 ; elapsed = 00:00:24 . Memory (MB): peak = 2415.418 ; gain = 133.539

Phase 7 Post Hold Fix

Phase 7.1 Hold Fix Iter
INFO: [Route 35-416] Intermediate Timing Summary | WNS=-5.144 | TNS=-352.630| WHS=0.021  | THS=0.000  |

Phase 7.1 Hold Fix Iter | Checksum: 1cdf3ed33

Time (s): cpu = 00:00:38 ; elapsed = 00:00:24 . Memory (MB): peak = 2415.418 ; gain = 133.539
Phase 7 Post Hold Fix | Checksum: 1cdf3ed33

Time (s): cpu = 00:00:38 ; elapsed = 00:00:24 . Memory (MB): peak = 2415.418 ; gain = 133.539

Phase 8 Route finalize

Router Utilization Summary
  Global Vertical Routing Utilization    = 1.90393 %
  Global Horizontal Routing Utilization  = 3.37207 %
  Routable Net Status*
  *Does not include unroutable nets such as driverless and loadless.
  Run report_route_status for detailed report.
  Number of Failed Nets               = 0
    (Failed Nets is the sum of unrouted and partially routed nets)
  Number of Unrouted Nets             = 0
  Number of Partially Routed Nets     = 0
  Number of Node Overlaps             = 0


--GLOBAL Congestion:
Utilization threshold used for congestion level computation: 0.85
Congestion Report
North Dir 1x1 Area, Max Cong = 45.9459%, No Congested Regions.
South Dir 1x1 Area, Max Cong = 45.9459%, No Congested Regions.
East Dir 1x1 Area, Max Cong = 64.7059%, No Congested Regions.
West Dir 1x1 Area, Max Cong = 63.2353%, No Congested Regions.

------------------------------
Reporting congestion hotspots
------------------------------
Direction: North
----------------
Congested clusters found at Level 0
Effective congestion level: 0 Aspect Ratio: 1 Sparse Ratio: 0
Direction: South
----------------
Congested clusters found at Level 0
Effective congestion level: 0 Aspect Ratio: 1 Sparse Ratio: 0
Direction: East
----------------
Congested clusters found at Level 0
Effective congestion level: 0 Aspect Ratio: 1 Sparse Ratio: 0
Direction: West
----------------
Congested clusters found at Level 0
Effective congestion level: 0 Aspect Ratio: 1 Sparse Ratio: 0

Phase 8 Route finalize | Checksum: 1cdf3ed33

Time (s): cpu = 00:00:38 ; elapsed = 00:00:24 . Memory (MB): peak = 2415.418 ; gain = 133.539

Phase 9 Verifying routed nets

 Verification completed successfully
Phase 9 Verifying routed nets | Checksum: 1cdf3ed33

Time (s): cpu = 00:00:38 ; elapsed = 00:00:24 . Memory (MB): peak = 2415.418 ; gain = 133.539

Phase 10 Depositing Routes
Phase 10 Depositing Routes | Checksum: 2022eaea4

Time (s): cpu = 00:00:39 ; elapsed = 00:00:25 . Memory (MB): peak = 2415.418 ; gain = 133.539

Phase 11 Post Process Routing
Phase 11 Post Process Routing | Checksum: 2022eaea4

Time (s): cpu = 00:00:39 ; elapsed = 00:00:25 . Memory (MB): peak = 2415.418 ; gain = 133.539

Phase 12 Post Router Timing
INFO: [Route 35-57] Estimated Timing Summary | WNS=-5.144 | TNS=-352.630| WHS=0.021  | THS=0.000  |

WARNING: [Route 35-328] Router estimated timing not met.
Resolution: For a complete and accurate timing signoff, report_timing_summary must be run after route_design. Alternatively, route_design can be run with the -timing_summary option to enable a complete timing signoff at the end of route_design.
Phase 12 Post Router Timing | Checksum: 2022eaea4

Time (s): cpu = 00:00:39 ; elapsed = 00:00:25 . Memory (MB): peak = 2415.418 ; gain = 133.539
Total Elapsed time in route_design: 24.733 secs

Phase 13 Post-Route Event Processing
Phase 13 Post-Route Event Processing | Checksum: 13ff268d1

Time (s): cpu = 00:00:39 ; elapsed = 00:00:25 . Memory (MB): peak = 2415.418 ; gain = 133.539
INFO: [Route 35-16] Router Completed Successfully
Ending Routing Task | Checksum: 13ff268d1

Time (s): cpu = 00:00:39 ; elapsed = 00:00:25 . Memory (MB): peak = 2415.418 ; gain = 133.539

Routing Is Done.
INFO: [Common 17-83] Releasing license: Implementation
153 Infos, 1 Warnings, 0 Critical Warnings and 0 Errors encountered.
route_design completed successfully
route_design: Time (s): cpu = 00:00:41 ; elapsed = 00:00:26 . Memory (MB): peak = 2415.418 ; gain = 133.539
INFO: [Vivado 12-24828] Executing command : report_drc -file Multichannel_FIR_Filter_fil_drc_routed.rpt -pb Multichannel_FIR_Filter_fil_drc_routed.pb -rpx Multichannel_FIR_Filter_fil_drc_routed.rpx
Command: report_drc -file Multichannel_FIR_Filter_fil_drc_routed.rpt -pb Multichannel_FIR_Filter_fil_drc_routed.pb -rpx Multichannel_FIR_Filter_fil_drc_routed.rpx
INFO: [IP_Flow 19-1839] IP Catalog is up to date.
INFO: [DRC 23-27] Running DRC with 2 threads
INFO: [Vivado_Tcl 2-168] The results of DRC are in file C:/demo/MultichannelFIRFilterForFPGAExample/hdl_prj/hdlsrc/dspmultichannelhdl/hdl_prj/fil_prj/fpgaproj/Multichannel_FIR_Filter_fil.runs/impl_1/Multichannel_FIR_Filter_fil_drc_routed.rpt.
report_drc completed successfully
INFO: [Vivado 12-24828] Executing command : report_methodology -file Multichannel_FIR_Filter_fil_methodology_drc_routed.rpt -pb Multichannel_FIR_Filter_fil_methodology_drc_routed.pb -rpx Multichannel_FIR_Filter_fil_methodology_drc_routed.rpx
Command: report_methodology -file Multichannel_FIR_Filter_fil_methodology_drc_routed.rpt -pb Multichannel_FIR_Filter_fil_methodology_drc_routed.pb -rpx Multichannel_FIR_Filter_fil_methodology_drc_routed.rpx
INFO: [Timing 38-35] Done setting XDC timing constraints.
INFO: [DRC 23-133] Running Methodology with 2 threads
INFO: [Vivado_Tcl 2-1520] The results of Report Methodology are in file C:/demo/MultichannelFIRFilterForFPGAExample/hdl_prj/hdlsrc/dspmultichannelhdl/hdl_prj/fil_prj/fpgaproj/Multichannel_FIR_Filter_fil.runs/impl_1/Multichannel_FIR_Filter_fil_methodology_drc_routed.rpt.
report_methodology completed successfully
INFO: [Vivado 12-24828] Executing command : report_timing_summary -max_paths 10 -report_unconstrained -file Multichannel_FIR_Filter_fil_timing_summary_routed.rpt -pb Multichannel_FIR_Filter_fil_timing_summary_routed.pb -rpx Multichannel_FIR_Filter_fil_timing_summary_routed.rpx -warn_on_violation 
INFO: [Timing 38-35] Done setting XDC timing constraints.
INFO: [Timing 38-91] UpdateTimingParams: Speed grade: -1, Delay Type: min_max.
INFO: [Timing 38-191] Multithreading enabled for timing update using a maximum of 2 CPUs
CRITICAL WARNING: [Timing 38-282] The design failed to meet the timing requirements. Please see the timing summary report for details on the timing violations.
INFO: [Vivado 12-24838] Running report commands "report_incremental_reuse, report_route_status" in parallel.
Running report generation with 2 threads.
INFO: [Vivado 12-24828] Executing command : report_incremental_reuse -file Multichannel_FIR_Filter_fil_incremental_reuse_routed.rpt
INFO: [Vivado_Tcl 4-1062] Incremental flow is disabled. No incremental reuse Info to report.
INFO: [Vivado 12-24828] Executing command : report_route_status -file Multichannel_FIR_Filter_fil_route_status.rpt -pb Multichannel_FIR_Filter_fil_route_status.pb
INFO: [Vivado 12-24828] Executing command : report_power -file Multichannel_FIR_Filter_fil_power_routed.rpt -pb Multichannel_FIR_Filter_fil_power_summary_routed.pb -rpx Multichannel_FIR_Filter_fil_power_routed.rpx
Command: report_power -file Multichannel_FIR_Filter_fil_power_routed.rpt -pb Multichannel_FIR_Filter_fil_power_summary_routed.pb -rpx Multichannel_FIR_Filter_fil_power_routed.rpx
Running Vector-less Activity Propagation...

Finished Running Vector-less Activity Propagation
170 Infos, 1 Warnings, 1 Critical Warnings and 0 Errors encountered.
report_power completed successfully
INFO: [Vivado 12-24828] Executing command : report_clock_utilization -file Multichannel_FIR_Filter_fil_clock_utilization_routed.rpt
WARNING: [Device 21-9320] Failed to find the Oracle tile group with name 'HSR_BOUNDARY_TOP'. This is required for Clock regions and Virtual grid.
WARNING: [Device 21-2174] Failed to initialize Virtual grid.
INFO: [Vivado 12-24828] Executing command : report_bus_skew -warn_on_violation -file Multichannel_FIR_Filter_fil_bus_skew_routed.rpt -pb Multichannel_FIR_Filter_fil_bus_skew_routed.pb -rpx Multichannel_FIR_Filter_fil_bus_skew_routed.rpx
INFO: [Timing 38-91] UpdateTimingParams: Speed grade: -1, Delay Type: min_max.
INFO: [Timing 38-191] Multithreading enabled for timing update using a maximum of 2 CPUs
generate_parallel_reports: Time (s): cpu = 00:00:15 ; elapsed = 00:00:09 . Memory (MB): peak = 2415.418 ; gain = 0.000
INFO: [Timing 38-480] Writing timing data to binary archive.
Write ShapeDB Complete: Time (s): cpu = 00:00:01 ; elapsed = 00:00:00.019 . Memory (MB): peak = 2415.418 ; gain = 0.000
Wrote PlaceDB: Time (s): cpu = 00:00:01 ; elapsed = 00:00:00.545 . Memory (MB): peak = 2415.418 ; gain = 0.000
Wrote PulsedLatchDB: Time (s): cpu = 00:00:00 ; elapsed = 00:00:00 . Memory (MB): peak = 2415.418 ; gain = 0.000
Writing XDEF routing.
Writing XDEF routing logical nets.
Writing XDEF routing special nets.
Wrote RouteStorage: Time (s): cpu = 00:00:00 ; elapsed = 00:00:00.093 . Memory (MB): peak = 2415.418 ; gain = 0.000
Wrote Netlist Cache: Time (s): cpu = 00:00:00 ; elapsed = 00:00:00.012 . Memory (MB): peak = 2415.418 ; gain = 0.000
Wrote Device Cache: Time (s): cpu = 00:00:00 ; elapsed = 00:00:00.005 . Memory (MB): peak = 2415.418 ; gain = 0.000
Write Physdb Complete: Time (s): cpu = 00:00:01 ; elapsed = 00:00:00.675 . Memory (MB): peak = 2415.418 ; gain = 0.000
INFO: [Common 17-1381] The checkpoint 'C:/demo/MultichannelFIRFilterForFPGAExample/hdl_prj/hdlsrc/dspmultichannelhdl/hdl_prj/fil_prj/fpgaproj/Multichannel_FIR_Filter_fil.runs/impl_1/Multichannel_FIR_Filter_fil_routed.dcp' has been generated.
INFO: [Common 17-206] Exiting Vivado at Wed Jan 14 11:21:57 2026...
[Wed Jan 14 11:21:59 2026] impl_1 finished
wait_on_runs: Time (s): cpu = 00:00:00 ; elapsed = 00:02:01 . Memory (MB): peak = 635.547 ; gain = 0.000
# open_run impl_1
INFO: [Device 21-403] Loading part xc7a35tcsg324-1
INFO: [Device 21-9227] Part: xc7a35tcsg324-1 does not have CEAM library.
Netlist sorting complete. Time (s): cpu = 00:00:00 ; elapsed = 00:00:00.048 . Memory (MB): peak = 1035.309 ; gain = 0.000
INFO: [Netlist 29-17] Analyzing 432 Unisim elements for replacement
INFO: [Netlist 29-28] Unisim Transformation completed in 0 CPU seconds
INFO: [Project 1-479] Netlist was created with Vivado 2024.1
INFO: [Project 1-570] Preparing netlist for logic optimization
Read ShapeDB Complete: Time (s): cpu = 00:00:00 ; elapsed = 00:00:00.014 . Memory (MB): peak = 1135.125 ; gain = 1.176
INFO: [Timing 38-478] Restoring timing data from binary archive.
INFO: [Timing 38-479] Binary timing data restore complete.
INFO: [Project 1-856] Restoring constraints from binary archive.
INFO: [Project 1-853] Binary constraint restore complete.
INFO: [Designutils 20-5722] Start Reading Physical Databases.
Reading placement.
Read Netlist Cache: Time (s): cpu = 00:00:00 ; elapsed = 00:00:00.011 . Memory (MB): peak = 1752.449 ; gain = 0.000
Reading placer database...
Read Device Cache: Time (s): cpu = 00:00:00 ; elapsed = 00:00:00.010 . Memory (MB): peak = 1752.449 ; gain = 0.000
Read PlaceDB: Time (s): cpu = 00:00:00 ; elapsed = 00:00:00.260 . Memory (MB): peak = 1752.449 ; gain = 0.000
Read PulsedLatchDB: Time (s): cpu = 00:00:00 ; elapsed = 00:00:00 . Memory (MB): peak = 1752.449 ; gain = 0.000
Reading routing.
Read RouteStorage: Time (s): cpu = 00:00:01 ; elapsed = 00:00:00.095 . Memory (MB): peak = 1752.449 ; gain = 0.000
Read Physdb Files: Time (s): cpu = 00:00:01 ; elapsed = 00:00:00.390 . Memory (MB): peak = 1752.449 ; gain = 0.000
Restored from archive | CPU: 1.000000 secs | Memory: 0.000000 MB |
Finished XDEF File Restore: Time (s): cpu = 00:00:01 ; elapsed = 00:00:00.447 . Memory (MB): peak = 1752.449 ; gain = 7.383
Netlist sorting complete. Time (s): cpu = 00:00:00 ; elapsed = 00:00:00.001 . Memory (MB): peak = 1752.449 ; gain = 0.000
INFO: [Project 1-111] Unisim Transformation Summary:
  A total of 11 instances were transformed.
  RAM32M => RAM32M (RAMD32(x6), RAMS32(x2)): 9 instances
  RAM32X1D => RAM32X1D (RAMD32(x2)): 2 instances

open_run: Time (s): cpu = 00:00:12 ; elapsed = 00:00:12 . Memory (MB): peak = 1752.449 ; gain = 1116.902
# write_bitstream -force Multichannel_FIR_Filter_fil
Command: write_bitstream -force Multichannel_FIR_Filter_fil
Attempting to get a license for feature 'Implementation' and/or device 'xc7a35t'
INFO: [Common 17-349] Got license for feature 'Implementation' and/or device 'xc7a35t'
Running DRC as a precondition to command write_bitstream
INFO: [IP_Flow 19-234] Refreshing IP repositories
INFO: [IP_Flow 19-1704] No user IP repositories specified
INFO: [IP_Flow 19-2313] Loaded Vivado IP repository 'C:/Xilinx/Vivado/2024.1/data/ip'.
INFO: [DRC 23-27] Running DRC with 2 threads
WARNING: [DRC CFGBVS-1] Missing CFGBVS and CONFIG_VOLTAGE Design Properties: Neither the CFGBVS nor CONFIG_VOLTAGE voltage property is set in the current_design.  Configuration bank voltage select (CFGBVS) must be set to VCCO or GND, and CONFIG_VOLTAGE must be set to the correct configuration voltage, in order to determine the I/O voltage support for the pins in bank 0.  It is suggested to specify these either using the 'Edit Device Properties' function in the GUI or directly in the XDC file using the following syntax:

 set_property CFGBVS value1 [current_design]
 #where value1 is either VCCO or GND

 set_property CONFIG_VOLTAGE value2 [current_design]
 #where value2 is the voltage provided to configuration bank 0

Refer to the device configuration user guide for more information.
WARNING: [DRC DPIP-1] Input pipelining: DSP u_FILCore/u_mwfil_chiftop/u_dut/u_Multichannel_FIR_Filter/u_Discrete_FIR_Filter/Discrete_FIR_Filter_out_tmp[0] input u_FILCore/u_mwfil_chiftop/u_dut/u_Multichannel_FIR_Filter/u_Discrete_FIR_Filter/Discrete_FIR_Filter_out_tmp[0]/A[29:0] is not pipelined. Pipelining DSP48 input will improve performance.
WARNING: [DRC DPIP-1] Input pipelining: DSP u_FILCore/u_mwfil_chiftop/u_dut/u_Multichannel_FIR_Filter/u_Discrete_FIR_Filter/Discrete_FIR_Filter_out_tmp[0]__0 input u_FILCore/u_mwfil_chiftop/u_dut/u_Multichannel_FIR_Filter/u_Discrete_FIR_Filter/Discrete_FIR_Filter_out_tmp[0]__0/B[17:0] is not pipelined. Pipelining DSP48 input will improve performance.
WARNING: [DRC DPIP-1] Input pipelining: DSP u_FILCore/u_mwfil_chiftop/u_dut/u_Multichannel_FIR_Filter/u_Discrete_FIR_Filter/Discrete_FIR_Filter_out_tmp[0]__1 input u_FILCore/u_mwfil_chiftop/u_dut/u_Multichannel_FIR_Filter/u_Discrete_FIR_Filter/Discrete_FIR_Filter_out_tmp[0]__1/A[29:0] is not pipelined. Pipelining DSP48 input will improve performance.
WARNING: [DRC DPIP-1] Input pipelining: DSP u_FILCore/u_mwfil_chiftop/u_dut/u_Multichannel_FIR_Filter/u_Discrete_FIR_Filter/Discrete_FIR_Filter_out_tmp[0]__10 input u_FILCore/u_mwfil_chiftop/u_dut/u_Multichannel_FIR_Filter/u_Discrete_FIR_Filter/Discrete_FIR_Filter_out_tmp[0]__10/A[29:0] is not pipelined. Pipelining DSP48 input will improve performance.
WARNING: [DRC DPIP-1] Input pipelining: DSP u_FILCore/u_mwfil_chiftop/u_dut/u_Multichannel_FIR_Filter/u_Discrete_FIR_Filter/Discrete_FIR_Filter_out_tmp[0]__11 input u_FILCore/u_mwfil_chiftop/u_dut/u_Multichannel_FIR_Filter/u_Discrete_FIR_Filter/Discrete_FIR_Filter_out_tmp[0]__11/A[29:0] is not pipelined. Pipelining DSP48 input will improve performance.
WARNING: [DRC DPIP-1] Input pipelining: DSP u_FILCore/u_mwfil_chiftop/u_dut/u_Multichannel_FIR_Filter/u_Discrete_FIR_Filter/Discrete_FIR_Filter_out_tmp[0]__12 input u_FILCore/u_mwfil_chiftop/u_dut/u_Multichannel_FIR_Filter/u_Discrete_FIR_Filter/Discrete_FIR_Filter_out_tmp[0]__12/A[29:0] is not pipelined. Pipelining DSP48 input will improve performance.
WARNING: [DRC DPIP-1] Input pipelining: DSP u_FILCore/u_mwfil_chiftop/u_dut/u_Multichannel_FIR_Filter/u_Discrete_FIR_Filter/Discrete_FIR_Filter_out_tmp[0]__13 input u_FILCore/u_mwfil_chiftop/u_dut/u_Multichannel_FIR_Filter/u_Discrete_FIR_Filter/Discrete_FIR_Filter_out_tmp[0]__13/A[29:0] is not pipelined. Pipelining DSP48 input will improve performance.
WARNING: [DRC DPIP-1] Input pipelining: DSP u_FILCore/u_mwfil_chiftop/u_dut/u_Multichannel_FIR_Filter/u_Discrete_FIR_Filter/Discrete_FIR_Filter_out_tmp[0]__14 input u_FILCore/u_mwfil_chiftop/u_dut/u_Multichannel_FIR_Filter/u_Discrete_FIR_Filter/Discrete_FIR_Filter_out_tmp[0]__14/A[29:0] is not pipelined. Pipelining DSP48 input will improve performance.
WARNING: [DRC DPIP-1] Input pipelining: DSP u_FILCore/u_mwfil_chiftop/u_dut/u_Multichannel_FIR_Filter/u_Discrete_FIR_Filter/Discrete_FIR_Filter_out_tmp[0]__15 input u_FILCore/u_mwfil_chiftop/u_dut/u_Multichannel_FIR_Filter/u_Discrete_FIR_Filter/Discrete_FIR_Filter_out_tmp[0]__15/A[29:0] is not pipelined. Pipelining DSP48 input will improve performance.
WARNING: [DRC DPIP-1] Input pipelining: DSP u_FILCore/u_mwfil_chiftop/u_dut/u_Multichannel_FIR_Filter/u_Discrete_FIR_Filter/Discrete_FIR_Filter_out_tmp[0]__16 input u_FILCore/u_mwfil_chiftop/u_dut/u_Multichannel_FIR_Filter/u_Discrete_FIR_Filter/Discrete_FIR_Filter_out_tmp[0]__16/A[29:0] is not pipelined. Pipelining DSP48 input will improve performance.
WARNING: [DRC DPIP-1] Input pipelining: DSP u_FILCore/u_mwfil_chiftop/u_dut/u_Multichannel_FIR_Filter/u_Discrete_FIR_Filter/Discrete_FIR_Filter_out_tmp[0]__17 input u_FILCore/u_mwfil_chiftop/u_dut/u_Multichannel_FIR_Filter/u_Discrete_FIR_Filter/Discrete_FIR_Filter_out_tmp[0]__17/A[29:0] is not pipelined. Pipelining DSP48 input will improve performance.
WARNING: [DRC DPIP-1] Input pipelining: DSP u_FILCore/u_mwfil_chiftop/u_dut/u_Multichannel_FIR_Filter/u_Discrete_FIR_Filter/Discrete_FIR_Filter_out_tmp[0]__18 input u_FILCore/u_mwfil_chiftop/u_dut/u_Multichannel_FIR_Filter/u_Discrete_FIR_Filter/Discrete_FIR_Filter_out_tmp[0]__18/A[29:0] is not pipelined. Pipelining DSP48 input will improve performance.
WARNING: [DRC DPIP-1] Input pipelining: DSP u_FILCore/u_mwfil_chiftop/u_dut/u_Multichannel_FIR_Filter/u_Discrete_FIR_Filter/Discrete_FIR_Filter_out_tmp[0]__19 input u_FILCore/u_mwfil_chiftop/u_dut/u_Multichannel_FIR_Filter/u_Discrete_FIR_Filter/Discrete_FIR_Filter_out_tmp[0]__19/A[29:0] is not pipelined. Pipelining DSP48 input will improve performance.
WARNING: [DRC DPIP-1] Input pipelining: DSP u_FILCore/u_mwfil_chiftop/u_dut/u_Multichannel_FIR_Filter/u_Discrete_FIR_Filter/Discrete_FIR_Filter_out_tmp[0]__2 input u_FILCore/u_mwfil_chiftop/u_dut/u_Multichannel_FIR_Filter/u_Discrete_FIR_Filter/Discrete_FIR_Filter_out_tmp[0]__2/A[29:0] is not pipelined. Pipelining DSP48 input will improve performance.
WARNING: [DRC DPIP-1] Input pipelining: DSP u_FILCore/u_mwfil_chiftop/u_dut/u_Multichannel_FIR_Filter/u_Discrete_FIR_Filter/Discrete_FIR_Filter_out_tmp[0]__3 input u_FILCore/u_mwfil_chiftop/u_dut/u_Multichannel_FIR_Filter/u_Discrete_FIR_Filter/Discrete_FIR_Filter_out_tmp[0]__3/A[29:0] is not pipelined. Pipelining DSP48 input will improve performance.
WARNING: [DRC DPIP-1] Input pipelining: DSP u_FILCore/u_mwfil_chiftop/u_dut/u_Multichannel_FIR_Filter/u_Discrete_FIR_Filter/Discrete_FIR_Filter_out_tmp[0]__4 input u_FILCore/u_mwfil_chiftop/u_dut/u_Multichannel_FIR_Filter/u_Discrete_FIR_Filter/Discrete_FIR_Filter_out_tmp[0]__4/A[29:0] is not pipelined. Pipelining DSP48 input will improve performance.
WARNING: [DRC DPIP-1] Input pipelining: DSP u_FILCore/u_mwfil_chiftop/u_dut/u_Multichannel_FIR_Filter/u_Discrete_FIR_Filter/Discrete_FIR_Filter_out_tmp[0]__5 input u_FILCore/u_mwfil_chiftop/u_dut/u_Multichannel_FIR_Filter/u_Discrete_FIR_Filter/Discrete_FIR_Filter_out_tmp[0]__5/A[29:0] is not pipelined. Pipelining DSP48 input will improve performance.
WARNING: [DRC DPIP-1] Input pipelining: DSP u_FILCore/u_mwfil_chiftop/u_dut/u_Multichannel_FIR_Filter/u_Discrete_FIR_Filter/Discrete_FIR_Filter_out_tmp[0]__6 input u_FILCore/u_mwfil_chiftop/u_dut/u_Multichannel_FIR_Filter/u_Discrete_FIR_Filter/Discrete_FIR_Filter_out_tmp[0]__6/A[29:0] is not pipelined. Pipelining DSP48 input will improve performance.
WARNING: [DRC DPIP-1] Input pipelining: DSP u_FILCore/u_mwfil_chiftop/u_dut/u_Multichannel_FIR_Filter/u_Discrete_FIR_Filter/Discrete_FIR_Filter_out_tmp[0]__7 input u_FILCore/u_mwfil_chiftop/u_dut/u_Multichannel_FIR_Filter/u_Discrete_FIR_Filter/Discrete_FIR_Filter_out_tmp[0]__7/A[29:0] is not pipelined. Pipelining DSP48 input will improve performance.
WARNING: [DRC DPIP-1] Input pipelining: DSP u_FILCore/u_mwfil_chiftop/u_dut/u_Multichannel_FIR_Filter/u_Discrete_FIR_Filter/Discrete_FIR_Filter_out_tmp[0]__8 input u_FILCore/u_mwfil_chiftop/u_dut/u_Multichannel_FIR_Filter/u_Discrete_FIR_Filter/Discrete_FIR_Filter_out_tmp[0]__8/A[29:0] is not pipelined. Pipelining DSP48 input will improve performance.
WARNING: [DRC DPIP-1] Input pipelining: DSP u_FILCore/u_mwfil_chiftop/u_dut/u_Multichannel_FIR_Filter/u_Discrete_FIR_Filter/Discrete_FIR_Filter_out_tmp[0]__9 input u_FILCore/u_mwfil_chiftop/u_dut/u_Multichannel_FIR_Filter/u_Discrete_FIR_Filter/Discrete_FIR_Filter_out_tmp[0]__9/A[29:0] is not pipelined. Pipelining DSP48 input will improve performance.
WARNING: [DRC DPIP-1] Input pipelining: DSP u_FILCore/u_mwfil_chiftop/u_dut/u_Multichannel_FIR_Filter/u_Discrete_FIR_Filter/Discrete_FIR_Filter_out_tmp[1] input u_FILCore/u_mwfil_chiftop/u_dut/u_Multichannel_FIR_Filter/u_Discrete_FIR_Filter/Discrete_FIR_Filter_out_tmp[1]/A[29:0] is not pipelined. Pipelining DSP48 input will improve performance.
WARNING: [DRC DPIP-1] Input pipelining: DSP u_FILCore/u_mwfil_chiftop/u_dut/u_Multichannel_FIR_Filter/u_Discrete_FIR_Filter/Discrete_FIR_Filter_out_tmp[1]__0 input u_FILCore/u_mwfil_chiftop/u_dut/u_Multichannel_FIR_Filter/u_Discrete_FIR_Filter/Discrete_FIR_Filter_out_tmp[1]__0/B[17:0] is not pipelined. Pipelining DSP48 input will improve performance.
WARNING: [DRC DPIP-1] Input pipelining: DSP u_FILCore/u_mwfil_chiftop/u_dut/u_Multichannel_FIR_Filter/u_Discrete_FIR_Filter/Discrete_FIR_Filter_out_tmp[1]__1 input u_FILCore/u_mwfil_chiftop/u_dut/u_Multichannel_FIR_Filter/u_Discrete_FIR_Filter/Discrete_FIR_Filter_out_tmp[1]__1/A[29:0] is not pipelined. Pipelining DSP48 input will improve performance.
WARNING: [DRC DPIP-1] Input pipelining: DSP u_FILCore/u_mwfil_chiftop/u_dut/u_Multichannel_FIR_Filter/u_Discrete_FIR_Filter/Discrete_FIR_Filter_out_tmp[1]__10 input u_FILCore/u_mwfil_chiftop/u_dut/u_Multichannel_FIR_Filter/u_Discrete_FIR_Filter/Discrete_FIR_Filter_out_tmp[1]__10/A[29:0] is not pipelined. Pipelining DSP48 input will improve performance.
WARNING: [DRC DPIP-1] Input pipelining: DSP u_FILCore/u_mwfil_chiftop/u_dut/u_Multichannel_FIR_Filter/u_Discrete_FIR_Filter/Discrete_FIR_Filter_out_tmp[1]__11 input u_FILCore/u_mwfil_chiftop/u_dut/u_Multichannel_FIR_Filter/u_Discrete_FIR_Filter/Discrete_FIR_Filter_out_tmp[1]__11/A[29:0] is not pipelined. Pipelining DSP48 input will improve performance.
WARNING: [DRC DPIP-1] Input pipelining: DSP u_FILCore/u_mwfil_chiftop/u_dut/u_Multichannel_FIR_Filter/u_Discrete_FIR_Filter/Discrete_FIR_Filter_out_tmp[1]__12 input u_FILCore/u_mwfil_chiftop/u_dut/u_Multichannel_FIR_Filter/u_Discrete_FIR_Filter/Discrete_FIR_Filter_out_tmp[1]__12/A[29:0] is not pipelined. Pipelining DSP48 input will improve performance.
WARNING: [DRC DPIP-1] Input pipelining: DSP u_FILCore/u_mwfil_chiftop/u_dut/u_Multichannel_FIR_Filter/u_Discrete_FIR_Filter/Discrete_FIR_Filter_out_tmp[1]__13 input u_FILCore/u_mwfil_chiftop/u_dut/u_Multichannel_FIR_Filter/u_Discrete_FIR_Filter/Discrete_FIR_Filter_out_tmp[1]__13/A[29:0] is not pipelined. Pipelining DSP48 input will improve performance.
WARNING: [DRC DPIP-1] Input pipelining: DSP u_FILCore/u_mwfil_chiftop/u_dut/u_Multichannel_FIR_Filter/u_Discrete_FIR_Filter/Discrete_FIR_Filter_out_tmp[1]__14 input u_FILCore/u_mwfil_chiftop/u_dut/u_Multichannel_FIR_Filter/u_Discrete_FIR_Filter/Discrete_FIR_Filter_out_tmp[1]__14/A[29:0] is not pipelined. Pipelining DSP48 input will improve performance.
WARNING: [DRC DPIP-1] Input pipelining: DSP u_FILCore/u_mwfil_chiftop/u_dut/u_Multichannel_FIR_Filter/u_Discrete_FIR_Filter/Discrete_FIR_Filter_out_tmp[1]__15 input u_FILCore/u_mwfil_chiftop/u_dut/u_Multichannel_FIR_Filter/u_Discrete_FIR_Filter/Discrete_FIR_Filter_out_tmp[1]__15/A[29:0] is not pipelined. Pipelining DSP48 input will improve performance.
WARNING: [DRC DPIP-1] Input pipelining: DSP u_FILCore/u_mwfil_chiftop/u_dut/u_Multichannel_FIR_Filter/u_Discrete_FIR_Filter/Discrete_FIR_Filter_out_tmp[1]__16 input u_FILCore/u_mwfil_chiftop/u_dut/u_Multichannel_FIR_Filter/u_Discrete_FIR_Filter/Discrete_FIR_Filter_out_tmp[1]__16/A[29:0] is not pipelined. Pipelining DSP48 input will improve performance.
WARNING: [DRC DPIP-1] Input pipelining: DSP u_FILCore/u_mwfil_chiftop/u_dut/u_Multichannel_FIR_Filter/u_Discrete_FIR_Filter/Discrete_FIR_Filter_out_tmp[1]__17 input u_FILCore/u_mwfil_chiftop/u_dut/u_Multichannel_FIR_Filter/u_Discrete_FIR_Filter/Discrete_FIR_Filter_out_tmp[1]__17/A[29:0] is not pipelined. Pipelining DSP48 input will improve performance.
WARNING: [DRC DPIP-1] Input pipelining: DSP u_FILCore/u_mwfil_chiftop/u_dut/u_Multichannel_FIR_Filter/u_Discrete_FIR_Filter/Discrete_FIR_Filter_out_tmp[1]__18 input u_FILCore/u_mwfil_chiftop/u_dut/u_Multichannel_FIR_Filter/u_Discrete_FIR_Filter/Discrete_FIR_Filter_out_tmp[1]__18/A[29:0] is not pipelined. Pipelining DSP48 input will improve performance.
WARNING: [DRC DPIP-1] Input pipelining: DSP u_FILCore/u_mwfil_chiftop/u_dut/u_Multichannel_FIR_Filter/u_Discrete_FIR_Filter/Discrete_FIR_Filter_out_tmp[1]__19 input u_FILCore/u_mwfil_chiftop/u_dut/u_Multichannel_FIR_Filter/u_Discrete_FIR_Filter/Discrete_FIR_Filter_out_tmp[1]__19/A[29:0] is not pipelined. Pipelining DSP48 input will improve performance.
WARNING: [DRC DPIP-1] Input pipelining: DSP u_FILCore/u_mwfil_chiftop/u_dut/u_Multichannel_FIR_Filter/u_Discrete_FIR_Filter/Discrete_FIR_Filter_out_tmp[1]__2 input u_FILCore/u_mwfil_chiftop/u_dut/u_Multichannel_FIR_Filter/u_Discrete_FIR_Filter/Discrete_FIR_Filter_out_tmp[1]__2/A[29:0] is not pipelined. Pipelining DSP48 input will improve performance.
WARNING: [DRC DPIP-1] Input pipelining: DSP u_FILCore/u_mwfil_chiftop/u_dut/u_Multichannel_FIR_Filter/u_Discrete_FIR_Filter/Discrete_FIR_Filter_out_tmp[1]__3 input u_FILCore/u_mwfil_chiftop/u_dut/u_Multichannel_FIR_Filter/u_Discrete_FIR_Filter/Discrete_FIR_Filter_out_tmp[1]__3/A[29:0] is not pipelined. Pipelining DSP48 input will improve performance.
WARNING: [DRC DPIP-1] Input pipelining: DSP u_FILCore/u_mwfil_chiftop/u_dut/u_Multichannel_FIR_Filter/u_Discrete_FIR_Filter/Discrete_FIR_Filter_out_tmp[1]__4 input u_FILCore/u_mwfil_chiftop/u_dut/u_Multichannel_FIR_Filter/u_Discrete_FIR_Filter/Discrete_FIR_Filter_out_tmp[1]__4/A[29:0] is not pipelined. Pipelining DSP48 input will improve performance.
WARNING: [DRC DPIP-1] Input pipelining: DSP u_FILCore/u_mwfil_chiftop/u_dut/u_Multichannel_FIR_Filter/u_Discrete_FIR_Filter/Discrete_FIR_Filter_out_tmp[1]__5 input u_FILCore/u_mwfil_chiftop/u_dut/u_Multichannel_FIR_Filter/u_Discrete_FIR_Filter/Discrete_FIR_Filter_out_tmp[1]__5/A[29:0] is not pipelined. Pipelining DSP48 input will improve performance.
WARNING: [DRC DPIP-1] Input pipelining: DSP u_FILCore/u_mwfil_chiftop/u_dut/u_Multichannel_FIR_Filter/u_Discrete_FIR_Filter/Discrete_FIR_Filter_out_tmp[1]__6 input u_FILCore/u_mwfil_chiftop/u_dut/u_Multichannel_FIR_Filter/u_Discrete_FIR_Filter/Discrete_FIR_Filter_out_tmp[1]__6/A[29:0] is not pipelined. Pipelining DSP48 input will improve performance.
WARNING: [DRC DPIP-1] Input pipelining: DSP u_FILCore/u_mwfil_chiftop/u_dut/u_Multichannel_FIR_Filter/u_Discrete_FIR_Filter/Discrete_FIR_Filter_out_tmp[1]__7 input u_FILCore/u_mwfil_chiftop/u_dut/u_Multichannel_FIR_Filter/u_Discrete_FIR_Filter/Discrete_FIR_Filter_out_tmp[1]__7/A[29:0] is not pipelined. Pipelining DSP48 input will improve performance.
WARNING: [DRC DPIP-1] Input pipelining: DSP u_FILCore/u_mwfil_chiftop/u_dut/u_Multichannel_FIR_Filter/u_Discrete_FIR_Filter/Discrete_FIR_Filter_out_tmp[1]__8 input u_FILCore/u_mwfil_chiftop/u_dut/u_Multichannel_FIR_Filter/u_Discrete_FIR_Filter/Discrete_FIR_Filter_out_tmp[1]__8/A[29:0] is not pipelined. Pipelining DSP48 input will improve performance.
WARNING: [DRC DPIP-1] Input pipelining: DSP u_FILCore/u_mwfil_chiftop/u_dut/u_Multichannel_FIR_Filter/u_Discrete_FIR_Filter/Discrete_FIR_Filter_out_tmp[1]__9 input u_FILCore/u_mwfil_chiftop/u_dut/u_Multichannel_FIR_Filter/u_Discrete_FIR_Filter/Discrete_FIR_Filter_out_tmp[1]__9/A[29:0] is not pipelined. Pipelining DSP48 input will improve performance.
WARNING: [DRC DPIP-1] Input pipelining: DSP u_FILCore/u_mwfil_chiftop/u_dut/u_Multichannel_FIR_Filter/u_Discrete_FIR_Filter/gain21_mul_temp input u_FILCore/u_mwfil_chiftop/u_dut/u_Multichannel_FIR_Filter/u_Discrete_FIR_Filter/gain21_mul_temp/A[29:0] is not pipelined. Pipelining DSP48 input will improve performance.
WARNING: [DRC DPIP-1] Input pipelining: DSP u_FILCore/u_mwfil_chiftop/u_dut/u_Multichannel_FIR_Filter/u_Discrete_FIR_Filter/gain21_mul_temp_1 input u_FILCore/u_mwfil_chiftop/u_dut/u_Multichannel_FIR_Filter/u_Discrete_FIR_Filter/gain21_mul_temp_1/A[29:0] is not pipelined. Pipelining DSP48 input will improve performance.
WARNING: [DRC DPOP-1] PREG Output pipelining: DSP u_FILCore/u_mwfil_chiftop/u_dut/u_Multichannel_FIR_Filter/u_Discrete_FIR_Filter/Discrete_FIR_Filter_out_tmp[0]__19 output u_FILCore/u_mwfil_chiftop/u_dut/u_Multichannel_FIR_Filter/u_Discrete_FIR_Filter/Discrete_FIR_Filter_out_tmp[0]__19/P[47:0] is not pipelined (PREG=0). Pipelining the DSP48 output will improve performance and often saves power so it is suggested whenever possible to fully pipeline this function.  If this DSP48 function was inferred, it is suggested to describe an additional register stage after this function.  If the DSP48 was instantiated in the design, it is suggested to set the PREG attribute to 1.
WARNING: [DRC DPOP-1] PREG Output pipelining: DSP u_FILCore/u_mwfil_chiftop/u_dut/u_Multichannel_FIR_Filter/u_Discrete_FIR_Filter/Discrete_FIR_Filter_out_tmp[1]__19 output u_FILCore/u_mwfil_chiftop/u_dut/u_Multichannel_FIR_Filter/u_Discrete_FIR_Filter/Discrete_FIR_Filter_out_tmp[1]__19/P[47:0] is not pipelined (PREG=0). Pipelining the DSP48 output will improve performance and often saves power so it is suggested whenever possible to fully pipeline this function.  If this DSP48 function was inferred, it is suggested to describe an additional register stage after this function.  If the DSP48 was instantiated in the design, it is suggested to set the PREG attribute to 1.
WARNING: [DRC DPOP-2] MREG Output pipelining: DSP u_FILCore/u_mwfil_chiftop/u_dut/u_Multichannel_FIR_Filter/u_Discrete_FIR_Filter/Discrete_FIR_Filter_out_tmp[0]__19 multiplier stage u_FILCore/u_mwfil_chiftop/u_dut/u_Multichannel_FIR_Filter/u_Discrete_FIR_Filter/Discrete_FIR_Filter_out_tmp[0]__19/P[47:0] is not pipelined (MREG=0). Pipelining the multiplier function will improve performance and will save significant power so it is suggested whenever possible to fully pipeline this function.  If this multiplier was inferred, it is suggested to describe an additional register stage after this function.  If there is no registered adder/accumulator following the multiply function, two pipeline stages are suggested to allow both the MREG and PREG registers to be used.  If the DSP48 was instantiated in the design, it is suggested to set both the MREG and PREG attributes to 1 when performing multiply functions.
WARNING: [DRC DPOP-2] MREG Output pipelining: DSP u_FILCore/u_mwfil_chiftop/u_dut/u_Multichannel_FIR_Filter/u_Discrete_FIR_Filter/Discrete_FIR_Filter_out_tmp[1]__19 multiplier stage u_FILCore/u_mwfil_chiftop/u_dut/u_Multichannel_FIR_Filter/u_Discrete_FIR_Filter/Discrete_FIR_Filter_out_tmp[1]__19/P[47:0] is not pipelined (MREG=0). Pipelining the multiplier function will improve performance and will save significant power so it is suggested whenever possible to fully pipeline this function.  If this multiplier was inferred, it is suggested to describe an additional register stage after this function.  If there is no registered adder/accumulator following the multiply function, two pipeline stages are suggested to allow both the MREG and PREG registers to be used.  If the DSP48 was instantiated in the design, it is suggested to set both the MREG and PREG attributes to 1 when performing multiply functions.
WARNING: [DRC REQP-1840] RAMB18 async control check: The RAMB18E1 u_FILCore/u_FILCommLayer/u_MWMAC/u_mwpingram/dpram_1/memory_reg has an input control pin u_FILCore/u_FILCommLayer/u_MWMAC/u_mwpingram/dpram_1/memory_reg/ENBWREN (net: u_FILCore/u_FILCommLayer/u_MWMAC/u_mwpingram/dpram_1/txclk_en) which is driven by a register (u_mii2gmii/txclk_en_tmp_reg) that has an active asychronous set or reset. This may cause corruption of the memory contents and/or read values when the set/reset is asserted and is not analyzed by the default static timing analysis. It is suggested to eliminate the use of a set/reset to registers driving this RAMB pin or else use a synchronous reset in which the assertion of the reset is timed by default.
INFO: [Vivado 12-3199] DRC finished with 0 Errors, 50 Warnings
INFO: [Vivado 12-3200] Please refer to the DRC report (report_drc) for more information.
INFO: [Designutils 20-2272] Running write_bitstream with 2 threads.
Loading data files...
Loading site data...
Loading route data...
Processing options...
Creating bitmap...
Creating bitstream...
Writing bitstream ./Multichannel_FIR_Filter_fil.bit...
INFO: [Vivado 12-1842] Bitgen Completed Successfully.
INFO: [Project 1-1876] WebTalk data collection is mandatory when using a ULT device. To see the specific WebTalk data collected for your design, open the usage_statistics_webtalk.html or usage_statistics_webtalk.xml file in the implementation directory.
INFO: [Common 17-83] Releasing license: Implementation
11 Infos, 50 Warnings, 0 Critical Warnings and 0 Errors encountered.
write_bitstream completed successfully
write_bitstream: Time (s): cpu = 00:00:15 ; elapsed = 00:00:12 . Memory (MB): peak = 2279.047 ; gain = 526.598
# open_run impl_1
Netlist sorting complete. Time (s): cpu = 00:00:00 ; elapsed = 00:00:00.045 . Memory (MB): peak = 2279.047 ; gain = 0.000
INFO: [Netlist 29-17] Analyzing 432 Unisim elements for replacement
INFO: [Netlist 29-28] Unisim Transformation completed in 0 CPU seconds
INFO: [Project 1-479] Netlist was created with Vivado 2024.1
INFO: [Project 1-570] Preparing netlist for logic optimization
Read ShapeDB Complete: Time (s): cpu = 00:00:00 ; elapsed = 00:00:00.013 . Memory (MB): peak = 2279.047 ; gain = 0.000
INFO: [Timing 38-478] Restoring timing data from binary archive.
INFO: [Timing 38-479] Binary timing data restore complete.
INFO: [Project 1-856] Restoring constraints from binary archive.
INFO: [Project 1-853] Binary constraint restore complete.
INFO: [Designutils 20-5722] Start Reading Physical Databases.
Reading placement.
Read Netlist Cache: Time (s): cpu = 00:00:00 ; elapsed = 00:00:00.011 . Memory (MB): peak = 2279.047 ; gain = 0.000
Reading placer database...
Read Device Cache: Time (s): cpu = 00:00:00 ; elapsed = 00:00:00.010 . Memory (MB): peak = 2279.047 ; gain = 0.000
Read PlaceDB: Time (s): cpu = 00:00:00 ; elapsed = 00:00:00.255 . Memory (MB): peak = 2279.047 ; gain = 0.000
Read PulsedLatchDB: Time (s): cpu = 00:00:00 ; elapsed = 00:00:00 . Memory (MB): peak = 2279.047 ; gain = 0.000
Reading routing.
Read RouteStorage: Time (s): cpu = 00:00:00 ; elapsed = 00:00:00.069 . Memory (MB): peak = 2279.047 ; gain = 0.000
Read Physdb Files: Time (s): cpu = 00:00:00 ; elapsed = 00:00:00.359 . Memory (MB): peak = 2279.047 ; gain = 0.000
Restored from archive | CPU: 0.000000 secs | Memory: 0.000000 MB |
Finished XDEF File Restore: Time (s): cpu = 00:00:00 ; elapsed = 00:00:00.360 . Memory (MB): peak = 2279.047 ; gain = 0.000
Netlist sorting complete. Time (s): cpu = 00:00:00 ; elapsed = 00:00:00.001 . Memory (MB): peak = 2279.047 ; gain = 0.000
INFO: [Project 1-111] Unisim Transformation Summary:
  A total of 11 instances were transformed.
  RAM32M => RAM32M (RAMD32(x6), RAMS32(x2)): 9 instances
  RAM32X1D => RAM32X1D (RAMD32(x2)): 2 instances

INFO: [Timing 38-91] UpdateTimingParams: Speed grade: -1, Delay Type: min_max.
INFO: [Timing 38-191] Multithreading enabled for timing update using a maximum of 2 CPUs
# set par_str [report_timing_summary -return_string]
# set timing_err ""
# set result [regexp {Timing constraints are not met} $par_str match]
# if {$result > 0} {
# 	set timing_err "Warning: Design does not meet all timing constraints."
# }
# close_project
# set log ""
# lappend log "\n\n------------------------------------"
# lappend log "   FPGA-in-the-Loop build summary"
# lappend log "------------------------------------\n"
# set expected_file Multichannel_FIR_Filter_fil.bit
# set copied_file C:/demo/MultichannelFIRFilterForFPGAExample/hdl_prj/hdlsrc/dspmultichannelhdl/hdl_prj/fil_prj/Multichannel_FIR_Filter_fil.bit
# if [catch {file copy -force $expected_file ..}] {
#    file delete ../$expected_file
#    lappend log "Expected programming file not generated."
#    lappend log "FPGA-in-the-Loop build failed.\n"
# } else {
#    if {[string length $timing_err] > 0} {
#       lappend log "$timing_err\n"
#       set warn_str " with warning"
#    } else {
#       set warn_str ""
#    }
#    lappend log "Programming file generated:"
#    lappend log "$copied_file\n"
#    lappend log "FPGA-in-the-Loop build completed$warn_str."
#    lappend log "You may close this shell.\n"
# }
# foreach j $log {puts $j}


------------------------------------
   FPGA-in-the-Loop build summary
------------------------------------

Warning: Design does not meet all timing constraints.

Programming file generated:
C:/demo/MultichannelFIRFilterForFPGAExample/hdl_prj/hdlsrc/dspmultichannelhdl/hdl_prj/fil_prj/Multichannel_FIR_Filter_fil.bit

FPGA-in-the-Loop build completed with warning.
You may close this shell.

# if { [catch {open fpgaproj.log w} log_fid] } {
# } else {
#     foreach j $log {puts $log_fid $j}
# }
# close $log_fid
INFO: [Common 17-206] Exiting Vivado at Wed Jan 14 11:22:29 2026...
